******************************************************************************
                  TI ARM Linker PC v15.12.3                    
******************************************************************************
>> Linked Wed Dec 13 19:02:08 2017

OUTPUT FILE NAME:   <ArmProject.out>
ENTRY POINT SYMBOL: "_c_int00"  address: c30090bc


MEMORY CONFIGURATION

         name            origin    length      used     unused   attr    fill
----------------------  --------  ---------  --------  --------  ----  --------
  L3_CBA_RAM            80000000   00020000  00000000  00020000  RW X
  DDR                   c3000000   01000000  00013b07  00fec4f9  RWIX
  IRAM                  ffff0000   00002000  00000368  00001c98  RW X


SEGMENT ALLOCATION MAP

run origin  load origin   length   init length attrs members
----------  ----------- ---------- ----------- ----- -------
c3000000    c3000000    0000ab78   0000ab78    r-x
  c3000000    c3000000    0000ab78   0000ab78    r-x .text
c300ab78    c300ab78    00000994   00000000    rw-
  c300ab78    c300ab78    00000994   00000000    rw- .data
c300b50c    c300b50c    000006df   000006df    r--
  c300b50c    c300b50c    000006df   000006df    r-- .const
c300c000    c300c000    000079b0   00000000    rw-
  c300c000    c300c000    00004000   00000000    rw- ti.sysbios.family.arm.arm9.mmuTableSection
  c3010000    c3010000    000031b0   00000000    rw- .bss
  c30131b0    c30131b0    00000800   00000000    rw- .stack
c30139b0    c30139b0    0000056c   0000056c    r--
  c30139b0    c30139b0    0000056c   0000056c    r-- .cinit
ffff0000    ffff0000    00000368   00000368    r-x
  ffff0000    ffff0000    00000040   00000040    r-- .vecs
  ffff0040    ffff0040    00000328   00000328    r-x .vectorTable


SECTION ALLOCATION MAP

 output                                  attributes/
section   page    origin      length       input sections
--------  ----  ----------  ----------   ----------------
ti.sysbios.family.arm.arm9.mmuTableSection 
*          0    c300c000    00004000     UNINITIALIZED
                  c300c000    00004000     app_pe9.oe9 (ti.sysbios.family.arm.arm9.mmuTableSection)

.bss       0    c3010000    000031b0     UNINITIALIZED
                  c3010000    00001000     (.common:ti_sysbios_heaps_HeapMem_Instance_State_0_buf__A)
                  c3011000    00000800     app_pe9.oe9 (.bss:taskStackSection)
                  c3011800    00000800     (.common:ti_sysbios_family_arm_exc_Exception_Module_State_0_excStack_0__A)
                  c3012000    00000400     (.common:ti_sysbios_family_arm_da830_Hwi_Module_State_0_fiqStack__A)
                  c3012400    00000400     (.common:ti_uia_loggers_LoggerStopMode_Instance_State_1_packetArray__A)
                  c3012800    00000400     (.common:ti_uia_loggers_LoggerStopMode_Instance_State_2_packetArray__A)
                  c3012c00    00000200     (.common:ti_uia_loggers_LoggerStopMode_Instance_State_0_packetArray__A)
                  c3012e00    00000120     rtsv5_A_le_eabi.lib : trgmsg.obj (.bss:_CIOBUF_)
                  c3012f20    00000080     (.common:xdc_runtime_LoggerBuf_Instance_State_0_entryArr__A)
                  c3012fa0    00000080     (.common:xdc_runtime_SysMin_Module_State_0_outbuf__A)
                  c3013020    00000008                         : trgdrv.obj (.bss:parmbuf)
                  c3013028    00000058     --HOLE--
                  c3013080    00000030     (.common:ti_uia_loggers_LoggerStopMode_Instance_State_0_hdr__A)
                  c30130b0    00000050     --HOLE--
                  c3013100    00000030     (.common:ti_uia_loggers_LoggerStopMode_Instance_State_1_hdr__A)
                  c3013130    00000050     --HOLE--
                  c3013180    00000030     (.common:ti_uia_loggers_LoggerStopMode_Instance_State_2_hdr__A)

.stack     0    c30131b0    00000800     UNINITIALIZED
                  c30131b0    00000800     --HOLE--

.neardata 
*          0    c30131b0    00000000     UNINITIALIZED

.rodata    0    c30131b0    00000000     UNINITIALIZED

.cinit     0    c30139b0    0000056c     
                  c30139b0    00000544     (.cinit..data.load) [load image, compression = rle]
                  c3013ef4    00000004     --HOLE-- [fill = 0]
                  c3013ef8    0000000b     (.cinit..bss.load) [load image, compression = rle]
                  c3013f03    00000001     --HOLE-- [fill = 0]
                  c3013f04    00000008     (__TI_handler_table)
                  c3013f0c    00000010     (__TI_cinit_table)

.init_array 
*          0    c3000000    00000000     UNINITIALIZED

.text      0    c3000000    0000ab78     
                  c3000000    000006bc     drivers.lib : gpio.obj (.text)
                  c30006bc    000005e8                 : uart.obj (.text)
                  c3000ca4    00000550     rtsv5_A_le_eabi.lib : trgdrv.obj (.text)
                  c30011f4    00000540     ti.targets.arm.rtsarm.ae9 : System.oe9 (.text:xdc_runtime_System_doPrint__I)
                  c3001734    000004bc     sysbios.ae9 : BIOS.obj (.text:ti_sysbios_knl_Semaphore_pend__E)
                  c3001bf0    00000368                 : BIOS.obj (.text:ti_sysbios_heaps_HeapMem_freeUnprotected__E)
                  c3001f58    000002f4                 : BIOS.obj (.text:ti_sysbios_heaps_HeapMem_allocUnprotected__E)
                  c300224c    000002e8                 : BIOS.obj (.text:ti_sysbios_family_arm_exc_Exception_excDumpContext__I)
                  c3002534    000002b8     rtsv5_A_le_eabi.lib : ull_div32.obj (.text)
                  c30027ec    0000027c     sysbios.ae9 : BIOS.obj (.text:ti_sysbios_family_arm_exc_Exception_excHandler__I)
                  c3002a68    00000258                 : BIOS.obj (.text:ti_sysbios_knl_Task_Module_startup__E)
                  c3002cc0    00000244     main.obj (.text)
                  c3002f04    00000238     sysbios.ae9 : BIOS.obj (.text:ti_sysbios_timers_timer64_Timer_deviceConfig__I)
                  c300313c    000001f8                 : BIOS.obj (.text:ti_sysbios_heaps_HeapTrack_free__E)
                  c3003334    000001f0     app_pe9.oe9 (.text:ti_sysbios_family_arm_arm9_Mmu_initTableBuf__I)
                  c3003524    000001ec     sysbios.ae9 : BIOS.obj (.text:ti_sysbios_heaps_HeapMem_Instance_init__E)
                  c3003710    000001e4                 : BIOS.obj (.text:ti_sysbios_knl_Semaphore_post__E)
                  c30038f4    000001e4     ti.targets.arm.rtsarm.ae9 : LoggerBuf.oe9 (.text:xdc_runtime_LoggerBuf_write8__E)
                  c3003ad8    000001e0     app_pe9.oe9 (.text:ti_uia_loggers_LoggerStopMode_writeMemoryRange__E)
                  c3003cb8    000001b8     sysbios.ae9 : BIOS.obj (.text:ti_sysbios_knl_Clock_workFunc__E)
                  c3003e70    000001b4                 : BIOS.obj (.text:ti_sysbios_family_arm_da830_Hwi_reconfig__E)
                  c3004024    000001b0                 : BIOS.obj (.text:ti_sysbios_knl_Swi_run__I)
                  c30041d4    000001a4     ti.targets.arm.rtsarm.ae9 : Error.oe9 (.text:xdc_runtime_Error_policyDefault__E)
                  c3004378    000001a0                               : Core-mem.oe9 (.text:xdc_runtime_Core_createObject__I)
                  c3004518    00000188     sysbios.ae9 : BIOS.obj (.text:ti_sysbios_family_arm_da830_Hwi_dispatchIRQC__I)
                  c30046a0    00000188     app_pe9.oe9 (.text:ti_uia_loggers_LoggerStopMode_write8__E)
                  c3004828    00000188     app_pe9.oe9 (.text:xdc_runtime_System_printfExtend__I)
                  c30049b0    00000180     rtsv5_A_le_eabi.lib : memcpy32.obj (.text)
                  c3004b30    00000170     sysbios.ae9 : BIOS.obj (.text:ti_sysbios_timers_timer64_TimestampProvider_get64__E)
                  c3004ca0    0000016c                 : BIOS.obj (.text:ti_sysbios_knl_Task_exit__E)
                  c3004e0c    00000168     app_pe9.oe9 (.text:ti_uia_loggers_LoggerStopMode_write4__E)
                  c3004f74    00000164     sysbios.ae9 : BIOS.obj (.text:ti_sysbios_timers_timer64_Timer_start__E)
                  c30050d8    00000164                 : BIOS.obj (.text:ti_sysbios_timers_timer64_TimestampProvider_get32__E)
                  c300523c    00000160                 : BIOS.obj (.text:ti_sysbios_timers_timer64_Timer_setPeriodMicroSecs__E)
                  c300539c    00000158     app_pe9.oe9 (.text:ti_uia_loggers_LoggerStopMode_write2__E)
                  c30054f4    00000154     drivers.lib : psc.obj (.text)
                  c3005648    00000154     ti.targets.arm.rtsarm.ae9 : Startup.oe9 (.text:xdc_runtime_Startup_startMods__I)
                  c300579c    00000150     app_pe9.oe9 (.text:ti_uia_loggers_LoggerStopMode_write1__E)
                  c30058ec    00000140     sysbios.ae9 : BIOS.obj (.text:ti_sysbios_family_arm_da830_Hwi_dispatchFIQC__I)
                  c3005a2c    00000140                 : BIOS.obj (.text:ti_sysbios_knl_Task_checkStacks__E)
                  c3005b6c    00000140                 : BIOS.obj (.text:ti_sysbios_timers_timer64_Timer_getFreq__E)
                  c3005cac    00000140     ti.targets.arm.rtsarm.ae9 : Core-smem.oe9 (.text:xdc_runtime_Core_constructObject__I)
                  c3005dec    0000013c     sysbios.ae9 : BIOS.obj (.text:ti_sysbios_knl_Task_schedule__I)
                  c3005f28    0000013c                 : BIOS.obj (.text:ti_sysbios_knl_Task_startCore__E)
                  c3006064    0000013c     app_pe9.oe9 (.text:ti_uia_loggers_LoggerStopMode_write0__E)
                  c30061a0    00000138     ti.targets.arm.rtsarm.ae9 : LoggerBuf.oe9 (.text:xdc_runtime_LoggerBuf_write4__E)
                  c30062d8    00000124     sysbios.ae9 : BIOS.obj (.text:ti_sysbios_knl_Swi_post__E)
                  c30063fc    00000120                 : BIOS.obj (.text:ti_sysbios_gates_GateMutex_enter__E)
                  c300651c    00000120                 : BIOS.obj (.text:ti_sysbios_utils_Load_updateLoads__E)
                  c300663c    0000011c                 : BIOS.obj (.text:ti_sysbios_utils_Load_idleFxn__E)
                  c3006758    00000104                 : BIOS.obj (.text:ti_sysbios_knl_Semaphore_Instance_init__E)
                  c300685c    000000fc                 : BIOS.obj (.text:ti_sysbios_knl_Task_blockI__E)
                  c3006958    000000fc                 : BIOS.obj (.text:ti_sysbios_knl_Task_unblockI__E)
                  c3006a54    000000f8     ti.uia.loggers.ae9 : LoggerStopMode.oe9 (.text:ti_uia_loggers_LoggerStopMode_initQueueDescriptor__E)
                  c3006b4c    000000f8     ti.targets.arm.rtsarm.ae9 : Text.oe9 (.text:xdc_runtime_Text_putSite__E)
                  c3006c44    000000f4     sysbios.ae9 : BIOS.obj (.text:ti_sysbios_heaps_HeapTrack_alloc__E)
                  c3006d38    000000f0     rtsv5_A_le_eabi.lib : u_div32.obj (.text)
                  c3006e28    000000f0     ti.targets.arm.rtsarm.ae9 : LoggerBuf.oe9 (.text:xdc_runtime_LoggerBuf_setFilterLevel__E)
                  c3006f18    000000ec     auto_init.ae9 : auto_init.oe9 (.text)
                  c3007004    000000e8     gpio.obj (.text)
                  c30070ec    000000e4     sysbios.ae9 : da830_Hwi_asm.obj (.text:_ti_sysbios_family_arm_da830_Hwi_dispatchIRQ__I)
                  c30071d0    000000e0                 : BIOS.obj (.text:ti_sysbios_family_arm_da830_Hwi_Instance_init__E)
                  c30072b0    000000e0                 : BIOS.obj (.text:ti_sysbios_family_arm_da830_Hwi_Module_startup__E)
                  c3007390    000000e0                 : BIOS.obj (.text:ti_sysbios_heaps_HeapTrack_Instance_finalize__E)
                  c3007470    000000dc     ti.targets.arm.rtsarm.ae9 : Text.oe9 (.text:xdc_runtime_Text_putMod__E)
                  c300754c    000000d4     uart.obj (.text)
                  c3007620    000000d0     sysbios.ae9 : exc_Exception_asm.obj (.text:ti_sysbios_family_arm_exc_Exception_excHandlerAsm__I)
                  c30076f0    000000cc     ti.targets.arm.rtsarm.ae9 : LoggerBuf.oe9 (.text:xdc_runtime_LoggerBuf_getFilterLevel__E)
                  c30077bc    000000c4     ti.uia.runtime.ae9 : QueueDescriptor.oe9 (.text:ti_uia_runtime_QueueDescriptor_addToList__E)
                  c3007880    000000c0     sysbios.ae9 : BIOS.obj (.text:ti_sysbios_timers_timer64_Timer_initDevice__I)
                  c3007940    000000b8                 : BIOS.obj (.text:ti_sysbios_knl_Swi_restoreHwi__E)
                  c30079f8    000000b0     rtsv5_A_le_eabi.lib : memset32.obj (.text)
                  c3007aa8    000000b0     sysbios.ae9 : BIOS.obj (.text:ti_sysbios_family_arm_da830_Hwi_initIntController__I)
                  c3007b58    000000b0                 : BIOS.obj (.text:ti_sysbios_timers_timer64_TimestampProvider_Module_startup__E)
                  c3007c08    000000b0     ti.targets.arm.rtsarm.ae9 : Memory.oe9 (.text:xdc_runtime_Memory_alloc__E)
                  c3007cb8    000000a8     rtsv5_A_le_eabi.lib : trgmsg.obj (.text)
                  c3007d60    000000a0                         : copy_decompress_rle.obj (.text)
                  c3007e00    0000009f     ti.targets.arm.rtsarm.ae9 : Text.oe9 (.text:xdc_runtime_Text_putLab__E)
                  c3007e9f    00000001     --HOLE-- [fill = 0]
                  c3007ea0    0000009c     sysbios.ae9 : BIOS.obj (.text:ti_sysbios_knl_Clock_logTick__E)
                  c3007f3c    0000009c                 : BIOS.obj (.text:ti_sysbios_utils_Load_logCPULoad__I)
                  c3007fd8    00000098     ti.uia.loggers.ae9 : LoggerStopMode.oe9 (.text:ti_uia_loggers_LoggerStopMode_flush__E)
                  c3008070    00000098     ti.targets.arm.rtsarm.ae9 : Core-mem.oe9 (.text:xdc_runtime_Core_deleteObject__I)
                  c3008108    00000098                               : Error.oe9 (.text:xdc_runtime_Error_print__E)
                  c30081a0    00000098     app_pe9.oe9 (.text:xdc_runtime_LoggerBuf_Object__create__S)
                  c3008238    00000098     ti.targets.arm.rtsarm.ae9 : System.oe9 (.text:xdc_runtime_System_formatNum__I)
                  c30082d0    00000090     rtsv5_A_le_eabi.lib : exit.obj (.text)
                  c3008360    00000090     sysbios.ae9 : BIOS.obj (.text:ti_sysbios_timers_timer64_Timer_stop__E)
                  c30083f0    0000008c                 : BIOS.obj (.text:ti_sysbios_heaps_HeapMem_alloc__E)
                  c300847c    0000008c     ti.targets.arm.rtsarm.ae9 : Startup.oe9 (.text:xdc_runtime_Startup_exec__E)
                  c3008508    00000088     rtsv5_A_le_eabi.lib : cpy_tbl.obj (.text)
                  c3008590    00000084     sysbios.ae9 : BIOS.obj (.text:ti_sysbios_knl_Swi_schedule__I)
                  c3008614    00000084                 : BIOS.obj (.text:ti_sysbios_knl_Task_allBlockedFunction__I)
                  c3008698    00000080                 : BIOS.obj (.text:ti_sysbios_heaps_HeapMem_getStats__E)
                  c3008718    00000080                 : BIOS.obj (.text:ti_sysbios_knl_Swi_runLoop__I)
                  c3008798    0000007c                 : arm_HwiCommon_asm.obj (.text:_ti_sysbios_family_xxx_Hwi_switchToIsrStack)
                  c3008814    0000007c                 : BIOS.obj (.text:ti_sysbios_family_arm_arm9_Cache_startup__I)
                  c3008890    0000007c     ti.targets.arm.rtsarm.ae9 : Assert.oe9 (.text:xdc_runtime_Assert_raise__I)
                  c300890c    00000074     sysbios.ae9 : BIOS.obj (.text:ti_sysbios_family_arm_arm9_Mmu_disable__E)
                  c3008980    00000074                 : BIOS.obj (.text:ti_sysbios_family_arm_arm9_Mmu_enable__E)
                  c30089f4    00000074                 : BIOS.obj (.text:ti_sysbios_family_arm_da830_Hwi_handlerSELF__I)
                  c3008a68    00000074                 : BIOS.obj (.text:ti_sysbios_timers_timer64_Timer_startup__E)
                  c3008adc    00000074     ti.uia.loggers.ae9 : LoggerStopMode.oe9 (.text:ti_uia_loggers_LoggerStopMode_Module_startup__E)
                  c3008b50    00000074                        : LoggerStopMode.oe9 (.text:ti_uia_loggers_LoggerStopMode_initBuffer__I)
                  c3008bc4    00000074     ti.targets.arm.rtsarm.ae9 : LoggerBuf.oe9 (.text:xdc_runtime_LoggerBuf_filterOutEvent__I)
                  c3008c38    00000070     sysbios.ae9 : BIOS.obj (.text:ti_sysbios_timers_timer64_Timer_Module_startup__E)
                  c3008ca8    00000070     ti.targets.arm.rtsarm.ae9 : SysMin.oe9 (.text:xdc_runtime_SysMin_flush__E)
                  c3008d18    0000006c     sysbios.ae9 : BIOS.obj (.text:ti_sysbios_family_arm_da830_Hwi_getStackInfo__E)
                  c3008d84    0000006c     ti.targets.arm.rtsarm.ae9 : LoggerBuf.oe9 (.text:xdc_runtime_LoggerBuf_Instance_init__E)
                  c3008df0    00000068     sysbios.ae9 : BIOS.obj (.text:ti_sysbios_family_arm_da830_Hwi_handlerLOWER__I)
                  c3008e58    00000068                 : BIOS.obj (.text:ti_sysbios_family_arm_da830_Hwi_handlerNONE__I)
                  c3008ec0    00000068                 : exc_Exception_asm.obj (.text:ti_sysbios_family_arm_exc_Exception_initCore0__I)
                  c3008f28    00000068                 : BIOS.obj (.text:ti_sysbios_heaps_HeapMem_init__I)
                  c3008f90    00000068     ti.targets.arm.rtsarm.ae9 : Error.oe9 (.text:xdc_runtime_Error_setX__E)
                  c3008ff8    00000064                               : Core-params.oe9 (.text:xdc_runtime_Core_assignParams__I)
                  c300905c    00000060                               : Text.oe9 (.text:xdc_runtime_Text_xprintf__I)
                  c30090bc    0000005c     boot.ae9 : boot.oe9 (.text)
                  c3009118    0000005c     sysbios.ae9 : BIOS.obj (.text:ti_sysbios_knl_Task_restore__E)
                  c3009174    0000005c     ti.targets.arm.rtsarm.ae9 : SysMin.oe9 (.text:xdc_runtime_SysMin_putch__E)
                  c30091d0    00000058     sysbios.ae9 : BIOS.obj (.text:ti_sysbios_family_arm_TaskSupport_start__E)
                  c3009228    00000058                 : BIOS.obj (.text:ti_sysbios_hal_Hwi_checkStack)
                  c3009280    00000058                 : BIOS.obj (.text:ti_sysbios_knl_Swi_startup__E)
                  c30092d8    00000058     ti.uia.loggers.ae9 : LoggerStopMode.oe9 (.text:ti_uia_loggers_LoggerStopMode_reset__E)
                  c3009330    00000054     sysbios.ae9 : arm_TaskSupport_asm.obj (.text:_ti_sysbios_family_arm_TaskSupport_buildTaskStack)
                  c3009384    00000054                 : BIOS.obj (.text:ti_sysbios_knl_Semaphore_pendTimeout__I)
                  c30093d8    00000054     ti.targets.arm.rtsarm.ae9 : Core-label.oe9 (.text:xdc_runtime_Core_assignLabel__I)
                  c300942c    00000054                               : SysMin.oe9 (.text:xdc_runtime_SysMin_abort__E)
                  c3009480    00000054                               : System.oe9 (.text:xdc_runtime_System_atexit__E)
                  c30094d4    00000054                               : System.oe9 (.text:xdc_runtime_System_putchar__I)
                  c3009528    00000053                               : Text.oe9 (.text:xdc_runtime_Text_printVisFxn__I)
                  c300957b    00000001     --HOLE-- [fill = 0]
                  c300957c    00000050     app_pe9.oe9 (.text:ti_sysbios_gates_GateHwi_Object__create__S)
                  c30095cc    00000050     app_pe9.oe9 (.text:ti_sysbios_gates_GateMutex_Object__create__S)
                  c300961c    00000050     app_pe9.oe9 (.text:ti_sysbios_heaps_HeapMem_Object__create__S)
                  c300966c    00000050     app_pe9.oe9 (.text:ti_sysbios_heaps_HeapTrack_Object__create__S)
                  c30096bc    00000050     app_pe9.oe9 (.text:ti_sysbios_knl_Semaphore_construct)
                  c300970c    00000050     app_pe9.oe9 (.text:ti_uia_loggers_LoggerStopMode_Object__create__S)
                  c300975c    0000004c     sysbios.ae9 : BIOS.obj (.text:ti_sysbios_hal_Hwi_initStack)
                  c30097a8    00000048                 : BIOS.obj (.text:ti_sysbios_family_arm_arm9_Mmu_Module_startup__E)
                  c30097f0    00000048     app_pe9.oe9 (.text:ti_sysbios_knl_Queue_construct)
                  c3009838    00000048     ti.targets.arm.rtsarm.ae9 : System.oe9 (.text:xdc_runtime_System_processAtExit__E)
                  c3009880    00000044     app_pe9.oe9 (.text:ti_sysbios_BIOS_atExitFunc__I)
                  c30098c4    00000044     sysbios.ae9 : BIOS.obj (.text:ti_sysbios_heaps_HeapMem_free__E)
                  c3009908    00000044     app_pe9.oe9 (.text:ti_sysbios_knl_Clock_doTick__I)
                  c300994c    00000044     sysbios.ae9 : BIOS.obj (.text:ti_sysbios_knl_Task_restoreHwi__E)
                  c3009990    00000044                 : BIOS.obj (.text:ti_sysbios_utils_Load_updateCurrentThreadTime__E)
                  c30099d4    00000044     app_pe9.oe9 (.text:xdc_runtime_SysMin_output__I)
                  c3009a18    00000044     ti.targets.arm.rtsarm.ae9 : Text.oe9 (.text:xdc_runtime_Text_cordText__E)
                  c3009a5c    00000040                               : LoggerBuf.oe9 (.text:xdc_runtime_LoggerBuf_Module_startup__E)
                  c3009a9c    00000040                               : System.oe9 (.text:xdc_runtime_System_avprintf__E)
                  c3009adc    0000003c     sysbios.ae9 : da830_Hwi_asm.obj (.text:_ti_sysbios_family_arm_da830_Hwi_init__I)
                  c3009b18    0000003c                 : BIOS.obj (.text:ti_sysbios_heaps_HeapTrack_Instance_init__E)
                  c3009b54    0000003c                 : BIOS.obj (.text:ti_sysbios_knl_Swi_Module_startup__E)
                  c3009b90    0000003c     ti.targets.arm.rtsarm.ae9 : System.oe9 (.text:xdc_runtime_System_vprintf__E)
                  c3009bcc    00000038     app_pe9.oe9 (.text:ti_sysbios_BIOS_startFunc__I)
                  c3009c04    00000038     sysbios.ae9 : BIOS.obj (.text:ti_sysbios_family_arm_da830_TimerSupport_enable__E)
                  c3009c3c    00000038                 : BIOS.obj (.text:ti_sysbios_knl_Clock_Module_startup__E)
                  c3009c74    00000038     ti.targets.arm.rtsarm.ae9 : LoggerBuf.oe9 (.text:xdc_runtime_LoggerBuf_reset__E)
                  c3009cac    00000034     sysbios.ae9 : arm9_Mmu_asm.obj (.text:_ti_sysbios_family_arm_arm9_Mmu_enableAsm)
                  c3009ce0    00000034     app_pe9.oe9 (.text:ti_sysbios_BIOS_registerRTSLock__I)
                  c3009d14    00000034     app_pe9.oe9 (.text:ti_sysbios_BIOS_removeRTSLock__I)
                  c3009d48    00000034     sysbios.ae9 : BIOS.obj (.text:ti_sysbios_family_arm_arm9_Cache_enable__E)
                  c3009d7c    00000034     app_pe9.oe9 (.text:ti_sysbios_gates_GateMutex_Object__delete__S)
                  c3009db0    00000034     app_pe9.oe9 (.text:ti_sysbios_heaps_HeapTrack_Object__delete__S)
                  c3009de4    00000034     sysbios.ae9 : BIOS.obj (.text:ti_sysbios_knl_Idle_run__E)
                  c3009e18    00000034                 : BIOS.obj (.text:ti_sysbios_knl_Task_enter__I)
                  c3009e4c    00000034     ti.uia.loggers.ae9 : LoggerStopMode.oe9 (.text:ti_uia_loggers_LoggerStopMode_Instance_init__E)
                  c3009e80    00000034     app_pe9.oe9 (.text:xdc_runtime_LoggerBuf_Object__delete__S)
                  c3009eb4    00000034     ti.targets.arm.rtsarm.ae9 : SysMin.oe9 (.text:xdc_runtime_SysMin_Module_startup__E)
                  c3009ee8    00000030     app_pe9.oe9 (.text:ti_sysbios_BIOS_rtsLock__I)
                  c3009f18    00000030     app_pe9.oe9 (.text:ti_sysbios_gates_GateHwi_Object__delete__S)
                  c3009f48    00000030     sysbios.ae9 : BIOS.obj (.text:ti_sysbios_gates_GateMutex_Instance_init__E)
                  c3009f78    00000030     app_pe9.oe9 (.text:ti_sysbios_heaps_HeapMem_Object__delete__S)
                  c3009fa8    00000030     app_pe9.oe9 (.text:ti_uia_loggers_LoggerStopMode_Object__delete__S)
                  c3009fd8    00000030     ti.targets.arm.rtsarm.ae9 : Error.oe9 (.text:xdc_runtime_Error_raiseX__E)
                  c300a008    00000030                               : Memory.oe9 (.text:xdc_runtime_Memory_valloc__E)
                  c300a038    00000030                               : Registry.oe9 (.text:xdc_runtime_Registry_findById__E)
                  c300a068    00000030                               : SysMin.oe9 (.text:xdc_runtime_SysMin_exit__E)
                  c300a098    0000002c     app_pe9.oe9 (.text:ti_sysbios_BIOS_errorRaiseHook__I)
                  c300a0c4    0000002c     sysbios.ae9 : BIOS.obj (.text:ti_sysbios_family_arm_HwiCommon_Module_startup__E)
                  c300a0f0    0000002c                 : BIOS.obj (.text:ti_sysbios_family_arm_da830_Hwi_disableInterrupt__E)
                  c300a11c    0000002c                 : BIOS.obj (.text:ti_sysbios_family_arm_da830_Hwi_enableInterrupt__E)
                  c300a148    0000002c     app_pe9.oe9 (.text:ti_sysbios_gates_GateHwi_Handle__label__S)
                  c300a174    0000002c     app_pe9.oe9 (.text:ti_sysbios_gates_GateMutex_Handle__label__S)
                  c300a1a0    0000002c     app_pe9.oe9 (.text:ti_sysbios_heaps_HeapMem_Handle__label__S)
                  c300a1cc    0000002c     app_pe9.oe9 (.text:ti_sysbios_heaps_HeapTrack_Handle__label__S)
                  c300a1f8    0000002c     app_pe9.oe9 (.text:ti_sysbios_knl_Semaphore_Object__destruct__S)
                  c300a224    0000002c     app_pe9.oe9 (.text:ti_uia_loggers_LoggerStopMode_Handle__label__S)
                  c300a250    0000002c     ti.targets.arm.rtsarm.ae9 : Error.oe9 (.text:xdc_runtime_Error_check__E)
                  c300a27c    0000002c     app_pe9.oe9 (.text:xdc_runtime_LoggerBuf_Handle__label__S)
                  c300a2a8    00000028     app_pe9.oe9 (.text:ti_sysbios_BIOS_rtsUnlock__I)
                  c300a2d0    00000028     app_pe9.oe9 (.text:ti_sysbios_family_arm_da830_Hwi_Module__startupDone__F)
                  c300a2f8    00000028     sysbios.ae9 : BIOS.obj (.text:ti_sysbios_family_arm_da830_Hwi_handlerALL__I)
                  c300a320    00000028                 : BIOS.obj (.text:ti_sysbios_gates_GateMutex_leave__E)
                  c300a348    00000028     app_pe9.oe9 (.text:ti_sysbios_knl_Queue_Object__destruct__S)
                  c300a370    00000028     app_pe9.oe9 (.text:ti_sysbios_timers_timer64_Timer_Module__startupDone__F)
                  c300a398    00000028     sysbios.ae9 : BIOS.obj (.text:ti_sysbios_timers_timer64_TimestampProvider_startTimer__E)
                  c300a3c0    00000028     ti.targets.arm.rtsarm.ae9 : System.oe9 (.text:xdc_runtime_System_abort__E)
                  c300a3e8    00000028     app_pe9.oe9 (.text:xdc_runtime_System_aprintf__E)
                  c300a410    00000028     app_pe9.oe9 (.text:xdc_runtime_System_printf__E)
                  c300a438    00000024     rtsv5_A_le_eabi.lib : _lock.obj (.text)
                  c300a45c    00000024                         : ll_lsr32.obj (.text)
                  c300a480    00000024     ti.uia.loggers.ae9 : LoggerStopMode.oe9 (.text:ti_uia_loggers_LoggerStopMode_disable__E)
                  c300a4a4    00000024                        : LoggerStopMode.oe9 (.text:ti_uia_loggers_LoggerStopMode_enable__E)
                  c300a4c8    00000024     ti.targets.arm.rtsarm.ae9 : System.oe9 (.text:xdc_runtime_System_exit__E)
                  c300a4ec    00000020     rtsv5_A_le_eabi.lib : args_main.obj (.text)
                  c300a50c    00000020                         : strlen.obj (.text)
                  c300a52c    00000020     app_pe9.oe9 (.text:ti_sysbios_BIOS_exitFunc__I)
                  c300a54c    00000020     sysbios.ae9 : BIOS.obj (.text:ti_sysbios_family_arm_da830_Hwi_switchFromBootStack__E)
                  c300a56c    00000020     ti.targets.arm.rtsarm.ae9 : LoggerBuf.oe9 (.text:xdc_runtime_LoggerBuf_Instance_finalize__E)
                  c300a58c    00000020                               : LoggerBuf.oe9 (.text:xdc_runtime_LoggerBuf_write2__E)
                  c300a5ac    0000001c     sysbios.ae9 : arm_TaskSupport_asm.obj (.text:_ti_sysbios_family_arm_TaskSupport_glue)
                  c300a5c8    0000001c                 : arm9_Cache_asm.obj (.text:_ti_sysbios_family_arm_arm9_Cache_disableL1d__I)
                  c300a5e4    0000001c                 : arm9_Cache_asm.obj (.text:_ti_sysbios_family_arm_arm9_Cache_getEnabled__E)
                  c300a600    0000001c     rtsv5_A_le_eabi.lib : strcpy.obj (.text)
                  c300a61c    0000001c     app_pe9.oe9 (.text:ti_sysbios_heaps_HeapMem_Object__get__S)
                  c300a638    0000001c     app_pe9.oe9 (.text:ti_sysbios_knl_Swi_Object__get__S)
                  c300a654    0000001c     ti.uia.loggers.ae9 : LoggerStopMode.oe9 (.text:ti_uia_loggers_LoggerStopMode_isEmpty__E)
                  c300a670    0000001c     app_pe9.oe9 (.text:xdc_runtime_LoggerBuf_Object__get__S)
                  c300a68c    0000001c     ti.targets.arm.rtsarm.ae9 : LoggerBuf.oe9 (.text:xdc_runtime_LoggerBuf_write0__E)
                  c300a6a8    0000001c                               : LoggerBuf.oe9 (.text:xdc_runtime_LoggerBuf_write1__E)
                  c300a6c4    0000001c     app_pe9.oe9 (.text:xdc_runtime_Startup_exec__I)
                  c300a6e0    0000001c     ti.targets.arm.rtsarm.ae9 : SysMin.oe9 (.text:xdc_runtime_SysMin_ready__E)
                  c300a6fc    0000001c                               : System.oe9 (.text:xdc_runtime_System_vsnprintf__E)
                  c300a718    0000001c                               : Text.oe9 (.text:xdc_runtime_Text_ropeText__E)
                  c300a734    00000018     sysbios.ae9 : arm9_Cache_asm.obj (.text:_ti_sysbios_family_arm_arm9_Cache_disableL1p__I)
                  c300a74c    00000018                 : arm9_Cache_asm.obj (.text:_ti_sysbios_family_arm_arm9_Cache_enableL1p__I)
                  c300a764    00000018                 : arm9_Mmu_asm.obj (.text:_ti_sysbios_family_arm_arm9_Mmu_disableAsm)
                  c300a77c    00000018                 : BIOS.obj (.text:ti_sysbios_BIOS_setThreadType__E)
                  c300a794    00000018                 : BIOS.obj (.text:ti_sysbios_BIOS_start__E)
                  c300a7ac    00000018                 : BIOS.obj (.text:ti_sysbios_hal_Hwi_Module_startup__E)
                  c300a7c4    00000018                 : BIOS.obj (.text:ti_sysbios_heaps_HeapTrack_isBlocking__E)
                  c300a7dc    00000018                 : BIOS.obj (.text:ti_sysbios_knl_Queue_empty__E)
                  c300a7f4    00000018                 : BIOS.obj (.text:ti_sysbios_knl_Swi_disable__E)
                  c300a80c    00000018     app_pe9.oe9 (.text:ti_sysbios_knl_Task_Object__get__S)
                  c300a824    00000018     sysbios.ae9 : BIOS.obj (.text:ti_sysbios_knl_Task_disable__E)
                  c300a83c    00000018                 : BIOS.obj (.text:ti_sysbios_timers_timer64_TimestampProvider_rolloverFunc__E)
                  c300a854    00000018     app_pe9.oe9 (.text:ti_uia_loggers_LoggerStopMode_Object__get__S)
                  c300a86c    00000018     ti.targets.arm.rtsarm.ae9 : Error.oe9 (.text:xdc_runtime_Error_init__E)
                  c300a884    00000014     sysbios.ae9 : arm9_Cache_asm.obj (.text:_ti_sysbios_family_arm_arm9_Cache_enableL1d__I)
                  c300a898    00000014                 : arm9_Mmu_asm.obj (.text:_ti_sysbios_family_arm_arm9_Mmu_isEnabled)
                  c300a8ac    00000014     rtsv5_A_le_eabi.lib : copy_decompress_none.obj (.text:decompress:none)
                  c300a8c0    00000014     sysbios.ae9 : BIOS.obj (.text:ti_sysbios_family_arm_TaskSupport_checkStack__E)
                  c300a8d4    00000014                 : BIOS.obj (.text:ti_sysbios_gates_GateMutex_Instance_finalize__E)
                  c300a8e8    00000014                 : BIOS.obj (.text:ti_sysbios_knl_Semaphore_Instance_finalize__E)
                  c300a8fc    00000014                 : BIOS.obj (.text:ti_sysbios_timers_timer64_TimestampProvider_getFreq__E)
                  c300a910    00000014     ti.targets.arm.rtsarm.ae9 : Gate.oe9 (.text:xdc_runtime_Gate_leaveSystem__E)
                  c300a924    00000014     app_pe9.oe9 (.text:xdc_runtime_IHeap_alloc)
                  c300a938    00000014     app_pe9.oe9 (.text:xdc_runtime_IHeap_free)
                  c300a94c    00000014     app_pe9.oe9 (.text:xdc_runtime_IHeap_getStats)
                  c300a960    00000014     ti.targets.arm.rtsarm.ae9 : LoggerBuf.oe9 (.text:xdc_runtime_LoggerBuf_disable__E)
                  c300a974    00000014                               : LoggerBuf.oe9 (.text:xdc_runtime_LoggerBuf_enable__E)
                  c300a988    00000014                               : Memory.oe9 (.text:xdc_runtime_Memory_calloc__E)
                  c300a99c    00000014                               : Memory.oe9 (.text:xdc_runtime_Memory_free__E)
                  c300a9b0    00000014                               : Memory.oe9 (.text:xdc_runtime_Memory_getStats__E)
                  c300a9c4    00000010     sysbios.ae9 : arm_TaskSupport_asm.obj (.text:_ti_sysbios_family_arm_TaskSupport_swap__E)
                  c300a9d4    00000010                 : arm9_Cache_asm.obj (.text:_ti_sysbios_family_arm_arm9_Cache_wbInvAll__E)
                  c300a9e4    00000010                 : BIOS.obj (.text:ti_sysbios_family_arm_da830_Hwi_clearInterrupt__E)
                  c300a9f4    00000010                 : BIOS.obj (.text:ti_sysbios_family_arm_da830_Hwi_startup__E)
                  c300aa04    00000010                 : BIOS.obj (.text:ti_sysbios_family_arm_exc_Exception_Module_startup__E)
                  c300aa14    00000010                 : BIOS.obj (.text:ti_sysbios_gates_GateHwi_enter__E)
                  c300aa24    00000010     app_pe9.oe9 (.text:ti_sysbios_knl_Queue_Object__get__S)
                  c300aa34    00000010     ti.targets.arm.rtsarm.ae9 : Gate.oe9 (.text:xdc_runtime_Gate_enterSystem__E)
                  c300aa44    00000010                               : Memory.oe9 (.text:xdc_runtime_Memory_getMaxDefaultTypeAlign__E)
                  c300aa54    00000010                               : Startup.oe9 (.text:xdc_runtime_Startup_rtsDone__E)
                  c300aa64    0000000c     sysbios.ae9 : BIOS.obj (.text:ti_sysbios_knl_Idle_loop__E)
                  c300aa70    0000000c                 : BIOS.obj (.text:ti_sysbios_knl_Queue_Instance_init__E)
                  c300aa7c    0000000c     app_pe9.oe9 (.text:xdc_runtime_Text_visitRope__I)
                  c300aa88    00000008     sysbios.ae9 : arm9_Cache_asm.obj (.text:_ti_sysbios_family_arm_arm9_Cache_invL1dAll__E)
                  c300aa90    00000008                 : arm9_Cache_asm.obj (.text:_ti_sysbios_family_arm_arm9_Cache_invL1pAll__E)
                  c300aa98    00000008                 : arm9_Cache_asm.obj (.text:_ti_sysbios_family_arm_arm9_Cache_wait__E)
                  c300aaa0    00000008     rtsv5_A_le_eabi.lib : copy_decompress_rle.obj (.text:decompress:rle24)
                  c300aaa8    00000008     app_pe9.oe9 (.text:ti_sysbios_family_arm_TaskSupport_Module__startupDone__S)
                  c300aab0    00000008     sysbios.ae9 : BIOS.obj (.text:ti_sysbios_gates_GateHwi_leave__E)
                  c300aab8    00000008                 : BIOS.obj (.text:ti_sysbios_gates_GateHwi_query__E)
                  c300aac0    00000008                 : BIOS.obj (.text:ti_sysbios_gates_GateMutex_query__E)
                  c300aac8    00000008                 : BIOS.obj (.text:ti_sysbios_heaps_HeapMem_isBlocking__E)
                  c300aad0    00000008                 : BIOS.obj (.text:ti_sysbios_heaps_HeapTrack_getStats__E)
                  c300aad8    00000008                 : BIOS.obj (.text:ti_sysbios_timers_timer64_Timer_getMaxTicks__E)
                  c300aae0    00000008     ti.uia.loggers.ae9 : LoggerStopMode.oe9 (.text:ti_uia_loggers_LoggerStopMode_getContents__E)
                  c300aae8    00000008     app_pe9.oe9 (.text:ti_uia_loggers_LoggerStopMode_getFilterLevel__E)
                  c300aaf0    00000008     ti.uia.loggers.ae9 : LoggerStopMode.oe9 (.text:ti_uia_loggers_LoggerStopMode_getInstanceId__E)
                  c300aaf8    00000008                        : LoggerStopMode.oe9 (.text:ti_uia_loggers_LoggerStopMode_getMaxLength__E)
                  c300ab00    00000008                        : LoggerStopMode.oe9 (.text:ti_uia_loggers_LoggerStopMode_getPriority__E)
                  c300ab08    00000008                        : LoggerStopMode.oe9 (.text:ti_uia_loggers_LoggerStopMode_getTransferType__E)
                  c300ab10    00000008     ti.targets.arm.rtsarm.ae9 : Error.oe9 (.text:xdc_runtime_Error_getSite__E)
                  c300ab18    00000008                               : System.oe9 (.text:xdc_runtime_System_Module_startup__E)
                  c300ab20    00000004     rtsv5_A_le_eabi.lib : i_div0.obj (.text)
                  c300ab24    00000004     app_pe9.oe9 (.text:ti_sysbios_BIOS_RtsGateProxy_enter__E)
                  c300ab28    00000004     app_pe9.oe9 (.text:ti_sysbios_BIOS_RtsGateProxy_leave__E)
                  c300ab2c    00000004     sysbios.ae9 : BIOS.obj (.text:ti_sysbios_BIOS_linkedWithIncorrectBootLibrary__E)
                  c300ab30    00000004     app_pe9.oe9 (.text:ti_sysbios_BIOS_nullFunc__I)
                  c300ab34    00000004     sysbios.ae9 : BIOS.obj (.text:ti_sysbios_family_arm_da830_Hwi_spuriousInt__I)
                  c300ab38    00000004                 : BIOS.obj (.text:ti_sysbios_gates_GateHwi_Instance_init__E)
                  c300ab3c    00000004     app_pe9.oe9 (.text:ti_sysbios_heaps_HeapMem_Module_GateProxy_enter__E)
                  c300ab40    00000004     app_pe9.oe9 (.text:ti_sysbios_heaps_HeapMem_Module_GateProxy_leave__E)
                  c300ab44    00000004     app_pe9.oe9 (.text:ti_sysbios_knl_Clock_TimerProxy_getMaxTicks__E)
                  c300ab48    00000004     app_pe9.oe9 (.text:ti_sysbios_knl_Queue_destruct)
                  c300ab4c    00000004     app_pe9.oe9 (.text:ti_sysbios_knl_Semaphore_destruct)
                  c300ab50    00000004     sysbios.ae9 : BIOS.obj (.text:ti_sysbios_knl_Task_startup__E)
                  c300ab54    00000004     app_pe9.oe9 (.text:ti_uia_loggers_LoggerStopMode_setFilterLevel__E)
                  c300ab58    00000004     ti.uia.loggers.ae9 : LoggerStopMode.oe9 (.text:ti_uia_loggers_LoggerStopMode_setPriority__E)
                  c300ab5c    00000004     app_pe9.oe9 (.text:xdc_runtime_LoggerBuf_Module_GateProxy_enter__E)
                  c300ab60    00000004     app_pe9.oe9 (.text:xdc_runtime_LoggerBuf_Module_GateProxy_leave__E)
                  c300ab64    00000004     app_pe9.oe9 (.text:xdc_runtime_Startup_reset__I)
                  c300ab68    00000004     app_pe9.oe9 (.text:xdc_runtime_System_Module_GateProxy_enter__E)
                  c300ab6c    00000004     app_pe9.oe9 (.text:xdc_runtime_System_Module_GateProxy_leave__E)
                  c300ab70    00000004     ti.targets.arm.rtsarm.ae9 : System.oe9 (.text:xdc_runtime_System_aprintf_va__F)
                  c300ab74    00000004                               : System.oe9 (.text:xdc_runtime_System_printf_va__F)

.data      0    c300ab78    00000994     UNINITIALIZED
                  c300ab78    0000022c     app_pe9.oe9 (.data:ti_sysbios_family_arm_da830_Hwi_Module__state__V)
                  c300ada4    00000100     app_pe9.oe9 (.data:ti_sysbios_knl_Task_Module_State_0_readyQ__A)
                  c300aea4    0000009c     app_pe9.oe9 (.data:ti_uia_loggers_LoggerStopMode_Object__table__V)
                  c300af40    00000098     app_pe9.oe9 (.data:ti_sysbios_timers_timer64_Timer_Object__table__V)
                  c300afd8    00000098     app_pe9.oe9 (.data:ti_sysbios_utils_Load_Module__state__V)
                  c300b070    00000080     app_pe9.oe9 (.data:ti_sysbios_knl_Swi_Module_State_0_readyQ__A)
                  c300b0f0    00000060     app_pe9.oe9 (.data:ti_sysbios_timers_timer64_Timer_Module_State_0_device__A)
                  c300b150    00000054     app_pe9.oe9 (.data:ti_sysbios_family_arm_da830_Hwi_Object__table__V)
                  c300b1a4    0000004c     app_pe9.oe9 (.data:ti_sysbios_knl_Task_Object__table__V)
                  c300b1f0    00000044     app_pe9.oe9 (.data:ti_sysbios_knl_Task_Module__state__V)
                  c300b234    00000038     app_pe9.oe9 (.data:ti_sysbios_gates_GateMutex_Object__table__V)
                  c300b26c    00000030     app_pe9.oe9 (.data:ti_sysbios_knl_Swi_Object__table__V)
                  c300b29c    0000002c     app_pe9.oe9 (.data:ti_sysbios_knl_Clock_Module__state__V)
                  c300b2c8    00000024     app_pe9.oe9 (.data:ti_sysbios_BIOS_Module__state__V)
                  c300b2ec    00000024     app_pe9.oe9 (.data:xdc_runtime_LoggerBuf_Object__table__V)
                  c300b310    00000020     app_pe9.oe9 (.data:ti_sysbios_heaps_HeapTrack_Object__table__V)
                  c300b330    00000020     app_pe9.oe9 (.data:ti_sysbios_timers_timer64_Timer_Module_State_0_handles__A)
                  c300b350    00000020     app_pe9.oe9 (.data:ti_sysbios_timers_timer64_Timer_Module_State_0_intFreqs__A)
                  c300b370    00000020     app_pe9.oe9 (.data:xdc_runtime_System_Module_State_0_atexitHandlers__A)
                  c300b390    0000001c     app_pe9.oe9 (.data:ti_sysbios_knl_Swi_Module__state__V)
                  c300b3ac    00000018     app_pe9.oe9 (.data:ti_sysbios_hal_Hwi_Object__table__V)
                  c300b3c4    00000018     app_pe9.oe9 (.data:ti_sysbios_heaps_HeapMem_Object__table__V)
                  c300b3dc    00000018     app_pe9.oe9 (.data:ti_sysbios_timers_timer64_Timer_Module_State_0_gctrl__A)
                  c300b3f4    00000018     app_pe9.oe9 (.data:ti_sysbios_timers_timer64_Timer_Module__state__V)
                  c300b40c    00000014     app_pe9.oe9 (.data:ti_sysbios_family_arm_exc_Exception_Module__state__V)
                  c300b420    00000010     app_pe9.oe9 (.data:ti_sysbios_family_arm_HwiCommon_Module__state__V)
                  c300b430    0000000c     rtsv5_A_le_eabi.lib : exit.obj (.data:$O1$$)
                  c300b43c    0000000c     app_pe9.oe9 (.data:ti_sysbios_knl_Task_Module__root__V)
                  c300b448    0000000c     app_pe9.oe9 (.data:ti_uia_runtime_QueueDescriptor_Module__state__V)
                  c300b454    0000000c     app_pe9.oe9 (.data:xdc_runtime_SysMin_Module__state__V)
                  c300b460    00000008     rtsv5_A_le_eabi.lib : _lock.obj (.data:$O1$$)
                  c300b468    00000008     ti.uia.runtime.ae9 : QueueDescriptor.oe9 (.data)
                  c300b470    00000008     app_pe9.oe9 (.data:ti_sysbios_gates_GateHwi_Module__root__V)
                  c300b478    00000008     app_pe9.oe9 (.data:ti_sysbios_gates_GateMutex_Module__root__V)
                  c300b480    00000008     app_pe9.oe9 (.data:ti_sysbios_heaps_HeapMem_Module__root__V)
                  c300b488    00000008     app_pe9.oe9 (.data:ti_sysbios_heaps_HeapTrack_Module__root__V)
                  c300b490    00000008     app_pe9.oe9 (.data:ti_sysbios_knl_Queue_Module__root__V)
                  c300b498    00000008     app_pe9.oe9 (.data:ti_sysbios_knl_Semaphore_Module__root__V)
                  c300b4a0    00000008     app_pe9.oe9 (.data:ti_sysbios_timers_timer64_TimestampProvider_Module__state__V)
                  c300b4a8    00000008     app_pe9.oe9 (.data:ti_uia_loggers_LoggerStopMode_Module__root__V)
                  c300b4b0    00000008     app_pe9.oe9 (.data:xdc_runtime_LoggerBuf_Module__root__V)
                  c300b4b8    00000008     app_pe9.oe9 (.data:xdc_runtime_Registry_Module__state__V)
                  c300b4c0    00000008     app_pe9.oe9 (.data:xdc_runtime_Startup_Module__state__V)
                  c300b4c8    00000008     app_pe9.oe9 (.data:xdc_runtime_System_Module__state__V)
                  c300b4d0    00000006     app_pe9.oe9 (.data:xdc_runtime_LoggerBuf_Module__state__V)
                  c300b4d6    00000002     main.obj (.data)
                  c300b4d8    00000004     rtsv5_A_le_eabi.lib : stkdepth_vars.obj (.data)
                  c300b4dc    00000004     app_pe9.oe9 (.data:ti_sysbios_family_arm_arm9_Mmu_Module__state__V)
                  c300b4e0    00000004     app_pe9.oe9 (.data:ti_sysbios_family_arm_da830_TimerSupport_Module__state__V)
                  c300b4e4    00000004     app_pe9.oe9 (.data:ti_sysbios_family_arm_exc_Exception_Module_State_0_excContext__A)
                  c300b4e8    00000004     app_pe9.oe9 (.data:ti_sysbios_family_arm_exc_Exception_Module_State_0_excStackBuffers__A)
                  c300b4ec    00000004     app_pe9.oe9 (.data:ti_sysbios_family_arm_exc_Exception_Module_State_0_excStack__A)
                  c300b4f0    00000004     app_pe9.oe9 (.data:ti_sysbios_gates_GateHwi_Object__table__V)
                  c300b4f4    00000004     app_pe9.oe9 (.data:ti_sysbios_knl_Task_Module_State_0_idleTask__A)
                  c300b4f8    00000004     app_pe9.oe9 (.data:ti_sysbios_utils_Load_Module_State_0_runningTask__A)
                  c300b4fc    00000004     app_pe9.oe9 (.data:ti_sysbios_utils_Load_Module_State_0_taskStartTime__A)
                  c300b500    00000004     app_pe9.oe9 (.data:xdc_runtime_Memory_Module__state__V)
                  c300b504    00000002     app_pe9.oe9 (.data:ti_sysbios_family_arm_da830_TimerSupport_Module_State_0_suspSrc__A)
                  c300b506    00000002     app_pe9.oe9 (.data:ti_sysbios_family_arm_exc_Exception_Module_State_0_excActive__A)
                  c300b508    00000002     app_pe9.oe9 (.data:xdc_runtime_Error_Module__state__V)
                  c300b50a    00000002     app_pe9.oe9 (.data:xdc_runtime_Main_Module__root__V)

.const     0    c300b50c    000006df     
                  c300b50c    00000060     app_pe9.oe9 (.const:ti_uia_loggers_LoggerStopMode_Module__FXNS__C)
                  c300b56c    00000048     app_pe9.oe9 (.const:.string)
                  c300b5b4    0000003c     app_pe9.oe9 (.const:xdc_runtime_LoggerBuf_Module__FXNS__C)
                  c300b5f0    00000038     app_pe9.oe9 (.const:xdc_runtime_Startup_sfxnTab__A)
                  c300b628    00000028     app_pe9.oe9 (.const:ti_sysbios_heaps_HeapMem_Module__FXNS__C)
                  c300b650    00000028     app_pe9.oe9 (.const:ti_sysbios_heaps_HeapTrack_Module__FXNS__C)
                  c300b678    00000028     app_pe9.oe9 (.const:ti_uia_loggers_LoggerStopMode_Object__PARAMS__C)
                  c300b6a0    00000024     app_pe9.oe9 (.const:ti_sysbios_gates_GateHwi_Module__FXNS__C)
                  c300b6c4    00000024     app_pe9.oe9 (.const:ti_sysbios_gates_GateMutex_Module__FXNS__C)
                  c300b6e8    00000024     app_pe9.oe9 (.const:ti_sysbios_heaps_HeapMem_Object__PARAMS__C)
                  c300b70c    00000024     app_pe9.oe9 (.const:ti_sysbios_knl_Semaphore_Object__PARAMS__C)
                  c300b730    00000024     app_pe9.oe9 (.const:xdc_runtime_LoggerBuf_Object__PARAMS__C)
                  c300b754    00000020     app_pe9.oe9 (.const:ti_sysbios_gates_GateHwi_Object__DESC__C)
                  c300b774    00000020     app_pe9.oe9 (.const:ti_sysbios_gates_GateMutex_Object__DESC__C)
                  c300b794    00000020     app_pe9.oe9 (.const:ti_sysbios_heaps_HeapMem_Object__DESC__C)
                  c300b7b4    00000020     app_pe9.oe9 (.const:ti_sysbios_heaps_HeapTrack_Object__DESC__C)
                  c300b7d4    00000020     app_pe9.oe9 (.const:ti_sysbios_knl_Queue_Object__DESC__C)
                  c300b7f4    00000020     app_pe9.oe9 (.const:ti_sysbios_knl_Semaphore_Object__DESC__C)
                  c300b814    00000020     app_pe9.oe9 (.const:ti_uia_loggers_LoggerStopMode_Object__DESC__C)
                  c300b834    00000020     app_pe9.oe9 (.const:xdc_runtime_LoggerBuf_Object__DESC__C)
                  c300b854    0000001c     app_pe9.oe9 (.const:ti_sysbios_heaps_HeapTrack_Object__PARAMS__C)
                  c300b870    0000001c     app_pe9.oe9 (.const:xdc_runtime_Startup_sfxnRts__A)
                  c300b88c    00000018     app_pe9.oe9 (.const:ti_sysbios_gates_GateHwi_Object__PARAMS__C)
                  c300b8a4    00000018     app_pe9.oe9 (.const:ti_sysbios_gates_GateMutex_Object__PARAMS__C)
                  c300b8bc    00000018     app_pe9.oe9 (.const:ti_sysbios_knl_Queue_Object__PARAMS__C)
                  c300b8d4    00000011     ti.targets.arm.rtsarm.ae9 : System.oe9 (.const:.string)
                  c300b8e5    00000001     app_pe9.oe9 (.const:xdc_runtime_Error_policy__C)
                  c300b8e6    00000002     app_pe9.oe9 (.const:ti_sysbios_family_arm_arm9_Cache_enableCache__C)
                  c300b8e8    0000000c     app_pe9.oe9 (.const:xdc_runtime_Startup_firstFxns__A)
                  c300b8f4    00000008     app_pe9.oe9 (.const:ti_sysbios_knl_Idle_funcList__A)
                  c300b8fc    00000008     app_pe9.oe9 (.const:ti_sysbios_knl_Idle_funcList__C)
                  c300b904    00000008     app_pe9.oe9 (.const:xdc_runtime_Startup_firstFxns__C)
                  c300b90c    00000008     app_pe9.oe9 (.const:xdc_runtime_Startup_lastFxns__C)
                  c300b914    00000004     app_pe9.oe9 (.const:ti_sysbios_family_arm_da830_Hwi_A_unsupportedMaskingOption__C)
                  c300b918    00000004     app_pe9.oe9 (.const:ti_sysbios_family_arm_da830_Hwi_E_alreadyDefined__C)
                  c300b91c    00000004     app_pe9.oe9 (.const:ti_sysbios_family_arm_da830_Hwi_LD_end__C)
                  c300b920    00000004     app_pe9.oe9 (.const:ti_sysbios_family_arm_da830_Hwi_LM_begin__C)
                  c300b924    00000004     app_pe9.oe9 (.const:ti_sysbios_family_arm_da830_Hwi_Module__diagsEnabled__C)
                  c300b928    00000004     app_pe9.oe9 (.const:ti_sysbios_family_arm_da830_Hwi_Module__diagsIncluded__C)
                  c300b92c    00000004     app_pe9.oe9 (.const:ti_sysbios_family_arm_da830_Hwi_Module__diagsMask__C)
                  c300b930    00000004     app_pe9.oe9 (.const:ti_sysbios_family_arm_da830_Hwi_Module__loggerFxn1__C)
                  c300b934    00000004     app_pe9.oe9 (.const:ti_sysbios_family_arm_da830_Hwi_Module__loggerFxn4__C)
                  c300b938    00000004     app_pe9.oe9 (.const:ti_sysbios_family_arm_da830_Hwi_Module__loggerFxn8__C)
                  c300b93c    00000004     app_pe9.oe9 (.const:ti_sysbios_family_arm_da830_Hwi_Module__loggerObj__C)
                  c300b940    00000004     app_pe9.oe9 (.const:ti_sysbios_family_arm_da830_Hwi_taskDisable__C)
                  c300b944    00000004     app_pe9.oe9 (.const:ti_sysbios_family_arm_da830_Hwi_taskRestoreHwi__C)
                  c300b948    00000004     app_pe9.oe9 (.const:ti_sysbios_family_arm_exc_Exception_E_dataAbort__C)
                  c300b94c    00000004     app_pe9.oe9 (.const:ti_sysbios_family_arm_exc_Exception_E_prefetchAbort__C)
                  c300b950    00000004     app_pe9.oe9 (.const:ti_sysbios_family_arm_exc_Exception_E_swi__C)
                  c300b954    00000004     app_pe9.oe9 (.const:ti_sysbios_family_arm_exc_Exception_E_undefinedInstruction__C)
                  c300b958    00000004     app_pe9.oe9 (.const:ti_sysbios_family_arm_exc_Exception_excHookFuncs__A)
                  c300b95c    00000004     app_pe9.oe9 (.const:ti_sysbios_family_arm_exc_Exception_excHookFuncs__C)
                  c300b960    00000004     app_pe9.oe9 (.const:ti_sysbios_gates_GateMutex_A_badContext__C)
                  c300b964    00000004     app_pe9.oe9 (.const:ti_sysbios_gates_GateMutex_Instance_State_sem__O)
                  c300b968    00000004     app_pe9.oe9 (.const:ti_sysbios_gates_GateMutex_Module__diagsEnabled__C)
                  c300b96c    00000004     app_pe9.oe9 (.const:ti_sysbios_gates_GateMutex_Module__diagsIncluded__C)
                  c300b970    00000004     app_pe9.oe9 (.const:ti_sysbios_gates_GateMutex_Module__diagsMask__C)
                  c300b974    00000004     app_pe9.oe9 (.const:ti_sysbios_hal_Hwi_E_stackOverflow__C)
                  c300b978    00000004     app_pe9.oe9 (.const:ti_sysbios_heaps_HeapMem_A_align__C)
                  c300b97c    00000004     app_pe9.oe9 (.const:ti_sysbios_heaps_HeapMem_A_heapSize__C)
                  c300b980    00000004     app_pe9.oe9 (.const:ti_sysbios_heaps_HeapMem_A_invalidFree__C)
                  c300b984    00000004     app_pe9.oe9 (.const:ti_sysbios_heaps_HeapMem_A_zeroBlock__C)
                  c300b988    00000004     app_pe9.oe9 (.const:ti_sysbios_heaps_HeapMem_E_memory__C)
                  c300b98c    00000004     app_pe9.oe9 (.const:ti_sysbios_heaps_HeapMem_Module__diagsEnabled__C)
                  c300b990    00000004     app_pe9.oe9 (.const:ti_sysbios_heaps_HeapMem_Module__diagsIncluded__C)
                  c300b994    00000004     app_pe9.oe9 (.const:ti_sysbios_heaps_HeapMem_Module__diagsMask__C)
                  c300b998    00000004     app_pe9.oe9 (.const:ti_sysbios_heaps_HeapMem_Module__gateObj__C)
                  c300b99c    00000004     app_pe9.oe9 (.const:ti_sysbios_heaps_HeapMem_Object__count__C)
                  c300b9a0    00000004     app_pe9.oe9 (.const:ti_sysbios_heaps_HeapMem_reqAlign__C)
                  c300b9a4    00000004     app_pe9.oe9 (.const:ti_sysbios_heaps_HeapTrack_A_bufOverflow__C)
                  c300b9a8    00000004     app_pe9.oe9 (.const:ti_sysbios_heaps_HeapTrack_A_doubleFree__C)
                  c300b9ac    00000004     app_pe9.oe9 (.const:ti_sysbios_heaps_HeapTrack_A_notEmpty__C)
                  c300b9b0    00000004     app_pe9.oe9 (.const:ti_sysbios_heaps_HeapTrack_Instance_State_trackQueue__O)
                  c300b9b4    00000004     app_pe9.oe9 (.const:ti_sysbios_heaps_HeapTrack_Module__diagsEnabled__C)
                  c300b9b8    00000004     app_pe9.oe9 (.const:ti_sysbios_heaps_HeapTrack_Module__diagsIncluded__C)
                  c300b9bc    00000004     app_pe9.oe9 (.const:ti_sysbios_heaps_HeapTrack_Module__diagsMask__C)
                  c300b9c0    00000004     app_pe9.oe9 (.const:ti_sysbios_knl_Clock_LM_begin__C)
                  c300b9c4    00000004     app_pe9.oe9 (.const:ti_sysbios_knl_Clock_LM_tick__C)
                  c300b9c8    00000004     app_pe9.oe9 (.const:ti_sysbios_knl_Clock_LW_delayed__C)
                  c300b9cc    00000004     app_pe9.oe9 (.const:ti_sysbios_knl_Clock_Module_State_clockQ__O)
                  c300b9d0    00000004     app_pe9.oe9 (.const:ti_sysbios_knl_Clock_Module__diagsEnabled__C)
                  c300b9d4    00000004     app_pe9.oe9 (.const:ti_sysbios_knl_Clock_Module__diagsIncluded__C)
                  c300b9d8    00000004     app_pe9.oe9 (.const:ti_sysbios_knl_Clock_Module__diagsMask__C)
                  c300b9dc    00000004     app_pe9.oe9 (.const:ti_sysbios_knl_Clock_Module__loggerFxn1__C)
                  c300b9e0    00000004     app_pe9.oe9 (.const:ti_sysbios_knl_Clock_Module__loggerFxn2__C)
                  c300b9e4    00000004     app_pe9.oe9 (.const:ti_sysbios_knl_Clock_Module__loggerObj__C)
                  c300b9e8    00000004     app_pe9.oe9 (.const:ti_sysbios_knl_Semaphore_A_badContext__C)
                  c300b9ec    00000004     app_pe9.oe9 (.const:ti_sysbios_knl_Semaphore_A_noEvents__C)
                  c300b9f0    00000004     app_pe9.oe9 (.const:ti_sysbios_knl_Semaphore_A_overflow__C)
                  c300b9f4    00000004     app_pe9.oe9 (.const:ti_sysbios_knl_Semaphore_A_pendTaskDisabled__C)
                  c300b9f8    00000004     app_pe9.oe9 (.const:ti_sysbios_knl_Semaphore_Instance_State_pendQ__O)
                  c300b9fc    00000004     app_pe9.oe9 (.const:ti_sysbios_knl_Semaphore_LM_pend__C)
                  c300ba00    00000004     app_pe9.oe9 (.const:ti_sysbios_knl_Semaphore_LM_post__C)
                  c300ba04    00000004     app_pe9.oe9 (.const:ti_sysbios_knl_Semaphore_Module__diagsEnabled__C)
                  c300ba08    00000004     app_pe9.oe9 (.const:ti_sysbios_knl_Semaphore_Module__diagsIncluded__C)
                  c300ba0c    00000004     app_pe9.oe9 (.const:ti_sysbios_knl_Semaphore_Module__diagsMask__C)
                  c300ba10    00000004     app_pe9.oe9 (.const:ti_sysbios_knl_Semaphore_Module__loggerFxn2__C)
                  c300ba14    00000004     app_pe9.oe9 (.const:ti_sysbios_knl_Semaphore_Module__loggerFxn4__C)
                  c300ba18    00000004     app_pe9.oe9 (.const:ti_sysbios_knl_Semaphore_Module__loggerObj__C)
                  c300ba1c    00000004     app_pe9.oe9 (.const:ti_sysbios_knl_Swi_LD_end__C)
                  c300ba20    00000004     app_pe9.oe9 (.const:ti_sysbios_knl_Swi_LM_begin__C)
                  c300ba24    00000004     app_pe9.oe9 (.const:ti_sysbios_knl_Swi_LM_post__C)
                  c300ba28    00000004     app_pe9.oe9 (.const:ti_sysbios_knl_Swi_Module__diagsEnabled__C)
                  c300ba2c    00000004     app_pe9.oe9 (.const:ti_sysbios_knl_Swi_Module__diagsIncluded__C)
                  c300ba30    00000004     app_pe9.oe9 (.const:ti_sysbios_knl_Swi_Module__diagsMask__C)
                  c300ba34    00000004     app_pe9.oe9 (.const:ti_sysbios_knl_Swi_Module__loggerFxn1__C)
                  c300ba38    00000004     app_pe9.oe9 (.const:ti_sysbios_knl_Swi_Module__loggerFxn4__C)
                  c300ba3c    00000004     app_pe9.oe9 (.const:ti_sysbios_knl_Swi_Module__loggerObj__C)
                  c300ba40    00000004     app_pe9.oe9 (.const:ti_sysbios_knl_Swi_Object__count__C)
                  c300ba44    00000004     app_pe9.oe9 (.const:ti_sysbios_knl_Task_E_spOutOfBounds__C)
                  c300ba48    00000004     app_pe9.oe9 (.const:ti_sysbios_knl_Task_E_stackOverflow__C)
                  c300ba4c    00000004     app_pe9.oe9 (.const:ti_sysbios_knl_Task_LD_block__C)
                  c300ba50    00000004     app_pe9.oe9 (.const:ti_sysbios_knl_Task_LD_exit__C)
                  c300ba54    00000004     app_pe9.oe9 (.const:ti_sysbios_knl_Task_LD_ready__C)
                  c300ba58    00000004     app_pe9.oe9 (.const:ti_sysbios_knl_Task_LM_switch__C)
                  c300ba5c    00000004     app_pe9.oe9 (.const:ti_sysbios_knl_Task_Module_State_inactiveQ__O)
                  c300ba60    00000004     app_pe9.oe9 (.const:ti_sysbios_knl_Task_Module__diagsEnabled__C)
                  c300ba64    00000004     app_pe9.oe9 (.const:ti_sysbios_knl_Task_Module__diagsIncluded__C)
                  c300ba68    00000004     app_pe9.oe9 (.const:ti_sysbios_knl_Task_Module__diagsMask__C)
                  c300ba6c    00000004     app_pe9.oe9 (.const:ti_sysbios_knl_Task_Module__loggerFxn2__C)
                  c300ba70    00000004     app_pe9.oe9 (.const:ti_sysbios_knl_Task_Module__loggerFxn4__C)
                  c300ba74    00000004     app_pe9.oe9 (.const:ti_sysbios_knl_Task_Module__loggerObj__C)
                  c300ba78    00000004     app_pe9.oe9 (.const:ti_sysbios_knl_Task_Object__count__C)
                  c300ba7c    00000004     app_pe9.oe9 (.const:ti_sysbios_knl_Task_allBlockedFunc__C)
                  c300ba80    00000004     app_pe9.oe9 (.const:ti_sysbios_knl_Task_numConstructedTasks__C)
                  c300ba84    00000004     app_pe9.oe9 (.const:ti_sysbios_timers_timer64_Timer_E_cannotSupport__C)
                  c300ba88    00000004     app_pe9.oe9 (.const:ti_sysbios_timers_timer64_Timer_Module__diagsEnabled__C)
                  c300ba8c    00000004     app_pe9.oe9 (.const:ti_sysbios_timers_timer64_Timer_Module__diagsIncluded__C)
                  c300ba90    00000004     app_pe9.oe9 (.const:ti_sysbios_timers_timer64_Timer_Module__diagsMask__C)
                  c300ba94    00000004     app_pe9.oe9 (.const:ti_sysbios_timers_timer64_Timer_freqDivisor__C)
                  c300ba98    00000004     app_pe9.oe9 (.const:ti_sysbios_timers_timer64_Timer_numTimerDevices__C)
                  c300ba9c    00000004     app_pe9.oe9 (.const:ti_sysbios_timers_timer64_TimestampProvider_Module__diagsEnabled__C)
                  c300baa0    00000004     app_pe9.oe9 (.const:ti_sysbios_timers_timer64_TimestampProvider_Module__diagsIncluded__C)
                  c300baa4    00000004     app_pe9.oe9 (.const:ti_sysbios_timers_timer64_TimestampProvider_Module__diagsMask__C)
                  c300baa8    00000004     app_pe9.oe9 (.const:ti_sysbios_utils_Load_LS_cpuLoad__C)
                  c300baac    00000004     app_pe9.oe9 (.const:ti_sysbios_utils_Load_Module__diagsEnabled__C)
                  c300bab0    00000004     app_pe9.oe9 (.const:ti_sysbios_utils_Load_Module__diagsIncluded__C)
                  c300bab4    00000004     app_pe9.oe9 (.const:ti_sysbios_utils_Load_Module__diagsMask__C)
                  c300bab8    00000004     app_pe9.oe9 (.const:ti_sysbios_utils_Load_Module__loggerFxn1__C)
                  c300babc    00000004     app_pe9.oe9 (.const:ti_sysbios_utils_Load_Module__loggerObj__C)
                  c300bac0    00000004     app_pe9.oe9 (.const:ti_sysbios_utils_Load_postUpdate__C)
                  c300bac4    00000004     app_pe9.oe9 (.const:ti_sysbios_utils_Load_windowInMs__C)
                  c300bac8    00000004     app_pe9.oe9 (.const:ti_uia_loggers_LoggerStopMode_Module__diagsEnabled__C)
                  c300bacc    00000004     app_pe9.oe9 (.const:ti_uia_loggers_LoggerStopMode_Module__diagsIncluded__C)
                  c300bad0    00000004     app_pe9.oe9 (.const:ti_uia_loggers_LoggerStopMode_Module__diagsMask__C)
                  c300bad4    00000004     app_pe9.oe9 (.const:ti_uia_loggers_LoggerStopMode_Object__count__C)
                  c300bad8    00000004     app_pe9.oe9 (.const:ti_uia_runtime_ILoggerSnapshot_Interface__BASE__C)
                  c300badc    00000004     app_pe9.oe9 (.const:ti_uia_runtime_IUIATransfer_Interface__BASE__C)
                  c300bae0    00000004     app_pe9.oe9 (.const:xdc_runtime_Assert_E_assertFailed__C)
                  c300bae4    00000004     app_pe9.oe9 (.const:xdc_runtime_Core_A_initializedParams__C)
                  c300bae8    00000004     app_pe9.oe9 (.const:xdc_runtime_Core_Module__diagsEnabled__C)
                  c300baec    00000004     app_pe9.oe9 (.const:xdc_runtime_Core_Module__diagsIncluded__C)
                  c300baf0    00000004     app_pe9.oe9 (.const:xdc_runtime_Core_Module__diagsMask__C)
                  c300baf4    00000004     app_pe9.oe9 (.const:xdc_runtime_Error_E_memory__C)
                  c300baf8    00000004     app_pe9.oe9 (.const:xdc_runtime_Error_Module__diagsEnabled__C)
                  c300bafc    00000004     app_pe9.oe9 (.const:xdc_runtime_Error_Module__diagsIncluded__C)
                  c300bb00    00000004     app_pe9.oe9 (.const:xdc_runtime_Error_Module__diagsMask__C)
                  c300bb04    00000004     app_pe9.oe9 (.const:xdc_runtime_Error_Module__loggerFxn8__C)
                  c300bb08    00000004     app_pe9.oe9 (.const:xdc_runtime_Error_Module__loggerObj__C)
                  c300bb0c    00000004     app_pe9.oe9 (.const:xdc_runtime_Error_policyFxn__C)
                  c300bb10    00000004     app_pe9.oe9 (.const:xdc_runtime_Error_raiseHook__C)
                  c300bb14    00000004     app_pe9.oe9 (.const:xdc_runtime_IFilterLogger_Interface__BASE__C)
                  c300bb18    00000004     app_pe9.oe9 (.const:xdc_runtime_IGateProvider_Interface__BASE__C)
                  c300bb1c    00000004     app_pe9.oe9 (.const:xdc_runtime_IHeap_Interface__BASE__C)
                  c300bb20    00000004     app_pe9.oe9 (.const:xdc_runtime_ILogger_Interface__BASE__C)
                  c300bb24    00000004     app_pe9.oe9 (.const:xdc_runtime_IModule_Interface__BASE__C)
                  c300bb28    00000004     app_pe9.oe9 (.const:xdc_runtime_Log_L_error__C)
                  c300bb2c    00000004     app_pe9.oe9 (.const:xdc_runtime_Log_L_info__C)
                  c300bb30    00000004     app_pe9.oe9 (.const:xdc_runtime_LoggerBuf_E_badLevel__C)
                  c300bb34    00000004     app_pe9.oe9 (.const:xdc_runtime_LoggerBuf_Module__gateObj__C)
                  c300bb38    00000004     app_pe9.oe9 (.const:xdc_runtime_LoggerBuf_Object__count__C)
                  c300bb3c    00000004     app_pe9.oe9 (.const:xdc_runtime_LoggerBuf_statusLogger__C)
                  c300bb40    00000004     app_pe9.oe9 (.const:xdc_runtime_Main_Module__diagsEnabled__C)
                  c300bb44    00000004     app_pe9.oe9 (.const:xdc_runtime_Main_Module__diagsIncluded__C)
                  c300bb48    00000004     app_pe9.oe9 (.const:xdc_runtime_Main_Module__diagsMask__C)
                  c300bb4c    00000004     app_pe9.oe9 (.const:xdc_runtime_Main_Module__loggerFxn4__C)
                  c300bb50    00000004     app_pe9.oe9 (.const:xdc_runtime_Main_Module__loggerObj__C)
                  c300bb54    00000004     app_pe9.oe9 (.const:xdc_runtime_Memory_defaultHeapInstance__C)
                  c300bb58    00000004     app_pe9.oe9 (.const:xdc_runtime_Startup_execImpl__C)
                  c300bb5c    00000004     app_pe9.oe9 (.const:xdc_runtime_Startup_lastFxns__A)
                  c300bb60    00000004     app_pe9.oe9 (.const:xdc_runtime_Startup_maxPasses__C)
                  c300bb64    00000004     app_pe9.oe9 (.const:xdc_runtime_Startup_sfxnRts__C)
                  c300bb68    00000004     app_pe9.oe9 (.const:xdc_runtime_Startup_sfxnTab__C)
                  c300bb6c    00000004     app_pe9.oe9 (.const:xdc_runtime_SysMin_bufSize__C)
                  c300bb70    00000004     app_pe9.oe9 (.const:xdc_runtime_SysMin_outputFunc__C)
                  c300bb74    00000004     app_pe9.oe9 (.const:xdc_runtime_System_Module__gateObj__C)
                  c300bb78    00000004     app_pe9.oe9 (.const:xdc_runtime_System_abortFxn__C)
                  c300bb7c    00000004     app_pe9.oe9 (.const:xdc_runtime_System_exitFxn__C)
                  c300bb80    00000004     app_pe9.oe9 (.const:xdc_runtime_System_extendFxn__C)
                  c300bb84    00000004     app_pe9.oe9 (.const:xdc_runtime_System_maxAtexitHandlers__C)
                  c300bb88    00000004     app_pe9.oe9 (.const:xdc_runtime_Text_charTab__C)
                  c300bb8c    00000004     app_pe9.oe9 (.const:xdc_runtime_Text_nameEmpty__C)
                  c300bb90    00000004     app_pe9.oe9 (.const:xdc_runtime_Text_nameStatic__C)
                  c300bb94    00000004     app_pe9.oe9 (.const:xdc_runtime_Text_nameUnknown__C)
                  c300bb98    00000004     app_pe9.oe9 (.const:xdc_runtime_Text_visitRopeFxn__C)
                  c300bb9c    00000002     app_pe9.oe9 (.const:ti_sysbios_family_arm_arm9_Mmu_enableMMU__C)
                  c300bb9e    00000002     app_pe9.oe9 (.const:ti_sysbios_family_arm_da830_Hwi_Module__id__C)
                  c300bba0    00000002     app_pe9.oe9 (.const:ti_sysbios_family_arm_da830_Hwi_Module__loggerDefined__C)
                  c300bba2    00000002     app_pe9.oe9 (.const:ti_sysbios_family_arm_exc_Exception_Module__id__C)
                  c300bba4    00000002     app_pe9.oe9 (.const:ti_sysbios_gates_GateMutex_Module__id__C)
                  c300bba6    00000002     app_pe9.oe9 (.const:ti_sysbios_hal_Hwi_Module__id__C)
                  c300bba8    00000002     app_pe9.oe9 (.const:ti_sysbios_heaps_HeapMem_Module__id__C)
                  c300bbaa    00000002     app_pe9.oe9 (.const:ti_sysbios_heaps_HeapTrack_Module__id__C)
                  c300bbac    00000002     app_pe9.oe9 (.const:ti_sysbios_knl_Clock_Module__id__C)
                  c300bbae    00000002     app_pe9.oe9 (.const:ti_sysbios_knl_Clock_Module__loggerDefined__C)
                  c300bbb0    00000002     app_pe9.oe9 (.const:ti_sysbios_knl_Semaphore_Module__id__C)
                  c300bbb2    00000002     app_pe9.oe9 (.const:ti_sysbios_knl_Semaphore_Module__loggerDefined__C)
                  c300bbb4    00000002     app_pe9.oe9 (.const:ti_sysbios_knl_Swi_Module__id__C)
                  c300bbb6    00000002     app_pe9.oe9 (.const:ti_sysbios_knl_Swi_Module__loggerDefined__C)
                  c300bbb8    00000002     app_pe9.oe9 (.const:ti_sysbios_knl_Task_Module__id__C)
                  c300bbba    00000002     app_pe9.oe9 (.const:ti_sysbios_knl_Task_Module__loggerDefined__C)
                  c300bbbc    00000002     app_pe9.oe9 (.const:ti_sysbios_timers_timer64_Timer_Module__id__C)
                  c300bbbe    00000002     app_pe9.oe9 (.const:ti_sysbios_timers_timer64_Timer_startupNeeded__C)
                  c300bbc0    00000002     app_pe9.oe9 (.const:ti_sysbios_timers_timer64_Timer_useTimer64pRegMap__C)
                  c300bbc2    00000002     app_pe9.oe9 (.const:ti_sysbios_timers_timer64_TimestampProvider_Module__id__C)
                  c300bbc4    00000002     app_pe9.oe9 (.const:ti_sysbios_timers_timer64_TimestampProvider_useClockTimer__C)
                  c300bbc6    00000002     app_pe9.oe9 (.const:ti_sysbios_utils_Load_Module__id__C)
                  c300bbc8    00000002     app_pe9.oe9 (.const:ti_sysbios_utils_Load_Module__loggerDefined__C)
                  c300bbca    00000002     app_pe9.oe9 (.const:ti_sysbios_utils_Load_updateInIdle__C)
                  c300bbcc    00000002     app_pe9.oe9 (.const:ti_uia_loggers_LoggerStopMode_Module__id__C)
                  c300bbce    00000002     app_pe9.oe9 (.const:ti_uia_loggers_LoggerStopMode_isTimestampEnabled__C)
                  c300bbd0    00000002     app_pe9.oe9 (.const:xdc_runtime_Core_Module__id__C)
                  c300bbd2    00000002     app_pe9.oe9 (.const:xdc_runtime_Error_Module__loggerDefined__C)
                  c300bbd4    00000002     app_pe9.oe9 (.const:xdc_runtime_Error_maxDepth__C)
                  c300bbd6    00000002     app_pe9.oe9 (.const:xdc_runtime_LoggerBuf_Module__id__C)
                  c300bbd8    00000002     app_pe9.oe9 (.const:xdc_runtime_LoggerBuf_filterByLevel__C)
                  c300bbda    00000002     app_pe9.oe9 (.const:xdc_runtime_Main_Module__id__C)
                  c300bbdc    00000002     app_pe9.oe9 (.const:xdc_runtime_Main_Module__loggerDefined__C)
                  c300bbde    00000002     app_pe9.oe9 (.const:xdc_runtime_Memory_Module__id__C)
                  c300bbe0    00000002     app_pe9.oe9 (.const:xdc_runtime_SysMin_flushAtExit__C)
                  c300bbe2    00000002     app_pe9.oe9 (.const:xdc_runtime_Text_charCnt__C)
                  c300bbe4    00000002     app_pe9.oe9 (.const:xdc_runtime_Text_isLoaded__C)
                  c300bbe6    00000002     app_pe9.oe9 (.const:xdc_runtime_Text_registryModsLastId__C)
                  c300bbe8    00000002     app_pe9.oe9 (.const:xdc_runtime_Text_unnamedModsLastId__C)
                  c300bbea    00000001     app_pe9.oe9 (.const:xdc_runtime_Text_charTab__A)

.vecs      0    ffff0000    00000040     
                  ffff0000    00000040     app_pe9.oe9 (.vecs)

.vectorTable 
*          0    ffff0040    00000328     
                  ffff0040    00000328     app_pe9.oe9 (.vectorTable)

xdc.meta   0    c3000000    000000e5     COPY SECTION
                  c3000000    000000e5     app_pe9.oe9 (xdc.meta)

MODULE SUMMARY

       Module                     code    ro data   rw data
       ------                     ----    -------   -------
    .\
       main.obj                   580     0         2      
    +--+--------------------------+-------+---------+---------+
       Total:                     580     0         2      
                                                           
    .\BSP\Drivers\COMMON\GPIO\
       gpio.obj                   232     0         0      
    +--+--------------------------+-------+---------+---------+
       Total:                     232     0         0      
                                                           
    .\BSP\Drivers\UART\
       uart.obj                   212     0         0      
    +--+--------------------------+-------+---------+---------+
       Total:                     212     0         0      
                                                           
    C:\Users\dong.x\workspace_v6_2\ArmProject\Debug\configPkg\package\cfg\
       app_pe9.oe9                6284    1806      30978  
    +--+--------------------------+-------+---------+---------+
       Total:                     6284    1806      30978  
                                                           
    C:/ti/OMAPL138_StarterWare_1_10_04_01/binary/armv5/cgt_ccs/omapl138/drivers/Debug/drivers.lib
       gpio.obj                   1724    0         0      
       uart.obj                   1512    0         0      
       psc.obj                    340     0         0      
    +--+--------------------------+-------+---------+---------+
       Total:                     3576    0         0      
                                                           
    C:\Users\dong.x\workspace_v6_2\ArmProject\src\sysbios\sysbios.ae9
       BIOS.obj                   19688   0         0      
       exc_Exception_asm.obj      312     0         0      
       da830_Hwi_asm.obj          288     0         0      
       arm9_Cache_asm.obj         164     0         0      
       arm_TaskSupport_asm.obj    128     0         0      
       arm_HwiCommon_asm.obj      124     0         0      
       arm9_Mmu_asm.obj           96      0         0      
    +--+--------------------------+-------+---------+---------+
       Total:                     20800   0         0      
                                                           
    C:\ti\bios_6_46_05_55\packages\ti\targets\arm\rtsarm\lib\auto_init.ae9
       auto_init.oe9              236     0         0      
    +--+--------------------------+-------+---------+---------+
       Total:                     236     0         0      
                                                           
    C:\ti\bios_6_46_05_55\packages\ti\targets\arm\rtsarm\lib\boot.ae9
       boot.oe9                   92      0         0      
    +--+--------------------------+-------+---------+---------+
       Total:                     92      0         0      
                                                           
    C:\ti\bios_6_46_05_55\packages\ti\targets\arm\rtsarm\lib\ti.targets.arm.rtsarm.ae9
       System.oe9                 1980    17        0      
       LoggerBuf.oe9              1744    0         0      
       Text.oe9                   902     0         0      
       Error.oe9                  800     0         0      
       Core-mem.oe9               568     0         0      
       Startup.oe9                496     0         0      
       SysMin.oe9                 416     0         0      
       Core-smem.oe9              320     0         0      
       Memory.oe9                 300     0         0      
       Assert.oe9                 124     0         0      
       Core-params.oe9            100     0         0      
       Core-label.oe9             84      0         0      
       Registry.oe9               48      0         0      
       Gate.oe9                   36      0         0      
    +--+--------------------------+-------+---------+---------+
       Total:                     7918    17        0      
                                                           
    C:\ti\ccs620\ccsv6\tools\compiler\arm_15.12.3.LTS\lib\rtsv5_A_le_eabi.lib
       trgdrv.obj                 1360    0         8      
       ull_div32.obj              696     0         0      
       trgmsg.obj                 168     0         288    
       memcpy32.obj               384     0         0      
       u_div32.obj                240     0         0      
       memset32.obj               176     0         0      
       copy_decompress_rle.obj    168     0         0      
       exit.obj                   144     0         12     
       cpy_tbl.obj                136     0         0      
       _lock.obj                  36      0         8      
       ll_lsr32.obj               36      0         0      
       args_main.obj              32      0         0      
       strlen.obj                 32      0         0      
       strcpy.obj                 28      0         0      
       copy_decompress_none.obj   20      0         0      
       i_div0.obj                 4       0         0      
       stkdepth_vars.obj          0       0         4      
    +--+--------------------------+-------+---------+---------+
       Total:                     3660    0         320    
                                                           
    C:\ti\uia_2_00_06_52\packages\ti\uia\loggers\lib\release\ti.uia.loggers.ae9
       LoggerStopMode.oe9         916     0         0      
    +--+--------------------------+-------+---------+---------+
       Total:                     916     0         0      
                                                           
    C:\ti\uia_2_00_06_52\packages\ti\uia\runtime\lib\release\ti.uia.runtime.ae9
       QueueDescriptor.oe9        196     0         8      
    +--+--------------------------+-------+---------+---------+
       Total:                     196     0         8      
                                                           
       Stack:                     0       0         2048   
       Linker Generated:          0       1383      0      
    +--+--------------------------+-------+---------+---------+
       Grand Total:               44702   3206      33356  


LINKER GENERATED COPY TABLES

__TI_cinit_table @ c3013f0c records: 2, size/record: 8, table size: 16
	.data: load addr=c30139b0, load size=00000544 bytes, run addr=c300ab78, run size=00000994 bytes, compression=rle
	.bss: load addr=c3013ef8, load size=0000000b bytes, run addr=c3010000, run size=000031b0 bytes, compression=rle


LINKER GENERATED HANDLER TABLE

__TI_handler_table @ c3013f04 records: 2, size/record: 4, table size: 8
	index: 0, handler: __TI_decompress_rle24
	index: 1, handler: __TI_decompress_none


GLOBAL SYMBOLS: SORTED ALPHABETICALLY BY Name 

address   name                                                                 
-------   ----                                                                 
c3007004  BspGpioInit                                                          
c30082d0  C$$EXIT                                                              
c3007d00  C$$IO$$                                                              
c30005cc  GPIOBankIntDisable                                                   
c300059c  GPIOBankIntEnable                                                    
c30005fc  GPIOBankPinsWrite                                                    
c30000b0  GPIODirModeGet                                                       
c3000000  GPIODirModeSet                                                       
c3000400  GPIOIntTypeGet                                                       
c300025c  GPIOIntTypeSet                                                       
[...]
c300ba78  ti_sysbios_knl_Task_Object__count__C                                 
c300ba7c  ti_sysbios_knl_Task_allBlockedFunc__C                                
c300ba80  ti_sysbios_knl_Task_numConstructedTasks__C                           
c300ba84  ti_sysbios_timers_timer64_Timer_E_cannotSupport__C                   
c300ba88  ti_sysbios_timers_timer64_Timer_Module__diagsEnabled__C              
c300ba8c  ti_sysbios_timers_timer64_Timer_Module__diagsIncluded__C             
c300ba90  ti_sysbios_timers_timer64_Timer_Module__diagsMask__C                 
c300ba94  ti_sysbios_timers_timer64_Timer_freqDivisor__C                       
c300ba98  ti_sysbios_timers_timer64_Timer_numTimerDevices__C                   
c300ba9c  ti_sysbios_timers_timer64_TimestampProvider_Module__diagsEnabled__C  
c300baa0  ti_sysbios_timers_timer64_TimestampProvider_Module__diagsIncluded__C 
c300baa4  ti_sysbios_timers_timer64_TimestampProvider_Module__diagsMask__C     
c300baa8  ti_sysbios_utils_Load_LS_cpuLoad__C                                  
c300baac  ti_sysbios_utils_Load_Module__diagsEnabled__C                        
c300bab0  ti_sysbios_utils_Load_Module__diagsIncluded__C                       
c300bab4  ti_sysbios_utils_Load_Module__diagsMask__C                           
c300bab8  ti_sysbios_utils_Load_Module__loggerFxn1__C                          
c300babc  ti_sysbios_utils_Load_Module__loggerObj__C                           
c300bac0  ti_sysbios_utils_Load_postUpdate__C                                  
c300bac4  ti_sysbios_utils_Load_windowInMs__C                                  
c300bac8  ti_uia_loggers_LoggerStopMode_Module__diagsEnabled__C                
c300bacc  ti_uia_loggers_LoggerStopMode_Module__diagsIncluded__C               
c300bad0  ti_uia_loggers_LoggerStopMode_Module__diagsMask__C                   
c300bad4  ti_uia_loggers_LoggerStopMode_Object__count__C                       
c300bad8  ti_uia_runtime_ILoggerSnapshot_Interface__BASE__C                    
c300badc  ti_uia_runtime_IUIATransfer_Interface__BASE__C                       
c300bae0  xdc_runtime_Assert_E_assertFailed__C                                 
c300bae4  xdc_runtime_Core_A_initializedParams__C                              
c300bae8  xdc_runtime_Core_Module__diagsEnabled__C                             
c300baec  xdc_runtime_Core_Module__diagsIncluded__C                            
c300baf0  xdc_runtime_Core_Module__diagsMask__C                                
c300baf4  xdc_runtime_Error_E_memory__C                                        
c300baf8  xdc_runtime_Error_Module__diagsEnabled__C                            
c300bafc  xdc_runtime_Error_Module__diagsIncluded__C                           
c300bb00  xdc_runtime_Error_Module__diagsMask__C                               
c300bb04  xdc_runtime_Error_Module__loggerFxn8__C                              
c300bb08  xdc_runtime_Error_Module__loggerObj__C                               
c300bb0c  xdc_runtime_Error_policyFxn__C                                       
c300bb10  xdc_runtime_Error_raiseHook__C                                       
c300bb14  xdc_runtime_IFilterLogger_Interface__BASE__C                         
c300bb18  xdc_runtime_IGateProvider_Interface__BASE__C                         
c300bb1c  xdc_runtime_IHeap_Interface__BASE__C                                 
c300bb20  xdc_runtime_ILogger_Interface__BASE__C                               
c300bb24  xdc_runtime_IModule_Interface__BASE__C                               
c300bb28  xdc_runtime_Log_L_error__C                                           
c300bb2c  xdc_runtime_Log_L_info__C                                            
c300bb30  xdc_runtime_LoggerBuf_E_badLevel__C                                  
c300bb34  xdc_runtime_LoggerBuf_Module__gateObj__C                             
c300bb38  xdc_runtime_LoggerBuf_Object__count__C                               
c300bb3c  xdc_runtime_LoggerBuf_statusLogger__C                                
c300bb40  xdc_runtime_Main_Module__diagsEnabled__C                             
c300bb44  xdc_runtime_Main_Module__diagsIncluded__C                            
c300bb48  xdc_runtime_Main_Module__diagsMask__C                                
c300bb4c  xdc_runtime_Main_Module__loggerFxn4__C                               
c300bb50  xdc_runtime_Main_Module__loggerObj__C                                
c300bb54  xdc_runtime_Memory_defaultHeapInstance__C                            
c300bb58  xdc_runtime_Startup_execImpl__C                                      
c300bb5c  xdc_runtime_Startup_lastFxns__A                                      
c300bb60  xdc_runtime_Startup_maxPasses__C                                     
c300bb64  xdc_runtime_Startup_sfxnRts__C                                       
c300bb68  xdc_runtime_Startup_sfxnTab__C                                       
c300bb6c  xdc_runtime_SysMin_bufSize__C                                        
c300bb70  xdc_runtime_SysMin_outputFunc__C                                     
c300bb74  xdc_runtime_System_Module__gateObj__C                                
c300bb78  xdc_runtime_System_abortFxn__C                                       
c300bb7c  xdc_runtime_System_exitFxn__C                                        
c300bb80  xdc_runtime_System_extendFxn__C                                      
c300bb84  xdc_runtime_System_maxAtexitHandlers__C                              
c300bb88  xdc_runtime_Text_charTab__C                                          
c300bb8c  xdc_runtime_Text_nameEmpty__C                                        
c300bb90  xdc_runtime_Text_nameStatic__C                                       
c300bb94  xdc_runtime_Text_nameUnknown__C                                      
c300bb98  xdc_runtime_Text_visitRopeFxn__C                                     
c300bb9c  ti_sysbios_family_arm_arm9_Mmu_enableMMU__C                          
c300bb9e  ti_sysbios_family_arm_da830_Hwi_Module__id__C                        
c300bba0  ti_sysbios_family_arm_da830_Hwi_Module__loggerDefined__C             
c300bba2  ti_sysbios_family_arm_exc_Exception_Module__id__C                    
c300bba4  ti_sysbios_gates_GateMutex_Module__id__C                             
c300bba6  ti_sysbios_hal_Hwi_Module__id__C                                     
c300bba8  ti_sysbios_heaps_HeapMem_Module__id__C                               
c300bbaa  ti_sysbios_heaps_HeapTrack_Module__id__C                             
c300bbac  ti_sysbios_knl_Clock_Module__id__C                                   
c300bbae  ti_sysbios_knl_Clock_Module__loggerDefined__C                        
c300bbb0  ti_sysbios_knl_Semaphore_Module__id__C                               
c300bbb2  ti_sysbios_knl_Semaphore_Module__loggerDefined__C                    
c300bbb4  ti_sysbios_knl_Swi_Module__id__C                                     
c300bbb6  ti_sysbios_knl_Swi_Module__loggerDefined__C                          
c300bbb8  ti_sysbios_knl_Task_Module__id__C                                    
c300bbba  ti_sysbios_knl_Task_Module__loggerDefined__C                         
c300bbbc  ti_sysbios_timers_timer64_Timer_Module__id__C                        
c300bbbe  ti_sysbios_timers_timer64_Timer_startupNeeded__C                     
c300bbc0  ti_sysbios_timers_timer64_Timer_useTimer64pRegMap__C                 
c300bbc2  ti_sysbios_timers_timer64_TimestampProvider_Module__id__C            
c300bbc4  ti_sysbios_timers_timer64_TimestampProvider_useClockTimer__C         
c300bbc6  ti_sysbios_utils_Load_Module__id__C                                  
c300bbc8  ti_sysbios_utils_Load_Module__loggerDefined__C                       
c300bbca  ti_sysbios_utils_Load_updateInIdle__C                                
c300bbcc  ti_uia_loggers_LoggerStopMode_Module__id__C                          
c300bbce  ti_uia_loggers_LoggerStopMode_isTimestampEnabled__C                  
c300bbd0  xdc_runtime_Core_Module__id__C                                       
c300bbd2  xdc_runtime_Error_Module__loggerDefined__C                           
c300bbd4  xdc_runtime_Error_maxDepth__C                                        
c300bbd6  xdc_runtime_LoggerBuf_Module__id__C                                  
c300bbd8  xdc_runtime_LoggerBuf_filterByLevel__C                               
c300bbda  xdc_runtime_Main_Module__id__C                                       
c300bbdc  xdc_runtime_Main_Module__loggerDefined__C                            
c300bbde  xdc_runtime_Memory_Module__id__C                                     
c300bbe0  xdc_runtime_SysMin_flushAtExit__C                                    
c300bbe2  xdc_runtime_Text_charCnt__C                                          
c300bbe4  xdc_runtime_Text_isLoaded__C                                         
c300bbe6  xdc_runtime_Text_registryModsLastId__C                               
c300bbe8  xdc_runtime_Text_unnamedModsLastId__C                                
c300bbea  xdc_runtime_Text_charTab__A                                          
c300c000  ti_sysbios_family_arm_arm9_Mmu_Module_State_0_tableBuf__A            
c3010000  ti_sysbios_heaps_HeapMem_Instance_State_0_buf__A                     
c3011000  ti_sysbios_knl_Task_Instance_State_0_stack__A                        
c3011800  ti_sysbios_family_arm_exc_Exception_Module_State_0_excStack_0__A     
c3012000  ti_sysbios_family_arm_da830_Hwi_Module_State_0_fiqStack__A           
c3012400  ti_uia_loggers_LoggerStopMode_Instance_State_1_packetArray__A        
c3012800  ti_uia_loggers_LoggerStopMode_Instance_State_2_packetArray__A        
c3012c00  ti_uia_loggers_LoggerStopMode_Instance_State_0_packetArray__A        
c3012e00  __CIOBUF_                                                            
c3012f20  xdc_runtime_LoggerBuf_Instance_State_0_entryArr__A                   
c3012fa0  xdc_runtime_SysMin_Module_State_0_outbuf__A                          
c3013080  ti_uia_loggers_LoggerStopMode_Instance_State_0_hdr__A                
c3013100  ti_uia_loggers_LoggerStopMode_Instance_State_1_hdr__A                
c3013180  ti_uia_loggers_LoggerStopMode_Instance_State_2_hdr__A                
c30131b0  __stack                                                              
c30139b0  __STACK_END                                                          
c30139b0  __TI_static_base__                                                   
c3013f04  __TI_Handler_Table_Base                                              
c3013f0c  __TI_CINIT_Base                                                      
c3013f0c  __TI_Handler_Table_Limit                                             
c3013f1c  __TI_CINIT_Limit                                                     
fffee000  ti_sysbios_family_arm_da830_Hwi_cpIntc                               
ffff0000  ti_sysbios_family_arm_da830_Hwi_vectors                              
ffff0040  ti_sysbios_family_arm_da830_Hwi0                                     
ffff0040  ti_sysbios_family_arm_da830_Hwi_vectorTable                          
ffff0048  ti_sysbios_family_arm_da830_Hwi1                                     
ffff0050  ti_sysbios_family_arm_da830_Hwi2                                     
ffff0058  ti_sysbios_family_arm_da830_Hwi3                                     
ffff0060  ti_sysbios_family_arm_da830_Hwi4                                     
ffff0068  ti_sysbios_family_arm_da830_Hwi5                                     
ffff0070  ti_sysbios_family_arm_da830_Hwi6                                     
ffff0078  ti_sysbios_family_arm_da830_Hwi7                                     
ffff0080  ti_sysbios_family_arm_da830_Hwi8                                     
ffff0088  ti_sysbios_family_arm_da830_Hwi9                                     
ffff0090  ti_sysbios_family_arm_da830_Hwi10                                    
ffff0098  ti_sysbios_family_arm_da830_Hwi11                                    
ffff00a0  ti_sysbios_family_arm_da830_Hwi12                                    
ffff00a8  ti_sysbios_family_arm_da830_Hwi13                                    
ffff00b0  ti_sysbios_family_arm_da830_Hwi14                                    
ffff00b8  ti_sysbios_family_arm_da830_Hwi15                                    
ffff00c0  ti_sysbios_family_arm_da830_Hwi16                                    
ffff00c8  ti_sysbios_family_arm_da830_Hwi17                                    
ffff00d0  ti_sysbios_family_arm_da830_Hwi18                                    
ffff00d8  ti_sysbios_family_arm_da830_Hwi19                                    
ffff00e0  ti_sysbios_family_arm_da830_Hwi20                                    
ffff00e8  ti_sysbios_family_arm_da830_Hwi21                                    
ffff00f0  ti_sysbios_family_arm_da830_Hwi22                                    
ffff00f8  ti_sysbios_family_arm_da830_Hwi23                                    
ffff0100  ti_sysbios_family_arm_da830_Hwi24                                    
ffff0108  ti_sysbios_family_arm_da830_Hwi25                                    
ffff0110  ti_sysbios_family_arm_da830_Hwi26                                    
ffff0118  ti_sysbios_family_arm_da830_Hwi27                                    
ffff0120  ti_sysbios_family_arm_da830_Hwi28                                    
ffff0128  ti_sysbios_family_arm_da830_Hwi29                                    
ffff0130  ti_sysbios_family_arm_da830_Hwi30                                    
ffff0138  ti_sysbios_family_arm_da830_Hwi31                                    
ffff0140  ti_sysbios_family_arm_da830_Hwi32                                    
ffff0148  ti_sysbios_family_arm_da830_Hwi33                                    
ffff0150  ti_sysbios_family_arm_da830_Hwi34                                    
ffff0158  ti_sysbios_family_arm_da830_Hwi35                                    
ffff0160  ti_sysbios_family_arm_da830_Hwi36                                    
ffff0168  ti_sysbios_family_arm_da830_Hwi37                                    
ffff0170  ti_sysbios_family_arm_da830_Hwi38                                    
ffff0178  ti_sysbios_family_arm_da830_Hwi39                                    
ffff0180  ti_sysbios_family_arm_da830_Hwi40                                    
ffff0188  ti_sysbios_family_arm_da830_Hwi41                                    
ffff0190  ti_sysbios_family_arm_da830_Hwi42                                    
ffff0198  ti_sysbios_family_arm_da830_Hwi43                                    
ffff01a0  ti_sysbios_family_arm_da830_Hwi44                                    
ffff01a8  ti_sysbios_family_arm_da830_Hwi45                                    
ffff01b0  ti_sysbios_family_arm_da830_Hwi46                                    
ffff01b8  ti_sysbios_family_arm_da830_Hwi47                                    
ffff01c0  ti_sysbios_family_arm_da830_Hwi48                                    
ffff01c8  ti_sysbios_family_arm_da830_Hwi49                                    
ffff01d0  ti_sysbios_family_arm_da830_Hwi50                                    
ffff01d8  ti_sysbios_family_arm_da830_Hwi51                                    
ffff01e0  ti_sysbios_family_arm_da830_Hwi52                                    
ffff01e8  ti_sysbios_family_arm_da830_Hwi53                                    
ffff01f0  ti_sysbios_family_arm_da830_Hwi54                                    
ffff01f8  ti_sysbios_family_arm_da830_Hwi55                                    
ffff0200  ti_sysbios_family_arm_da830_Hwi56                                    
ffff0208  ti_sysbios_family_arm_da830_Hwi57                                    
ffff0210  ti_sysbios_family_arm_da830_Hwi58                                    
ffff0218  ti_sysbios_family_arm_da830_Hwi59                                    
ffff0220  ti_sysbios_family_arm_da830_Hwi60                                    
ffff0228  ti_sysbios_family_arm_da830_Hwi61                                    
ffff0230  ti_sysbios_family_arm_da830_Hwi62                                    
ffff0238  ti_sysbios_family_arm_da830_Hwi63                                    
ffff0240  ti_sysbios_family_arm_da830_Hwi64                                    
ffff0248  ti_sysbios_family_arm_da830_Hwi65                                    
ffff0250  ti_sysbios_family_arm_da830_Hwi66                                    
ffff0258  ti_sysbios_family_arm_da830_Hwi67                                    
ffff0260  ti_sysbios_family_arm_da830_Hwi68                                    
ffff0268  ti_sysbios_family_arm_da830_Hwi69                                    
ffff0270  ti_sysbios_family_arm_da830_Hwi70                                    
ffff0278  ti_sysbios_family_arm_da830_Hwi71                                    
ffff0280  ti_sysbios_family_arm_da830_Hwi72                                    
ffff0288  ti_sysbios_family_arm_da830_Hwi73                                    
ffff0290  ti_sysbios_family_arm_da830_Hwi74                                    
ffff0298  ti_sysbios_family_arm_da830_Hwi75                                    
ffff02a0  ti_sysbios_family_arm_da830_Hwi76                                    
ffff02a8  ti_sysbios_family_arm_da830_Hwi77                                    
ffff02b0  ti_sysbios_family_arm_da830_Hwi78                                    
ffff02b8  ti_sysbios_family_arm_da830_Hwi79                                    
ffff02c0  ti_sysbios_family_arm_da830_Hwi80                                    
ffff02c8  ti_sysbios_family_arm_da830_Hwi81                                    
ffff02d0  ti_sysbios_family_arm_da830_Hwi82                                    
ffff02d8  ti_sysbios_family_arm_da830_Hwi83                                    
ffff02e0  ti_sysbios_family_arm_da830_Hwi84                                    
ffff02e8  ti_sysbios_family_arm_da830_Hwi85                                    
ffff02f0  ti_sysbios_family_arm_da830_Hwi86                                    
ffff02f8  ti_sysbios_family_arm_da830_Hwi87                                    
ffff0300  ti_sysbios_family_arm_da830_Hwi88                                    
ffff0308  ti_sysbios_family_arm_da830_Hwi89                                    
ffff0310  ti_sysbios_family_arm_da830_Hwi90                                    
ffff0318  ti_sysbios_family_arm_da830_Hwi91                                    
ffff0320  ti_sysbios_family_arm_da830_Hwi92                                    
ffff0328  ti_sysbios_family_arm_da830_Hwi93                                    
ffff0330  ti_sysbios_family_arm_da830_Hwi94                                    
ffff0338  ti_sysbios_family_arm_da830_Hwi95                                    
ffff0340  ti_sysbios_family_arm_da830_Hwi96                                    
ffff0348  ti_sysbios_family_arm_da830_Hwi97                                    
ffff0350  ti_sysbios_family_arm_da830_Hwi98                                    
ffff0358  ti_sysbios_family_arm_da830_Hwi99                                    
ffff0360  ti_sysbios_family_arm_da830_Hwi100                                   
ffffffff  __TI_pprof_out_hndl                                                  
ffffffff  __TI_prof_data_size                                                  
ffffffff  __TI_prof_data_start                                                 
ffffffff  __binit__                                                            
ffffffff  __c_args__                                                           
ffffffff  binit                                                                
UNDEFED   SHT$$INIT_ARRAY$$Base                                                
UNDEFED   SHT$$INIT_ARRAY$$Limit                                               

[867 symbols]
