******************************************************************************
                  TI ARM Linker PC v15.12.3                    
******************************************************************************
>> Linked Mon Mar 05 19:03:11 2018

OUTPUT FILE NAME:   <Test.out>
ENTRY POINT SYMBOL: "_c_int00"  address: c30506dc


MEMORY CONFIGURATION

         name            origin    length      used     unused   attr    fill
----------------------  --------  ---------  --------  --------  ----  --------
  L3_CBA_RAM            80000000   00020000  00000000  00020000  RW X
  DDR                   c3000000   01000000  00058280  00fa7d80  RWIX
  IRAM                  ffff0000   00002000  00000368  00001c98  RW X


SEGMENT ALLOCATION MAP

run origin  load origin   length   init length attrs members
----------  ----------- ---------- ----------- ----- -------
c3000000    c3000000    0003e830   00000000    rw-
  c3000000    c3000000    0003e830   00000000    rw- .bss
c303e830    c303e830    00013af8   00013af8    r-x
  c303e830    c303e830    00013af8   00013af8    r-x .text
c3052328    c3052328    00000a5d   00000000    rw-
  c3052328    c3052328    00000a5d   00000000    rw- .data
c3052d88    c3052d88    000006db   000006db    r--
  c3052d88    c3052d88    000006db   000006db    r-- .const
c3053464    c3053464    00000800   00000000    rw-
  c3053464    c3053464    00000800   00000000    rw- .stack
c3054000    c3054000    00004000   00000000    rw-
  c3054000    c3054000    00004000   00000000    rw- ti.sysbios.family.arm.arm9.mmuTableSection
c3058000    c3058000    00000620   00000620    r--
  c3058000    c3058000    00000620   00000620    r-- .cinit
ffff0000    ffff0000    00000368   00000368    r-x
  ffff0000    ffff0000    00000040   00000040    r-- .vecs
  ffff0040    ffff0040    00000328   00000328    r-x .vectorTable


SECTION ALLOCATION MAP

 output                                  attributes/
section   page    origin      length       input sections
--------  ----  ----------  ----------   ----------------
.bss       0    c3000000    0003e830     UNINITIALIZED
                  c3000000    0003c410     (.common:ti_sysbios_heaps_HeapMem_Instance_State_0_buf__A)
                  c303c410    00000800     app_pe9.oe9 (.bss:taskStackSection)
                  c303cc10    00000800     (.common:ti_sysbios_family_arm_exc_Exception_Module_State_0_excStack_0__A)
                  c303d410    00000400     (.common:ti_sysbios_family_arm_da830_Hwi_Module_State_0_fiqStack__A)
                  c303d810    00000014     (.common:val)
                  c303d824    0000000c     laco.obj (.bss:hc595_pins)
                  c303d830    0000000c     mcp3021.obj (.bss:mcp_ch)
                  c303d83c    00000008     rtsv5_A_le_eabi.lib : trgdrv.obj (.bss:parmbuf)
                  c303d844    00000004     drivers.lib : edma.obj (.bss)
                  c303d848    00000004     (.common:board)
                  c303d84c    00000004     (.common:hc165_pins)
                  c303d850    00000030     --HOLE--
                  c303d880    00000400     (.common:ti_uia_loggers_LoggerStopMode_Instance_State_1_packetArray__A)
                  c303dc80    00000400     (.common:ti_uia_loggers_LoggerStopMode_Instance_State_2_packetArray__A)
                  c303e080    00000200     (.common:ti_uia_loggers_LoggerStopMode_Instance_State_0_packetArray__A)
                  c303e280    00000140     (.common:ti_sysbios_knl_Mailbox_Instance_State_0_allocBuf__A)
                  c303e3c0    00000120     rtsv5_A_le_eabi.lib : trgmsg.obj (.bss:_CIOBUF_)
                  c303e4e0    00000118     (.common:ti_sysbios_knl_Mailbox_Instance_State_1_allocBuf__A)
                  c303e5f8    00000080     (.common:xdc_runtime_LoggerBuf_Instance_State_0_entryArr__A)
                  c303e678    00000080     (.common:xdc_runtime_SysMin_Module_State_0_outbuf__A)
                  c303e6f8    00000008     --HOLE--
                  c303e700    00000030     (.common:ti_uia_loggers_LoggerStopMode_Instance_State_0_hdr__A)
                  c303e730    00000050     --HOLE--
                  c303e780    00000030     (.common:ti_uia_loggers_LoggerStopMode_Instance_State_1_hdr__A)
                  c303e7b0    00000050     --HOLE--
                  c303e800    00000030     (.common:ti_uia_loggers_LoggerStopMode_Instance_State_2_hdr__A)

.neardata 
*          0    c303e830    00000000     UNINITIALIZED

.rodata    0    c303e830    00000000     UNINITIALIZED

.stack     0    c3053464    00000800     UNINITIALIZED
                  c3053464    00000800     --HOLE--

.cinit     0    c3058000    00000620     
                  c3058000    000005f4     (.cinit..data.load) [load image, compression = rle]
                  c30585f4    00000004     --HOLE-- [fill = 0]
                  c30585f8    0000000d     (.cinit..bss.load) [load image, compression = rle]
                  c3058605    00000003     --HOLE-- [fill = 0]
                  c3058608    00000008     (__TI_handler_table)
                  c3058610    00000010     (__TI_cinit_table)

.init_array 
*          0    c3000000    00000000     UNINITIALIZED

.text      0    c303e830    00013af8     
                  c303e830    0000194c     drivers.lib : edma.obj (.text)
                  c304017c    00001594     tdc.obj (.text)
                  c3041710    00000f8c     board.obj (.text)
                  c304269c    00000dfc     drivers.lib : ehrpwm.obj (.text)
                  c3043498    000008e4     laco.obj (.text)
                  c3043d7c    0000071c     connector.obj (.text)
                  c3044498    00000710     spi.obj (.text)
                  c3044ba8    000006bc     drivers.lib : gpio.obj (.text)
                  c3045264    00000604                 : spi.obj (.text)
                  c3045868    000005e8                 : uart.obj (.text)
                  c3045e50    0000058c     pwm.obj (.text)
                  c30463dc    0000058c     uart.obj (.text)
                  c3046968    0000055c     drivers.lib : i2c.obj (.text)
                  c3046ec4    00000550     rtsv5_A_le_eabi.lib : trgdrv.obj (.text)
                  c3047414    00000540     ti.targets.arm.rtsarm.ae9 : System.oe9 (.text:xdc_runtime_System_doPrint__I)
                  c3047954    00000500     ad7265.obj (.text)
                  c3047e54    000004bc     sysbios.ae9 : BIOS.obj (.text:ti_sysbios_knl_Semaphore_pend__E)
                  c3048310    00000428     I2C.obj (.text)
                  c3048738    0000038c     led.obj (.text)
                  c3048ac4    00000368     sysbios.ae9 : BIOS.obj (.text:ti_sysbios_heaps_HeapMem_freeUnprotected__E)
                  c3048e2c    000002f4                 : BIOS.obj (.text:ti_sysbios_heaps_HeapMem_allocUnprotected__E)
                  c3049120    000002e8                 : BIOS.obj (.text:ti_sysbios_family_arm_exc_Exception_excDumpContext__I)
                  c3049408    000002b8     rtsv5_A_le_eabi.lib : ull_div32.obj (.text)
                  c30496c0    0000029c     dipswitch.obj (.text)
                  c304995c    0000027c     sysbios.ae9 : BIOS.obj (.text:ti_sysbios_family_arm_exc_Exception_excHandler__I)
                  c3049bd8    00000258                 : BIOS.obj (.text:ti_sysbios_knl_Task_Module_startup__E)
                  c3049e30    00000238                 : BIOS.obj (.text:ti_sysbios_timers_timer64_Timer_deviceConfig__I)
                  c304a068    000001f8                 : BIOS.obj (.text:ti_sysbios_heaps_HeapTrack_free__E)
                  c304a260    000001f0     app_pe9.oe9 (.text:ti_sysbios_family_arm_arm9_Mmu_initTableBuf__I)
                  c304a450    000001ec     sysbios.ae9 : BIOS.obj (.text:ti_sysbios_heaps_HeapMem_Instance_init__E)
                  c304a63c    000001e4                 : BIOS.obj (.text:ti_sysbios_knl_Semaphore_post__E)
                  c304a820    000001e4     ti.targets.arm.rtsarm.ae9 : LoggerBuf.oe9 (.text:xdc_runtime_LoggerBuf_write8__E)
                  c304aa04    000001e0     app_pe9.oe9 (.text:ti_uia_loggers_LoggerStopMode_writeMemoryRange__E)
                  c304abe4    000001b8     sysbios.ae9 : BIOS.obj (.text:ti_sysbios_knl_Clock_workFunc__E)
                  c304ad9c    000001b4                 : BIOS.obj (.text:ti_sysbios_family_arm_da830_Hwi_reconfig__E)
                  c304af50    000001b0                 : BIOS.obj (.text:ti_sysbios_knl_Swi_run__I)
                  c304b100    000001a4     ti.targets.arm.rtsarm.ae9 : Error.oe9 (.text:xdc_runtime_Error_policyDefault__E)
                  c304b2a4    000001a0                               : Core-mem.oe9 (.text:xdc_runtime_Core_createObject__I)
                  c304b444    00000190     rtsv5_A_le_eabi.lib : fd_div32.obj (.text)
                  c304b5d4    00000188     sysbios.ae9 : BIOS.obj (.text:ti_sysbios_family_arm_da830_Hwi_dispatchIRQC__I)
                  c304b75c    00000188     app_pe9.oe9 (.text:ti_uia_loggers_LoggerStopMode_write8__E)
                  c304b8e4    00000188     app_pe9.oe9 (.text:xdc_runtime_System_printfExtend__I)
                  c304ba6c    00000180     rtsv5_A_le_eabi.lib : memcpy32.obj (.text)
                  c304bbec    00000174     mcp3021.obj (.text)
                  c304bd60    00000170     sysbios.ae9 : BIOS.obj (.text:ti_sysbios_timers_timer64_TimestampProvider_get64__E)
                  c304bed0    0000016c                 : BIOS.obj (.text:ti_sysbios_knl_Task_exit__E)
                  c304c03c    00000168     app_pe9.oe9 (.text:ti_uia_loggers_LoggerStopMode_write4__E)
                  c304c1a4    00000164     sysbios.ae9 : BIOS.obj (.text:ti_sysbios_timers_timer64_Timer_start__E)
                  c304c308    00000164                 : BIOS.obj (.text:ti_sysbios_timers_timer64_TimestampProvider_get32__E)
                  c304c46c    00000160                 : BIOS.obj (.text:ti_sysbios_timers_timer64_Timer_setPeriodMicroSecs__E)
                  c304c5cc    0000015c     watchdog.obj (.text)
                  c304c728    00000158     app_pe9.oe9 (.text:ti_uia_loggers_LoggerStopMode_write2__E)
                  c304c880    00000154     drivers.lib : psc.obj (.text)
                  c304c9d4    00000154     ti.targets.arm.rtsarm.ae9 : Startup.oe9 (.text:xdc_runtime_Startup_startMods__I)
                  c304cb28    00000150     app_pe9.oe9 (.text:ti_uia_loggers_LoggerStopMode_write1__E)
                  c304cc78    00000140     main.obj (.text)
                  c304cdb8    00000140     sysbios.ae9 : BIOS.obj (.text:ti_sysbios_family_arm_da830_Hwi_dispatchFIQC__I)
                  c304cef8    00000140                 : BIOS.obj (.text:ti_sysbios_knl_Task_checkStacks__E)
                  c304d038    00000140                 : BIOS.obj (.text:ti_sysbios_timers_timer64_Timer_getFreq__E)
                  c304d178    00000140     ti.targets.arm.rtsarm.ae9 : Core-smem.oe9 (.text:xdc_runtime_Core_constructObject__I)
                  c304d2b8    0000013c     sysbios.ae9 : BIOS.obj (.text:ti_sysbios_knl_Task_schedule__I)
                  c304d3f4    0000013c                 : BIOS.obj (.text:ti_sysbios_knl_Task_startCore__E)
                  c304d530    0000013c     app_pe9.oe9 (.text:ti_uia_loggers_LoggerStopMode_write0__E)
                  c304d66c    00000138     ti.targets.arm.rtsarm.ae9 : LoggerBuf.oe9 (.text:xdc_runtime_LoggerBuf_write4__E)
                  c304d7a4    00000128     rtsv5_A_le_eabi.lib : fd_mul32.obj (.text)
                  c304d8cc    00000124     sysbios.ae9 : BIOS.obj (.text:ti_sysbios_knl_Swi_post__E)
                  c304d9f0    00000120                 : BIOS.obj (.text:ti_sysbios_gates_GateMutex_enter__E)
                  c304db10    00000120                 : BIOS.obj (.text:ti_sysbios_utils_Load_updateLoads__E)
                  c304dc30    0000011c                 : BIOS.obj (.text:ti_sysbios_utils_Load_idleFxn__E)
                  c304dd4c    00000114     rtsv5_A_le_eabi.lib : i_div32.obj (.text)
                  c304de60    00000104     sysbios.ae9 : BIOS.obj (.text:ti_sysbios_knl_Semaphore_Instance_init__E)
                  c304df64    000000fc                 : BIOS.obj (.text:ti_sysbios_knl_Task_blockI__E)
                  c304e060    000000fc                 : BIOS.obj (.text:ti_sysbios_knl_Task_unblockI__E)
                  c304e15c    000000f8     ti.uia.loggers.ae9 : LoggerStopMode.oe9 (.text:ti_uia_loggers_LoggerStopMode_initQueueDescriptor__E)
                  c304e254    000000f8     ti.targets.arm.rtsarm.ae9 : Text.oe9 (.text:xdc_runtime_Text_putSite__E)
                  c304e34c    000000f4     sysbios.ae9 : BIOS.obj (.text:ti_sysbios_heaps_HeapTrack_alloc__E)
                  c304e440    000000f0     rtsv5_A_le_eabi.lib : u_div32.obj (.text)
                  c304e530    000000f0     ti.targets.arm.rtsarm.ae9 : LoggerBuf.oe9 (.text:xdc_runtime_LoggerBuf_setFilterLevel__E)
                  c304e620    000000ec     auto_init.ae9 : auto_init.oe9 (.text)
                  c304e70c    000000e4     sysbios.ae9 : da830_Hwi_asm.obj (.text:_ti_sysbios_family_arm_da830_Hwi_dispatchIRQ__I)
                  c304e7f0    000000e0                 : BIOS.obj (.text:ti_sysbios_family_arm_da830_Hwi_Instance_init__E)
                  c304e8d0    000000e0                 : BIOS.obj (.text:ti_sysbios_family_arm_da830_Hwi_Module_startup__E)
                  c304e9b0    000000e0                 : BIOS.obj (.text:ti_sysbios_heaps_HeapTrack_Instance_finalize__E)
                  c304ea90    000000dc     ti.targets.arm.rtsarm.ae9 : Text.oe9 (.text:xdc_runtime_Text_putMod__E)
                  c304eb6c    000000d4     sysbios.ae9 : BIOS.obj (.text:ti_sysbios_knl_Mailbox_Module_startup__E)
                  c304ec40    000000d0                 : exc_Exception_asm.obj (.text:ti_sysbios_family_arm_exc_Exception_excHandlerAsm__I)
                  c304ed10    000000cc     ti.targets.arm.rtsarm.ae9 : LoggerBuf.oe9 (.text:xdc_runtime_LoggerBuf_getFilterLevel__E)
                  c304eddc    000000c4     ti.uia.runtime.ae9 : QueueDescriptor.oe9 (.text:ti_uia_runtime_QueueDescriptor_addToList__E)
                  c304eea0    000000c0     sysbios.ae9 : BIOS.obj (.text:ti_sysbios_timers_timer64_Timer_initDevice__I)
                  c304ef60    000000b8                 : BIOS.obj (.text:ti_sysbios_knl_Swi_restoreHwi__E)
                  c304f018    000000b0     rtsv5_A_le_eabi.lib : memset32.obj (.text)
                  c304f0c8    000000b0     sysbios.ae9 : BIOS.obj (.text:ti_sysbios_family_arm_da830_Hwi_initIntController__I)
                  c304f178    000000b0                 : BIOS.obj (.text:ti_sysbios_timers_timer64_TimestampProvider_Module_startup__E)
                  c304f228    000000b0     ti.targets.arm.rtsarm.ae9 : Memory.oe9 (.text:xdc_runtime_Memory_alloc__E)
                  c304f2d8    000000a8     rtsv5_A_le_eabi.lib : trgmsg.obj (.text)
                  c304f380    000000a0                         : copy_decompress_rle.obj (.text)
                  c304f420    0000009f     ti.targets.arm.rtsarm.ae9 : Text.oe9 (.text:xdc_runtime_Text_putLab__E)
                  c304f4bf    00000001     --HOLE-- [fill = 0]
                  c304f4c0    0000009c     sysbios.ae9 : BIOS.obj (.text:ti_sysbios_knl_Clock_logTick__E)
                  c304f55c    0000009c                 : BIOS.obj (.text:ti_sysbios_utils_Load_logCPULoad__I)
                  c304f5f8    00000098     ti.uia.loggers.ae9 : LoggerStopMode.oe9 (.text:ti_uia_loggers_LoggerStopMode_flush__E)
                  c304f690    00000098     ti.targets.arm.rtsarm.ae9 : Core-mem.oe9 (.text:xdc_runtime_Core_deleteObject__I)
                  c304f728    00000098                               : Error.oe9 (.text:xdc_runtime_Error_print__E)
                  c304f7c0    00000098     app_pe9.oe9 (.text:xdc_runtime_LoggerBuf_Object__create__S)
                  c304f858    00000098     ti.targets.arm.rtsarm.ae9 : System.oe9 (.text:xdc_runtime_System_formatNum__I)
                  c304f8f0    00000090     rtsv5_A_le_eabi.lib : exit.obj (.text)
                  c304f980    00000090     sysbios.ae9 : BIOS.obj (.text:ti_sysbios_timers_timer64_Timer_stop__E)
                  c304fa10    0000008c                 : BIOS.obj (.text:ti_sysbios_heaps_HeapMem_alloc__E)
                  c304fa9c    0000008c     ti.targets.arm.rtsarm.ae9 : Startup.oe9 (.text:xdc_runtime_Startup_exec__E)
                  c304fb28    00000088     rtsv5_A_le_eabi.lib : cpy_tbl.obj (.text)
                  c304fbb0    00000084     sysbios.ae9 : BIOS.obj (.text:ti_sysbios_knl_Swi_schedule__I)
                  c304fc34    00000084                 : BIOS.obj (.text:ti_sysbios_knl_Task_allBlockedFunction__I)
                  c304fcb8    00000080                 : BIOS.obj (.text:ti_sysbios_heaps_HeapMem_getStats__E)
                  c304fd38    00000080                 : BIOS.obj (.text:ti_sysbios_knl_Swi_runLoop__I)
                  c304fdb8    0000007c                 : arm_HwiCommon_asm.obj (.text:_ti_sysbios_family_xxx_Hwi_switchToIsrStack)
                  c304fe34    0000007c                 : BIOS.obj (.text:ti_sysbios_family_arm_arm9_Cache_startup__I)
                  c304feb0    0000007c     ti.targets.arm.rtsarm.ae9 : Assert.oe9 (.text:xdc_runtime_Assert_raise__I)
                  c304ff2c    00000074     sysbios.ae9 : BIOS.obj (.text:ti_sysbios_family_arm_arm9_Mmu_disable__E)
                  c304ffa0    00000074                 : BIOS.obj (.text:ti_sysbios_family_arm_arm9_Mmu_enable__E)
                  c3050014    00000074                 : BIOS.obj (.text:ti_sysbios_family_arm_da830_Hwi_handlerSELF__I)
                  c3050088    00000074                 : BIOS.obj (.text:ti_sysbios_timers_timer64_Timer_startup__E)
                  c30500fc    00000074     ti.uia.loggers.ae9 : LoggerStopMode.oe9 (.text:ti_uia_loggers_LoggerStopMode_Module_startup__E)
                  c3050170    00000074                        : LoggerStopMode.oe9 (.text:ti_uia_loggers_LoggerStopMode_initBuffer__I)
                  c30501e4    00000074     ti.targets.arm.rtsarm.ae9 : LoggerBuf.oe9 (.text:xdc_runtime_LoggerBuf_filterOutEvent__I)
                  c3050258    00000070     sysbios.ae9 : BIOS.obj (.text:ti_sysbios_timers_timer64_Timer_Module_startup__E)
                  c30502c8    00000070     ti.targets.arm.rtsarm.ae9 : SysMin.oe9 (.text:xdc_runtime_SysMin_flush__E)
                  c3050338    0000006c     sysbios.ae9 : BIOS.obj (.text:ti_sysbios_family_arm_da830_Hwi_getStackInfo__E)
                  c30503a4    0000006c     ti.targets.arm.rtsarm.ae9 : LoggerBuf.oe9 (.text:xdc_runtime_LoggerBuf_Instance_init__E)
                  c3050410    00000068     sysbios.ae9 : BIOS.obj (.text:ti_sysbios_family_arm_da830_Hwi_handlerLOWER__I)
                  c3050478    00000068                 : BIOS.obj (.text:ti_sysbios_family_arm_da830_Hwi_handlerNONE__I)
                  c30504e0    00000068                 : exc_Exception_asm.obj (.text:ti_sysbios_family_arm_exc_Exception_initCore0__I)
                  c3050548    00000068                 : BIOS.obj (.text:ti_sysbios_heaps_HeapMem_init__I)
                  c30505b0    00000068     ti.targets.arm.rtsarm.ae9 : Error.oe9 (.text:xdc_runtime_Error_setX__E)
                  c3050618    00000064                               : Core-params.oe9 (.text:xdc_runtime_Core_assignParams__I)
                  c305067c    00000060                               : Text.oe9 (.text:xdc_runtime_Text_xprintf__I)
                  c30506dc    0000005c     boot.ae9 : boot.oe9 (.text)
                  c3050738    0000005c     rtsv5_A_le_eabi.lib : fd_tou32.obj (.text)
                  c3050794    0000005c     sysbios.ae9 : BIOS.obj (.text:ti_sysbios_knl_Task_restore__E)
                  c30507f0    0000005c     ti.targets.arm.rtsarm.ae9 : SysMin.oe9 (.text:xdc_runtime_SysMin_putch__E)
                  c305084c    00000058     app_pe9.oe9 (.text:malloc)
                  c30508a4    00000058     sysbios.ae9 : BIOS.obj (.text:ti_sysbios_family_arm_TaskSupport_start__E)
                  c30508fc    00000058                 : BIOS.obj (.text:ti_sysbios_hal_Hwi_checkStack)
                  c3050954    00000058                 : BIOS.obj (.text:ti_sysbios_knl_Swi_startup__E)
                  c30509ac    00000058     ti.uia.loggers.ae9 : LoggerStopMode.oe9 (.text:ti_uia_loggers_LoggerStopMode_reset__E)
                  c3050a04    00000054     sysbios.ae9 : arm_TaskSupport_asm.obj (.text:_ti_sysbios_family_arm_TaskSupport_buildTaskStack)
                  c3050a58    00000054                 : BIOS.obj (.text:ti_sysbios_knl_Semaphore_pendTimeout__I)
                  c3050aac    00000054     ti.targets.arm.rtsarm.ae9 : Core-label.oe9 (.text:xdc_runtime_Core_assignLabel__I)
                  c3050b00    00000054                               : SysMin.oe9 (.text:xdc_runtime_SysMin_abort__E)
                  c3050b54    00000054                               : System.oe9 (.text:xdc_runtime_System_atexit__E)
                  c3050ba8    00000054                               : System.oe9 (.text:xdc_runtime_System_putchar__I)
                  c3050bfc    00000053                               : Text.oe9 (.text:xdc_runtime_Text_printVisFxn__I)
                  c3050c4f    00000001     --HOLE-- [fill = 0]
                  c3050c50    00000050     app_pe9.oe9 (.text:ti_sysbios_gates_GateHwi_Object__create__S)
                  c3050ca0    00000050     app_pe9.oe9 (.text:ti_sysbios_gates_GateMutex_Object__create__S)
                  c3050cf0    00000050     app_pe9.oe9 (.text:ti_sysbios_heaps_HeapMem_Object__create__S)
                  c3050d40    00000050     app_pe9.oe9 (.text:ti_sysbios_heaps_HeapTrack_Object__create__S)
                  c3050d90    00000050     app_pe9.oe9 (.text:ti_sysbios_knl_Semaphore_construct)
                  c3050de0    00000050     app_pe9.oe9 (.text:ti_uia_loggers_LoggerStopMode_Object__create__S)
                  c3050e30    0000004c     sysbios.ae9 : BIOS.obj (.text:ti_sysbios_hal_Hwi_initStack)
                  c3050e7c    00000048                 : BIOS.obj (.text:ti_sysbios_family_arm_arm9_Mmu_Module_startup__E)
                  c3050ec4    00000048     app_pe9.oe9 (.text:ti_sysbios_knl_Queue_construct)
                  c3050f0c    00000048     ti.targets.arm.rtsarm.ae9 : System.oe9 (.text:xdc_runtime_System_processAtExit__E)
                  c3050f54    00000044     app_pe9.oe9 (.text:ti_sysbios_BIOS_atExitFunc__I)
                  c3050f98    00000044     sysbios.ae9 : BIOS.obj (.text:ti_sysbios_heaps_HeapMem_free__E)
                  c3050fdc    00000044     app_pe9.oe9 (.text:ti_sysbios_knl_Clock_doTick__I)
                  c3051020    00000044     sysbios.ae9 : BIOS.obj (.text:ti_sysbios_knl_Task_restoreHwi__E)
                  c3051064    00000044                 : BIOS.obj (.text:ti_sysbios_utils_Load_updateCurrentThreadTime__E)
                  c30510a8    00000044     app_pe9.oe9 (.text:xdc_runtime_SysMin_output__I)
                  c30510ec    00000044     ti.targets.arm.rtsarm.ae9 : Text.oe9 (.text:xdc_runtime_Text_cordText__E)
                  c3051130    00000040     adc.obj (.text)
                  c3051170    00000040     ti.targets.arm.rtsarm.ae9 : LoggerBuf.oe9 (.text:xdc_runtime_LoggerBuf_Module_startup__E)
                  c30511b0    00000040                               : System.oe9 (.text:xdc_runtime_System_avprintf__E)
                  c30511f0    0000003c     sysbios.ae9 : da830_Hwi_asm.obj (.text:_ti_sysbios_family_arm_da830_Hwi_init__I)
                  c305122c    0000003c                 : BIOS.obj (.text:ti_sysbios_heaps_HeapTrack_Instance_init__E)
                  c3051268    0000003c                 : BIOS.obj (.text:ti_sysbios_knl_Swi_Module_startup__E)
                  c30512a4    0000003c     ti.targets.arm.rtsarm.ae9 : System.oe9 (.text:xdc_runtime_System_vprintf__E)
                  c30512e0    00000038     app_pe9.oe9 (.text:ti_sysbios_BIOS_startFunc__I)
                  c3051318    00000038     sysbios.ae9 : BIOS.obj (.text:ti_sysbios_family_arm_da830_TimerSupport_enable__E)
                  c3051350    00000038                 : BIOS.obj (.text:ti_sysbios_knl_Clock_Module_startup__E)
                  c3051388    00000038     ti.targets.arm.rtsarm.ae9 : LoggerBuf.oe9 (.text:xdc_runtime_LoggerBuf_reset__E)
                  c30513c0    00000034     sysbios.ae9 : arm9_Mmu_asm.obj (.text:_ti_sysbios_family_arm_arm9_Mmu_enableAsm)
                  c30513f4    00000034     rtsv5_A_le_eabi.lib : u_tofd32.obj (.text)
                  c3051428    00000034     app_pe9.oe9 (.text:ti_sysbios_BIOS_registerRTSLock__I)
                  c305145c    00000034     app_pe9.oe9 (.text:ti_sysbios_BIOS_removeRTSLock__I)
                  c3051490    00000034     sysbios.ae9 : BIOS.obj (.text:ti_sysbios_family_arm_arm9_Cache_enable__E)
                  c30514c4    00000034     app_pe9.oe9 (.text:ti_sysbios_gates_GateMutex_Object__delete__S)
                  c30514f8    00000034     app_pe9.oe9 (.text:ti_sysbios_heaps_HeapTrack_Object__delete__S)
                  c305152c    00000034     sysbios.ae9 : BIOS.obj (.text:ti_sysbios_knl_Idle_run__E)
                  c3051560    00000034                 : BIOS.obj (.text:ti_sysbios_knl_Task_enter__I)
                  c3051594    00000034     ti.uia.loggers.ae9 : LoggerStopMode.oe9 (.text:ti_uia_loggers_LoggerStopMode_Instance_init__E)
                  c30515c8    00000034     app_pe9.oe9 (.text:xdc_runtime_LoggerBuf_Object__delete__S)
                  c30515fc    00000034     ti.targets.arm.rtsarm.ae9 : SysMin.oe9 (.text:xdc_runtime_SysMin_Module_startup__E)
                  c3051630    00000030     app_pe9.oe9 (.text:ti_sysbios_BIOS_rtsLock__I)
                  c3051660    00000030     app_pe9.oe9 (.text:ti_sysbios_gates_GateHwi_Object__delete__S)
                  c3051690    00000030     sysbios.ae9 : BIOS.obj (.text:ti_sysbios_gates_GateMutex_Instance_init__E)
                  c30516c0    00000030     app_pe9.oe9 (.text:ti_sysbios_heaps_HeapMem_Object__delete__S)
                  c30516f0    00000030     app_pe9.oe9 (.text:ti_uia_loggers_LoggerStopMode_Object__delete__S)
                  c3051720    00000030     ti.targets.arm.rtsarm.ae9 : Error.oe9 (.text:xdc_runtime_Error_raiseX__E)
                  c3051750    00000030                               : Memory.oe9 (.text:xdc_runtime_Memory_valloc__E)
                  c3051780    00000030                               : Registry.oe9 (.text:xdc_runtime_Registry_findById__E)
                  c30517b0    00000030                               : SysMin.oe9 (.text:xdc_runtime_SysMin_exit__E)
                  c30517e0    0000002c     app_pe9.oe9 (.text:ti_sysbios_BIOS_errorRaiseHook__I)
                  c305180c    0000002c     sysbios.ae9 : BIOS.obj (.text:ti_sysbios_family_arm_HwiCommon_Module_startup__E)
                  c3051838    0000002c                 : BIOS.obj (.text:ti_sysbios_family_arm_da830_Hwi_disableInterrupt__E)
                  c3051864    0000002c                 : BIOS.obj (.text:ti_sysbios_family_arm_da830_Hwi_enableInterrupt__E)
                  c3051890    0000002c     app_pe9.oe9 (.text:ti_sysbios_gates_GateHwi_Handle__label__S)
                  c30518bc    0000002c     app_pe9.oe9 (.text:ti_sysbios_gates_GateMutex_Handle__label__S)
                  c30518e8    0000002c     app_pe9.oe9 (.text:ti_sysbios_heaps_HeapMem_Handle__label__S)
                  c3051914    0000002c     app_pe9.oe9 (.text:ti_sysbios_heaps_HeapTrack_Handle__label__S)
                  c3051940    0000002c     app_pe9.oe9 (.text:ti_sysbios_knl_Semaphore_Object__destruct__S)
                  c305196c    0000002c     app_pe9.oe9 (.text:ti_uia_loggers_LoggerStopMode_Handle__label__S)
                  c3051998    0000002c     ti.targets.arm.rtsarm.ae9 : Error.oe9 (.text:xdc_runtime_Error_check__E)
                  c30519c4    0000002c     app_pe9.oe9 (.text:xdc_runtime_LoggerBuf_Handle__label__S)
                  c30519f0    00000028     app_pe9.oe9 (.text:free)
                  c3051a18    00000028     app_pe9.oe9 (.text:ti_sysbios_BIOS_rtsUnlock__I)
                  c3051a40    00000028     app_pe9.oe9 (.text:ti_sysbios_family_arm_da830_Hwi_Module__startupDone__F)
                  c3051a68    00000028     sysbios.ae9 : BIOS.obj (.text:ti_sysbios_family_arm_da830_Hwi_handlerALL__I)
                  c3051a90    00000028                 : BIOS.obj (.text:ti_sysbios_gates_GateMutex_leave__E)
                  c3051ab8    00000028     app_pe9.oe9 (.text:ti_sysbios_knl_Queue_Object__destruct__S)
                  c3051ae0    00000028     app_pe9.oe9 (.text:ti_sysbios_timers_timer64_Timer_Module__startupDone__F)
                  c3051b08    00000028     sysbios.ae9 : BIOS.obj (.text:ti_sysbios_timers_timer64_TimestampProvider_startTimer__E)
                  c3051b30    00000028     ti.targets.arm.rtsarm.ae9 : System.oe9 (.text:xdc_runtime_System_abort__E)
                  c3051b58    00000028     app_pe9.oe9 (.text:xdc_runtime_System_aprintf__E)
                  c3051b80    00000028     app_pe9.oe9 (.text:xdc_runtime_System_printf__E)
                  c3051ba8    00000024     rtsv5_A_le_eabi.lib : _lock.obj (.text)
                  c3051bcc    00000024                         : ll_lsr32.obj (.text)
                  c3051bf0    00000024     ti.uia.loggers.ae9 : LoggerStopMode.oe9 (.text:ti_uia_loggers_LoggerStopMode_disable__E)
                  c3051c14    00000024                        : LoggerStopMode.oe9 (.text:ti_uia_loggers_LoggerStopMode_enable__E)
                  c3051c38    00000024     ti.targets.arm.rtsarm.ae9 : System.oe9 (.text:xdc_runtime_System_exit__E)
                  c3051c5c    00000020     rtsv5_A_le_eabi.lib : args_main.obj (.text)
                  c3051c7c    00000020                         : strlen.obj (.text)
                  c3051c9c    00000020     app_pe9.oe9 (.text:ti_sysbios_BIOS_exitFunc__I)
                  c3051cbc    00000020     sysbios.ae9 : BIOS.obj (.text:ti_sysbios_family_arm_da830_Hwi_switchFromBootStack__E)
                  c3051cdc    00000020     ti.targets.arm.rtsarm.ae9 : LoggerBuf.oe9 (.text:xdc_runtime_LoggerBuf_Instance_finalize__E)
                  c3051cfc    00000020                               : LoggerBuf.oe9 (.text:xdc_runtime_LoggerBuf_write2__E)
                  c3051d1c    0000001c     sysbios.ae9 : arm_TaskSupport_asm.obj (.text:_ti_sysbios_family_arm_TaskSupport_glue)
                  c3051d38    0000001c                 : arm9_Cache_asm.obj (.text:_ti_sysbios_family_arm_arm9_Cache_disableL1d__I)
                  c3051d54    0000001c                 : arm9_Cache_asm.obj (.text:_ti_sysbios_family_arm_arm9_Cache_getEnabled__E)
                  c3051d70    0000001c     rtsv5_A_le_eabi.lib : strcpy.obj (.text)
                  c3051d8c    0000001c     app_pe9.oe9 (.text:ti_sysbios_heaps_HeapMem_Object__get__S)
                  c3051da8    0000001c     app_pe9.oe9 (.text:ti_sysbios_knl_Mailbox_Object__get__S)
                  c3051dc4    0000001c     app_pe9.oe9 (.text:ti_sysbios_knl_Swi_Object__get__S)
                  c3051de0    0000001c     ti.uia.loggers.ae9 : LoggerStopMode.oe9 (.text:ti_uia_loggers_LoggerStopMode_isEmpty__E)
                  c3051dfc    0000001c     app_pe9.oe9 (.text:xdc_runtime_LoggerBuf_Object__get__S)
                  c3051e18    0000001c     ti.targets.arm.rtsarm.ae9 : LoggerBuf.oe9 (.text:xdc_runtime_LoggerBuf_write0__E)
                  c3051e34    0000001c                               : LoggerBuf.oe9 (.text:xdc_runtime_LoggerBuf_write1__E)
                  c3051e50    0000001c     app_pe9.oe9 (.text:xdc_runtime_Startup_exec__I)
                  c3051e6c    0000001c     ti.targets.arm.rtsarm.ae9 : SysMin.oe9 (.text:xdc_runtime_SysMin_ready__E)
                  c3051e88    0000001c                               : System.oe9 (.text:xdc_runtime_System_vsnprintf__E)
                  c3051ea4    0000001c                               : Text.oe9 (.text:xdc_runtime_Text_ropeText__E)
                  c3051ec0    00000018     sysbios.ae9 : arm9_Cache_asm.obj (.text:_ti_sysbios_family_arm_arm9_Cache_disableL1p__I)
                  c3051ed8    00000018                 : arm9_Cache_asm.obj (.text:_ti_sysbios_family_arm_arm9_Cache_enableL1p__I)
                  c3051ef0    00000018                 : arm9_Mmu_asm.obj (.text:_ti_sysbios_family_arm_arm9_Mmu_disableAsm)
                  c3051f08    00000018                 : BIOS.obj (.text:ti_sysbios_BIOS_setThreadType__E)
                  c3051f20    00000018                 : BIOS.obj (.text:ti_sysbios_BIOS_start__E)
                  c3051f38    00000018                 : BIOS.obj (.text:ti_sysbios_hal_Hwi_Module_startup__E)
                  c3051f50    00000018                 : BIOS.obj (.text:ti_sysbios_hal_Timer_Module_startup__E)
                  c3051f68    00000018                 : BIOS.obj (.text:ti_sysbios_heaps_HeapTrack_isBlocking__E)
                  c3051f80    00000018                 : BIOS.obj (.text:ti_sysbios_knl_Queue_empty__E)
                  c3051f98    00000018                 : BIOS.obj (.text:ti_sysbios_knl_Swi_disable__E)
                  c3051fb0    00000018     app_pe9.oe9 (.text:ti_sysbios_knl_Task_Object__get__S)
                  c3051fc8    00000018     sysbios.ae9 : BIOS.obj (.text:ti_sysbios_knl_Task_disable__E)
                  c3051fe0    00000018                 : BIOS.obj (.text:ti_sysbios_timers_timer64_TimestampProvider_rolloverFunc__E)
                  c3051ff8    00000018     app_pe9.oe9 (.text:ti_uia_loggers_LoggerStopMode_Object__get__S)
                  c3052010    00000018     ti.targets.arm.rtsarm.ae9 : Error.oe9 (.text:xdc_runtime_Error_init__E)
                  c3052028    00000014     sysbios.ae9 : arm9_Cache_asm.obj (.text:_ti_sysbios_family_arm_arm9_Cache_enableL1d__I)
                  c305203c    00000014                 : arm9_Mmu_asm.obj (.text:_ti_sysbios_family_arm_arm9_Mmu_isEnabled)
                  c3052050    00000014     rtsv5_A_le_eabi.lib : copy_decompress_none.obj (.text:decompress:none)
                  c3052064    00000014     sysbios.ae9 : BIOS.obj (.text:ti_sysbios_family_arm_TaskSupport_checkStack__E)
                  c3052078    00000014                 : BIOS.obj (.text:ti_sysbios_gates_GateMutex_Instance_finalize__E)
                  c305208c    00000014     app_pe9.oe9 (.text:ti_sysbios_knl_Queue_Object__get__S)
                  c30520a0    00000014     sysbios.ae9 : BIOS.obj (.text:ti_sysbios_knl_Semaphore_Instance_finalize__E)
                  c30520b4    00000014                 : BIOS.obj (.text:ti_sysbios_timers_timer64_TimestampProvider_getFreq__E)
                  c30520c8    00000014     ti.targets.arm.rtsarm.ae9 : Gate.oe9 (.text:xdc_runtime_Gate_leaveSystem__E)
                  c30520dc    00000014     app_pe9.oe9 (.text:xdc_runtime_IHeap_alloc)
                  c30520f0    00000014     app_pe9.oe9 (.text:xdc_runtime_IHeap_free)
                  c3052104    00000014     app_pe9.oe9 (.text:xdc_runtime_IHeap_getStats)
                  c3052118    00000014     ti.targets.arm.rtsarm.ae9 : LoggerBuf.oe9 (.text:xdc_runtime_LoggerBuf_disable__E)
                  c305212c    00000014                               : LoggerBuf.oe9 (.text:xdc_runtime_LoggerBuf_enable__E)
                  c3052140    00000014                               : Memory.oe9 (.text:xdc_runtime_Memory_calloc__E)
                  c3052154    00000014                               : Memory.oe9 (.text:xdc_runtime_Memory_free__E)
                  c3052168    00000014                               : Memory.oe9 (.text:xdc_runtime_Memory_getStats__E)
                  c305217c    00000010     sysbios.ae9 : arm_TaskSupport_asm.obj (.text:_ti_sysbios_family_arm_TaskSupport_swap__E)
                  c305218c    00000010                 : arm9_Cache_asm.obj (.text:_ti_sysbios_family_arm_arm9_Cache_wbInvAll__E)
                  c305219c    00000010                 : BIOS.obj (.text:ti_sysbios_family_arm_da830_Hwi_clearInterrupt__E)
                  c30521ac    00000010                 : BIOS.obj (.text:ti_sysbios_family_arm_da830_Hwi_startup__E)
                  c30521bc    00000010                 : BIOS.obj (.text:ti_sysbios_family_arm_exc_Exception_Module_startup__E)
                  c30521cc    00000010                 : BIOS.obj (.text:ti_sysbios_gates_GateHwi_enter__E)
                  c30521dc    00000010     ti.targets.arm.rtsarm.ae9 : Gate.oe9 (.text:xdc_runtime_Gate_enterSystem__E)
                  c30521ec    00000010                               : Memory.oe9 (.text:xdc_runtime_Memory_getMaxDefaultTypeAlign__E)
                  c30521fc    00000010                               : Startup.oe9 (.text:xdc_runtime_Startup_rtsDone__E)
                  c305220c    0000000c     sysbios.ae9 : BIOS.obj (.text:ti_sysbios_knl_Idle_loop__E)
                  c3052218    0000000c                 : BIOS.obj (.text:ti_sysbios_knl_Queue_Instance_init__E)
                  c3052224    0000000c     app_pe9.oe9 (.text:xdc_runtime_Text_visitRope__I)
                  c3052230    00000008     sysbios.ae9 : arm9_Cache_asm.obj (.text:_ti_sysbios_family_arm_arm9_Cache_invL1dAll__E)
                  c3052238    00000008                 : arm9_Cache_asm.obj (.text:_ti_sysbios_family_arm_arm9_Cache_invL1pAll__E)
                  c3052240    00000008                 : arm9_Cache_asm.obj (.text:_ti_sysbios_family_arm_arm9_Cache_wait__E)
                  c3052248    00000008     rtsv5_A_le_eabi.lib : copy_decompress_rle.obj (.text:decompress:rle24)
                  c3052250    00000008     platform.lib : edma.obj (.text)
                  c3052258    00000008     app_pe9.oe9 (.text:ti_sysbios_family_arm_TaskSupport_Module__startupDone__S)
                  c3052260    00000008     sysbios.ae9 : BIOS.obj (.text:ti_sysbios_gates_GateHwi_leave__E)
                  c3052268    00000008                 : BIOS.obj (.text:ti_sysbios_gates_GateHwi_query__E)
                  c3052270    00000008                 : BIOS.obj (.text:ti_sysbios_gates_GateMutex_query__E)
                  c3052278    00000008                 : BIOS.obj (.text:ti_sysbios_heaps_HeapMem_isBlocking__E)
                  c3052280    00000008                 : BIOS.obj (.text:ti_sysbios_heaps_HeapTrack_getStats__E)
                  c3052288    00000008                 : BIOS.obj (.text:ti_sysbios_timers_timer64_Timer_getMaxTicks__E)
                  c3052290    00000008     ti.uia.loggers.ae9 : LoggerStopMode.oe9 (.text:ti_uia_loggers_LoggerStopMode_getContents__E)
                  c3052298    00000008     app_pe9.oe9 (.text:ti_uia_loggers_LoggerStopMode_getFilterLevel__E)
                  c30522a0    00000008     ti.uia.loggers.ae9 : LoggerStopMode.oe9 (.text:ti_uia_loggers_LoggerStopMode_getInstanceId__E)
                  c30522a8    00000008                        : LoggerStopMode.oe9 (.text:ti_uia_loggers_LoggerStopMode_getMaxLength__E)
                  c30522b0    00000008                        : LoggerStopMode.oe9 (.text:ti_uia_loggers_LoggerStopMode_getPriority__E)
                  c30522b8    00000008                        : LoggerStopMode.oe9 (.text:ti_uia_loggers_LoggerStopMode_getTransferType__E)
                  c30522c0    00000008     ti.targets.arm.rtsarm.ae9 : Error.oe9 (.text:xdc_runtime_Error_getSite__E)
                  c30522c8    00000008                               : System.oe9 (.text:xdc_runtime_System_Module_startup__E)
                  c30522d0    00000004     rtsv5_A_le_eabi.lib : i_div0.obj (.text)
                  c30522d4    00000004     app_pe9.oe9 (.text:ti_sysbios_BIOS_RtsGateProxy_enter__E)
                  c30522d8    00000004     app_pe9.oe9 (.text:ti_sysbios_BIOS_RtsGateProxy_leave__E)
                  c30522dc    00000004     sysbios.ae9 : BIOS.obj (.text:ti_sysbios_BIOS_linkedWithIncorrectBootLibrary__E)
                  c30522e0    00000004     app_pe9.oe9 (.text:ti_sysbios_BIOS_nullFunc__I)
                  c30522e4    00000004     sysbios.ae9 : BIOS.obj (.text:ti_sysbios_family_arm_da830_Hwi_spuriousInt__I)
                  c30522e8    00000004                 : BIOS.obj (.text:ti_sysbios_gates_GateHwi_Instance_init__E)
                  c30522ec    00000004     app_pe9.oe9 (.text:ti_sysbios_heaps_HeapMem_Module_GateProxy_enter__E)
                  c30522f0    00000004     app_pe9.oe9 (.text:ti_sysbios_heaps_HeapMem_Module_GateProxy_leave__E)
                  c30522f4    00000004     app_pe9.oe9 (.text:ti_sysbios_knl_Clock_TimerProxy_getMaxTicks__E)
                  c30522f8    00000004     app_pe9.oe9 (.text:ti_sysbios_knl_Queue_destruct)
                  c30522fc    00000004     app_pe9.oe9 (.text:ti_sysbios_knl_Semaphore_destruct)
                  c3052300    00000004     sysbios.ae9 : BIOS.obj (.text:ti_sysbios_knl_Task_startup__E)
                  c3052304    00000004     app_pe9.oe9 (.text:ti_uia_loggers_LoggerStopMode_setFilterLevel__E)
                  c3052308    00000004     ti.uia.loggers.ae9 : LoggerStopMode.oe9 (.text:ti_uia_loggers_LoggerStopMode_setPriority__E)
                  c305230c    00000004     app_pe9.oe9 (.text:xdc_runtime_LoggerBuf_Module_GateProxy_enter__E)
                  c3052310    00000004     app_pe9.oe9 (.text:xdc_runtime_LoggerBuf_Module_GateProxy_leave__E)
                  c3052314    00000004     app_pe9.oe9 (.text:xdc_runtime_Startup_reset__I)
                  c3052318    00000004     app_pe9.oe9 (.text:xdc_runtime_System_Module_GateProxy_enter__E)
                  c305231c    00000004     app_pe9.oe9 (.text:xdc_runtime_System_Module_GateProxy_leave__E)
                  c3052320    00000004     ti.targets.arm.rtsarm.ae9 : System.oe9 (.text:xdc_runtime_System_aprintf_va__F)
                  c3052324    00000004                               : System.oe9 (.text:xdc_runtime_System_printf_va__F)

.data      0    c3052328    00000a5d     UNINITIALIZED
                  c3052328    0000022c     app_pe9.oe9 (.data:ti_sysbios_family_arm_da830_Hwi_Module__state__V)
                  c3052554    00000100     app_pe9.oe9 (.data:ti_sysbios_knl_Task_Module_State_0_readyQ__A)
                  c3052654    000000a0     app_pe9.oe9 (.data:ti_sysbios_knl_Mailbox_Object__table__V)
                  c30526f4    0000009c     app_pe9.oe9 (.data:ti_uia_loggers_LoggerStopMode_Object__table__V)
                  c3052790    00000098     app_pe9.oe9 (.data:ti_sysbios_timers_timer64_Timer_Object__table__V)
                  c3052828    00000098     app_pe9.oe9 (.data:ti_sysbios_utils_Load_Module__state__V)
                  c30528c0    00000080     app_pe9.oe9 (.data:ti_sysbios_knl_Swi_Module_State_0_readyQ__A)
                  c3052940    00000060     app_pe9.oe9 (.data:ti_sysbios_timers_timer64_Timer_Module_State_0_device__A)
                  c30529a0    0000004c     app_pe9.oe9 (.data:ti_sysbios_knl_Task_Object__table__V)
                  c30529ec    00000044     app_pe9.oe9 (.data:ti_sysbios_knl_Task_Module__state__V)
                  c3052a30    00000040     app_pe9.oe9 (.data:ti_sysbios_knl_Clock_Object__table__V)
                  c3052a70    00000038     app_pe9.oe9 (.data:ti_sysbios_family_arm_da830_Hwi_Object__table__V)
                  c3052aa8    00000038     app_pe9.oe9 (.data:ti_sysbios_gates_GateMutex_Object__table__V)
                  c3052ae0    00000030     app_pe9.oe9 (.data:ti_sysbios_knl_Swi_Object__table__V)
                  c3052b10    0000002c     app_pe9.oe9 (.data:ti_sysbios_knl_Clock_Module__state__V)
                  c3052b3c    00000024     app_pe9.oe9 (.data:ti_sysbios_BIOS_Module__state__V)
                  c3052b60    00000024     app_pe9.oe9 (.data:xdc_runtime_LoggerBuf_Object__table__V)
                  c3052b84    00000020     app_pe9.oe9 (.data:ti_sysbios_heaps_HeapTrack_Object__table__V)
                  c3052ba4    00000020     app_pe9.oe9 (.data:ti_sysbios_timers_timer64_Timer_Module_State_0_handles__A)
                  c3052bc4    00000020     app_pe9.oe9 (.data:ti_sysbios_timers_timer64_Timer_Module_State_0_intFreqs__A)
                  c3052be4    00000020     app_pe9.oe9 (.data:xdc_runtime_System_Module_State_0_atexitHandlers__A)
                  c3052c04    0000001c     app_pe9.oe9 (.data:ti_sysbios_knl_Swi_Module__state__V)
                  c3052c20    00000018     app_pe9.oe9 (.data:ti_sysbios_heaps_HeapMem_Object__table__V)
                  c3052c38    00000018     app_pe9.oe9 (.data:ti_sysbios_timers_timer64_Timer_Module_State_0_gctrl__A)
                  c3052c50    00000018     app_pe9.oe9 (.data:ti_sysbios_timers_timer64_Timer_Module__state__V)
                  c3052c68    00000014     app_pe9.oe9 (.data:ti_sysbios_family_arm_exc_Exception_Module__state__V)
                  c3052c7c    00000010     app_pe9.oe9 (.data:ti_sysbios_family_arm_HwiCommon_Module__state__V)
                  c3052c8c    00000010     app_pe9.oe9 (.data:ti_sysbios_hal_Hwi_Object__table__V)
                  c3052c9c    0000000c     rtsv5_A_le_eabi.lib : exit.obj (.data:$O1$$)
                  c3052ca8    0000000c     app_pe9.oe9 (.data:ti_sysbios_knl_Task_Module__root__V)
                  c3052cb4    0000000c     app_pe9.oe9 (.data:ti_uia_runtime_QueueDescriptor_Module__state__V)
                  c3052cc0    0000000c     app_pe9.oe9 (.data:xdc_runtime_SysMin_Module__state__V)
                  c3052ccc    00000008     rtsv5_A_le_eabi.lib : _lock.obj (.data:$O1$$)
                  c3052cd4    00000008     main.obj (.data)
                  c3052cdc    00000008     ti.uia.runtime.ae9 : QueueDescriptor.oe9 (.data)
                  c3052ce4    00000008     app_pe9.oe9 (.data:ti_sysbios_gates_GateHwi_Module__root__V)
                  c3052cec    00000008     app_pe9.oe9 (.data:ti_sysbios_gates_GateMutex_Module__root__V)
                  c3052cf4    00000008     app_pe9.oe9 (.data:ti_sysbios_heaps_HeapMem_Module__root__V)
                  c3052cfc    00000008     app_pe9.oe9 (.data:ti_sysbios_heaps_HeapTrack_Module__root__V)
                  c3052d04    00000008     app_pe9.oe9 (.data:ti_sysbios_knl_Queue_Module__root__V)
                  c3052d0c    00000008     app_pe9.oe9 (.data:ti_sysbios_knl_Queue_Object__table__V)
                  c3052d14    00000008     app_pe9.oe9 (.data:ti_sysbios_knl_Semaphore_Module__root__V)
                  c3052d1c    00000008     app_pe9.oe9 (.data:ti_sysbios_timers_timer64_TimestampProvider_Module__state__V)
                  c3052d24    00000008     app_pe9.oe9 (.data:ti_uia_loggers_LoggerStopMode_Module__root__V)
                  c3052d2c    00000008     app_pe9.oe9 (.data:xdc_runtime_LoggerBuf_Module__root__V)
                  c3052d34    00000008     app_pe9.oe9 (.data:xdc_runtime_Registry_Module__state__V)
                  c3052d3c    00000008     app_pe9.oe9 (.data:xdc_runtime_Startup_Module__state__V)
                  c3052d44    00000008     app_pe9.oe9 (.data:xdc_runtime_System_Module__state__V)
                  c3052d4c    00000006     app_pe9.oe9 (.data:xdc_runtime_LoggerBuf_Module__state__V)
                  c3052d52    00000002     app_pe9.oe9 (.data:ti_sysbios_family_arm_da830_TimerSupport_Module_State_0_suspSrc__A)
                  c3052d54    00000004     rtsv5_A_le_eabi.lib : stkdepth_vars.obj (.data)
                  c3052d58    00000004     app_pe9.oe9 (.data:ti_sysbios_family_arm_arm9_Mmu_Module__state__V)
                  c3052d5c    00000004     app_pe9.oe9 (.data:ti_sysbios_family_arm_da830_TimerSupport_Module__state__V)
                  c3052d60    00000004     app_pe9.oe9 (.data:ti_sysbios_family_arm_exc_Exception_Module_State_0_excContext__A)
                  c3052d64    00000004     app_pe9.oe9 (.data:ti_sysbios_family_arm_exc_Exception_Module_State_0_excStackBuffers__A)
                  c3052d68    00000004     app_pe9.oe9 (.data:ti_sysbios_family_arm_exc_Exception_Module_State_0_excStack__A)
                  c3052d6c    00000004     app_pe9.oe9 (.data:ti_sysbios_gates_GateHwi_Object__table__V)
                  c3052d70    00000004     app_pe9.oe9 (.data:ti_sysbios_knl_Task_Module_State_0_idleTask__A)
                  c3052d74    00000004     app_pe9.oe9 (.data:ti_sysbios_utils_Load_Module_State_0_runningTask__A)
                  c3052d78    00000004     app_pe9.oe9 (.data:ti_sysbios_utils_Load_Module_State_0_taskStartTime__A)
                  c3052d7c    00000004     app_pe9.oe9 (.data:xdc_runtime_Memory_Module__state__V)
                  c3052d80    00000002     app_pe9.oe9 (.data:ti_sysbios_family_arm_exc_Exception_Module_State_0_excActive__A)
                  c3052d82    00000002     app_pe9.oe9 (.data:xdc_runtime_Error_Module__state__V)
                  c3052d84    00000001     watchdog.obj (.data)

.const     0    c3052d88    000006db     
                  c3052d88    00000060     app_pe9.oe9 (.const:ti_uia_loggers_LoggerStopMode_Module__FXNS__C)
                  c3052de8    00000048     app_pe9.oe9 (.const:.string)
                  c3052e30    00000040     app_pe9.oe9 (.const:xdc_runtime_Startup_sfxnTab__A)
                  c3052e70    0000003c     app_pe9.oe9 (.const:xdc_runtime_LoggerBuf_Module__FXNS__C)
                  c3052eac    00000028     app_pe9.oe9 (.const:ti_sysbios_heaps_HeapMem_Module__FXNS__C)
                  c3052ed4    00000028     app_pe9.oe9 (.const:ti_sysbios_heaps_HeapTrack_Module__FXNS__C)
                  c3052efc    00000028     app_pe9.oe9 (.const:ti_uia_loggers_LoggerStopMode_Object__PARAMS__C)
                  c3052f24    00000024     app_pe9.oe9 (.const:ti_sysbios_gates_GateHwi_Module__FXNS__C)
                  c3052f48    00000024     app_pe9.oe9 (.const:ti_sysbios_gates_GateMutex_Module__FXNS__C)
                  c3052f6c    00000024     app_pe9.oe9 (.const:ti_sysbios_heaps_HeapMem_Object__PARAMS__C)
                  c3052f90    00000024     app_pe9.oe9 (.const:ti_sysbios_knl_Semaphore_Object__PARAMS__C)
                  c3052fb4    00000024     app_pe9.oe9 (.const:xdc_runtime_LoggerBuf_Object__PARAMS__C)
                  c3052fd8    00000020     app_pe9.oe9 (.const:ti_sysbios_gates_GateHwi_Object__DESC__C)
                  c3052ff8    00000020     app_pe9.oe9 (.const:ti_sysbios_gates_GateMutex_Object__DESC__C)
                  c3053018    00000020     app_pe9.oe9 (.const:ti_sysbios_heaps_HeapMem_Object__DESC__C)
                  c3053038    00000020     app_pe9.oe9 (.const:ti_sysbios_heaps_HeapTrack_Object__DESC__C)
                  c3053058    00000020     app_pe9.oe9 (.const:ti_sysbios_knl_Queue_Object__DESC__C)
                  c3053078    00000020     app_pe9.oe9 (.const:ti_sysbios_knl_Semaphore_Object__DESC__C)
                  c3053098    00000020     app_pe9.oe9 (.const:ti_uia_loggers_LoggerStopMode_Object__DESC__C)
                  c30530b8    00000020     app_pe9.oe9 (.const:xdc_runtime_LoggerBuf_Object__DESC__C)
                  c30530d8    00000020     app_pe9.oe9 (.const:xdc_runtime_Startup_sfxnRts__A)
                  c30530f8    0000001c     app_pe9.oe9 (.const:ti_sysbios_heaps_HeapTrack_Object__PARAMS__C)
                  c3053114    00000018     app_pe9.oe9 (.const:ti_sysbios_gates_GateHwi_Object__PARAMS__C)
                  c305312c    00000018     app_pe9.oe9 (.const:ti_sysbios_gates_GateMutex_Object__PARAMS__C)
                  c3053144    00000018     app_pe9.oe9 (.const:ti_sysbios_knl_Queue_Object__PARAMS__C)
                  c305315c    00000011     ti.targets.arm.rtsarm.ae9 : System.oe9 (.const:.string)
                  c305316d    00000001     app_pe9.oe9 (.const:xdc_runtime_Error_policy__C)
                  c305316e    00000002     app_pe9.oe9 (.const:ti_sysbios_family_arm_arm9_Cache_enableCache__C)
                  c3053170    0000000c     app_pe9.oe9 (.const:xdc_runtime_Startup_firstFxns__A)
                  c305317c    00000008     app_pe9.oe9 (.const:ti_sysbios_knl_Idle_funcList__A)
                  c3053184    00000008     app_pe9.oe9 (.const:ti_sysbios_knl_Idle_funcList__C)
                  c305318c    00000008     app_pe9.oe9 (.const:xdc_runtime_Startup_firstFxns__C)
                  c3053194    00000008     app_pe9.oe9 (.const:xdc_runtime_Startup_lastFxns__C)
                  c305319c    00000004     app_pe9.oe9 (.const:ti_sysbios_family_arm_da830_Hwi_A_unsupportedMaskingOption__C)
                  c30531a0    00000004     app_pe9.oe9 (.const:ti_sysbios_family_arm_da830_Hwi_E_alreadyDefined__C)
                  c30531a4    00000004     app_pe9.oe9 (.const:ti_sysbios_family_arm_da830_Hwi_LD_end__C)
                  c30531a8    00000004     app_pe9.oe9 (.const:ti_sysbios_family_arm_da830_Hwi_LM_begin__C)
                  c30531ac    00000004     app_pe9.oe9 (.const:ti_sysbios_family_arm_da830_Hwi_Module__diagsEnabled__C)
                  c30531b0    00000004     app_pe9.oe9 (.const:ti_sysbios_family_arm_da830_Hwi_Module__diagsIncluded__C)
                  c30531b4    00000004     app_pe9.oe9 (.const:ti_sysbios_family_arm_da830_Hwi_Module__diagsMask__C)
                  c30531b8    00000004     app_pe9.oe9 (.const:ti_sysbios_family_arm_da830_Hwi_Module__loggerFxn1__C)
                  c30531bc    00000004     app_pe9.oe9 (.const:ti_sysbios_family_arm_da830_Hwi_Module__loggerFxn4__C)
                  c30531c0    00000004     app_pe9.oe9 (.const:ti_sysbios_family_arm_da830_Hwi_Module__loggerFxn8__C)
                  c30531c4    00000004     app_pe9.oe9 (.const:ti_sysbios_family_arm_da830_Hwi_Module__loggerObj__C)
                  c30531c8    00000004     app_pe9.oe9 (.const:ti_sysbios_family_arm_da830_Hwi_taskDisable__C)
                  c30531cc    00000004     app_pe9.oe9 (.const:ti_sysbios_family_arm_da830_Hwi_taskRestoreHwi__C)
                  c30531d0    00000004     app_pe9.oe9 (.const:ti_sysbios_family_arm_exc_Exception_E_dataAbort__C)
                  c30531d4    00000004     app_pe9.oe9 (.const:ti_sysbios_family_arm_exc_Exception_E_prefetchAbort__C)
                  c30531d8    00000004     app_pe9.oe9 (.const:ti_sysbios_family_arm_exc_Exception_E_swi__C)
                  c30531dc    00000004     app_pe9.oe9 (.const:ti_sysbios_family_arm_exc_Exception_E_undefinedInstruction__C)
                  c30531e0    00000004     app_pe9.oe9 (.const:ti_sysbios_family_arm_exc_Exception_excHookFuncs__A)
                  c30531e4    00000004     app_pe9.oe9 (.const:ti_sysbios_family_arm_exc_Exception_excHookFuncs__C)
                  c30531e8    00000004     app_pe9.oe9 (.const:ti_sysbios_gates_GateMutex_A_badContext__C)
                  c30531ec    00000004     app_pe9.oe9 (.const:ti_sysbios_gates_GateMutex_Instance_State_sem__O)
                  c30531f0    00000004     app_pe9.oe9 (.const:ti_sysbios_gates_GateMutex_Module__diagsEnabled__C)
                  c30531f4    00000004     app_pe9.oe9 (.const:ti_sysbios_gates_GateMutex_Module__diagsIncluded__C)
                  c30531f8    00000004     app_pe9.oe9 (.const:ti_sysbios_gates_GateMutex_Module__diagsMask__C)
                  c30531fc    00000004     app_pe9.oe9 (.const:ti_sysbios_hal_Hwi_E_stackOverflow__C)
                  c3053200    00000004     app_pe9.oe9 (.const:ti_sysbios_heaps_HeapMem_A_align__C)
                  c3053204    00000004     app_pe9.oe9 (.const:ti_sysbios_heaps_HeapMem_A_heapSize__C)
                  c3053208    00000004     app_pe9.oe9 (.const:ti_sysbios_heaps_HeapMem_A_invalidFree__C)
                  c305320c    00000004     app_pe9.oe9 (.const:ti_sysbios_heaps_HeapMem_A_zeroBlock__C)
                  c3053210    00000004     app_pe9.oe9 (.const:ti_sysbios_heaps_HeapMem_E_memory__C)
                  c3053214    00000004     app_pe9.oe9 (.const:ti_sysbios_heaps_HeapMem_Module__diagsEnabled__C)
                  c3053218    00000004     app_pe9.oe9 (.const:ti_sysbios_heaps_HeapMem_Module__diagsIncluded__C)
                  c305321c    00000004     app_pe9.oe9 (.const:ti_sysbios_heaps_HeapMem_Module__diagsMask__C)
                  c3053220    00000004     app_pe9.oe9 (.const:ti_sysbios_heaps_HeapMem_Module__gateObj__C)
                  c3053224    00000004     app_pe9.oe9 (.const:ti_sysbios_heaps_HeapMem_Object__count__C)
                  c3053228    00000004     app_pe9.oe9 (.const:ti_sysbios_heaps_HeapMem_reqAlign__C)
                  c305322c    00000004     app_pe9.oe9 (.const:ti_sysbios_heaps_HeapTrack_A_bufOverflow__C)
                  c3053230    00000004     app_pe9.oe9 (.const:ti_sysbios_heaps_HeapTrack_A_doubleFree__C)
                  c3053234    00000004     app_pe9.oe9 (.const:ti_sysbios_heaps_HeapTrack_A_notEmpty__C)
                  c3053238    00000004     app_pe9.oe9 (.const:ti_sysbios_heaps_HeapTrack_Instance_State_trackQueue__O)
                  c305323c    00000004     app_pe9.oe9 (.const:ti_sysbios_heaps_HeapTrack_Module__diagsEnabled__C)
                  c3053240    00000004     app_pe9.oe9 (.const:ti_sysbios_heaps_HeapTrack_Module__diagsIncluded__C)
                  c3053244    00000004     app_pe9.oe9 (.const:ti_sysbios_heaps_HeapTrack_Module__diagsMask__C)
                  c3053248    00000004     app_pe9.oe9 (.const:ti_sysbios_knl_Clock_LM_begin__C)
                  c305324c    00000004     app_pe9.oe9 (.const:ti_sysbios_knl_Clock_LM_tick__C)
                  c3053250    00000004     app_pe9.oe9 (.const:ti_sysbios_knl_Clock_LW_delayed__C)
                  c3053254    00000004     app_pe9.oe9 (.const:ti_sysbios_knl_Clock_Module_State_clockQ__O)
                  c3053258    00000004     app_pe9.oe9 (.const:ti_sysbios_knl_Clock_Module__diagsEnabled__C)
                  c305325c    00000004     app_pe9.oe9 (.const:ti_sysbios_knl_Clock_Module__diagsIncluded__C)
                  c3053260    00000004     app_pe9.oe9 (.const:ti_sysbios_knl_Clock_Module__diagsMask__C)
                  c3053264    00000004     app_pe9.oe9 (.const:ti_sysbios_knl_Clock_Module__loggerFxn1__C)
                  c3053268    00000004     app_pe9.oe9 (.const:ti_sysbios_knl_Clock_Module__loggerFxn2__C)
                  c305326c    00000004     app_pe9.oe9 (.const:ti_sysbios_knl_Clock_Module__loggerObj__C)
                  c3053270    00000004     app_pe9.oe9 (.const:ti_sysbios_knl_Mailbox_Instance_State_freeQue__O)
                  c3053274    00000004     app_pe9.oe9 (.const:ti_sysbios_knl_Mailbox_Object__count__C)
                  c3053278    00000004     app_pe9.oe9 (.const:ti_sysbios_knl_Mailbox_maxTypeAlign__C)
                  c305327c    00000004     app_pe9.oe9 (.const:ti_sysbios_knl_Semaphore_A_badContext__C)
                  c3053280    00000004     app_pe9.oe9 (.const:ti_sysbios_knl_Semaphore_A_noEvents__C)
                  c3053284    00000004     app_pe9.oe9 (.const:ti_sysbios_knl_Semaphore_A_overflow__C)
                  c3053288    00000004     app_pe9.oe9 (.const:ti_sysbios_knl_Semaphore_A_pendTaskDisabled__C)
                  c305328c    00000004     app_pe9.oe9 (.const:ti_sysbios_knl_Semaphore_Instance_State_pendQ__O)
                  c3053290    00000004     app_pe9.oe9 (.const:ti_sysbios_knl_Semaphore_LM_pend__C)
                  c3053294    00000004     app_pe9.oe9 (.const:ti_sysbios_knl_Semaphore_LM_post__C)
                  c3053298    00000004     app_pe9.oe9 (.const:ti_sysbios_knl_Semaphore_Module__diagsEnabled__C)
                  c305329c    00000004     app_pe9.oe9 (.const:ti_sysbios_knl_Semaphore_Module__diagsIncluded__C)
                  c30532a0    00000004     app_pe9.oe9 (.const:ti_sysbios_knl_Semaphore_Module__diagsMask__C)
                  c30532a4    00000004     app_pe9.oe9 (.const:ti_sysbios_knl_Semaphore_Module__loggerFxn2__C)
                  c30532a8    00000004     app_pe9.oe9 (.const:ti_sysbios_knl_Semaphore_Module__loggerFxn4__C)
                  c30532ac    00000004     app_pe9.oe9 (.const:ti_sysbios_knl_Semaphore_Module__loggerObj__C)
                  c30532b0    00000004     app_pe9.oe9 (.const:ti_sysbios_knl_Swi_LD_end__C)
                  c30532b4    00000004     app_pe9.oe9 (.const:ti_sysbios_knl_Swi_LM_begin__C)
                  c30532b8    00000004     app_pe9.oe9 (.const:ti_sysbios_knl_Swi_LM_post__C)
                  c30532bc    00000004     app_pe9.oe9 (.const:ti_sysbios_knl_Swi_Module__diagsEnabled__C)
                  c30532c0    00000004     app_pe9.oe9 (.const:ti_sysbios_knl_Swi_Module__diagsIncluded__C)
                  c30532c4    00000004     app_pe9.oe9 (.const:ti_sysbios_knl_Swi_Module__diagsMask__C)
                  c30532c8    00000004     app_pe9.oe9 (.const:ti_sysbios_knl_Swi_Module__loggerFxn1__C)
                  c30532cc    00000004     app_pe9.oe9 (.const:ti_sysbios_knl_Swi_Module__loggerFxn4__C)
                  c30532d0    00000004     app_pe9.oe9 (.const:ti_sysbios_knl_Swi_Module__loggerObj__C)
                  c30532d4    00000004     app_pe9.oe9 (.const:ti_sysbios_knl_Swi_Object__count__C)
                  c30532d8    00000004     app_pe9.oe9 (.const:ti_sysbios_knl_Task_E_spOutOfBounds__C)
                  c30532dc    00000004     app_pe9.oe9 (.const:ti_sysbios_knl_Task_E_stackOverflow__C)
                  c30532e0    00000004     app_pe9.oe9 (.const:ti_sysbios_knl_Task_LD_block__C)
                  c30532e4    00000004     app_pe9.oe9 (.const:ti_sysbios_knl_Task_LD_exit__C)
                  c30532e8    00000004     app_pe9.oe9 (.const:ti_sysbios_knl_Task_LD_ready__C)
                  c30532ec    00000004     app_pe9.oe9 (.const:ti_sysbios_knl_Task_LM_switch__C)
                  c30532f0    00000004     app_pe9.oe9 (.const:ti_sysbios_knl_Task_Module_State_inactiveQ__O)
                  c30532f4    00000004     app_pe9.oe9 (.const:ti_sysbios_knl_Task_Module__diagsEnabled__C)
                  c30532f8    00000004     app_pe9.oe9 (.const:ti_sysbios_knl_Task_Module__diagsIncluded__C)
                  c30532fc    00000004     app_pe9.oe9 (.const:ti_sysbios_knl_Task_Module__diagsMask__C)
                  c3053300    00000004     app_pe9.oe9 (.const:ti_sysbios_knl_Task_Module__loggerFxn2__C)
                  c3053304    00000004     app_pe9.oe9 (.const:ti_sysbios_knl_Task_Module__loggerFxn4__C)
                  c3053308    00000004     app_pe9.oe9 (.const:ti_sysbios_knl_Task_Module__loggerObj__C)
                  c305330c    00000004     app_pe9.oe9 (.const:ti_sysbios_knl_Task_Object__count__C)
                  c3053310    00000004     app_pe9.oe9 (.const:ti_sysbios_knl_Task_allBlockedFunc__C)
                  c3053314    00000004     app_pe9.oe9 (.const:ti_sysbios_knl_Task_numConstructedTasks__C)
                  c3053318    00000004     app_pe9.oe9 (.const:ti_sysbios_timers_timer64_Timer_E_cannotSupport__C)
                  c305331c    00000004     app_pe9.oe9 (.const:ti_sysbios_timers_timer64_Timer_Module__diagsEnabled__C)
                  c3053320    00000004     app_pe9.oe9 (.const:ti_sysbios_timers_timer64_Timer_Module__diagsIncluded__C)
                  c3053324    00000004     app_pe9.oe9 (.const:ti_sysbios_timers_timer64_Timer_Module__diagsMask__C)
                  c3053328    00000004     app_pe9.oe9 (.const:ti_sysbios_timers_timer64_Timer_freqDivisor__C)
                  c305332c    00000004     app_pe9.oe9 (.const:ti_sysbios_timers_timer64_Timer_numTimerDevices__C)
                  c3053330    00000004     app_pe9.oe9 (.const:ti_sysbios_timers_timer64_TimestampProvider_Module__diagsEnabled__C)
                  c3053334    00000004     app_pe9.oe9 (.const:ti_sysbios_timers_timer64_TimestampProvider_Module__diagsIncluded__C)
                  c3053338    00000004     app_pe9.oe9 (.const:ti_sysbios_timers_timer64_TimestampProvider_Module__diagsMask__C)
                  c305333c    00000004     app_pe9.oe9 (.const:ti_sysbios_utils_Load_LS_cpuLoad__C)
                  c3053340    00000004     app_pe9.oe9 (.const:ti_sysbios_utils_Load_Module__diagsEnabled__C)
                  c3053344    00000004     app_pe9.oe9 (.const:ti_sysbios_utils_Load_Module__diagsIncluded__C)
                  c3053348    00000004     app_pe9.oe9 (.const:ti_sysbios_utils_Load_Module__diagsMask__C)
                  c305334c    00000004     app_pe9.oe9 (.const:ti_sysbios_utils_Load_Module__loggerFxn1__C)
                  c3053350    00000004     app_pe9.oe9 (.const:ti_sysbios_utils_Load_Module__loggerObj__C)
                  c3053354    00000004     app_pe9.oe9 (.const:ti_sysbios_utils_Load_postUpdate__C)
                  c3053358    00000004     app_pe9.oe9 (.const:ti_sysbios_utils_Load_windowInMs__C)
                  c305335c    00000004     app_pe9.oe9 (.const:ti_uia_loggers_LoggerStopMode_Module__diagsEnabled__C)
                  c3053360    00000004     app_pe9.oe9 (.const:ti_uia_loggers_LoggerStopMode_Module__diagsIncluded__C)
                  c3053364    00000004     app_pe9.oe9 (.const:ti_uia_loggers_LoggerStopMode_Module__diagsMask__C)
                  c3053368    00000004     app_pe9.oe9 (.const:ti_uia_loggers_LoggerStopMode_Object__count__C)
                  c305336c    00000004     app_pe9.oe9 (.const:ti_uia_runtime_ILoggerSnapshot_Interface__BASE__C)
                  c3053370    00000004     app_pe9.oe9 (.const:ti_uia_runtime_IUIATransfer_Interface__BASE__C)
                  c3053374    00000004     app_pe9.oe9 (.const:xdc_runtime_Assert_E_assertFailed__C)
                  c3053378    00000004     app_pe9.oe9 (.const:xdc_runtime_Core_A_initializedParams__C)
                  c305337c    00000004     app_pe9.oe9 (.const:xdc_runtime_Core_Module__diagsEnabled__C)
                  c3053380    00000004     app_pe9.oe9 (.const:xdc_runtime_Core_Module__diagsIncluded__C)
                  c3053384    00000004     app_pe9.oe9 (.const:xdc_runtime_Core_Module__diagsMask__C)
                  c3053388    00000004     app_pe9.oe9 (.const:xdc_runtime_Error_E_memory__C)
                  c305338c    00000004     app_pe9.oe9 (.const:xdc_runtime_Error_Module__diagsEnabled__C)
                  c3053390    00000004     app_pe9.oe9 (.const:xdc_runtime_Error_Module__diagsIncluded__C)
                  c3053394    00000004     app_pe9.oe9 (.const:xdc_runtime_Error_Module__diagsMask__C)
                  c3053398    00000004     app_pe9.oe9 (.const:xdc_runtime_Error_Module__loggerFxn8__C)
                  c305339c    00000004     app_pe9.oe9 (.const:xdc_runtime_Error_Module__loggerObj__C)
                  c30533a0    00000004     app_pe9.oe9 (.const:xdc_runtime_Error_policyFxn__C)
                  c30533a4    00000004     app_pe9.oe9 (.const:xdc_runtime_Error_raiseHook__C)
                  c30533a8    00000004     app_pe9.oe9 (.const:xdc_runtime_IFilterLogger_Interface__BASE__C)
                  c30533ac    00000004     app_pe9.oe9 (.const:xdc_runtime_IGateProvider_Interface__BASE__C)
                  c30533b0    00000004     app_pe9.oe9 (.const:xdc_runtime_IHeap_Interface__BASE__C)
                  c30533b4    00000004     app_pe9.oe9 (.const:xdc_runtime_ILogger_Interface__BASE__C)
                  c30533b8    00000004     app_pe9.oe9 (.const:xdc_runtime_IModule_Interface__BASE__C)
                  c30533bc    00000004     app_pe9.oe9 (.const:xdc_runtime_Log_L_error__C)
                  c30533c0    00000004     app_pe9.oe9 (.const:xdc_runtime_LoggerBuf_E_badLevel__C)
                  c30533c4    00000004     app_pe9.oe9 (.const:xdc_runtime_LoggerBuf_Module__gateObj__C)
                  c30533c8    00000004     app_pe9.oe9 (.const:xdc_runtime_LoggerBuf_Object__count__C)
                  c30533cc    00000004     app_pe9.oe9 (.const:xdc_runtime_LoggerBuf_statusLogger__C)
                  c30533d0    00000004     app_pe9.oe9 (.const:xdc_runtime_Memory_defaultHeapInstance__C)
                  c30533d4    00000004     app_pe9.oe9 (.const:xdc_runtime_Startup_execImpl__C)
                  c30533d8    00000004     app_pe9.oe9 (.const:xdc_runtime_Startup_lastFxns__A)
                  c30533dc    00000004     app_pe9.oe9 (.const:xdc_runtime_Startup_maxPasses__C)
                  c30533e0    00000004     app_pe9.oe9 (.const:xdc_runtime_Startup_sfxnRts__C)
                  c30533e4    00000004     app_pe9.oe9 (.const:xdc_runtime_Startup_sfxnTab__C)
                  c30533e8    00000004     app_pe9.oe9 (.const:xdc_runtime_SysMin_bufSize__C)
                  c30533ec    00000004     app_pe9.oe9 (.const:xdc_runtime_SysMin_outputFunc__C)
                  c30533f0    00000004     app_pe9.oe9 (.const:xdc_runtime_System_Module__gateObj__C)
                  c30533f4    00000004     app_pe9.oe9 (.const:xdc_runtime_System_abortFxn__C)
                  c30533f8    00000004     app_pe9.oe9 (.const:xdc_runtime_System_exitFxn__C)
                  c30533fc    00000004     app_pe9.oe9 (.const:xdc_runtime_System_extendFxn__C)
                  c3053400    00000004     app_pe9.oe9 (.const:xdc_runtime_System_maxAtexitHandlers__C)
                  c3053404    00000004     app_pe9.oe9 (.const:xdc_runtime_Text_charTab__C)
                  c3053408    00000004     app_pe9.oe9 (.const:xdc_runtime_Text_nameEmpty__C)
                  c305340c    00000004     app_pe9.oe9 (.const:xdc_runtime_Text_nameStatic__C)
                  c3053410    00000004     app_pe9.oe9 (.const:xdc_runtime_Text_nameUnknown__C)
                  c3053414    00000004     app_pe9.oe9 (.const:xdc_runtime_Text_visitRopeFxn__C)
                  c3053418    00000002     app_pe9.oe9 (.const:ti_sysbios_family_arm_arm9_Mmu_enableMMU__C)
                  c305341a    00000002     app_pe9.oe9 (.const:ti_sysbios_family_arm_da830_Hwi_Module__id__C)
                  c305341c    00000002     app_pe9.oe9 (.const:ti_sysbios_family_arm_da830_Hwi_Module__loggerDefined__C)
                  c305341e    00000002     app_pe9.oe9 (.const:ti_sysbios_family_arm_exc_Exception_Module__id__C)
                  c3053420    00000002     app_pe9.oe9 (.const:ti_sysbios_gates_GateMutex_Module__id__C)
                  c3053422    00000002     app_pe9.oe9 (.const:ti_sysbios_hal_Hwi_Module__id__C)
                  c3053424    00000002     app_pe9.oe9 (.const:ti_sysbios_heaps_HeapMem_Module__id__C)
                  c3053426    00000002     app_pe9.oe9 (.const:ti_sysbios_heaps_HeapTrack_Module__id__C)
                  c3053428    00000002     app_pe9.oe9 (.const:ti_sysbios_knl_Clock_Module__id__C)
                  c305342a    00000002     app_pe9.oe9 (.const:ti_sysbios_knl_Clock_Module__loggerDefined__C)
                  c305342c    00000002     app_pe9.oe9 (.const:ti_sysbios_knl_Semaphore_Module__id__C)
                  c305342e    00000002     app_pe9.oe9 (.const:ti_sysbios_knl_Semaphore_Module__loggerDefined__C)
                  c3053430    00000002     app_pe9.oe9 (.const:ti_sysbios_knl_Swi_Module__id__C)
                  c3053432    00000002     app_pe9.oe9 (.const:ti_sysbios_knl_Swi_Module__loggerDefined__C)
                  c3053434    00000002     app_pe9.oe9 (.const:ti_sysbios_knl_Task_Module__id__C)
                  c3053436    00000002     app_pe9.oe9 (.const:ti_sysbios_knl_Task_Module__loggerDefined__C)
                  c3053438    00000002     app_pe9.oe9 (.const:ti_sysbios_timers_timer64_Timer_Module__id__C)
                  c305343a    00000002     app_pe9.oe9 (.const:ti_sysbios_timers_timer64_Timer_startupNeeded__C)
                  c305343c    00000002     app_pe9.oe9 (.const:ti_sysbios_timers_timer64_Timer_useTimer64pRegMap__C)
                  c305343e    00000002     app_pe9.oe9 (.const:ti_sysbios_timers_timer64_TimestampProvider_Module__id__C)
                  c3053440    00000002     app_pe9.oe9 (.const:ti_sysbios_timers_timer64_TimestampProvider_useClockTimer__C)
                  c3053442    00000002     app_pe9.oe9 (.const:ti_sysbios_utils_Load_Module__id__C)
                  c3053444    00000002     app_pe9.oe9 (.const:ti_sysbios_utils_Load_Module__loggerDefined__C)
                  c3053446    00000002     app_pe9.oe9 (.const:ti_sysbios_utils_Load_updateInIdle__C)
                  c3053448    00000002     app_pe9.oe9 (.const:ti_uia_loggers_LoggerStopMode_Module__id__C)
                  c305344a    00000002     app_pe9.oe9 (.const:ti_uia_loggers_LoggerStopMode_isTimestampEnabled__C)
                  c305344c    00000002     app_pe9.oe9 (.const:xdc_runtime_Core_Module__id__C)
                  c305344e    00000002     app_pe9.oe9 (.const:xdc_runtime_Error_Module__loggerDefined__C)
                  c3053450    00000002     app_pe9.oe9 (.const:xdc_runtime_Error_maxDepth__C)
                  c3053452    00000002     app_pe9.oe9 (.const:xdc_runtime_LoggerBuf_Module__id__C)
                  c3053454    00000002     app_pe9.oe9 (.const:xdc_runtime_LoggerBuf_filterByLevel__C)
                  c3053456    00000002     app_pe9.oe9 (.const:xdc_runtime_Memory_Module__id__C)
                  c3053458    00000002     app_pe9.oe9 (.const:xdc_runtime_SysMin_flushAtExit__C)
                  c305345a    00000002     app_pe9.oe9 (.const:xdc_runtime_Text_charCnt__C)
                  c305345c    00000002     app_pe9.oe9 (.const:xdc_runtime_Text_isLoaded__C)
                  c305345e    00000002     app_pe9.oe9 (.const:xdc_runtime_Text_registryModsLastId__C)
                  c3053460    00000002     app_pe9.oe9 (.const:xdc_runtime_Text_unnamedModsLastId__C)
                  c3053462    00000001     app_pe9.oe9 (.const:xdc_runtime_Text_charTab__A)

ti.sysbios.family.arm.arm9.mmuTableSection 
*          0    c3054000    00004000     UNINITIALIZED
                  c3054000    00004000     app_pe9.oe9 (ti.sysbios.family.arm.arm9.mmuTableSection)

.vecs      0    ffff0000    00000040     
                  ffff0000    00000040     app_pe9.oe9 (.vecs)

.vectorTable 
*          0    ffff0040    00000328     
                  ffff0040    00000328     app_pe9.oe9 (.vectorTable)

xdc.meta   0    c3000000    000000df     COPY SECTION
                  c3000000    000000df     app_pe9.oe9 (xdc.meta)

MODULE SUMMARY

       Module                     code    ro data   rw data
       ------                     ----    -------   -------
    .\
       main.obj                   320     0         32     
    +--+--------------------------+-------+---------+---------+
       Total:                     320     0         32     
                                                           
    .\BSP\
       board.obj                  3980    0         0      
       connector.obj              1820    0         0      
    +--+--------------------------+-------+---------+---------+
       Total:                     5800    0         0      
                                                           
    .\BSP\Drivers\ADC\
       adc.obj                    64      0         0      
    +--+--------------------------+-------+---------+---------+
       Total:                     64      0         0      
                                                           
    .\BSP\Drivers\ADC\AD7265\
       ad7265.obj                 1280    0         0      
    +--+--------------------------+-------+---------+---------+
       Total:                     1280    0         0      
                                                           
    .\BSP\Drivers\ADC\MCP3021\
       mcp3021.obj                372     0         12     
    +--+--------------------------+-------+---------+---------+
       Total:                     372     0         12     
                                                           
    .\BSP\Drivers\COMMON\I2C\
       I2C.obj                    1064    0         0      
    +--+--------------------------+-------+---------+---------+
       Total:                     1064    0         0      
                                                           
    .\BSP\Drivers\COMMON\PWM\
       pwm.obj                    1420    0         0      
    +--+--------------------------+-------+---------+---------+
       Total:                     1420    0         0      
                                                           
    .\BSP\Drivers\COMMON\SPI\
       spi.obj                    1808    0         0      
    +--+--------------------------+-------+---------+---------+
       Total:                     1808    0         0      
                                                           
    .\BSP\Drivers\DIPSWITCH\
       dipswitch.obj              668     0         4      
    +--+--------------------------+-------+---------+---------+
       Total:                     668     0         4      
                                                           
    .\BSP\Drivers\LACOS\
       laco.obj                   2276    0         12     
    +--+--------------------------+-------+---------+---------+
       Total:                     2276    0         12     
                                                           
    .\BSP\Drivers\LED\
       led.obj                    908     0         0      
    +--+--------------------------+-------+---------+---------+
       Total:                     908     0         0      
                                                           
    .\BSP\Drivers\TDC\
       tdc.obj                    5524    0         0      
    +--+--------------------------+-------+---------+---------+
       Total:                     5524    0         0      
                                                           
    .\BSP\Drivers\UART\
       uart.obj                   1420    0         0      
    +--+--------------------------+-------+---------+---------+
       Total:                     1420    0         0      
                                                           
    .\BSP\Drivers\WATCHDOG\
       watchdog.obj               348     0         1      
    +--+--------------------------+-------+---------+---------+
       Total:                     348     0         1      
                                                           
    C:\Users\dong.x\workspace_v6_2\Test\Debug\configPkg\package\cfg\
       app_pe9.oe9                6444    1802      274476 
    +--+--------------------------+-------+---------+---------+
       Total:                     6444    1802      274476 
                                                           
    C:/ti/OMAPL138_StarterWare_1_10_04_01/binary/armv5/cgt_ccs/omapl138/drivers/Debug/drivers.lib
       edma.obj                   6476    0         4      
       ehrpwm.obj                 3580    0         0      
       gpio.obj                   1724    0         0      
       spi.obj                    1540    0         0      
       uart.obj                   1512    0         0      
       i2c.obj                    1372    0         0      
       psc.obj                    340     0         0      
    +--+--------------------------+-------+---------+---------+
       Total:                     16544   0         4      
                                                           
    C:/ti/OMAPL138_StarterWare_1_10_04_01/binary/armv5/cgt_ccs/omapl138/lcdkOMAPL138/platform/Debug/platform.lib
       edma.obj                   8       0         0      
    +--+--------------------------+-------+---------+---------+
       Total:                     8       0         0      
                                                           
[...]
c30532b8  ti_sysbios_knl_Swi_LM_post__C                                        
c30532bc  ti_sysbios_knl_Swi_Module__diagsEnabled__C                           
c30532c0  ti_sysbios_knl_Swi_Module__diagsIncluded__C                          
c30532c4  ti_sysbios_knl_Swi_Module__diagsMask__C                              
c30532c8  ti_sysbios_knl_Swi_Module__loggerFxn1__C                             
c30532cc  ti_sysbios_knl_Swi_Module__loggerFxn4__C                             
c30532d0  ti_sysbios_knl_Swi_Module__loggerObj__C                              
c30532d4  ti_sysbios_knl_Swi_Object__count__C                                  
c30532d8  ti_sysbios_knl_Task_E_spOutOfBounds__C                               
c30532dc  ti_sysbios_knl_Task_E_stackOverflow__C                               
c30532e0  ti_sysbios_knl_Task_LD_block__C                                      
c30532e4  ti_sysbios_knl_Task_LD_exit__C                                       
c30532e8  ti_sysbios_knl_Task_LD_ready__C                                      
c30532ec  ti_sysbios_knl_Task_LM_switch__C                                     
c30532f0  ti_sysbios_knl_Task_Module_State_inactiveQ__O                        
c30532f4  ti_sysbios_knl_Task_Module__diagsEnabled__C                          
c30532f8  ti_sysbios_knl_Task_Module__diagsIncluded__C                         
c30532fc  ti_sysbios_knl_Task_Module__diagsMask__C                             
c3053300  ti_sysbios_knl_Task_Module__loggerFxn2__C                            
c3053304  ti_sysbios_knl_Task_Module__loggerFxn4__C                            
c3053308  ti_sysbios_knl_Task_Module__loggerObj__C                             
c305330c  ti_sysbios_knl_Task_Object__count__C                                 
c3053310  ti_sysbios_knl_Task_allBlockedFunc__C                                
c3053314  ti_sysbios_knl_Task_numConstructedTasks__C                           
c3053318  ti_sysbios_timers_timer64_Timer_E_cannotSupport__C                   
c305331c  ti_sysbios_timers_timer64_Timer_Module__diagsEnabled__C              
c3053320  ti_sysbios_timers_timer64_Timer_Module__diagsIncluded__C             
c3053324  ti_sysbios_timers_timer64_Timer_Module__diagsMask__C                 
c3053328  ti_sysbios_timers_timer64_Timer_freqDivisor__C                       
c305332c  ti_sysbios_timers_timer64_Timer_numTimerDevices__C                   
c3053330  ti_sysbios_timers_timer64_TimestampProvider_Module__diagsEnabled__C  
c3053334  ti_sysbios_timers_timer64_TimestampProvider_Module__diagsIncluded__C 
c3053338  ti_sysbios_timers_timer64_TimestampProvider_Module__diagsMask__C     
c305333c  ti_sysbios_utils_Load_LS_cpuLoad__C                                  
c3053340  ti_sysbios_utils_Load_Module__diagsEnabled__C                        
c3053344  ti_sysbios_utils_Load_Module__diagsIncluded__C                       
c3053348  ti_sysbios_utils_Load_Module__diagsMask__C                           
c305334c  ti_sysbios_utils_Load_Module__loggerFxn1__C                          
c3053350  ti_sysbios_utils_Load_Module__loggerObj__C                           
c3053354  ti_sysbios_utils_Load_postUpdate__C                                  
c3053358  ti_sysbios_utils_Load_windowInMs__C                                  
c305335c  ti_uia_loggers_LoggerStopMode_Module__diagsEnabled__C                
c3053360  ti_uia_loggers_LoggerStopMode_Module__diagsIncluded__C               
c3053364  ti_uia_loggers_LoggerStopMode_Module__diagsMask__C                   
c3053368  ti_uia_loggers_LoggerStopMode_Object__count__C                       
c305336c  ti_uia_runtime_ILoggerSnapshot_Interface__BASE__C                    
c3053370  ti_uia_runtime_IUIATransfer_Interface__BASE__C                       
c3053374  xdc_runtime_Assert_E_assertFailed__C                                 
c3053378  xdc_runtime_Core_A_initializedParams__C                              
c305337c  xdc_runtime_Core_Module__diagsEnabled__C                             
c3053380  xdc_runtime_Core_Module__diagsIncluded__C                            
c3053384  xdc_runtime_Core_Module__diagsMask__C                                
c3053388  xdc_runtime_Error_E_memory__C                                        
c305338c  xdc_runtime_Error_Module__diagsEnabled__C                            
c3053390  xdc_runtime_Error_Module__diagsIncluded__C                           
c3053394  xdc_runtime_Error_Module__diagsMask__C                               
c3053398  xdc_runtime_Error_Module__loggerFxn8__C                              
c305339c  xdc_runtime_Error_Module__loggerObj__C                               
c30533a0  xdc_runtime_Error_policyFxn__C                                       
c30533a4  xdc_runtime_Error_raiseHook__C                                       
c30533a8  xdc_runtime_IFilterLogger_Interface__BASE__C                         
c30533ac  xdc_runtime_IGateProvider_Interface__BASE__C                         
c30533b0  xdc_runtime_IHeap_Interface__BASE__C                                 
c30533b4  xdc_runtime_ILogger_Interface__BASE__C                               
c30533b8  xdc_runtime_IModule_Interface__BASE__C                               
c30533bc  xdc_runtime_Log_L_error__C                                           
c30533c0  xdc_runtime_LoggerBuf_E_badLevel__C                                  
c30533c4  xdc_runtime_LoggerBuf_Module__gateObj__C                             
c30533c8  xdc_runtime_LoggerBuf_Object__count__C                               
c30533cc  xdc_runtime_LoggerBuf_statusLogger__C                                
c30533d0  xdc_runtime_Memory_defaultHeapInstance__C                            
c30533d4  xdc_runtime_Startup_execImpl__C                                      
c30533d8  xdc_runtime_Startup_lastFxns__A                                      
c30533dc  xdc_runtime_Startup_maxPasses__C                                     
c30533e0  xdc_runtime_Startup_sfxnRts__C                                       
c30533e4  xdc_runtime_Startup_sfxnTab__C                                       
c30533e8  xdc_runtime_SysMin_bufSize__C                                        
c30533ec  xdc_runtime_SysMin_outputFunc__C                                     
c30533f0  xdc_runtime_System_Module__gateObj__C                                
c30533f4  xdc_runtime_System_abortFxn__C                                       
c30533f8  xdc_runtime_System_exitFxn__C                                        
c30533fc  xdc_runtime_System_extendFxn__C                                      
c3053400  xdc_runtime_System_maxAtexitHandlers__C                              
c3053404  xdc_runtime_Text_charTab__C                                          
c3053408  xdc_runtime_Text_nameEmpty__C                                        
c305340c  xdc_runtime_Text_nameStatic__C                                       
c3053410  xdc_runtime_Text_nameUnknown__C                                      
c3053414  xdc_runtime_Text_visitRopeFxn__C                                     
c3053418  ti_sysbios_family_arm_arm9_Mmu_enableMMU__C                          
c305341a  ti_sysbios_family_arm_da830_Hwi_Module__id__C                        
c305341c  ti_sysbios_family_arm_da830_Hwi_Module__loggerDefined__C             
c305341e  ti_sysbios_family_arm_exc_Exception_Module__id__C                    
c3053420  ti_sysbios_gates_GateMutex_Module__id__C                             
c3053422  ti_sysbios_hal_Hwi_Module__id__C                                     
c3053424  ti_sysbios_heaps_HeapMem_Module__id__C                               
c3053426  ti_sysbios_heaps_HeapTrack_Module__id__C                             
c3053428  ti_sysbios_knl_Clock_Module__id__C                                   
c305342a  ti_sysbios_knl_Clock_Module__loggerDefined__C                        
c305342c  ti_sysbios_knl_Semaphore_Module__id__C                               
c305342e  ti_sysbios_knl_Semaphore_Module__loggerDefined__C                    
c3053430  ti_sysbios_knl_Swi_Module__id__C                                     
c3053432  ti_sysbios_knl_Swi_Module__loggerDefined__C                          
c3053434  ti_sysbios_knl_Task_Module__id__C                                    
c3053436  ti_sysbios_knl_Task_Module__loggerDefined__C                         
c3053438  ti_sysbios_timers_timer64_Timer_Module__id__C                        
c305343a  ti_sysbios_timers_timer64_Timer_startupNeeded__C                     
c305343c  ti_sysbios_timers_timer64_Timer_useTimer64pRegMap__C                 
c305343e  ti_sysbios_timers_timer64_TimestampProvider_Module__id__C            
c3053440  ti_sysbios_timers_timer64_TimestampProvider_useClockTimer__C         
c3053442  ti_sysbios_utils_Load_Module__id__C                                  
c3053444  ti_sysbios_utils_Load_Module__loggerDefined__C                       
c3053446  ti_sysbios_utils_Load_updateInIdle__C                                
c3053448  ti_uia_loggers_LoggerStopMode_Module__id__C                          
c305344a  ti_uia_loggers_LoggerStopMode_isTimestampEnabled__C                  
c305344c  xdc_runtime_Core_Module__id__C                                       
c305344e  xdc_runtime_Error_Module__loggerDefined__C                           
c3053450  xdc_runtime_Error_maxDepth__C                                        
c3053452  xdc_runtime_LoggerBuf_Module__id__C                                  
c3053454  xdc_runtime_LoggerBuf_filterByLevel__C                               
c3053456  xdc_runtime_Memory_Module__id__C                                     
c3053458  xdc_runtime_SysMin_flushAtExit__C                                    
c305345a  xdc_runtime_Text_charCnt__C                                          
c305345c  xdc_runtime_Text_isLoaded__C                                         
c305345e  xdc_runtime_Text_registryModsLastId__C                               
c3053460  xdc_runtime_Text_unnamedModsLastId__C                                
c3053462  xdc_runtime_Text_charTab__A                                          
c3053464  __stack                                                              
c3053c64  __STACK_END                                                          
c3054000  ti_sysbios_family_arm_arm9_Mmu_Module_State_0_tableBuf__A            
c3058000  __TI_static_base__                                                   
c3058608  __TI_Handler_Table_Base                                              
c3058610  __TI_CINIT_Base                                                      
c3058610  __TI_Handler_Table_Limit                                             
c3058620  __TI_CINIT_Limit                                                     
fffee000  ti_sysbios_family_arm_da830_Hwi_cpIntc                               
ffff0000  ti_sysbios_family_arm_da830_Hwi_vectors                              
ffff0040  ti_sysbios_family_arm_da830_Hwi0                                     
ffff0040  ti_sysbios_family_arm_da830_Hwi_vectorTable                          
ffff0048  ti_sysbios_family_arm_da830_Hwi1                                     
ffff0050  ti_sysbios_family_arm_da830_Hwi2                                     
ffff0058  ti_sysbios_family_arm_da830_Hwi3                                     
ffff0060  ti_sysbios_family_arm_da830_Hwi4                                     
ffff0068  ti_sysbios_family_arm_da830_Hwi5                                     
ffff0070  ti_sysbios_family_arm_da830_Hwi6                                     
ffff0078  ti_sysbios_family_arm_da830_Hwi7                                     
ffff0080  ti_sysbios_family_arm_da830_Hwi8                                     
ffff0088  ti_sysbios_family_arm_da830_Hwi9                                     
ffff0090  ti_sysbios_family_arm_da830_Hwi10                                    
ffff0098  ti_sysbios_family_arm_da830_Hwi11                                    
ffff00a0  ti_sysbios_family_arm_da830_Hwi12                                    
ffff00a8  ti_sysbios_family_arm_da830_Hwi13                                    
ffff00b0  ti_sysbios_family_arm_da830_Hwi14                                    
ffff00b8  ti_sysbios_family_arm_da830_Hwi15                                    
ffff00c0  ti_sysbios_family_arm_da830_Hwi16                                    
ffff00c8  ti_sysbios_family_arm_da830_Hwi17                                    
ffff00d0  ti_sysbios_family_arm_da830_Hwi18                                    
ffff00d8  ti_sysbios_family_arm_da830_Hwi19                                    
ffff00e0  ti_sysbios_family_arm_da830_Hwi20                                    
ffff00e8  ti_sysbios_family_arm_da830_Hwi21                                    
ffff00f0  ti_sysbios_family_arm_da830_Hwi22                                    
ffff00f8  ti_sysbios_family_arm_da830_Hwi23                                    
ffff0100  ti_sysbios_family_arm_da830_Hwi24                                    
ffff0108  ti_sysbios_family_arm_da830_Hwi25                                    
ffff0110  ti_sysbios_family_arm_da830_Hwi26                                    
ffff0118  ti_sysbios_family_arm_da830_Hwi27                                    
ffff0120  ti_sysbios_family_arm_da830_Hwi28                                    
ffff0128  ti_sysbios_family_arm_da830_Hwi29                                    
ffff0130  ti_sysbios_family_arm_da830_Hwi30                                    
ffff0138  ti_sysbios_family_arm_da830_Hwi31                                    
ffff0140  ti_sysbios_family_arm_da830_Hwi32                                    
ffff0148  ti_sysbios_family_arm_da830_Hwi33                                    
ffff0150  ti_sysbios_family_arm_da830_Hwi34                                    
ffff0158  ti_sysbios_family_arm_da830_Hwi35                                    
ffff0160  ti_sysbios_family_arm_da830_Hwi36                                    
ffff0168  ti_sysbios_family_arm_da830_Hwi37                                    
ffff0170  ti_sysbios_family_arm_da830_Hwi38                                    
ffff0178  ti_sysbios_family_arm_da830_Hwi39                                    
ffff0180  ti_sysbios_family_arm_da830_Hwi40                                    
ffff0188  ti_sysbios_family_arm_da830_Hwi41                                    
ffff0190  ti_sysbios_family_arm_da830_Hwi42                                    
ffff0198  ti_sysbios_family_arm_da830_Hwi43                                    
ffff01a0  ti_sysbios_family_arm_da830_Hwi44                                    
ffff01a8  ti_sysbios_family_arm_da830_Hwi45                                    
ffff01b0  ti_sysbios_family_arm_da830_Hwi46                                    
ffff01b8  ti_sysbios_family_arm_da830_Hwi47                                    
ffff01c0  ti_sysbios_family_arm_da830_Hwi48                                    
ffff01c8  ti_sysbios_family_arm_da830_Hwi49                                    
ffff01d0  ti_sysbios_family_arm_da830_Hwi50                                    
ffff01d8  ti_sysbios_family_arm_da830_Hwi51                                    
ffff01e0  ti_sysbios_family_arm_da830_Hwi52                                    
ffff01e8  ti_sysbios_family_arm_da830_Hwi53                                    
ffff01f0  ti_sysbios_family_arm_da830_Hwi54                                    
ffff01f8  ti_sysbios_family_arm_da830_Hwi55                                    
ffff0200  ti_sysbios_family_arm_da830_Hwi56                                    
ffff0208  ti_sysbios_family_arm_da830_Hwi57                                    
ffff0210  ti_sysbios_family_arm_da830_Hwi58                                    
ffff0218  ti_sysbios_family_arm_da830_Hwi59                                    
ffff0220  ti_sysbios_family_arm_da830_Hwi60                                    
ffff0228  ti_sysbios_family_arm_da830_Hwi61                                    
ffff0230  ti_sysbios_family_arm_da830_Hwi62                                    
ffff0238  ti_sysbios_family_arm_da830_Hwi63                                    
ffff0240  ti_sysbios_family_arm_da830_Hwi64                                    
ffff0248  ti_sysbios_family_arm_da830_Hwi65                                    
ffff0250  ti_sysbios_family_arm_da830_Hwi66                                    
ffff0258  ti_sysbios_family_arm_da830_Hwi67                                    
ffff0260  ti_sysbios_family_arm_da830_Hwi68                                    
ffff0268  ti_sysbios_family_arm_da830_Hwi69                                    
ffff0270  ti_sysbios_family_arm_da830_Hwi70                                    
ffff0278  ti_sysbios_family_arm_da830_Hwi71                                    
ffff0280  ti_sysbios_family_arm_da830_Hwi72                                    
ffff0288  ti_sysbios_family_arm_da830_Hwi73                                    
ffff0290  ti_sysbios_family_arm_da830_Hwi74                                    
ffff0298  ti_sysbios_family_arm_da830_Hwi75                                    
ffff02a0  ti_sysbios_family_arm_da830_Hwi76                                    
ffff02a8  ti_sysbios_family_arm_da830_Hwi77                                    
ffff02b0  ti_sysbios_family_arm_da830_Hwi78                                    
ffff02b8  ti_sysbios_family_arm_da830_Hwi79                                    
ffff02c0  ti_sysbios_family_arm_da830_Hwi80                                    
ffff02c8  ti_sysbios_family_arm_da830_Hwi81                                    
ffff02d0  ti_sysbios_family_arm_da830_Hwi82                                    
ffff02d8  ti_sysbios_family_arm_da830_Hwi83                                    
ffff02e0  ti_sysbios_family_arm_da830_Hwi84                                    
ffff02e8  ti_sysbios_family_arm_da830_Hwi85                                    
ffff02f0  ti_sysbios_family_arm_da830_Hwi86                                    
ffff02f8  ti_sysbios_family_arm_da830_Hwi87                                    
ffff0300  ti_sysbios_family_arm_da830_Hwi88                                    
ffff0308  ti_sysbios_family_arm_da830_Hwi89                                    
ffff0310  ti_sysbios_family_arm_da830_Hwi90                                    
ffff0318  ti_sysbios_family_arm_da830_Hwi91                                    
ffff0320  ti_sysbios_family_arm_da830_Hwi92                                    
ffff0328  ti_sysbios_family_arm_da830_Hwi93                                    
ffff0330  ti_sysbios_family_arm_da830_Hwi94                                    
ffff0338  ti_sysbios_family_arm_da830_Hwi95                                    
ffff0340  ti_sysbios_family_arm_da830_Hwi96                                    
ffff0348  ti_sysbios_family_arm_da830_Hwi97                                    
ffff0350  ti_sysbios_family_arm_da830_Hwi98                                    
ffff0358  ti_sysbios_family_arm_da830_Hwi99                                    
ffff0360  ti_sysbios_family_arm_da830_Hwi100                                   
ffffffff  __TI_pprof_out_hndl                                                  
ffffffff  __TI_prof_data_size                                                  
ffffffff  __TI_prof_data_start                                                 
ffffffff  __binit__                                                            
ffffffff  __c_args__                                                           
ffffffff  binit                                                                
UNDEFED   SHT$$INIT_ARRAY$$Base                                                
UNDEFED   SHT$$INIT_ARRAY$$Limit                                               

[1102 symbols]
