******************************************************************************
                  TI ARM Linker PC v15.12.3                    
******************************************************************************
>> Linked Thu Mar 01 15:59:54 2018

OUTPUT FILE NAME:   <Test.out>
ENTRY POINT SYMBOL: "_c_int00"  address: c305089c


MEMORY CONFIGURATION

         name            origin    length      used     unused   attr    fill
----------------------  --------  ---------  --------  --------  ----  --------
  L3_CBA_RAM            80000000   00020000  00000000  00020000  RW X
  DDR                   c3000000   01000000  000583f9  00fa7c07  RWIX
  IRAM                  ffff0000   00002000  00000368  00001c98  RW X


SEGMENT ALLOCATION MAP

run origin  load origin   length   init length attrs members
----------  ----------- ---------- ----------- ----- -------
c3000000    c3000000    0003e830   00000000    rw-
  c3000000    c3000000    0003e830   00000000    rw- .bss
c303e830    c303e830    00013cb8   00013cb8    r-x
  c303e830    c303e830    00013cb8   00013cb8    r-x .text
c30524e8    c30524e8    00000a36   00000000    rw-
  c30524e8    c30524e8    00000a36   00000000    rw- .data
c3052f20    c3052f20    000006db   000006db    r--
  c3052f20    c3052f20    000006db   000006db    r-- .const
c30535fc    c30535fc    00000800   00000000    rw-
  c30535fc    c30535fc    00000800   00000000    rw- .stack
c3054000    c3054000    00004000   00000000    rw-
  c3054000    c3054000    00004000   00000000    rw- ti.sysbios.family.arm.arm9.mmuTableSection
c3058000    c3058000    00000600   00000600    r--
  c3058000    c3058000    00000600   00000600    r-- .cinit
ffff0000    ffff0000    00000368   00000368    r-x
  ffff0000    ffff0000    00000040   00000040    r-- .vecs
  ffff0040    ffff0040    00000328   00000328    r-x .vectorTable


SECTION ALLOCATION MAP

 output                                  attributes/
section   page    origin      length       input sections
--------  ----  ----------  ----------   ----------------
.bss       0    c3000000    0003e830     UNINITIALIZED
                  c3000000    0003c410     (.common:ti_sysbios_heaps_HeapMem_Instance_State_0_buf__A)
                  c303c410    00000800     app_pe9.oe9 (.bss:taskStackSection)
                  c303cc10    00000800     (.common:ti_sysbios_family_arm_exc_Exception_Module_State_0_excStack_0__A)
                  c303d410    00000400     (.common:ti_sysbios_family_arm_da830_Hwi_Module_State_0_fiqStack__A)
                  c303d810    0000000c     laco.obj (.bss:hc595_pins)
                  c303d81c    0000000c     mcp3021.obj (.bss:mcp_ch)
                  c303d828    00000008     rtsv5_A_le_eabi.lib : trgdrv.obj (.bss:parmbuf)
                  c303d830    00000004     drivers.lib : edma.obj (.bss)
                  c303d834    00000004     (.common:board)
                  c303d838    00000004     (.common:hc165_pins)
                  c303d83c    00000044     --HOLE--
                  c303d880    00000400     (.common:ti_uia_loggers_LoggerStopMode_Instance_State_1_packetArray__A)
                  c303dc80    00000400     (.common:ti_uia_loggers_LoggerStopMode_Instance_State_2_packetArray__A)
                  c303e080    00000200     (.common:ti_uia_loggers_LoggerStopMode_Instance_State_0_packetArray__A)
                  c303e280    00000140     (.common:ti_sysbios_knl_Mailbox_Instance_State_0_allocBuf__A)
                  c303e3c0    00000120     rtsv5_A_le_eabi.lib : trgmsg.obj (.bss:_CIOBUF_)
                  c303e4e0    00000118     (.common:ti_sysbios_knl_Mailbox_Instance_State_1_allocBuf__A)
                  c303e5f8    00000080     (.common:xdc_runtime_LoggerBuf_Instance_State_0_entryArr__A)
                  c303e678    00000080     (.common:xdc_runtime_SysMin_Module_State_0_outbuf__A)
                  c303e6f8    00000008     --HOLE--
                  c303e700    00000030     (.common:ti_uia_loggers_LoggerStopMode_Instance_State_0_hdr__A)
                  c303e730    00000050     --HOLE--
                  c303e780    00000030     (.common:ti_uia_loggers_LoggerStopMode_Instance_State_1_hdr__A)
                  c303e7b0    00000050     --HOLE--
                  c303e800    00000030     (.common:ti_uia_loggers_LoggerStopMode_Instance_State_2_hdr__A)

.neardata 
*          0    c303e830    00000000     UNINITIALIZED

.rodata    0    c303e830    00000000     UNINITIALIZED

.stack     0    c30535fc    00000800     UNINITIALIZED
                  c30535fc    00000800     --HOLE--

.cinit     0    c3058000    00000600     
                  c3058000    000005d4     (.cinit..data.load) [load image, compression = rle]
                  c30585d4    00000004     --HOLE-- [fill = 0]
                  c30585d8    0000000d     (.cinit..bss.load) [load image, compression = rle]
                  c30585e5    00000003     --HOLE-- [fill = 0]
                  c30585e8    00000008     (__TI_handler_table)
                  c30585f0    00000010     (__TI_cinit_table)

.init_array 
*          0    c3000000    00000000     UNINITIALIZED

.text      0    c303e830    00013cb8     
                  c303e830    0000194c     drivers.lib : edma.obj (.text)
                  c304017c    0000149c     tdc.obj (.text)
                  c3041618    000013a0     board.obj (.text)
                  c30429b8    00000dfc     drivers.lib : ehrpwm.obj (.text)
                  c30437b4    000007b0     connector.obj (.text)
                  c3043f64    00000784     laco.obj (.text)
                  c30446e8    000006ec     spi.obj (.text)
                  c3044dd4    000006bc     drivers.lib : gpio.obj (.text)
                  c3045490    00000604                 : spi.obj (.text)
                  c3045a94    000005e8                 : uart.obj (.text)
                  c304607c    0000058c     pwm.obj (.text)
                  c3046608    0000058c     uart.obj (.text)
                  c3046b94    0000055c     drivers.lib : i2c.obj (.text)
                  c30470f0    00000550     rtsv5_A_le_eabi.lib : trgdrv.obj (.text)
                  c3047640    00000540     ti.targets.arm.rtsarm.ae9 : System.oe9 (.text:xdc_runtime_System_doPrint__I)
                  c3047b80    00000504     ad7265.obj (.text)
                  c3048084    000004bc     sysbios.ae9 : BIOS.obj (.text:ti_sysbios_knl_Semaphore_pend__E)
                  c3048540    00000428     I2C.obj (.text)
                  c3048968    0000038c     led.obj (.text)
                  c3048cf4    00000368     sysbios.ae9 : BIOS.obj (.text:ti_sysbios_heaps_HeapMem_freeUnprotected__E)
                  c304905c    000002f4                 : BIOS.obj (.text:ti_sysbios_heaps_HeapMem_allocUnprotected__E)
                  c3049350    000002e8                 : BIOS.obj (.text:ti_sysbios_family_arm_exc_Exception_excDumpContext__I)
                  c3049638    000002b8     rtsv5_A_le_eabi.lib : ull_div32.obj (.text)
                  c30498f0    0000029c     dipswitch.obj (.text)
                  c3049b8c    0000027c     sysbios.ae9 : BIOS.obj (.text:ti_sysbios_family_arm_exc_Exception_excHandler__I)
                  c3049e08    00000258                 : BIOS.obj (.text:ti_sysbios_knl_Task_Module_startup__E)
                  c304a060    00000238                 : BIOS.obj (.text:ti_sysbios_timers_timer64_Timer_deviceConfig__I)
                  c304a298    000001f8                 : BIOS.obj (.text:ti_sysbios_heaps_HeapTrack_free__E)
                  c304a490    000001f0     app_pe9.oe9 (.text:ti_sysbios_family_arm_arm9_Mmu_initTableBuf__I)
                  c304a680    000001ec     sysbios.ae9 : BIOS.obj (.text:ti_sysbios_heaps_HeapMem_Instance_init__E)
                  c304a86c    000001e4                 : BIOS.obj (.text:ti_sysbios_knl_Semaphore_post__E)
                  c304aa50    000001e4     ti.targets.arm.rtsarm.ae9 : LoggerBuf.oe9 (.text:xdc_runtime_LoggerBuf_write8__E)
                  c304ac34    000001e0     app_pe9.oe9 (.text:ti_uia_loggers_LoggerStopMode_writeMemoryRange__E)
                  c304ae14    000001b8     sysbios.ae9 : BIOS.obj (.text:ti_sysbios_knl_Clock_workFunc__E)
                  c304afcc    000001b4                 : BIOS.obj (.text:ti_sysbios_family_arm_da830_Hwi_reconfig__E)
                  c304b180    000001b0                 : BIOS.obj (.text:ti_sysbios_knl_Swi_run__I)
                  c304b330    000001a4     ti.targets.arm.rtsarm.ae9 : Error.oe9 (.text:xdc_runtime_Error_policyDefault__E)
                  c304b4d4    000001a0                               : Core-mem.oe9 (.text:xdc_runtime_Core_createObject__I)
                  c304b674    00000190     rtsv5_A_le_eabi.lib : fd_div32.obj (.text)
                  c304b804    00000188     sysbios.ae9 : BIOS.obj (.text:ti_sysbios_family_arm_da830_Hwi_dispatchIRQC__I)
                  c304b98c    00000188     app_pe9.oe9 (.text:ti_uia_loggers_LoggerStopMode_write8__E)
                  c304bb14    00000188     app_pe9.oe9 (.text:xdc_runtime_System_printfExtend__I)
                  c304bc9c    00000180     rtsv5_A_le_eabi.lib : memcpy32.obj (.text)
                  c304be1c    00000174     mcp3021.obj (.text)
                  c304bf90    00000170     sysbios.ae9 : BIOS.obj (.text:ti_sysbios_timers_timer64_TimestampProvider_get64__E)
                  c304c100    0000016c                 : BIOS.obj (.text:ti_sysbios_knl_Task_exit__E)
                  c304c26c    00000168     app_pe9.oe9 (.text:ti_uia_loggers_LoggerStopMode_write4__E)
                  c304c3d4    00000164     sysbios.ae9 : BIOS.obj (.text:ti_sysbios_timers_timer64_Timer_start__E)
                  c304c538    00000164                 : BIOS.obj (.text:ti_sysbios_timers_timer64_TimestampProvider_get32__E)
                  c304c69c    00000160                 : BIOS.obj (.text:ti_sysbios_timers_timer64_Timer_setPeriodMicroSecs__E)
                  c304c7fc    0000015c     watchdog.obj (.text)
                  c304c958    00000158     app_pe9.oe9 (.text:ti_uia_loggers_LoggerStopMode_write2__E)
                  c304cab0    00000154     drivers.lib : psc.obj (.text)
                  c304cc04    00000154     ti.targets.arm.rtsarm.ae9 : Startup.oe9 (.text:xdc_runtime_Startup_startMods__I)
                  c304cd58    00000150     app_pe9.oe9 (.text:ti_uia_loggers_LoggerStopMode_write1__E)
                  c304cea8    00000140     sysbios.ae9 : BIOS.obj (.text:ti_sysbios_family_arm_da830_Hwi_dispatchFIQC__I)
                  c304cfe8    00000140                 : BIOS.obj (.text:ti_sysbios_knl_Task_checkStacks__E)
                  c304d128    00000140                 : BIOS.obj (.text:ti_sysbios_timers_timer64_Timer_getFreq__E)
                  c304d268    00000140     ti.targets.arm.rtsarm.ae9 : Core-smem.oe9 (.text:xdc_runtime_Core_constructObject__I)
                  c304d3a8    0000013c     sysbios.ae9 : BIOS.obj (.text:ti_sysbios_knl_Task_schedule__I)
                  c304d4e4    0000013c                 : BIOS.obj (.text:ti_sysbios_knl_Task_startCore__E)
                  c304d620    0000013c     app_pe9.oe9 (.text:ti_uia_loggers_LoggerStopMode_write0__E)
                  c304d75c    00000138     ti.targets.arm.rtsarm.ae9 : LoggerBuf.oe9 (.text:xdc_runtime_LoggerBuf_write4__E)
                  c304d894    00000128     rtsv5_A_le_eabi.lib : fd_mul32.obj (.text)
                  c304d9bc    00000124     sysbios.ae9 : BIOS.obj (.text:ti_sysbios_knl_Swi_post__E)
                  c304dae0    00000120                 : BIOS.obj (.text:ti_sysbios_gates_GateMutex_enter__E)
                  c304dc00    00000120                 : BIOS.obj (.text:ti_sysbios_utils_Load_updateLoads__E)
                  c304dd20    0000011c                 : BIOS.obj (.text:ti_sysbios_utils_Load_idleFxn__E)
                  c304de3c    00000114     rtsv5_A_le_eabi.lib : i_div32.obj (.text)
                  c304df50    00000104     sysbios.ae9 : BIOS.obj (.text:ti_sysbios_knl_Semaphore_Instance_init__E)
                  c304e054    000000fc                 : BIOS.obj (.text:ti_sysbios_knl_Task_blockI__E)
                  c304e150    000000fc                 : BIOS.obj (.text:ti_sysbios_knl_Task_unblockI__E)
                  c304e24c    000000f8     ti.uia.loggers.ae9 : LoggerStopMode.oe9 (.text:ti_uia_loggers_LoggerStopMode_initQueueDescriptor__E)
                  c304e344    000000f8     ti.targets.arm.rtsarm.ae9 : Text.oe9 (.text:xdc_runtime_Text_putSite__E)
                  c304e43c    000000f4     sysbios.ae9 : BIOS.obj (.text:ti_sysbios_heaps_HeapTrack_alloc__E)
                  c304e530    000000f0     rtsv5_A_le_eabi.lib : u_div32.obj (.text)
                  c304e620    000000f0     ti.targets.arm.rtsarm.ae9 : LoggerBuf.oe9 (.text:xdc_runtime_LoggerBuf_setFilterLevel__E)
                  c304e710    000000ec     auto_init.ae9 : auto_init.oe9 (.text)
                  c304e7fc    000000e4     sysbios.ae9 : da830_Hwi_asm.obj (.text:_ti_sysbios_family_arm_da830_Hwi_dispatchIRQ__I)
                  c304e8e0    000000e0                 : BIOS.obj (.text:ti_sysbios_family_arm_da830_Hwi_Instance_init__E)
                  c304e9c0    000000e0                 : BIOS.obj (.text:ti_sysbios_family_arm_da830_Hwi_Module_startup__E)
                  c304eaa0    000000e0                 : BIOS.obj (.text:ti_sysbios_heaps_HeapTrack_Instance_finalize__E)
                  c304eb80    000000dc     ti.targets.arm.rtsarm.ae9 : Text.oe9 (.text:xdc_runtime_Text_putMod__E)
                  c304ec5c    000000d4     sysbios.ae9 : BIOS.obj (.text:ti_sysbios_knl_Mailbox_Module_startup__E)
                  c304ed30    000000d0     main.obj (.text)
                  c304ee00    000000d0     sysbios.ae9 : exc_Exception_asm.obj (.text:ti_sysbios_family_arm_exc_Exception_excHandlerAsm__I)
                  c304eed0    000000cc     ti.targets.arm.rtsarm.ae9 : LoggerBuf.oe9 (.text:xdc_runtime_LoggerBuf_getFilterLevel__E)
                  c304ef9c    000000c4     ti.uia.runtime.ae9 : QueueDescriptor.oe9 (.text:ti_uia_runtime_QueueDescriptor_addToList__E)
                  c304f060    000000c0     sysbios.ae9 : BIOS.obj (.text:ti_sysbios_timers_timer64_Timer_initDevice__I)
                  c304f120    000000b8                 : BIOS.obj (.text:ti_sysbios_knl_Swi_restoreHwi__E)
                  c304f1d8    000000b0     rtsv5_A_le_eabi.lib : memset32.obj (.text)
                  c304f288    000000b0     sysbios.ae9 : BIOS.obj (.text:ti_sysbios_family_arm_da830_Hwi_initIntController__I)
                  c304f338    000000b0                 : BIOS.obj (.text:ti_sysbios_timers_timer64_TimestampProvider_Module_startup__E)
                  c304f3e8    000000b0     ti.targets.arm.rtsarm.ae9 : Memory.oe9 (.text:xdc_runtime_Memory_alloc__E)
                  c304f498    000000a8     rtsv5_A_le_eabi.lib : trgmsg.obj (.text)
                  c304f540    000000a0                         : copy_decompress_rle.obj (.text)
                  c304f5e0    0000009f     ti.targets.arm.rtsarm.ae9 : Text.oe9 (.text:xdc_runtime_Text_putLab__E)
                  c304f67f    00000001     --HOLE-- [fill = 0]
                  c304f680    0000009c     sysbios.ae9 : BIOS.obj (.text:ti_sysbios_knl_Clock_logTick__E)
                  c304f71c    0000009c                 : BIOS.obj (.text:ti_sysbios_utils_Load_logCPULoad__I)
                  c304f7b8    00000098     ti.uia.loggers.ae9 : LoggerStopMode.oe9 (.text:ti_uia_loggers_LoggerStopMode_flush__E)
                  c304f850    00000098     ti.targets.arm.rtsarm.ae9 : Core-mem.oe9 (.text:xdc_runtime_Core_deleteObject__I)
                  c304f8e8    00000098                               : Error.oe9 (.text:xdc_runtime_Error_print__E)
                  c304f980    00000098     app_pe9.oe9 (.text:xdc_runtime_LoggerBuf_Object__create__S)
                  c304fa18    00000098     ti.targets.arm.rtsarm.ae9 : System.oe9 (.text:xdc_runtime_System_formatNum__I)
                  c304fab0    00000090     rtsv5_A_le_eabi.lib : exit.obj (.text)
                  c304fb40    00000090     sysbios.ae9 : BIOS.obj (.text:ti_sysbios_timers_timer64_Timer_stop__E)
                  c304fbd0    0000008c                 : BIOS.obj (.text:ti_sysbios_heaps_HeapMem_alloc__E)
                  c304fc5c    0000008c     ti.targets.arm.rtsarm.ae9 : Startup.oe9 (.text:xdc_runtime_Startup_exec__E)
                  c304fce8    00000088     rtsv5_A_le_eabi.lib : cpy_tbl.obj (.text)
                  c304fd70    00000084     sysbios.ae9 : BIOS.obj (.text:ti_sysbios_knl_Swi_schedule__I)
                  c304fdf4    00000084                 : BIOS.obj (.text:ti_sysbios_knl_Task_allBlockedFunction__I)
                  c304fe78    00000080                 : BIOS.obj (.text:ti_sysbios_heaps_HeapMem_getStats__E)
                  c304fef8    00000080                 : BIOS.obj (.text:ti_sysbios_knl_Swi_runLoop__I)
                  c304ff78    0000007c                 : arm_HwiCommon_asm.obj (.text:_ti_sysbios_family_xxx_Hwi_switchToIsrStack)
                  c304fff4    0000007c                 : BIOS.obj (.text:ti_sysbios_family_arm_arm9_Cache_startup__I)
                  c3050070    0000007c     ti.targets.arm.rtsarm.ae9 : Assert.oe9 (.text:xdc_runtime_Assert_raise__I)
                  c30500ec    00000074     sysbios.ae9 : BIOS.obj (.text:ti_sysbios_family_arm_arm9_Mmu_disable__E)
                  c3050160    00000074                 : BIOS.obj (.text:ti_sysbios_family_arm_arm9_Mmu_enable__E)
                  c30501d4    00000074                 : BIOS.obj (.text:ti_sysbios_family_arm_da830_Hwi_handlerSELF__I)
                  c3050248    00000074                 : BIOS.obj (.text:ti_sysbios_timers_timer64_Timer_startup__E)
                  c30502bc    00000074     ti.uia.loggers.ae9 : LoggerStopMode.oe9 (.text:ti_uia_loggers_LoggerStopMode_Module_startup__E)
                  c3050330    00000074                        : LoggerStopMode.oe9 (.text:ti_uia_loggers_LoggerStopMode_initBuffer__I)
                  c30503a4    00000074     ti.targets.arm.rtsarm.ae9 : LoggerBuf.oe9 (.text:xdc_runtime_LoggerBuf_filterOutEvent__I)
                  c3050418    00000070     sysbios.ae9 : BIOS.obj (.text:ti_sysbios_timers_timer64_Timer_Module_startup__E)
                  c3050488    00000070     ti.targets.arm.rtsarm.ae9 : SysMin.oe9 (.text:xdc_runtime_SysMin_flush__E)
                  c30504f8    0000006c     sysbios.ae9 : BIOS.obj (.text:ti_sysbios_family_arm_da830_Hwi_getStackInfo__E)
                  c3050564    0000006c     ti.targets.arm.rtsarm.ae9 : LoggerBuf.oe9 (.text:xdc_runtime_LoggerBuf_Instance_init__E)
                  c30505d0    00000068     sysbios.ae9 : BIOS.obj (.text:ti_sysbios_family_arm_da830_Hwi_handlerLOWER__I)
                  c3050638    00000068                 : BIOS.obj (.text:ti_sysbios_family_arm_da830_Hwi_handlerNONE__I)
                  c30506a0    00000068                 : exc_Exception_asm.obj (.text:ti_sysbios_family_arm_exc_Exception_initCore0__I)
                  c3050708    00000068                 : BIOS.obj (.text:ti_sysbios_heaps_HeapMem_init__I)
                  c3050770    00000068     ti.targets.arm.rtsarm.ae9 : Error.oe9 (.text:xdc_runtime_Error_setX__E)
                  c30507d8    00000064                               : Core-params.oe9 (.text:xdc_runtime_Core_assignParams__I)
                  c305083c    00000060                               : Text.oe9 (.text:xdc_runtime_Text_xprintf__I)
                  c305089c    0000005c     boot.ae9 : boot.oe9 (.text)
                  c30508f8    0000005c     rtsv5_A_le_eabi.lib : fd_tou32.obj (.text)
                  c3050954    0000005c     sysbios.ae9 : BIOS.obj (.text:ti_sysbios_knl_Task_restore__E)
                  c30509b0    0000005c     ti.targets.arm.rtsarm.ae9 : SysMin.oe9 (.text:xdc_runtime_SysMin_putch__E)
                  c3050a0c    00000058     app_pe9.oe9 (.text:malloc)
                  c3050a64    00000058     sysbios.ae9 : BIOS.obj (.text:ti_sysbios_family_arm_TaskSupport_start__E)
                  c3050abc    00000058                 : BIOS.obj (.text:ti_sysbios_hal_Hwi_checkStack)
                  c3050b14    00000058                 : BIOS.obj (.text:ti_sysbios_knl_Swi_startup__E)
                  c3050b6c    00000058     ti.uia.loggers.ae9 : LoggerStopMode.oe9 (.text:ti_uia_loggers_LoggerStopMode_reset__E)
                  c3050bc4    00000054     sysbios.ae9 : arm_TaskSupport_asm.obj (.text:_ti_sysbios_family_arm_TaskSupport_buildTaskStack)
                  c3050c18    00000054                 : BIOS.obj (.text:ti_sysbios_knl_Semaphore_pendTimeout__I)
                  c3050c6c    00000054     ti.targets.arm.rtsarm.ae9 : Core-label.oe9 (.text:xdc_runtime_Core_assignLabel__I)
                  c3050cc0    00000054                               : SysMin.oe9 (.text:xdc_runtime_SysMin_abort__E)
                  c3050d14    00000054                               : System.oe9 (.text:xdc_runtime_System_atexit__E)
                  c3050d68    00000054                               : System.oe9 (.text:xdc_runtime_System_putchar__I)
                  c3050dbc    00000053                               : Text.oe9 (.text:xdc_runtime_Text_printVisFxn__I)
                  c3050e0f    00000001     --HOLE-- [fill = 0]
                  c3050e10    00000050     app_pe9.oe9 (.text:ti_sysbios_gates_GateHwi_Object__create__S)
                  c3050e60    00000050     app_pe9.oe9 (.text:ti_sysbios_gates_GateMutex_Object__create__S)
                  c3050eb0    00000050     app_pe9.oe9 (.text:ti_sysbios_heaps_HeapMem_Object__create__S)
                  c3050f00    00000050     app_pe9.oe9 (.text:ti_sysbios_heaps_HeapTrack_Object__create__S)
                  c3050f50    00000050     app_pe9.oe9 (.text:ti_sysbios_knl_Semaphore_construct)
                  c3050fa0    00000050     app_pe9.oe9 (.text:ti_uia_loggers_LoggerStopMode_Object__create__S)
                  c3050ff0    0000004c     sysbios.ae9 : BIOS.obj (.text:ti_sysbios_hal_Hwi_initStack)
                  c305103c    00000048                 : BIOS.obj (.text:ti_sysbios_family_arm_arm9_Mmu_Module_startup__E)
                  c3051084    00000048     app_pe9.oe9 (.text:ti_sysbios_knl_Queue_construct)
                  c30510cc    00000048     ti.targets.arm.rtsarm.ae9 : System.oe9 (.text:xdc_runtime_System_processAtExit__E)
                  c3051114    00000044     app_pe9.oe9 (.text:ti_sysbios_BIOS_atExitFunc__I)
                  c3051158    00000044     sysbios.ae9 : BIOS.obj (.text:ti_sysbios_heaps_HeapMem_free__E)
                  c305119c    00000044     app_pe9.oe9 (.text:ti_sysbios_knl_Clock_doTick__I)
                  c30511e0    00000044     sysbios.ae9 : BIOS.obj (.text:ti_sysbios_knl_Task_restoreHwi__E)
                  c3051224    00000044                 : BIOS.obj (.text:ti_sysbios_utils_Load_updateCurrentThreadTime__E)
                  c3051268    00000044     app_pe9.oe9 (.text:xdc_runtime_SysMin_output__I)
                  c30512ac    00000044     ti.targets.arm.rtsarm.ae9 : Text.oe9 (.text:xdc_runtime_Text_cordText__E)
                  c30512f0    00000040     adc.obj (.text)
                  c3051330    00000040     ti.targets.arm.rtsarm.ae9 : LoggerBuf.oe9 (.text:xdc_runtime_LoggerBuf_Module_startup__E)
                  c3051370    00000040                               : System.oe9 (.text:xdc_runtime_System_avprintf__E)
                  c30513b0    0000003c     sysbios.ae9 : da830_Hwi_asm.obj (.text:_ti_sysbios_family_arm_da830_Hwi_init__I)
                  c30513ec    0000003c                 : BIOS.obj (.text:ti_sysbios_heaps_HeapTrack_Instance_init__E)
                  c3051428    0000003c                 : BIOS.obj (.text:ti_sysbios_knl_Swi_Module_startup__E)
                  c3051464    0000003c     ti.targets.arm.rtsarm.ae9 : System.oe9 (.text:xdc_runtime_System_vprintf__E)
                  c30514a0    00000038     app_pe9.oe9 (.text:ti_sysbios_BIOS_startFunc__I)
                  c30514d8    00000038     sysbios.ae9 : BIOS.obj (.text:ti_sysbios_family_arm_da830_TimerSupport_enable__E)
                  c3051510    00000038                 : BIOS.obj (.text:ti_sysbios_knl_Clock_Module_startup__E)
                  c3051548    00000038     ti.targets.arm.rtsarm.ae9 : LoggerBuf.oe9 (.text:xdc_runtime_LoggerBuf_reset__E)
                  c3051580    00000034     sysbios.ae9 : arm9_Mmu_asm.obj (.text:_ti_sysbios_family_arm_arm9_Mmu_enableAsm)
                  c30515b4    00000034     rtsv5_A_le_eabi.lib : u_tofd32.obj (.text)
                  c30515e8    00000034     app_pe9.oe9 (.text:ti_sysbios_BIOS_registerRTSLock__I)
                  c305161c    00000034     app_pe9.oe9 (.text:ti_sysbios_BIOS_removeRTSLock__I)
                  c3051650    00000034     sysbios.ae9 : BIOS.obj (.text:ti_sysbios_family_arm_arm9_Cache_enable__E)
                  c3051684    00000034     app_pe9.oe9 (.text:ti_sysbios_gates_GateMutex_Object__delete__S)
                  c30516b8    00000034     app_pe9.oe9 (.text:ti_sysbios_heaps_HeapTrack_Object__delete__S)
                  c30516ec    00000034     sysbios.ae9 : BIOS.obj (.text:ti_sysbios_knl_Idle_run__E)
                  c3051720    00000034                 : BIOS.obj (.text:ti_sysbios_knl_Task_enter__I)
                  c3051754    00000034     ti.uia.loggers.ae9 : LoggerStopMode.oe9 (.text:ti_uia_loggers_LoggerStopMode_Instance_init__E)
                  c3051788    00000034     app_pe9.oe9 (.text:xdc_runtime_LoggerBuf_Object__delete__S)
                  c30517bc    00000034     ti.targets.arm.rtsarm.ae9 : SysMin.oe9 (.text:xdc_runtime_SysMin_Module_startup__E)
                  c30517f0    00000030     app_pe9.oe9 (.text:ti_sysbios_BIOS_rtsLock__I)
                  c3051820    00000030     app_pe9.oe9 (.text:ti_sysbios_gates_GateHwi_Object__delete__S)
                  c3051850    00000030     sysbios.ae9 : BIOS.obj (.text:ti_sysbios_gates_GateMutex_Instance_init__E)
                  c3051880    00000030     app_pe9.oe9 (.text:ti_sysbios_heaps_HeapMem_Object__delete__S)
                  c30518b0    00000030     app_pe9.oe9 (.text:ti_uia_loggers_LoggerStopMode_Object__delete__S)
                  c30518e0    00000030     ti.targets.arm.rtsarm.ae9 : Error.oe9 (.text:xdc_runtime_Error_raiseX__E)
                  c3051910    00000030                               : Memory.oe9 (.text:xdc_runtime_Memory_valloc__E)
                  c3051940    00000030                               : Registry.oe9 (.text:xdc_runtime_Registry_findById__E)
                  c3051970    00000030                               : SysMin.oe9 (.text:xdc_runtime_SysMin_exit__E)
                  c30519a0    0000002c     app_pe9.oe9 (.text:ti_sysbios_BIOS_errorRaiseHook__I)
                  c30519cc    0000002c     sysbios.ae9 : BIOS.obj (.text:ti_sysbios_family_arm_HwiCommon_Module_startup__E)
                  c30519f8    0000002c                 : BIOS.obj (.text:ti_sysbios_family_arm_da830_Hwi_disableInterrupt__E)
                  c3051a24    0000002c                 : BIOS.obj (.text:ti_sysbios_family_arm_da830_Hwi_enableInterrupt__E)
                  c3051a50    0000002c     app_pe9.oe9 (.text:ti_sysbios_gates_GateHwi_Handle__label__S)
                  c3051a7c    0000002c     app_pe9.oe9 (.text:ti_sysbios_gates_GateMutex_Handle__label__S)
                  c3051aa8    0000002c     app_pe9.oe9 (.text:ti_sysbios_heaps_HeapMem_Handle__label__S)
                  c3051ad4    0000002c     app_pe9.oe9 (.text:ti_sysbios_heaps_HeapTrack_Handle__label__S)
                  c3051b00    0000002c     app_pe9.oe9 (.text:ti_sysbios_knl_Semaphore_Object__destruct__S)
                  c3051b2c    0000002c     app_pe9.oe9 (.text:ti_uia_loggers_LoggerStopMode_Handle__label__S)
                  c3051b58    0000002c     ti.targets.arm.rtsarm.ae9 : Error.oe9 (.text:xdc_runtime_Error_check__E)
                  c3051b84    0000002c     app_pe9.oe9 (.text:xdc_runtime_LoggerBuf_Handle__label__S)
                  c3051bb0    00000028     app_pe9.oe9 (.text:free)
                  c3051bd8    00000028     app_pe9.oe9 (.text:ti_sysbios_BIOS_rtsUnlock__I)
                  c3051c00    00000028     app_pe9.oe9 (.text:ti_sysbios_family_arm_da830_Hwi_Module__startupDone__F)
                  c3051c28    00000028     sysbios.ae9 : BIOS.obj (.text:ti_sysbios_family_arm_da830_Hwi_handlerALL__I)
                  c3051c50    00000028                 : BIOS.obj (.text:ti_sysbios_gates_GateMutex_leave__E)
                  c3051c78    00000028     app_pe9.oe9 (.text:ti_sysbios_knl_Queue_Object__destruct__S)
                  c3051ca0    00000028     app_pe9.oe9 (.text:ti_sysbios_timers_timer64_Timer_Module__startupDone__F)
                  c3051cc8    00000028     sysbios.ae9 : BIOS.obj (.text:ti_sysbios_timers_timer64_TimestampProvider_startTimer__E)
                  c3051cf0    00000028     ti.targets.arm.rtsarm.ae9 : System.oe9 (.text:xdc_runtime_System_abort__E)
                  c3051d18    00000028     app_pe9.oe9 (.text:xdc_runtime_System_aprintf__E)
                  c3051d40    00000028     app_pe9.oe9 (.text:xdc_runtime_System_printf__E)
                  c3051d68    00000024     rtsv5_A_le_eabi.lib : _lock.obj (.text)
                  c3051d8c    00000024                         : ll_lsr32.obj (.text)
                  c3051db0    00000024     ti.uia.loggers.ae9 : LoggerStopMode.oe9 (.text:ti_uia_loggers_LoggerStopMode_disable__E)
                  c3051dd4    00000024                        : LoggerStopMode.oe9 (.text:ti_uia_loggers_LoggerStopMode_enable__E)
                  c3051df8    00000024     ti.targets.arm.rtsarm.ae9 : System.oe9 (.text:xdc_runtime_System_exit__E)
                  c3051e1c    00000020     rtsv5_A_le_eabi.lib : args_main.obj (.text)
                  c3051e3c    00000020                         : strlen.obj (.text)
                  c3051e5c    00000020     app_pe9.oe9 (.text:ti_sysbios_BIOS_exitFunc__I)
                  c3051e7c    00000020     sysbios.ae9 : BIOS.obj (.text:ti_sysbios_family_arm_da830_Hwi_switchFromBootStack__E)
                  c3051e9c    00000020     ti.targets.arm.rtsarm.ae9 : LoggerBuf.oe9 (.text:xdc_runtime_LoggerBuf_Instance_finalize__E)
                  c3051ebc    00000020                               : LoggerBuf.oe9 (.text:xdc_runtime_LoggerBuf_write2__E)
                  c3051edc    0000001c     sysbios.ae9 : arm_TaskSupport_asm.obj (.text:_ti_sysbios_family_arm_TaskSupport_glue)
                  c3051ef8    0000001c                 : arm9_Cache_asm.obj (.text:_ti_sysbios_family_arm_arm9_Cache_disableL1d__I)
                  c3051f14    0000001c                 : arm9_Cache_asm.obj (.text:_ti_sysbios_family_arm_arm9_Cache_getEnabled__E)
                  c3051f30    0000001c     rtsv5_A_le_eabi.lib : strcpy.obj (.text)
                  c3051f4c    0000001c     app_pe9.oe9 (.text:ti_sysbios_heaps_HeapMem_Object__get__S)
                  c3051f68    0000001c     app_pe9.oe9 (.text:ti_sysbios_knl_Mailbox_Object__get__S)
                  c3051f84    0000001c     app_pe9.oe9 (.text:ti_sysbios_knl_Swi_Object__get__S)
                  c3051fa0    0000001c     ti.uia.loggers.ae9 : LoggerStopMode.oe9 (.text:ti_uia_loggers_LoggerStopMode_isEmpty__E)
                  c3051fbc    0000001c     app_pe9.oe9 (.text:xdc_runtime_LoggerBuf_Object__get__S)
                  c3051fd8    0000001c     ti.targets.arm.rtsarm.ae9 : LoggerBuf.oe9 (.text:xdc_runtime_LoggerBuf_write0__E)
                  c3051ff4    0000001c                               : LoggerBuf.oe9 (.text:xdc_runtime_LoggerBuf_write1__E)
                  c3052010    0000001c     app_pe9.oe9 (.text:xdc_runtime_Startup_exec__I)
                  c305202c    0000001c     ti.targets.arm.rtsarm.ae9 : SysMin.oe9 (.text:xdc_runtime_SysMin_ready__E)
                  c3052048    0000001c                               : System.oe9 (.text:xdc_runtime_System_vsnprintf__E)
                  c3052064    0000001c                               : Text.oe9 (.text:xdc_runtime_Text_ropeText__E)
                  c3052080    00000018     sysbios.ae9 : arm9_Cache_asm.obj (.text:_ti_sysbios_family_arm_arm9_Cache_disableL1p__I)
                  c3052098    00000018                 : arm9_Cache_asm.obj (.text:_ti_sysbios_family_arm_arm9_Cache_enableL1p__I)
                  c30520b0    00000018                 : arm9_Mmu_asm.obj (.text:_ti_sysbios_family_arm_arm9_Mmu_disableAsm)
                  c30520c8    00000018                 : BIOS.obj (.text:ti_sysbios_BIOS_setThreadType__E)
                  c30520e0    00000018                 : BIOS.obj (.text:ti_sysbios_BIOS_start__E)
                  c30520f8    00000018                 : BIOS.obj (.text:ti_sysbios_hal_Hwi_Module_startup__E)
                  c3052110    00000018                 : BIOS.obj (.text:ti_sysbios_hal_Timer_Module_startup__E)
                  c3052128    00000018                 : BIOS.obj (.text:ti_sysbios_heaps_HeapTrack_isBlocking__E)
                  c3052140    00000018                 : BIOS.obj (.text:ti_sysbios_knl_Queue_empty__E)
                  c3052158    00000018                 : BIOS.obj (.text:ti_sysbios_knl_Swi_disable__E)
                  c3052170    00000018     app_pe9.oe9 (.text:ti_sysbios_knl_Task_Object__get__S)
                  c3052188    00000018     sysbios.ae9 : BIOS.obj (.text:ti_sysbios_knl_Task_disable__E)
                  c30521a0    00000018                 : BIOS.obj (.text:ti_sysbios_timers_timer64_TimestampProvider_rolloverFunc__E)
                  c30521b8    00000018     app_pe9.oe9 (.text:ti_uia_loggers_LoggerStopMode_Object__get__S)
                  c30521d0    00000018     ti.targets.arm.rtsarm.ae9 : Error.oe9 (.text:xdc_runtime_Error_init__E)
                  c30521e8    00000014     sysbios.ae9 : arm9_Cache_asm.obj (.text:_ti_sysbios_family_arm_arm9_Cache_enableL1d__I)
                  c30521fc    00000014                 : arm9_Mmu_asm.obj (.text:_ti_sysbios_family_arm_arm9_Mmu_isEnabled)
                  c3052210    00000014     rtsv5_A_le_eabi.lib : copy_decompress_none.obj (.text:decompress:none)
                  c3052224    00000014     sysbios.ae9 : BIOS.obj (.text:ti_sysbios_family_arm_TaskSupport_checkStack__E)
                  c3052238    00000014                 : BIOS.obj (.text:ti_sysbios_gates_GateMutex_Instance_finalize__E)
                  c305224c    00000014     app_pe9.oe9 (.text:ti_sysbios_knl_Queue_Object__get__S)
                  c3052260    00000014     sysbios.ae9 : BIOS.obj (.text:ti_sysbios_knl_Semaphore_Instance_finalize__E)
                  c3052274    00000014                 : BIOS.obj (.text:ti_sysbios_timers_timer64_TimestampProvider_getFreq__E)
                  c3052288    00000014     ti.targets.arm.rtsarm.ae9 : Gate.oe9 (.text:xdc_runtime_Gate_leaveSystem__E)
                  c305229c    00000014     app_pe9.oe9 (.text:xdc_runtime_IHeap_alloc)
                  c30522b0    00000014     app_pe9.oe9 (.text:xdc_runtime_IHeap_free)
                  c30522c4    00000014     app_pe9.oe9 (.text:xdc_runtime_IHeap_getStats)
                  c30522d8    00000014     ti.targets.arm.rtsarm.ae9 : LoggerBuf.oe9 (.text:xdc_runtime_LoggerBuf_disable__E)
                  c30522ec    00000014                               : LoggerBuf.oe9 (.text:xdc_runtime_LoggerBuf_enable__E)
                  c3052300    00000014                               : Memory.oe9 (.text:xdc_runtime_Memory_calloc__E)
                  c3052314    00000014                               : Memory.oe9 (.text:xdc_runtime_Memory_free__E)
                  c3052328    00000014                               : Memory.oe9 (.text:xdc_runtime_Memory_getStats__E)
                  c305233c    00000010     sysbios.ae9 : arm_TaskSupport_asm.obj (.text:_ti_sysbios_family_arm_TaskSupport_swap__E)
                  c305234c    00000010                 : arm9_Cache_asm.obj (.text:_ti_sysbios_family_arm_arm9_Cache_wbInvAll__E)
                  c305235c    00000010                 : BIOS.obj (.text:ti_sysbios_family_arm_da830_Hwi_clearInterrupt__E)
                  c305236c    00000010                 : BIOS.obj (.text:ti_sysbios_family_arm_da830_Hwi_startup__E)
                  c305237c    00000010                 : BIOS.obj (.text:ti_sysbios_family_arm_exc_Exception_Module_startup__E)
                  c305238c    00000010                 : BIOS.obj (.text:ti_sysbios_gates_GateHwi_enter__E)
                  c305239c    00000010     ti.targets.arm.rtsarm.ae9 : Gate.oe9 (.text:xdc_runtime_Gate_enterSystem__E)
                  c30523ac    00000010                               : Memory.oe9 (.text:xdc_runtime_Memory_getMaxDefaultTypeAlign__E)
                  c30523bc    00000010                               : Startup.oe9 (.text:xdc_runtime_Startup_rtsDone__E)
                  c30523cc    0000000c     sysbios.ae9 : BIOS.obj (.text:ti_sysbios_knl_Idle_loop__E)
                  c30523d8    0000000c                 : BIOS.obj (.text:ti_sysbios_knl_Queue_Instance_init__E)
                  c30523e4    0000000c     app_pe9.oe9 (.text:xdc_runtime_Text_visitRope__I)
                  c30523f0    00000008     sysbios.ae9 : arm9_Cache_asm.obj (.text:_ti_sysbios_family_arm_arm9_Cache_invL1dAll__E)
                  c30523f8    00000008                 : arm9_Cache_asm.obj (.text:_ti_sysbios_family_arm_arm9_Cache_invL1pAll__E)
                  c3052400    00000008                 : arm9_Cache_asm.obj (.text:_ti_sysbios_family_arm_arm9_Cache_wait__E)
                  c3052408    00000008     rtsv5_A_le_eabi.lib : copy_decompress_rle.obj (.text:decompress:rle24)
                  c3052410    00000008     platform.lib : edma.obj (.text)
                  c3052418    00000008     app_pe9.oe9 (.text:ti_sysbios_family_arm_TaskSupport_Module__startupDone__S)
                  c3052420    00000008     sysbios.ae9 : BIOS.obj (.text:ti_sysbios_gates_GateHwi_leave__E)
                  c3052428    00000008                 : BIOS.obj (.text:ti_sysbios_gates_GateHwi_query__E)
                  c3052430    00000008                 : BIOS.obj (.text:ti_sysbios_gates_GateMutex_query__E)
                  c3052438    00000008                 : BIOS.obj (.text:ti_sysbios_heaps_HeapMem_isBlocking__E)
                  c3052440    00000008                 : BIOS.obj (.text:ti_sysbios_heaps_HeapTrack_getStats__E)
                  c3052448    00000008                 : BIOS.obj (.text:ti_sysbios_timers_timer64_Timer_getMaxTicks__E)
                  c3052450    00000008     ti.uia.loggers.ae9 : LoggerStopMode.oe9 (.text:ti_uia_loggers_LoggerStopMode_getContents__E)
                  c3052458    00000008     app_pe9.oe9 (.text:ti_uia_loggers_LoggerStopMode_getFilterLevel__E)
                  c3052460    00000008     ti.uia.loggers.ae9 : LoggerStopMode.oe9 (.text:ti_uia_loggers_LoggerStopMode_getInstanceId__E)
                  c3052468    00000008                        : LoggerStopMode.oe9 (.text:ti_uia_loggers_LoggerStopMode_getMaxLength__E)
                  c3052470    00000008                        : LoggerStopMode.oe9 (.text:ti_uia_loggers_LoggerStopMode_getPriority__E)
                  c3052478    00000008                        : LoggerStopMode.oe9 (.text:ti_uia_loggers_LoggerStopMode_getTransferType__E)
                  c3052480    00000008     ti.targets.arm.rtsarm.ae9 : Error.oe9 (.text:xdc_runtime_Error_getSite__E)
                  c3052488    00000008                               : System.oe9 (.text:xdc_runtime_System_Module_startup__E)
                  c3052490    00000004     rtsv5_A_le_eabi.lib : i_div0.obj (.text)
                  c3052494    00000004     app_pe9.oe9 (.text:ti_sysbios_BIOS_RtsGateProxy_enter__E)
                  c3052498    00000004     app_pe9.oe9 (.text:ti_sysbios_BIOS_RtsGateProxy_leave__E)
                  c305249c    00000004     sysbios.ae9 : BIOS.obj (.text:ti_sysbios_BIOS_linkedWithIncorrectBootLibrary__E)
                  c30524a0    00000004     app_pe9.oe9 (.text:ti_sysbios_BIOS_nullFunc__I)
                  c30524a4    00000004     sysbios.ae9 : BIOS.obj (.text:ti_sysbios_family_arm_da830_Hwi_spuriousInt__I)
                  c30524a8    00000004                 : BIOS.obj (.text:ti_sysbios_gates_GateHwi_Instance_init__E)
                  c30524ac    00000004     app_pe9.oe9 (.text:ti_sysbios_heaps_HeapMem_Module_GateProxy_enter__E)
                  c30524b0    00000004     app_pe9.oe9 (.text:ti_sysbios_heaps_HeapMem_Module_GateProxy_leave__E)
                  c30524b4    00000004     app_pe9.oe9 (.text:ti_sysbios_knl_Clock_TimerProxy_getMaxTicks__E)
                  c30524b8    00000004     app_pe9.oe9 (.text:ti_sysbios_knl_Queue_destruct)
                  c30524bc    00000004     app_pe9.oe9 (.text:ti_sysbios_knl_Semaphore_destruct)
                  c30524c0    00000004     sysbios.ae9 : BIOS.obj (.text:ti_sysbios_knl_Task_startup__E)
                  c30524c4    00000004     app_pe9.oe9 (.text:ti_uia_loggers_LoggerStopMode_setFilterLevel__E)
                  c30524c8    00000004     ti.uia.loggers.ae9 : LoggerStopMode.oe9 (.text:ti_uia_loggers_LoggerStopMode_setPriority__E)
                  c30524cc    00000004     app_pe9.oe9 (.text:xdc_runtime_LoggerBuf_Module_GateProxy_enter__E)
                  c30524d0    00000004     app_pe9.oe9 (.text:xdc_runtime_LoggerBuf_Module_GateProxy_leave__E)
                  c30524d4    00000004     app_pe9.oe9 (.text:xdc_runtime_Startup_reset__I)
                  c30524d8    00000004     app_pe9.oe9 (.text:xdc_runtime_System_Module_GateProxy_enter__E)
                  c30524dc    00000004     app_pe9.oe9 (.text:xdc_runtime_System_Module_GateProxy_leave__E)
                  c30524e0    00000004     ti.targets.arm.rtsarm.ae9 : System.oe9 (.text:xdc_runtime_System_aprintf_va__F)
                  c30524e4    00000004                               : System.oe9 (.text:xdc_runtime_System_printf_va__F)

.data      0    c30524e8    00000a36     UNINITIALIZED
                  c30524e8    0000022c     app_pe9.oe9 (.data:ti_sysbios_family_arm_da830_Hwi_Module__state__V)
                  c3052714    00000100     app_pe9.oe9 (.data:ti_sysbios_knl_Task_Module_State_0_readyQ__A)
                  c3052814    000000a0     app_pe9.oe9 (.data:ti_sysbios_knl_Mailbox_Object__table__V)
                  c30528b4    0000009c     app_pe9.oe9 (.data:ti_uia_loggers_LoggerStopMode_Object__table__V)
                  c3052950    00000098     app_pe9.oe9 (.data:ti_sysbios_timers_timer64_Timer_Object__table__V)
                  c30529e8    00000098     app_pe9.oe9 (.data:ti_sysbios_utils_Load_Module__state__V)
                  c3052a80    00000080     app_pe9.oe9 (.data:ti_sysbios_knl_Swi_Module_State_0_readyQ__A)
                  c3052b00    00000060     app_pe9.oe9 (.data:ti_sysbios_timers_timer64_Timer_Module_State_0_device__A)
                  c3052b60    0000004c     app_pe9.oe9 (.data:ti_sysbios_knl_Task_Object__table__V)
                  c3052bac    00000044     app_pe9.oe9 (.data:ti_sysbios_knl_Task_Module__state__V)
                  c3052bf0    00000038     app_pe9.oe9 (.data:ti_sysbios_family_arm_da830_Hwi_Object__table__V)
                  c3052c28    00000038     app_pe9.oe9 (.data:ti_sysbios_gates_GateMutex_Object__table__V)
                  c3052c60    00000030     app_pe9.oe9 (.data:ti_sysbios_knl_Swi_Object__table__V)
                  c3052c90    0000002c     app_pe9.oe9 (.data:ti_sysbios_knl_Clock_Module__state__V)
                  c3052cbc    00000024     app_pe9.oe9 (.data:ti_sysbios_BIOS_Module__state__V)
                  c3052ce0    00000024     app_pe9.oe9 (.data:xdc_runtime_LoggerBuf_Object__table__V)
                  c3052d04    00000020     app_pe9.oe9 (.data:ti_sysbios_heaps_HeapTrack_Object__table__V)
                  c3052d24    00000020     app_pe9.oe9 (.data:ti_sysbios_knl_Clock_Object__table__V)
                  c3052d44    00000020     app_pe9.oe9 (.data:ti_sysbios_timers_timer64_Timer_Module_State_0_handles__A)
                  c3052d64    00000020     app_pe9.oe9 (.data:ti_sysbios_timers_timer64_Timer_Module_State_0_intFreqs__A)
                  c3052d84    00000020     app_pe9.oe9 (.data:xdc_runtime_System_Module_State_0_atexitHandlers__A)
                  c3052da4    0000001c     app_pe9.oe9 (.data:ti_sysbios_knl_Swi_Module__state__V)
                  c3052dc0    00000018     app_pe9.oe9 (.data:ti_sysbios_heaps_HeapMem_Object__table__V)
                  c3052dd8    00000018     app_pe9.oe9 (.data:ti_sysbios_timers_timer64_Timer_Module_State_0_gctrl__A)
                  c3052df0    00000018     app_pe9.oe9 (.data:ti_sysbios_timers_timer64_Timer_Module__state__V)
                  c3052e08    00000014     app_pe9.oe9 (.data:ti_sysbios_family_arm_exc_Exception_Module__state__V)
                  c3052e1c    00000010     app_pe9.oe9 (.data:ti_sysbios_family_arm_HwiCommon_Module__state__V)
                  c3052e2c    00000010     app_pe9.oe9 (.data:ti_sysbios_hal_Hwi_Object__table__V)
                  c3052e3c    0000000c     rtsv5_A_le_eabi.lib : exit.obj (.data:$O1$$)
                  c3052e48    0000000c     app_pe9.oe9 (.data:ti_sysbios_knl_Task_Module__root__V)
                  c3052e54    0000000c     app_pe9.oe9 (.data:ti_uia_runtime_QueueDescriptor_Module__state__V)
                  c3052e60    0000000c     app_pe9.oe9 (.data:xdc_runtime_SysMin_Module__state__V)
                  c3052e6c    00000008     rtsv5_A_le_eabi.lib : _lock.obj (.data:$O1$$)
                  c3052e74    00000008     ti.uia.runtime.ae9 : QueueDescriptor.oe9 (.data)
                  c3052e7c    00000008     app_pe9.oe9 (.data:ti_sysbios_gates_GateHwi_Module__root__V)
                  c3052e84    00000008     app_pe9.oe9 (.data:ti_sysbios_gates_GateMutex_Module__root__V)
                  c3052e8c    00000008     app_pe9.oe9 (.data:ti_sysbios_heaps_HeapMem_Module__root__V)
                  c3052e94    00000008     app_pe9.oe9 (.data:ti_sysbios_heaps_HeapTrack_Module__root__V)
                  c3052e9c    00000008     app_pe9.oe9 (.data:ti_sysbios_knl_Queue_Module__root__V)
                  c3052ea4    00000008     app_pe9.oe9 (.data:ti_sysbios_knl_Queue_Object__table__V)
                  c3052eac    00000008     app_pe9.oe9 (.data:ti_sysbios_knl_Semaphore_Module__root__V)
                  c3052eb4    00000008     app_pe9.oe9 (.data:ti_sysbios_timers_timer64_TimestampProvider_Module__state__V)
                  c3052ebc    00000008     app_pe9.oe9 (.data:ti_uia_loggers_LoggerStopMode_Module__root__V)
                  c3052ec4    00000008     app_pe9.oe9 (.data:xdc_runtime_LoggerBuf_Module__root__V)
                  c3052ecc    00000008     app_pe9.oe9 (.data:xdc_runtime_Registry_Module__state__V)
                  c3052ed4    00000008     app_pe9.oe9 (.data:xdc_runtime_Startup_Module__state__V)
                  c3052edc    00000008     app_pe9.oe9 (.data:xdc_runtime_System_Module__state__V)
                  c3052ee4    00000006     app_pe9.oe9 (.data:xdc_runtime_LoggerBuf_Module__state__V)
                  c3052eea    00000002     app_pe9.oe9 (.data:ti_sysbios_family_arm_da830_TimerSupport_Module_State_0_suspSrc__A)
                  c3052eec    00000004     rtsv5_A_le_eabi.lib : stkdepth_vars.obj (.data)
                  c3052ef0    00000004     app_pe9.oe9 (.data:ti_sysbios_family_arm_arm9_Mmu_Module__state__V)
                  c3052ef4    00000004     app_pe9.oe9 (.data:ti_sysbios_family_arm_da830_TimerSupport_Module__state__V)
                  c3052ef8    00000004     app_pe9.oe9 (.data:ti_sysbios_family_arm_exc_Exception_Module_State_0_excContext__A)
                  c3052efc    00000004     app_pe9.oe9 (.data:ti_sysbios_family_arm_exc_Exception_Module_State_0_excStackBuffers__A)
                  c3052f00    00000004     app_pe9.oe9 (.data:ti_sysbios_family_arm_exc_Exception_Module_State_0_excStack__A)
                  c3052f04    00000004     app_pe9.oe9 (.data:ti_sysbios_gates_GateHwi_Object__table__V)
                  c3052f08    00000004     app_pe9.oe9 (.data:ti_sysbios_knl_Task_Module_State_0_idleTask__A)
                  c3052f0c    00000004     app_pe9.oe9 (.data:ti_sysbios_utils_Load_Module_State_0_runningTask__A)
                  c3052f10    00000004     app_pe9.oe9 (.data:ti_sysbios_utils_Load_Module_State_0_taskStartTime__A)
                  c3052f14    00000004     app_pe9.oe9 (.data:xdc_runtime_Memory_Module__state__V)
                  c3052f18    00000002     app_pe9.oe9 (.data:ti_sysbios_family_arm_exc_Exception_Module_State_0_excActive__A)
                  c3052f1a    00000002     app_pe9.oe9 (.data:xdc_runtime_Error_Module__state__V)
                  c3052f1c    00000001     main.obj (.data)
                  c3052f1d    00000001     watchdog.obj (.data)

.const     0    c3052f20    000006db     
                  c3052f20    00000060     app_pe9.oe9 (.const:ti_uia_loggers_LoggerStopMode_Module__FXNS__C)
                  c3052f80    00000048     app_pe9.oe9 (.const:.string)
                  c3052fc8    00000040     app_pe9.oe9 (.const:xdc_runtime_Startup_sfxnTab__A)
                  c3053008    0000003c     app_pe9.oe9 (.const:xdc_runtime_LoggerBuf_Module__FXNS__C)
                  c3053044    00000028     app_pe9.oe9 (.const:ti_sysbios_heaps_HeapMem_Module__FXNS__C)
                  c305306c    00000028     app_pe9.oe9 (.const:ti_sysbios_heaps_HeapTrack_Module__FXNS__C)
                  c3053094    00000028     app_pe9.oe9 (.const:ti_uia_loggers_LoggerStopMode_Object__PARAMS__C)
                  c30530bc    00000024     app_pe9.oe9 (.const:ti_sysbios_gates_GateHwi_Module__FXNS__C)
                  c30530e0    00000024     app_pe9.oe9 (.const:ti_sysbios_gates_GateMutex_Module__FXNS__C)
                  c3053104    00000024     app_pe9.oe9 (.const:ti_sysbios_heaps_HeapMem_Object__PARAMS__C)
                  c3053128    00000024     app_pe9.oe9 (.const:ti_sysbios_knl_Semaphore_Object__PARAMS__C)
                  c305314c    00000024     app_pe9.oe9 (.const:xdc_runtime_LoggerBuf_Object__PARAMS__C)
                  c3053170    00000020     app_pe9.oe9 (.const:ti_sysbios_gates_GateHwi_Object__DESC__C)
                  c3053190    00000020     app_pe9.oe9 (.const:ti_sysbios_gates_GateMutex_Object__DESC__C)
                  c30531b0    00000020     app_pe9.oe9 (.const:ti_sysbios_heaps_HeapMem_Object__DESC__C)
                  c30531d0    00000020     app_pe9.oe9 (.const:ti_sysbios_heaps_HeapTrack_Object__DESC__C)
                  c30531f0    00000020     app_pe9.oe9 (.const:ti_sysbios_knl_Queue_Object__DESC__C)
                  c3053210    00000020     app_pe9.oe9 (.const:ti_sysbios_knl_Semaphore_Object__DESC__C)
                  c3053230    00000020     app_pe9.oe9 (.const:ti_uia_loggers_LoggerStopMode_Object__DESC__C)
                  c3053250    00000020     app_pe9.oe9 (.const:xdc_runtime_LoggerBuf_Object__DESC__C)
                  c3053270    00000020     app_pe9.oe9 (.const:xdc_runtime_Startup_sfxnRts__A)
                  c3053290    0000001c     app_pe9.oe9 (.const:ti_sysbios_heaps_HeapTrack_Object__PARAMS__C)
                  c30532ac    00000018     app_pe9.oe9 (.const:ti_sysbios_gates_GateHwi_Object__PARAMS__C)
                  c30532c4    00000018     app_pe9.oe9 (.const:ti_sysbios_gates_GateMutex_Object__PARAMS__C)
                  c30532dc    00000018     app_pe9.oe9 (.const:ti_sysbios_knl_Queue_Object__PARAMS__C)
                  c30532f4    00000011     ti.targets.arm.rtsarm.ae9 : System.oe9 (.const:.string)
                  c3053305    00000001     app_pe9.oe9 (.const:xdc_runtime_Error_policy__C)
                  c3053306    00000002     app_pe9.oe9 (.const:ti_sysbios_family_arm_arm9_Cache_enableCache__C)
                  c3053308    0000000c     app_pe9.oe9 (.const:xdc_runtime_Startup_firstFxns__A)
                  c3053314    00000008     app_pe9.oe9 (.const:ti_sysbios_knl_Idle_funcList__A)
                  c305331c    00000008     app_pe9.oe9 (.const:ti_sysbios_knl_Idle_funcList__C)
                  c3053324    00000008     app_pe9.oe9 (.const:xdc_runtime_Startup_firstFxns__C)
                  c305332c    00000008     app_pe9.oe9 (.const:xdc_runtime_Startup_lastFxns__C)
                  c3053334    00000004     app_pe9.oe9 (.const:ti_sysbios_family_arm_da830_Hwi_A_unsupportedMaskingOption__C)
                  c3053338    00000004     app_pe9.oe9 (.const:ti_sysbios_family_arm_da830_Hwi_E_alreadyDefined__C)
                  c305333c    00000004     app_pe9.oe9 (.const:ti_sysbios_family_arm_da830_Hwi_LD_end__C)
                  c3053340    00000004     app_pe9.oe9 (.const:ti_sysbios_family_arm_da830_Hwi_LM_begin__C)
                  c3053344    00000004     app_pe9.oe9 (.const:ti_sysbios_family_arm_da830_Hwi_Module__diagsEnabled__C)
                  c3053348    00000004     app_pe9.oe9 (.const:ti_sysbios_family_arm_da830_Hwi_Module__diagsIncluded__C)
                  c305334c    00000004     app_pe9.oe9 (.const:ti_sysbios_family_arm_da830_Hwi_Module__diagsMask__C)
                  c3053350    00000004     app_pe9.oe9 (.const:ti_sysbios_family_arm_da830_Hwi_Module__loggerFxn1__C)
                  c3053354    00000004     app_pe9.oe9 (.const:ti_sysbios_family_arm_da830_Hwi_Module__loggerFxn4__C)
                  c3053358    00000004     app_pe9.oe9 (.const:ti_sysbios_family_arm_da830_Hwi_Module__loggerFxn8__C)
                  c305335c    00000004     app_pe9.oe9 (.const:ti_sysbios_family_arm_da830_Hwi_Module__loggerObj__C)
                  c3053360    00000004     app_pe9.oe9 (.const:ti_sysbios_family_arm_da830_Hwi_taskDisable__C)
                  c3053364    00000004     app_pe9.oe9 (.const:ti_sysbios_family_arm_da830_Hwi_taskRestoreHwi__C)
                  c3053368    00000004     app_pe9.oe9 (.const:ti_sysbios_family_arm_exc_Exception_E_dataAbort__C)
                  c305336c    00000004     app_pe9.oe9 (.const:ti_sysbios_family_arm_exc_Exception_E_prefetchAbort__C)
                  c3053370    00000004     app_pe9.oe9 (.const:ti_sysbios_family_arm_exc_Exception_E_swi__C)
                  c3053374    00000004     app_pe9.oe9 (.const:ti_sysbios_family_arm_exc_Exception_E_undefinedInstruction__C)
                  c3053378    00000004     app_pe9.oe9 (.const:ti_sysbios_family_arm_exc_Exception_excHookFuncs__A)
                  c305337c    00000004     app_pe9.oe9 (.const:ti_sysbios_family_arm_exc_Exception_excHookFuncs__C)
                  c3053380    00000004     app_pe9.oe9 (.const:ti_sysbios_gates_GateMutex_A_badContext__C)
                  c3053384    00000004     app_pe9.oe9 (.const:ti_sysbios_gates_GateMutex_Instance_State_sem__O)
                  c3053388    00000004     app_pe9.oe9 (.const:ti_sysbios_gates_GateMutex_Module__diagsEnabled__C)
                  c305338c    00000004     app_pe9.oe9 (.const:ti_sysbios_gates_GateMutex_Module__diagsIncluded__C)
                  c3053390    00000004     app_pe9.oe9 (.const:ti_sysbios_gates_GateMutex_Module__diagsMask__C)
                  c3053394    00000004     app_pe9.oe9 (.const:ti_sysbios_hal_Hwi_E_stackOverflow__C)
                  c3053398    00000004     app_pe9.oe9 (.const:ti_sysbios_heaps_HeapMem_A_align__C)
                  c305339c    00000004     app_pe9.oe9 (.const:ti_sysbios_heaps_HeapMem_A_heapSize__C)
                  c30533a0    00000004     app_pe9.oe9 (.const:ti_sysbios_heaps_HeapMem_A_invalidFree__C)
                  c30533a4    00000004     app_pe9.oe9 (.const:ti_sysbios_heaps_HeapMem_A_zeroBlock__C)
                  c30533a8    00000004     app_pe9.oe9 (.const:ti_sysbios_heaps_HeapMem_E_memory__C)
                  c30533ac    00000004     app_pe9.oe9 (.const:ti_sysbios_heaps_HeapMem_Module__diagsEnabled__C)
                  c30533b0    00000004     app_pe9.oe9 (.const:ti_sysbios_heaps_HeapMem_Module__diagsIncluded__C)
                  c30533b4    00000004     app_pe9.oe9 (.const:ti_sysbios_heaps_HeapMem_Module__diagsMask__C)
                  c30533b8    00000004     app_pe9.oe9 (.const:ti_sysbios_heaps_HeapMem_Module__gateObj__C)
                  c30533bc    00000004     app_pe9.oe9 (.const:ti_sysbios_heaps_HeapMem_Object__count__C)
                  c30533c0    00000004     app_pe9.oe9 (.const:ti_sysbios_heaps_HeapMem_reqAlign__C)
                  c30533c4    00000004     app_pe9.oe9 (.const:ti_sysbios_heaps_HeapTrack_A_bufOverflow__C)
                  c30533c8    00000004     app_pe9.oe9 (.const:ti_sysbios_heaps_HeapTrack_A_doubleFree__C)
                  c30533cc    00000004     app_pe9.oe9 (.const:ti_sysbios_heaps_HeapTrack_A_notEmpty__C)
                  c30533d0    00000004     app_pe9.oe9 (.const:ti_sysbios_heaps_HeapTrack_Instance_State_trackQueue__O)
                  c30533d4    00000004     app_pe9.oe9 (.const:ti_sysbios_heaps_HeapTrack_Module__diagsEnabled__C)
                  c30533d8    00000004     app_pe9.oe9 (.const:ti_sysbios_heaps_HeapTrack_Module__diagsIncluded__C)
                  c30533dc    00000004     app_pe9.oe9 (.const:ti_sysbios_heaps_HeapTrack_Module__diagsMask__C)
                  c30533e0    00000004     app_pe9.oe9 (.const:ti_sysbios_knl_Clock_LM_begin__C)
                  c30533e4    00000004     app_pe9.oe9 (.const:ti_sysbios_knl_Clock_LM_tick__C)
                  c30533e8    00000004     app_pe9.oe9 (.const:ti_sysbios_knl_Clock_LW_delayed__C)
                  c30533ec    00000004     app_pe9.oe9 (.const:ti_sysbios_knl_Clock_Module_State_clockQ__O)
                  c30533f0    00000004     app_pe9.oe9 (.const:ti_sysbios_knl_Clock_Module__diagsEnabled__C)
                  c30533f4    00000004     app_pe9.oe9 (.const:ti_sysbios_knl_Clock_Module__diagsIncluded__C)
                  c30533f8    00000004     app_pe9.oe9 (.const:ti_sysbios_knl_Clock_Module__diagsMask__C)
                  c30533fc    00000004     app_pe9.oe9 (.const:ti_sysbios_knl_Clock_Module__loggerFxn1__C)
                  c3053400    00000004     app_pe9.oe9 (.const:ti_sysbios_knl_Clock_Module__loggerFxn2__C)
                  c3053404    00000004     app_pe9.oe9 (.const:ti_sysbios_knl_Clock_Module__loggerObj__C)
                  c3053408    00000004     app_pe9.oe9 (.const:ti_sysbios_knl_Mailbox_Instance_State_freeQue__O)
                  c305340c    00000004     app_pe9.oe9 (.const:ti_sysbios_knl_Mailbox_Object__count__C)
                  c3053410    00000004     app_pe9.oe9 (.const:ti_sysbios_knl_Mailbox_maxTypeAlign__C)
                  c3053414    00000004     app_pe9.oe9 (.const:ti_sysbios_knl_Semaphore_A_badContext__C)
                  c3053418    00000004     app_pe9.oe9 (.const:ti_sysbios_knl_Semaphore_A_noEvents__C)
                  c305341c    00000004     app_pe9.oe9 (.const:ti_sysbios_knl_Semaphore_A_overflow__C)
                  c3053420    00000004     app_pe9.oe9 (.const:ti_sysbios_knl_Semaphore_A_pendTaskDisabled__C)
                  c3053424    00000004     app_pe9.oe9 (.const:ti_sysbios_knl_Semaphore_Instance_State_pendQ__O)
                  c3053428    00000004     app_pe9.oe9 (.const:ti_sysbios_knl_Semaphore_LM_pend__C)
                  c305342c    00000004     app_pe9.oe9 (.const:ti_sysbios_knl_Semaphore_LM_post__C)
                  c3053430    00000004     app_pe9.oe9 (.const:ti_sysbios_knl_Semaphore_Module__diagsEnabled__C)
                  c3053434    00000004     app_pe9.oe9 (.const:ti_sysbios_knl_Semaphore_Module__diagsIncluded__C)
                  c3053438    00000004     app_pe9.oe9 (.const:ti_sysbios_knl_Semaphore_Module__diagsMask__C)
                  c305343c    00000004     app_pe9.oe9 (.const:ti_sysbios_knl_Semaphore_Module__loggerFxn2__C)
                  c3053440    00000004     app_pe9.oe9 (.const:ti_sysbios_knl_Semaphore_Module__loggerFxn4__C)
                  c3053444    00000004     app_pe9.oe9 (.const:ti_sysbios_knl_Semaphore_Module__loggerObj__C)
                  c3053448    00000004     app_pe9.oe9 (.const:ti_sysbios_knl_Swi_LD_end__C)
                  c305344c    00000004     app_pe9.oe9 (.const:ti_sysbios_knl_Swi_LM_begin__C)
                  c3053450    00000004     app_pe9.oe9 (.const:ti_sysbios_knl_Swi_LM_post__C)
                  c3053454    00000004     app_pe9.oe9 (.const:ti_sysbios_knl_Swi_Module__diagsEnabled__C)
                  c3053458    00000004     app_pe9.oe9 (.const:ti_sysbios_knl_Swi_Module__diagsIncluded__C)
                  c305345c    00000004     app_pe9.oe9 (.const:ti_sysbios_knl_Swi_Module__diagsMask__C)
                  c3053460    00000004     app_pe9.oe9 (.const:ti_sysbios_knl_Swi_Module__loggerFxn1__C)
                  c3053464    00000004     app_pe9.oe9 (.const:ti_sysbios_knl_Swi_Module__loggerFxn4__C)
                  c3053468    00000004     app_pe9.oe9 (.const:ti_sysbios_knl_Swi_Module__loggerObj__C)
                  c305346c    00000004     app_pe9.oe9 (.const:ti_sysbios_knl_Swi_Object__count__C)
                  c3053470    00000004     app_pe9.oe9 (.const:ti_sysbios_knl_Task_E_spOutOfBounds__C)
                  c3053474    00000004     app_pe9.oe9 (.const:ti_sysbios_knl_Task_E_stackOverflow__C)
                  c3053478    00000004     app_pe9.oe9 (.const:ti_sysbios_knl_Task_LD_block__C)
                  c305347c    00000004     app_pe9.oe9 (.const:ti_sysbios_knl_Task_LD_exit__C)
                  c3053480    00000004     app_pe9.oe9 (.const:ti_sysbios_knl_Task_LD_ready__C)
                  c3053484    00000004     app_pe9.oe9 (.const:ti_sysbios_knl_Task_LM_switch__C)
                  c3053488    00000004     app_pe9.oe9 (.const:ti_sysbios_knl_Task_Module_State_inactiveQ__O)
                  c305348c    00000004     app_pe9.oe9 (.const:ti_sysbios_knl_Task_Module__diagsEnabled__C)
                  c3053490    00000004     app_pe9.oe9 (.const:ti_sysbios_knl_Task_Module__diagsIncluded__C)
                  c3053494    00000004     app_pe9.oe9 (.const:ti_sysbios_knl_Task_Module__diagsMask__C)
                  c3053498    00000004     app_pe9.oe9 (.const:ti_sysbios_knl_Task_Module__loggerFxn2__C)
                  c305349c    00000004     app_pe9.oe9 (.const:ti_sysbios_knl_Task_Module__loggerFxn4__C)
                  c30534a0    00000004     app_pe9.oe9 (.const:ti_sysbios_knl_Task_Module__loggerObj__C)
                  c30534a4    00000004     app_pe9.oe9 (.const:ti_sysbios_knl_Task_Object__count__C)
                  c30534a8    00000004     app_pe9.oe9 (.const:ti_sysbios_knl_Task_allBlockedFunc__C)
                  c30534ac    00000004     app_pe9.oe9 (.const:ti_sysbios_knl_Task_numConstructedTasks__C)
                  c30534b0    00000004     app_pe9.oe9 (.const:ti_sysbios_timers_timer64_Timer_E_cannotSupport__C)
                  c30534b4    00000004     app_pe9.oe9 (.const:ti_sysbios_timers_timer64_Timer_Module__diagsEnabled__C)
                  c30534b8    00000004     app_pe9.oe9 (.const:ti_sysbios_timers_timer64_Timer_Module__diagsIncluded__C)
                  c30534bc    00000004     app_pe9.oe9 (.const:ti_sysbios_timers_timer64_Timer_Module__diagsMask__C)
                  c30534c0    00000004     app_pe9.oe9 (.const:ti_sysbios_timers_timer64_Timer_freqDivisor__C)
                  c30534c4    00000004     app_pe9.oe9 (.const:ti_sysbios_timers_timer64_Timer_numTimerDevices__C)
                  c30534c8    00000004     app_pe9.oe9 (.const:ti_sysbios_timers_timer64_TimestampProvider_Module__diagsEnabled__C)
                  c30534cc    00000004     app_pe9.oe9 (.const:ti_sysbios_timers_timer64_TimestampProvider_Module__diagsIncluded__C)
                  c30534d0    00000004     app_pe9.oe9 (.const:ti_sysbios_timers_timer64_TimestampProvider_Module__diagsMask__C)
                  c30534d4    00000004     app_pe9.oe9 (.const:ti_sysbios_utils_Load_LS_cpuLoad__C)
                  c30534d8    00000004     app_pe9.oe9 (.const:ti_sysbios_utils_Load_Module__diagsEnabled__C)
                  c30534dc    00000004     app_pe9.oe9 (.const:ti_sysbios_utils_Load_Module__diagsIncluded__C)
                  c30534e0    00000004     app_pe9.oe9 (.const:ti_sysbios_utils_Load_Module__diagsMask__C)
                  c30534e4    00000004     app_pe9.oe9 (.const:ti_sysbios_utils_Load_Module__loggerFxn1__C)
                  c30534e8    00000004     app_pe9.oe9 (.const:ti_sysbios_utils_Load_Module__loggerObj__C)
                  c30534ec    00000004     app_pe9.oe9 (.const:ti_sysbios_utils_Load_postUpdate__C)
                  c30534f0    00000004     app_pe9.oe9 (.const:ti_sysbios_utils_Load_windowInMs__C)
                  c30534f4    00000004     app_pe9.oe9 (.const:ti_uia_loggers_LoggerStopMode_Module__diagsEnabled__C)
                  c30534f8    00000004     app_pe9.oe9 (.const:ti_uia_loggers_LoggerStopMode_Module__diagsIncluded__C)
                  c30534fc    00000004     app_pe9.oe9 (.const:ti_uia_loggers_LoggerStopMode_Module__diagsMask__C)
                  c3053500    00000004     app_pe9.oe9 (.const:ti_uia_loggers_LoggerStopMode_Object__count__C)
                  c3053504    00000004     app_pe9.oe9 (.const:ti_uia_runtime_ILoggerSnapshot_Interface__BASE__C)
                  c3053508    00000004     app_pe9.oe9 (.const:ti_uia_runtime_IUIATransfer_Interface__BASE__C)
                  c305350c    00000004     app_pe9.oe9 (.const:xdc_runtime_Assert_E_assertFailed__C)
                  c3053510    00000004     app_pe9.oe9 (.const:xdc_runtime_Core_A_initializedParams__C)
                  c3053514    00000004     app_pe9.oe9 (.const:xdc_runtime_Core_Module__diagsEnabled__C)
                  c3053518    00000004     app_pe9.oe9 (.const:xdc_runtime_Core_Module__diagsIncluded__C)
                  c305351c    00000004     app_pe9.oe9 (.const:xdc_runtime_Core_Module__diagsMask__C)
                  c3053520    00000004     app_pe9.oe9 (.const:xdc_runtime_Error_E_memory__C)
                  c3053524    00000004     app_pe9.oe9 (.const:xdc_runtime_Error_Module__diagsEnabled__C)
                  c3053528    00000004     app_pe9.oe9 (.const:xdc_runtime_Error_Module__diagsIncluded__C)
                  c305352c    00000004     app_pe9.oe9 (.const:xdc_runtime_Error_Module__diagsMask__C)
                  c3053530    00000004     app_pe9.oe9 (.const:xdc_runtime_Error_Module__loggerFxn8__C)
                  c3053534    00000004     app_pe9.oe9 (.const:xdc_runtime_Error_Module__loggerObj__C)
                  c3053538    00000004     app_pe9.oe9 (.const:xdc_runtime_Error_policyFxn__C)
                  c305353c    00000004     app_pe9.oe9 (.const:xdc_runtime_Error_raiseHook__C)
                  c3053540    00000004     app_pe9.oe9 (.const:xdc_runtime_IFilterLogger_Interface__BASE__C)
                  c3053544    00000004     app_pe9.oe9 (.const:xdc_runtime_IGateProvider_Interface__BASE__C)
                  c3053548    00000004     app_pe9.oe9 (.const:xdc_runtime_IHeap_Interface__BASE__C)
                  c305354c    00000004     app_pe9.oe9 (.const:xdc_runtime_ILogger_Interface__BASE__C)
                  c3053550    00000004     app_pe9.oe9 (.const:xdc_runtime_IModule_Interface__BASE__C)
                  c3053554    00000004     app_pe9.oe9 (.const:xdc_runtime_Log_L_error__C)
                  c3053558    00000004     app_pe9.oe9 (.const:xdc_runtime_LoggerBuf_E_badLevel__C)
                  c305355c    00000004     app_pe9.oe9 (.const:xdc_runtime_LoggerBuf_Module__gateObj__C)
                  c3053560    00000004     app_pe9.oe9 (.const:xdc_runtime_LoggerBuf_Object__count__C)
                  c3053564    00000004     app_pe9.oe9 (.const:xdc_runtime_LoggerBuf_statusLogger__C)
                  c3053568    00000004     app_pe9.oe9 (.const:xdc_runtime_Memory_defaultHeapInstance__C)
                  c305356c    00000004     app_pe9.oe9 (.const:xdc_runtime_Startup_execImpl__C)
                  c3053570    00000004     app_pe9.oe9 (.const:xdc_runtime_Startup_lastFxns__A)
                  c3053574    00000004     app_pe9.oe9 (.const:xdc_runtime_Startup_maxPasses__C)
                  c3053578    00000004     app_pe9.oe9 (.const:xdc_runtime_Startup_sfxnRts__C)
                  c305357c    00000004     app_pe9.oe9 (.const:xdc_runtime_Startup_sfxnTab__C)
                  c3053580    00000004     app_pe9.oe9 (.const:xdc_runtime_SysMin_bufSize__C)
                  c3053584    00000004     app_pe9.oe9 (.const:xdc_runtime_SysMin_outputFunc__C)
                  c3053588    00000004     app_pe9.oe9 (.const:xdc_runtime_System_Module__gateObj__C)
                  c305358c    00000004     app_pe9.oe9 (.const:xdc_runtime_System_abortFxn__C)
                  c3053590    00000004     app_pe9.oe9 (.const:xdc_runtime_System_exitFxn__C)
                  c3053594    00000004     app_pe9.oe9 (.const:xdc_runtime_System_extendFxn__C)
                  c3053598    00000004     app_pe9.oe9 (.const:xdc_runtime_System_maxAtexitHandlers__C)
                  c305359c    00000004     app_pe9.oe9 (.const:xdc_runtime_Text_charTab__C)
                  c30535a0    00000004     app_pe9.oe9 (.const:xdc_runtime_Text_nameEmpty__C)
                  c30535a4    00000004     app_pe9.oe9 (.const:xdc_runtime_Text_nameStatic__C)
                  c30535a8    00000004     app_pe9.oe9 (.const:xdc_runtime_Text_nameUnknown__C)
                  c30535ac    00000004     app_pe9.oe9 (.const:xdc_runtime_Text_visitRopeFxn__C)
                  c30535b0    00000002     app_pe9.oe9 (.const:ti_sysbios_family_arm_arm9_Mmu_enableMMU__C)
                  c30535b2    00000002     app_pe9.oe9 (.const:ti_sysbios_family_arm_da830_Hwi_Module__id__C)
                  c30535b4    00000002     app_pe9.oe9 (.const:ti_sysbios_family_arm_da830_Hwi_Module__loggerDefined__C)
                  c30535b6    00000002     app_pe9.oe9 (.const:ti_sysbios_family_arm_exc_Exception_Module__id__C)
                  c30535b8    00000002     app_pe9.oe9 (.const:ti_sysbios_gates_GateMutex_Module__id__C)
                  c30535ba    00000002     app_pe9.oe9 (.const:ti_sysbios_hal_Hwi_Module__id__C)
                  c30535bc    00000002     app_pe9.oe9 (.const:ti_sysbios_heaps_HeapMem_Module__id__C)
                  c30535be    00000002     app_pe9.oe9 (.const:ti_sysbios_heaps_HeapTrack_Module__id__C)
                  c30535c0    00000002     app_pe9.oe9 (.const:ti_sysbios_knl_Clock_Module__id__C)
                  c30535c2    00000002     app_pe9.oe9 (.const:ti_sysbios_knl_Clock_Module__loggerDefined__C)
                  c30535c4    00000002     app_pe9.oe9 (.const:ti_sysbios_knl_Semaphore_Module__id__C)
                  c30535c6    00000002     app_pe9.oe9 (.const:ti_sysbios_knl_Semaphore_Module__loggerDefined__C)
                  c30535c8    00000002     app_pe9.oe9 (.const:ti_sysbios_knl_Swi_Module__id__C)
                  c30535ca    00000002     app_pe9.oe9 (.const:ti_sysbios_knl_Swi_Module__loggerDefined__C)
                  c30535cc    00000002     app_pe9.oe9 (.const:ti_sysbios_knl_Task_Module__id__C)
                  c30535ce    00000002     app_pe9.oe9 (.const:ti_sysbios_knl_Task_Module__loggerDefined__C)
                  c30535d0    00000002     app_pe9.oe9 (.const:ti_sysbios_timers_timer64_Timer_Module__id__C)
                  c30535d2    00000002     app_pe9.oe9 (.const:ti_sysbios_timers_timer64_Timer_startupNeeded__C)
                  c30535d4    00000002     app_pe9.oe9 (.const:ti_sysbios_timers_timer64_Timer_useTimer64pRegMap__C)
                  c30535d6    00000002     app_pe9.oe9 (.const:ti_sysbios_timers_timer64_TimestampProvider_Module__id__C)
                  c30535d8    00000002     app_pe9.oe9 (.const:ti_sysbios_timers_timer64_TimestampProvider_useClockTimer__C)
                  c30535da    00000002     app_pe9.oe9 (.const:ti_sysbios_utils_Load_Module__id__C)
                  c30535dc    00000002     app_pe9.oe9 (.const:ti_sysbios_utils_Load_Module__loggerDefined__C)
                  c30535de    00000002     app_pe9.oe9 (.const:ti_sysbios_utils_Load_updateInIdle__C)
                  c30535e0    00000002     app_pe9.oe9 (.const:ti_uia_loggers_LoggerStopMode_Module__id__C)
                  c30535e2    00000002     app_pe9.oe9 (.const:ti_uia_loggers_LoggerStopMode_isTimestampEnabled__C)
                  c30535e4    00000002     app_pe9.oe9 (.const:xdc_runtime_Core_Module__id__C)
                  c30535e6    00000002     app_pe9.oe9 (.const:xdc_runtime_Error_Module__loggerDefined__C)
                  c30535e8    00000002     app_pe9.oe9 (.const:xdc_runtime_Error_maxDepth__C)
                  c30535ea    00000002     app_pe9.oe9 (.const:xdc_runtime_LoggerBuf_Module__id__C)
                  c30535ec    00000002     app_pe9.oe9 (.const:xdc_runtime_LoggerBuf_filterByLevel__C)
                  c30535ee    00000002     app_pe9.oe9 (.const:xdc_runtime_Memory_Module__id__C)
                  c30535f0    00000002     app_pe9.oe9 (.const:xdc_runtime_SysMin_flushAtExit__C)
                  c30535f2    00000002     app_pe9.oe9 (.const:xdc_runtime_Text_charCnt__C)
                  c30535f4    00000002     app_pe9.oe9 (.const:xdc_runtime_Text_isLoaded__C)
                  c30535f6    00000002     app_pe9.oe9 (.const:xdc_runtime_Text_registryModsLastId__C)
                  c30535f8    00000002     app_pe9.oe9 (.const:xdc_runtime_Text_unnamedModsLastId__C)
                  c30535fa    00000001     app_pe9.oe9 (.const:xdc_runtime_Text_charTab__A)

ti.sysbios.family.arm.arm9.mmuTableSection 
*          0    c3054000    00004000     UNINITIALIZED
                  c3054000    00004000     app_pe9.oe9 (ti.sysbios.family.arm.arm9.mmuTableSection)

.vecs      0    ffff0000    00000040     
                  ffff0000    00000040     app_pe9.oe9 (.vecs)

.vectorTable 
*          0    ffff0040    00000328     
                  ffff0040    00000328     app_pe9.oe9 (.vectorTable)

xdc.meta   0    c3000000    000000df     COPY SECTION
                  c3000000    000000df     app_pe9.oe9 (xdc.meta)

MODULE SUMMARY

       Module                     code    ro data   rw data
       ------                     ----    -------   -------
    .\
       main.obj                   208     0         5      
    +--+--------------------------+-------+---------+---------+
       Total:                     208     0         5      
                                                           
    .\BSP\
       board.obj                  5024    0         0      
       connector.obj              1968    0         0      
    +--+--------------------------+-------+---------+---------+
       Total:                     6992    0         0      
                                                           
    .\BSP\Drivers\ADC\
       adc.obj                    64      0         0      
    +--+--------------------------+-------+---------+---------+
       Total:                     64      0         0      
                                                           
    .\BSP\Drivers\ADC\AD7265\
       ad7265.obj                 1284    0         0      
    +--+--------------------------+-------+---------+---------+
       Total:                     1284    0         0      
                                                           
    .\BSP\Drivers\ADC\MCP3021\
       mcp3021.obj                372     0         12     
    +--+--------------------------+-------+---------+---------+
       Total:                     372     0         12     
                                                           
    .\BSP\Drivers\COMMON\I2C\
       I2C.obj                    1064    0         0      
    +--+--------------------------+-------+---------+---------+
       Total:                     1064    0         0      
                                                           
    .\BSP\Drivers\COMMON\PWM\
       pwm.obj                    1420    0         0      
    +--+--------------------------+-------+---------+---------+
       Total:                     1420    0         0      
                                                           
    .\BSP\Drivers\COMMON\SPI\
       spi.obj                    1772    0         0      
    +--+--------------------------+-------+---------+---------+
       Total:                     1772    0         0      
                                                           
    .\BSP\Drivers\DIPSWITCH\
       dipswitch.obj              668     0         4      
    +--+--------------------------+-------+---------+---------+
       Total:                     668     0         4      
                                                           
    .\BSP\Drivers\LACOS\
       laco.obj                   1924    0         12     
    +--+--------------------------+-------+---------+---------+
       Total:                     1924    0         12     
                                                           
    .\BSP\Drivers\LED\
       led.obj                    908     0         0      
    +--+--------------------------+-------+---------+---------+
       Total:                     908     0         0      
                                                           
    .\BSP\Drivers\TDC\
       tdc.obj                    5276    0         0      
    +--+--------------------------+-------+---------+---------+
       Total:                     5276    0         0      
                                                           
    .\BSP\Drivers\UART\
       uart.obj                   1420    0         0      
    +--+--------------------------+-------+---------+---------+
       Total:                     1420    0         0      
                                                           
    .\BSP\Drivers\WATCHDOG\
       watchdog.obj               348     0         1      
    +--+--------------------------+-------+---------+---------+
       Total:                     348     0         1      
                                                           
    C:\Users\dong.x\workspace_v6_2\Test\Debug\configPkg\package\cfg\
       app_pe9.oe9                6444    1802      274444 
    +--+--------------------------+-------+---------+---------+
       Total:                     6444    1802      274444 
                                                           
    C:/ti/OMAPL138_StarterWare_1_10_04_01/binary/armv5/cgt_ccs/omapl138/drivers/Debug/drivers.lib
       edma.obj                   6476    0         4      
       ehrpwm.obj                 3580    0         0      
       gpio.obj                   1724    0         0      
       spi.obj                    1540    0         0      
       uart.obj                   1512    0         0      
       i2c.obj                    1372    0         0      
       psc.obj                    340     0         0      
    +--+--------------------------+-------+---------+---------+
       Total:                     16544   0         4      
                                                           
    C:/ti/OMAPL138_StarterWare_1_10_04_01/binary/armv5/cgt_ccs/omapl138/lcdkOMAPL138/platform/Debug/platform.lib
       edma.obj                   8       0         0      
    +--+--------------------------+-------+---------+---------+
       Total:                     8       0         0      
                                                           
    C:\Users\dong.x\workspace_v6_2\Test\src\sysbios\sysbios.ae9
[...]
c3053450  ti_sysbios_knl_Swi_LM_post__C                                        
c3053454  ti_sysbios_knl_Swi_Module__diagsEnabled__C                           
c3053458  ti_sysbios_knl_Swi_Module__diagsIncluded__C                          
c305345c  ti_sysbios_knl_Swi_Module__diagsMask__C                              
c3053460  ti_sysbios_knl_Swi_Module__loggerFxn1__C                             
c3053464  ti_sysbios_knl_Swi_Module__loggerFxn4__C                             
c3053468  ti_sysbios_knl_Swi_Module__loggerObj__C                              
c305346c  ti_sysbios_knl_Swi_Object__count__C                                  
c3053470  ti_sysbios_knl_Task_E_spOutOfBounds__C                               
c3053474  ti_sysbios_knl_Task_E_stackOverflow__C                               
c3053478  ti_sysbios_knl_Task_LD_block__C                                      
c305347c  ti_sysbios_knl_Task_LD_exit__C                                       
c3053480  ti_sysbios_knl_Task_LD_ready__C                                      
c3053484  ti_sysbios_knl_Task_LM_switch__C                                     
c3053488  ti_sysbios_knl_Task_Module_State_inactiveQ__O                        
c305348c  ti_sysbios_knl_Task_Module__diagsEnabled__C                          
c3053490  ti_sysbios_knl_Task_Module__diagsIncluded__C                         
c3053494  ti_sysbios_knl_Task_Module__diagsMask__C                             
c3053498  ti_sysbios_knl_Task_Module__loggerFxn2__C                            
c305349c  ti_sysbios_knl_Task_Module__loggerFxn4__C                            
c30534a0  ti_sysbios_knl_Task_Module__loggerObj__C                             
c30534a4  ti_sysbios_knl_Task_Object__count__C                                 
c30534a8  ti_sysbios_knl_Task_allBlockedFunc__C                                
c30534ac  ti_sysbios_knl_Task_numConstructedTasks__C                           
c30534b0  ti_sysbios_timers_timer64_Timer_E_cannotSupport__C                   
c30534b4  ti_sysbios_timers_timer64_Timer_Module__diagsEnabled__C              
c30534b8  ti_sysbios_timers_timer64_Timer_Module__diagsIncluded__C             
c30534bc  ti_sysbios_timers_timer64_Timer_Module__diagsMask__C                 
c30534c0  ti_sysbios_timers_timer64_Timer_freqDivisor__C                       
c30534c4  ti_sysbios_timers_timer64_Timer_numTimerDevices__C                   
c30534c8  ti_sysbios_timers_timer64_TimestampProvider_Module__diagsEnabled__C  
c30534cc  ti_sysbios_timers_timer64_TimestampProvider_Module__diagsIncluded__C 
c30534d0  ti_sysbios_timers_timer64_TimestampProvider_Module__diagsMask__C     
c30534d4  ti_sysbios_utils_Load_LS_cpuLoad__C                                  
c30534d8  ti_sysbios_utils_Load_Module__diagsEnabled__C                        
c30534dc  ti_sysbios_utils_Load_Module__diagsIncluded__C                       
c30534e0  ti_sysbios_utils_Load_Module__diagsMask__C                           
c30534e4  ti_sysbios_utils_Load_Module__loggerFxn1__C                          
c30534e8  ti_sysbios_utils_Load_Module__loggerObj__C                           
c30534ec  ti_sysbios_utils_Load_postUpdate__C                                  
c30534f0  ti_sysbios_utils_Load_windowInMs__C                                  
c30534f4  ti_uia_loggers_LoggerStopMode_Module__diagsEnabled__C                
c30534f8  ti_uia_loggers_LoggerStopMode_Module__diagsIncluded__C               
c30534fc  ti_uia_loggers_LoggerStopMode_Module__diagsMask__C                   
c3053500  ti_uia_loggers_LoggerStopMode_Object__count__C                       
c3053504  ti_uia_runtime_ILoggerSnapshot_Interface__BASE__C                    
c3053508  ti_uia_runtime_IUIATransfer_Interface__BASE__C                       
c305350c  xdc_runtime_Assert_E_assertFailed__C                                 
c3053510  xdc_runtime_Core_A_initializedParams__C                              
c3053514  xdc_runtime_Core_Module__diagsEnabled__C                             
c3053518  xdc_runtime_Core_Module__diagsIncluded__C                            
c305351c  xdc_runtime_Core_Module__diagsMask__C                                
c3053520  xdc_runtime_Error_E_memory__C                                        
c3053524  xdc_runtime_Error_Module__diagsEnabled__C                            
c3053528  xdc_runtime_Error_Module__diagsIncluded__C                           
c305352c  xdc_runtime_Error_Module__diagsMask__C                               
c3053530  xdc_runtime_Error_Module__loggerFxn8__C                              
c3053534  xdc_runtime_Error_Module__loggerObj__C                               
c3053538  xdc_runtime_Error_policyFxn__C                                       
c305353c  xdc_runtime_Error_raiseHook__C                                       
c3053540  xdc_runtime_IFilterLogger_Interface__BASE__C                         
c3053544  xdc_runtime_IGateProvider_Interface__BASE__C                         
c3053548  xdc_runtime_IHeap_Interface__BASE__C                                 
c305354c  xdc_runtime_ILogger_Interface__BASE__C                               
c3053550  xdc_runtime_IModule_Interface__BASE__C                               
c3053554  xdc_runtime_Log_L_error__C                                           
c3053558  xdc_runtime_LoggerBuf_E_badLevel__C                                  
c305355c  xdc_runtime_LoggerBuf_Module__gateObj__C                             
c3053560  xdc_runtime_LoggerBuf_Object__count__C                               
c3053564  xdc_runtime_LoggerBuf_statusLogger__C                                
c3053568  xdc_runtime_Memory_defaultHeapInstance__C                            
c305356c  xdc_runtime_Startup_execImpl__C                                      
c3053570  xdc_runtime_Startup_lastFxns__A                                      
c3053574  xdc_runtime_Startup_maxPasses__C                                     
c3053578  xdc_runtime_Startup_sfxnRts__C                                       
c305357c  xdc_runtime_Startup_sfxnTab__C                                       
c3053580  xdc_runtime_SysMin_bufSize__C                                        
c3053584  xdc_runtime_SysMin_outputFunc__C                                     
c3053588  xdc_runtime_System_Module__gateObj__C                                
c305358c  xdc_runtime_System_abortFxn__C                                       
c3053590  xdc_runtime_System_exitFxn__C                                        
c3053594  xdc_runtime_System_extendFxn__C                                      
c3053598  xdc_runtime_System_maxAtexitHandlers__C                              
c305359c  xdc_runtime_Text_charTab__C                                          
c30535a0  xdc_runtime_Text_nameEmpty__C                                        
c30535a4  xdc_runtime_Text_nameStatic__C                                       
c30535a8  xdc_runtime_Text_nameUnknown__C                                      
c30535ac  xdc_runtime_Text_visitRopeFxn__C                                     
c30535b0  ti_sysbios_family_arm_arm9_Mmu_enableMMU__C                          
c30535b2  ti_sysbios_family_arm_da830_Hwi_Module__id__C                        
c30535b4  ti_sysbios_family_arm_da830_Hwi_Module__loggerDefined__C             
c30535b6  ti_sysbios_family_arm_exc_Exception_Module__id__C                    
c30535b8  ti_sysbios_gates_GateMutex_Module__id__C                             
c30535ba  ti_sysbios_hal_Hwi_Module__id__C                                     
c30535bc  ti_sysbios_heaps_HeapMem_Module__id__C                               
c30535be  ti_sysbios_heaps_HeapTrack_Module__id__C                             
c30535c0  ti_sysbios_knl_Clock_Module__id__C                                   
c30535c2  ti_sysbios_knl_Clock_Module__loggerDefined__C                        
c30535c4  ti_sysbios_knl_Semaphore_Module__id__C                               
c30535c6  ti_sysbios_knl_Semaphore_Module__loggerDefined__C                    
c30535c8  ti_sysbios_knl_Swi_Module__id__C                                     
c30535ca  ti_sysbios_knl_Swi_Module__loggerDefined__C                          
c30535cc  ti_sysbios_knl_Task_Module__id__C                                    
c30535ce  ti_sysbios_knl_Task_Module__loggerDefined__C                         
c30535d0  ti_sysbios_timers_timer64_Timer_Module__id__C                        
c30535d2  ti_sysbios_timers_timer64_Timer_startupNeeded__C                     
c30535d4  ti_sysbios_timers_timer64_Timer_useTimer64pRegMap__C                 
c30535d6  ti_sysbios_timers_timer64_TimestampProvider_Module__id__C            
c30535d8  ti_sysbios_timers_timer64_TimestampProvider_useClockTimer__C         
c30535da  ti_sysbios_utils_Load_Module__id__C                                  
c30535dc  ti_sysbios_utils_Load_Module__loggerDefined__C                       
c30535de  ti_sysbios_utils_Load_updateInIdle__C                                
c30535e0  ti_uia_loggers_LoggerStopMode_Module__id__C                          
c30535e2  ti_uia_loggers_LoggerStopMode_isTimestampEnabled__C                  
c30535e4  xdc_runtime_Core_Module__id__C                                       
c30535e6  xdc_runtime_Error_Module__loggerDefined__C                           
c30535e8  xdc_runtime_Error_maxDepth__C                                        
c30535ea  xdc_runtime_LoggerBuf_Module__id__C                                  
c30535ec  xdc_runtime_LoggerBuf_filterByLevel__C                               
c30535ee  xdc_runtime_Memory_Module__id__C                                     
c30535f0  xdc_runtime_SysMin_flushAtExit__C                                    
c30535f2  xdc_runtime_Text_charCnt__C                                          
c30535f4  xdc_runtime_Text_isLoaded__C                                         
c30535f6  xdc_runtime_Text_registryModsLastId__C                               
c30535f8  xdc_runtime_Text_unnamedModsLastId__C                                
c30535fa  xdc_runtime_Text_charTab__A                                          
c30535fc  __stack                                                              
c3053dfc  __STACK_END                                                          
c3054000  ti_sysbios_family_arm_arm9_Mmu_Module_State_0_tableBuf__A            
c3058000  __TI_static_base__                                                   
c30585e8  __TI_Handler_Table_Base                                              
c30585f0  __TI_CINIT_Base                                                      
c30585f0  __TI_Handler_Table_Limit                                             
c3058600  __TI_CINIT_Limit                                                     
fffee000  ti_sysbios_family_arm_da830_Hwi_cpIntc                               
ffff0000  ti_sysbios_family_arm_da830_Hwi_vectors                              
ffff0040  ti_sysbios_family_arm_da830_Hwi0                                     
ffff0040  ti_sysbios_family_arm_da830_Hwi_vectorTable                          
ffff0048  ti_sysbios_family_arm_da830_Hwi1                                     
ffff0050  ti_sysbios_family_arm_da830_Hwi2                                     
ffff0058  ti_sysbios_family_arm_da830_Hwi3                                     
ffff0060  ti_sysbios_family_arm_da830_Hwi4                                     
ffff0068  ti_sysbios_family_arm_da830_Hwi5                                     
ffff0070  ti_sysbios_family_arm_da830_Hwi6                                     
ffff0078  ti_sysbios_family_arm_da830_Hwi7                                     
ffff0080  ti_sysbios_family_arm_da830_Hwi8                                     
ffff0088  ti_sysbios_family_arm_da830_Hwi9                                     
ffff0090  ti_sysbios_family_arm_da830_Hwi10                                    
ffff0098  ti_sysbios_family_arm_da830_Hwi11                                    
ffff00a0  ti_sysbios_family_arm_da830_Hwi12                                    
ffff00a8  ti_sysbios_family_arm_da830_Hwi13                                    
ffff00b0  ti_sysbios_family_arm_da830_Hwi14                                    
ffff00b8  ti_sysbios_family_arm_da830_Hwi15                                    
ffff00c0  ti_sysbios_family_arm_da830_Hwi16                                    
ffff00c8  ti_sysbios_family_arm_da830_Hwi17                                    
ffff00d0  ti_sysbios_family_arm_da830_Hwi18                                    
ffff00d8  ti_sysbios_family_arm_da830_Hwi19                                    
ffff00e0  ti_sysbios_family_arm_da830_Hwi20                                    
ffff00e8  ti_sysbios_family_arm_da830_Hwi21                                    
ffff00f0  ti_sysbios_family_arm_da830_Hwi22                                    
ffff00f8  ti_sysbios_family_arm_da830_Hwi23                                    
ffff0100  ti_sysbios_family_arm_da830_Hwi24                                    
ffff0108  ti_sysbios_family_arm_da830_Hwi25                                    
ffff0110  ti_sysbios_family_arm_da830_Hwi26                                    
ffff0118  ti_sysbios_family_arm_da830_Hwi27                                    
ffff0120  ti_sysbios_family_arm_da830_Hwi28                                    
ffff0128  ti_sysbios_family_arm_da830_Hwi29                                    
ffff0130  ti_sysbios_family_arm_da830_Hwi30                                    
ffff0138  ti_sysbios_family_arm_da830_Hwi31                                    
ffff0140  ti_sysbios_family_arm_da830_Hwi32                                    
ffff0148  ti_sysbios_family_arm_da830_Hwi33                                    
ffff0150  ti_sysbios_family_arm_da830_Hwi34                                    
ffff0158  ti_sysbios_family_arm_da830_Hwi35                                    
ffff0160  ti_sysbios_family_arm_da830_Hwi36                                    
ffff0168  ti_sysbios_family_arm_da830_Hwi37                                    
ffff0170  ti_sysbios_family_arm_da830_Hwi38                                    
ffff0178  ti_sysbios_family_arm_da830_Hwi39                                    
ffff0180  ti_sysbios_family_arm_da830_Hwi40                                    
ffff0188  ti_sysbios_family_arm_da830_Hwi41                                    
ffff0190  ti_sysbios_family_arm_da830_Hwi42                                    
ffff0198  ti_sysbios_family_arm_da830_Hwi43                                    
ffff01a0  ti_sysbios_family_arm_da830_Hwi44                                    
ffff01a8  ti_sysbios_family_arm_da830_Hwi45                                    
ffff01b0  ti_sysbios_family_arm_da830_Hwi46                                    
ffff01b8  ti_sysbios_family_arm_da830_Hwi47                                    
ffff01c0  ti_sysbios_family_arm_da830_Hwi48                                    
ffff01c8  ti_sysbios_family_arm_da830_Hwi49                                    
ffff01d0  ti_sysbios_family_arm_da830_Hwi50                                    
ffff01d8  ti_sysbios_family_arm_da830_Hwi51                                    
ffff01e0  ti_sysbios_family_arm_da830_Hwi52                                    
ffff01e8  ti_sysbios_family_arm_da830_Hwi53                                    
ffff01f0  ti_sysbios_family_arm_da830_Hwi54                                    
ffff01f8  ti_sysbios_family_arm_da830_Hwi55                                    
ffff0200  ti_sysbios_family_arm_da830_Hwi56                                    
ffff0208  ti_sysbios_family_arm_da830_Hwi57                                    
ffff0210  ti_sysbios_family_arm_da830_Hwi58                                    
ffff0218  ti_sysbios_family_arm_da830_Hwi59                                    
ffff0220  ti_sysbios_family_arm_da830_Hwi60                                    
ffff0228  ti_sysbios_family_arm_da830_Hwi61                                    
ffff0230  ti_sysbios_family_arm_da830_Hwi62                                    
ffff0238  ti_sysbios_family_arm_da830_Hwi63                                    
ffff0240  ti_sysbios_family_arm_da830_Hwi64                                    
ffff0248  ti_sysbios_family_arm_da830_Hwi65                                    
ffff0250  ti_sysbios_family_arm_da830_Hwi66                                    
ffff0258  ti_sysbios_family_arm_da830_Hwi67                                    
ffff0260  ti_sysbios_family_arm_da830_Hwi68                                    
ffff0268  ti_sysbios_family_arm_da830_Hwi69                                    
ffff0270  ti_sysbios_family_arm_da830_Hwi70                                    
ffff0278  ti_sysbios_family_arm_da830_Hwi71                                    
ffff0280  ti_sysbios_family_arm_da830_Hwi72                                    
ffff0288  ti_sysbios_family_arm_da830_Hwi73                                    
ffff0290  ti_sysbios_family_arm_da830_Hwi74                                    
ffff0298  ti_sysbios_family_arm_da830_Hwi75                                    
ffff02a0  ti_sysbios_family_arm_da830_Hwi76                                    
ffff02a8  ti_sysbios_family_arm_da830_Hwi77                                    
ffff02b0  ti_sysbios_family_arm_da830_Hwi78                                    
ffff02b8  ti_sysbios_family_arm_da830_Hwi79                                    
ffff02c0  ti_sysbios_family_arm_da830_Hwi80                                    
ffff02c8  ti_sysbios_family_arm_da830_Hwi81                                    
ffff02d0  ti_sysbios_family_arm_da830_Hwi82                                    
ffff02d8  ti_sysbios_family_arm_da830_Hwi83                                    
ffff02e0  ti_sysbios_family_arm_da830_Hwi84                                    
ffff02e8  ti_sysbios_family_arm_da830_Hwi85                                    
ffff02f0  ti_sysbios_family_arm_da830_Hwi86                                    
ffff02f8  ti_sysbios_family_arm_da830_Hwi87                                    
ffff0300  ti_sysbios_family_arm_da830_Hwi88                                    
ffff0308  ti_sysbios_family_arm_da830_Hwi89                                    
ffff0310  ti_sysbios_family_arm_da830_Hwi90                                    
ffff0318  ti_sysbios_family_arm_da830_Hwi91                                    
ffff0320  ti_sysbios_family_arm_da830_Hwi92                                    
ffff0328  ti_sysbios_family_arm_da830_Hwi93                                    
ffff0330  ti_sysbios_family_arm_da830_Hwi94                                    
ffff0338  ti_sysbios_family_arm_da830_Hwi95                                    
ffff0340  ti_sysbios_family_arm_da830_Hwi96                                    
ffff0348  ti_sysbios_family_arm_da830_Hwi97                                    
ffff0350  ti_sysbios_family_arm_da830_Hwi98                                    
ffff0358  ti_sysbios_family_arm_da830_Hwi99                                    
ffff0360  ti_sysbios_family_arm_da830_Hwi100                                   
ffffffff  __TI_pprof_out_hndl                                                  
ffffffff  __TI_prof_data_size                                                  
ffffffff  __TI_prof_data_start                                                 
ffffffff  __binit__                                                            
ffffffff  __c_args__                                                           
ffffffff  binit                                                                
UNDEFED   SHT$$INIT_ARRAY$$Base                                                
UNDEFED   SHT$$INIT_ARRAY$$Limit                                               

[1099 symbols]
