******************************************************************************
                  TI ARM Linker PC v15.12.3                    
******************************************************************************
>> Linked Thu Mar 08 10:23:49 2018

OUTPUT FILE NAME:   <Test.out>
ENTRY POINT SYMBOL: "_c_int00"  address: c3051108


MEMORY CONFIGURATION

         name            origin    length      used     unused   attr    fill
----------------------  --------  ---------  --------  --------  ----  --------
  L3_CBA_RAM            80000000   00020000  00000000  00020000  RW X
  DDR                   c3000000   01000000  00058d18  00fa72e8  RWIX
  IRAM                  ffff0000   00002000  00000368  00001c98  RW X


SEGMENT ALLOCATION MAP

run origin  load origin   length   init length attrs members
----------  ----------- ---------- ----------- ----- -------
c3000000    c3000000    0003f030   00000000    rw-
  c3000000    c3000000    0003f030   00000000    rw- .bss
c303f030    c303f030    00013d24   00013d24    r-x
  c303f030    c303f030    00013d24   00013d24    r-x .text
c3052d54    c3052d54    00000aa9   00000000    rw-
  c3052d54    c3052d54    00000aa9   00000000    rw- .data
c3053800    c3053800    000006db   000006db    r--
  c3053800    c3053800    000006db   000006db    r-- .const
c3054000    c3054000    00004800   00000000    rw-
  c3054000    c3054000    00004000   00000000    rw- ti.sysbios.family.arm.arm9.mmuTableSection
  c3058000    c3058000    00000800   00000000    rw- .stack
c3058800    c3058800    00000640   00000640    r--
  c3058800    c3058800    00000640   00000640    r-- .cinit
ffff0000    ffff0000    00000368   00000368    r-x
  ffff0000    ffff0000    00000040   00000040    r-- .vecs
  ffff0040    ffff0040    00000328   00000328    r-x .vectorTable


SECTION ALLOCATION MAP

 output                                  attributes/
section   page    origin      length       input sections
--------  ----  ----------  ----------   ----------------
.bss       0    c3000000    0003f030     UNINITIALIZED
                  c3000000    0003c410     (.common:ti_sysbios_heaps_HeapMem_Instance_State_0_buf__A)
                  c303c410    00001000     app_pe9.oe9 (.bss:taskStackSection)
                  c303d410    00000800     (.common:ti_sysbios_family_arm_exc_Exception_Module_State_0_excStack_0__A)
                  c303dc10    00000400     (.common:ti_sysbios_family_arm_da830_Hwi_Module_State_0_fiqStack__A)
                  c303e010    00000014     (.common:val)
                  c303e024    0000000c     laco.obj (.bss:hc595_pins)
                  c303e030    0000000c     mcp3021.obj (.bss:mcp_ch)
                  c303e03c    00000008     rtsv5_A_le_eabi.lib : trgdrv.obj (.bss:parmbuf)
                  c303e044    00000004     drivers.lib : edma.obj (.bss)
                  c303e048    00000004     (.common:board)
                  c303e04c    00000004     (.common:hc165_pins)
                  c303e050    00000030     --HOLE--
                  c303e080    00000400     (.common:ti_uia_loggers_LoggerStopMode_Instance_State_1_packetArray__A)
                  c303e480    00000400     (.common:ti_uia_loggers_LoggerStopMode_Instance_State_2_packetArray__A)
                  c303e880    00000200     (.common:ti_uia_loggers_LoggerStopMode_Instance_State_0_packetArray__A)
                  c303ea80    00000140     (.common:ti_sysbios_knl_Mailbox_Instance_State_0_allocBuf__A)
                  c303ebc0    00000120     rtsv5_A_le_eabi.lib : trgmsg.obj (.bss:_CIOBUF_)
                  c303ece0    00000118     (.common:ti_sysbios_knl_Mailbox_Instance_State_1_allocBuf__A)
                  c303edf8    00000080     (.common:xdc_runtime_LoggerBuf_Instance_State_0_entryArr__A)
                  c303ee78    00000080     (.common:xdc_runtime_SysMin_Module_State_0_outbuf__A)
                  c303eef8    00000008     --HOLE--
                  c303ef00    00000030     (.common:ti_uia_loggers_LoggerStopMode_Instance_State_0_hdr__A)
                  c303ef30    00000050     --HOLE--
                  c303ef80    00000030     (.common:ti_uia_loggers_LoggerStopMode_Instance_State_1_hdr__A)
                  c303efb0    00000050     --HOLE--
                  c303f000    00000030     (.common:ti_uia_loggers_LoggerStopMode_Instance_State_2_hdr__A)

.neardata 
*          0    c303f030    00000000     UNINITIALIZED

.rodata    0    c303f030    00000000     UNINITIALIZED

ti.sysbios.family.arm.arm9.mmuTableSection 
*          0    c3054000    00004000     UNINITIALIZED
                  c3054000    00004000     app_pe9.oe9 (ti.sysbios.family.arm.arm9.mmuTableSection)

.stack     0    c3058000    00000800     UNINITIALIZED
                  c3058000    00000800     --HOLE--

.cinit     0    c3058800    00000640     
                  c3058800    00000618     (.cinit..data.load) [load image, compression = rle]
                  c3058e18    0000000d     (.cinit..bss.load) [load image, compression = rle]
                  c3058e25    00000003     --HOLE-- [fill = 0]
                  c3058e28    00000008     (__TI_handler_table)
                  c3058e30    00000010     (__TI_cinit_table)

.init_array 
*          0    c3000000    00000000     UNINITIALIZED

.text      0    c303f030    00013d24     
                  c303f030    0000194c     drivers.lib : edma.obj (.text)
                  c304097c    00001788     tdc.obj (.text)
                  c3042104    00000f8c     board.obj (.text)
                  c3043090    00000dfc     drivers.lib : ehrpwm.obj (.text)
                  c3043e8c    000008e4     laco.obj (.text)
                  c3044770    00000718     connector.obj (.text)
                  c3044e88    0000070c     spi.obj (.text)
                  c3045594    000006bc     drivers.lib : gpio.obj (.text)
                  c3045c50    00000604                 : spi.obj (.text)
                  c3046254    000005e8                 : uart.obj (.text)
                  c304683c    0000058c     pwm.obj (.text)
                  c3046dc8    0000058c     uart.obj (.text)
                  c3047354    0000055c     drivers.lib : i2c.obj (.text)
                  c30478b0    00000550     rtsv5_A_le_eabi.lib : trgdrv.obj (.text)
                  c3047e00    00000540     ti.targets.arm.rtsarm.ae9 : System.oe9 (.text:xdc_runtime_System_doPrint__I)
                  c3048340    000004fc     ad7265.obj (.text)
                  c304883c    000004bc     sysbios.ae9 : BIOS.obj (.text:ti_sysbios_knl_Semaphore_pend__E)
                  c3048cf8    00000428     I2C.obj (.text)
                  c3049120    0000038c     led.obj (.text)
                  c30494ac    00000368     sysbios.ae9 : BIOS.obj (.text:ti_sysbios_heaps_HeapMem_freeUnprotected__E)
                  c3049814    000002f4                 : BIOS.obj (.text:ti_sysbios_heaps_HeapMem_allocUnprotected__E)
                  c3049b08    000002e8                 : BIOS.obj (.text:ti_sysbios_family_arm_exc_Exception_excDumpContext__I)
                  c3049df0    000002b8     rtsv5_A_le_eabi.lib : ull_div32.obj (.text)
                  c304a0a8    0000029c     dipswitch.obj (.text)
                  c304a344    0000027c     sysbios.ae9 : BIOS.obj (.text:ti_sysbios_family_arm_exc_Exception_excHandler__I)
                  c304a5c0    00000258                 : BIOS.obj (.text:ti_sysbios_knl_Task_Module_startup__E)
                  c304a818    00000238                 : BIOS.obj (.text:ti_sysbios_timers_timer64_Timer_deviceConfig__I)
                  c304aa50    000001f8                 : BIOS.obj (.text:ti_sysbios_heaps_HeapTrack_free__E)
                  c304ac48    000001f0     app_pe9.oe9 (.text:ti_sysbios_family_arm_arm9_Mmu_initTableBuf__I)
                  c304ae38    000001ec     sysbios.ae9 : BIOS.obj (.text:ti_sysbios_heaps_HeapMem_Instance_init__E)
                  c304b024    000001e4                 : BIOS.obj (.text:ti_sysbios_knl_Semaphore_post__E)
                  c304b208    000001e4     ti.targets.arm.rtsarm.ae9 : LoggerBuf.oe9 (.text:xdc_runtime_LoggerBuf_write8__E)
                  c304b3ec    000001e0     app_pe9.oe9 (.text:ti_uia_loggers_LoggerStopMode_writeMemoryRange__E)
                  c304b5cc    000001b8     sysbios.ae9 : BIOS.obj (.text:ti_sysbios_knl_Clock_workFunc__E)
                  c304b784    000001b4                 : BIOS.obj (.text:ti_sysbios_family_arm_da830_Hwi_reconfig__E)
                  c304b938    000001b0                 : BIOS.obj (.text:ti_sysbios_knl_Swi_run__I)
                  c304bae8    000001a4     ti.targets.arm.rtsarm.ae9 : Error.oe9 (.text:xdc_runtime_Error_policyDefault__E)
                  c304bc8c    000001a0                               : Core-mem.oe9 (.text:xdc_runtime_Core_createObject__I)
                  c304be2c    00000190     rtsv5_A_le_eabi.lib : fd_div32.obj (.text)
                  c304bfbc    00000188     sysbios.ae9 : BIOS.obj (.text:ti_sysbios_family_arm_da830_Hwi_dispatchIRQC__I)
                  c304c144    00000188     app_pe9.oe9 (.text:ti_uia_loggers_LoggerStopMode_write8__E)
                  c304c2cc    00000188     app_pe9.oe9 (.text:xdc_runtime_System_printfExtend__I)
                  c304c454    00000184     main.obj (.text)
                  c304c5d8    00000180     rtsv5_A_le_eabi.lib : memcpy32.obj (.text)
                  c304c758    00000174     mcp3021.obj (.text)
                  c304c8cc    00000170     sysbios.ae9 : BIOS.obj (.text:ti_sysbios_timers_timer64_TimestampProvider_get64__E)
                  c304ca3c    0000016c                 : BIOS.obj (.text:ti_sysbios_knl_Task_exit__E)
                  c304cba8    00000168     app_pe9.oe9 (.text:ti_uia_loggers_LoggerStopMode_write4__E)
                  c304cd10    00000164     sysbios.ae9 : BIOS.obj (.text:ti_sysbios_timers_timer64_Timer_start__E)
                  c304ce74    00000164                 : BIOS.obj (.text:ti_sysbios_timers_timer64_TimestampProvider_get32__E)
                  c304cfd8    00000160                 : BIOS.obj (.text:ti_sysbios_timers_timer64_Timer_setPeriodMicroSecs__E)
                  c304d138    0000015c     watchdog.obj (.text)
                  c304d294    00000158     app_pe9.oe9 (.text:ti_uia_loggers_LoggerStopMode_write2__E)
                  c304d3ec    00000154     drivers.lib : psc.obj (.text)
                  c304d540    00000154     ti.targets.arm.rtsarm.ae9 : Startup.oe9 (.text:xdc_runtime_Startup_startMods__I)
                  c304d694    00000150     app_pe9.oe9 (.text:ti_uia_loggers_LoggerStopMode_write1__E)
                  c304d7e4    00000140     sysbios.ae9 : BIOS.obj (.text:ti_sysbios_family_arm_da830_Hwi_dispatchFIQC__I)
                  c304d924    00000140                 : BIOS.obj (.text:ti_sysbios_knl_Task_checkStacks__E)
                  c304da64    00000140                 : BIOS.obj (.text:ti_sysbios_timers_timer64_Timer_getFreq__E)
                  c304dba4    00000140     ti.targets.arm.rtsarm.ae9 : Core-smem.oe9 (.text:xdc_runtime_Core_constructObject__I)
                  c304dce4    0000013c     sysbios.ae9 : BIOS.obj (.text:ti_sysbios_knl_Task_schedule__I)
                  c304de20    0000013c                 : BIOS.obj (.text:ti_sysbios_knl_Task_startCore__E)
                  c304df5c    0000013c     app_pe9.oe9 (.text:ti_uia_loggers_LoggerStopMode_write0__E)
                  c304e098    00000138     ti.targets.arm.rtsarm.ae9 : LoggerBuf.oe9 (.text:xdc_runtime_LoggerBuf_write4__E)
                  c304e1d0    00000128     rtsv5_A_le_eabi.lib : fd_mul32.obj (.text)
                  c304e2f8    00000124     sysbios.ae9 : BIOS.obj (.text:ti_sysbios_knl_Swi_post__E)
                  c304e41c    00000120                 : BIOS.obj (.text:ti_sysbios_gates_GateMutex_enter__E)
                  c304e53c    00000120                 : BIOS.obj (.text:ti_sysbios_utils_Load_updateLoads__E)
                  c304e65c    0000011c                 : BIOS.obj (.text:ti_sysbios_utils_Load_idleFxn__E)
                  c304e778    00000114     rtsv5_A_le_eabi.lib : i_div32.obj (.text)
                  c304e88c    00000104     sysbios.ae9 : BIOS.obj (.text:ti_sysbios_knl_Semaphore_Instance_init__E)
                  c304e990    000000fc                 : BIOS.obj (.text:ti_sysbios_knl_Task_blockI__E)
                  c304ea8c    000000fc                 : BIOS.obj (.text:ti_sysbios_knl_Task_unblockI__E)
                  c304eb88    000000f8     ti.uia.loggers.ae9 : LoggerStopMode.oe9 (.text:ti_uia_loggers_LoggerStopMode_initQueueDescriptor__E)
                  c304ec80    000000f8     ti.targets.arm.rtsarm.ae9 : Text.oe9 (.text:xdc_runtime_Text_putSite__E)
                  c304ed78    000000f4     sysbios.ae9 : BIOS.obj (.text:ti_sysbios_heaps_HeapTrack_alloc__E)
                  c304ee6c    000000f0     rtsv5_A_le_eabi.lib : u_div32.obj (.text)
                  c304ef5c    000000f0     ti.targets.arm.rtsarm.ae9 : LoggerBuf.oe9 (.text:xdc_runtime_LoggerBuf_setFilterLevel__E)
                  c304f04c    000000ec     auto_init.ae9 : auto_init.oe9 (.text)
                  c304f138    000000e4     sysbios.ae9 : da830_Hwi_asm.obj (.text:_ti_sysbios_family_arm_da830_Hwi_dispatchIRQ__I)
                  c304f21c    000000e0                 : BIOS.obj (.text:ti_sysbios_family_arm_da830_Hwi_Instance_init__E)
                  c304f2fc    000000e0                 : BIOS.obj (.text:ti_sysbios_family_arm_da830_Hwi_Module_startup__E)
                  c304f3dc    000000e0                 : BIOS.obj (.text:ti_sysbios_heaps_HeapTrack_Instance_finalize__E)
                  c304f4bc    000000dc     ti.targets.arm.rtsarm.ae9 : Text.oe9 (.text:xdc_runtime_Text_putMod__E)
                  c304f598    000000d4     sysbios.ae9 : BIOS.obj (.text:ti_sysbios_knl_Mailbox_Module_startup__E)
                  c304f66c    000000d0                 : exc_Exception_asm.obj (.text:ti_sysbios_family_arm_exc_Exception_excHandlerAsm__I)
                  c304f73c    000000cc     ti.targets.arm.rtsarm.ae9 : LoggerBuf.oe9 (.text:xdc_runtime_LoggerBuf_getFilterLevel__E)
                  c304f808    000000c4     ti.uia.runtime.ae9 : QueueDescriptor.oe9 (.text:ti_uia_runtime_QueueDescriptor_addToList__E)
                  c304f8cc    000000c0     sysbios.ae9 : BIOS.obj (.text:ti_sysbios_timers_timer64_Timer_initDevice__I)
                  c304f98c    000000b8                 : BIOS.obj (.text:ti_sysbios_knl_Swi_restoreHwi__E)
                  c304fa44    000000b0     rtsv5_A_le_eabi.lib : memset32.obj (.text)
                  c304faf4    000000b0     sysbios.ae9 : BIOS.obj (.text:ti_sysbios_family_arm_da830_Hwi_initIntController__I)
                  c304fba4    000000b0                 : BIOS.obj (.text:ti_sysbios_timers_timer64_TimestampProvider_Module_startup__E)
                  c304fc54    000000b0     ti.targets.arm.rtsarm.ae9 : Memory.oe9 (.text:xdc_runtime_Memory_alloc__E)
                  c304fd04    000000a8     rtsv5_A_le_eabi.lib : trgmsg.obj (.text)
                  c304fdac    000000a0                         : copy_decompress_rle.obj (.text)
                  c304fe4c    0000009f     ti.targets.arm.rtsarm.ae9 : Text.oe9 (.text:xdc_runtime_Text_putLab__E)
                  c304feeb    00000001     --HOLE-- [fill = 0]
                  c304feec    0000009c     sysbios.ae9 : BIOS.obj (.text:ti_sysbios_knl_Clock_logTick__E)
                  c304ff88    0000009c                 : BIOS.obj (.text:ti_sysbios_utils_Load_logCPULoad__I)
                  c3050024    00000098     ti.uia.loggers.ae9 : LoggerStopMode.oe9 (.text:ti_uia_loggers_LoggerStopMode_flush__E)
                  c30500bc    00000098     ti.targets.arm.rtsarm.ae9 : Core-mem.oe9 (.text:xdc_runtime_Core_deleteObject__I)
                  c3050154    00000098                               : Error.oe9 (.text:xdc_runtime_Error_print__E)
                  c30501ec    00000098     app_pe9.oe9 (.text:xdc_runtime_LoggerBuf_Object__create__S)
                  c3050284    00000098     ti.targets.arm.rtsarm.ae9 : System.oe9 (.text:xdc_runtime_System_formatNum__I)
                  c305031c    00000090     rtsv5_A_le_eabi.lib : exit.obj (.text)
                  c30503ac    00000090     sysbios.ae9 : BIOS.obj (.text:ti_sysbios_timers_timer64_Timer_stop__E)
                  c305043c    0000008c                 : BIOS.obj (.text:ti_sysbios_heaps_HeapMem_alloc__E)
                  c30504c8    0000008c     ti.targets.arm.rtsarm.ae9 : Startup.oe9 (.text:xdc_runtime_Startup_exec__E)
                  c3050554    00000088     rtsv5_A_le_eabi.lib : cpy_tbl.obj (.text)
                  c30505dc    00000084     sysbios.ae9 : BIOS.obj (.text:ti_sysbios_knl_Swi_schedule__I)
                  c3050660    00000084                 : BIOS.obj (.text:ti_sysbios_knl_Task_allBlockedFunction__I)
                  c30506e4    00000080                 : BIOS.obj (.text:ti_sysbios_heaps_HeapMem_getStats__E)
                  c3050764    00000080                 : BIOS.obj (.text:ti_sysbios_knl_Swi_runLoop__I)
                  c30507e4    0000007c                 : arm_HwiCommon_asm.obj (.text:_ti_sysbios_family_xxx_Hwi_switchToIsrStack)
                  c3050860    0000007c                 : BIOS.obj (.text:ti_sysbios_family_arm_arm9_Cache_startup__I)
                  c30508dc    0000007c     ti.targets.arm.rtsarm.ae9 : Assert.oe9 (.text:xdc_runtime_Assert_raise__I)
                  c3050958    00000074     sysbios.ae9 : BIOS.obj (.text:ti_sysbios_family_arm_arm9_Mmu_disable__E)
                  c30509cc    00000074                 : BIOS.obj (.text:ti_sysbios_family_arm_arm9_Mmu_enable__E)
                  c3050a40    00000074                 : BIOS.obj (.text:ti_sysbios_family_arm_da830_Hwi_handlerSELF__I)
                  c3050ab4    00000074                 : BIOS.obj (.text:ti_sysbios_timers_timer64_Timer_startup__E)
                  c3050b28    00000074     ti.uia.loggers.ae9 : LoggerStopMode.oe9 (.text:ti_uia_loggers_LoggerStopMode_Module_startup__E)
                  c3050b9c    00000074                        : LoggerStopMode.oe9 (.text:ti_uia_loggers_LoggerStopMode_initBuffer__I)
                  c3050c10    00000074     ti.targets.arm.rtsarm.ae9 : LoggerBuf.oe9 (.text:xdc_runtime_LoggerBuf_filterOutEvent__I)
                  c3050c84    00000070     sysbios.ae9 : BIOS.obj (.text:ti_sysbios_timers_timer64_Timer_Module_startup__E)
                  c3050cf4    00000070     ti.targets.arm.rtsarm.ae9 : SysMin.oe9 (.text:xdc_runtime_SysMin_flush__E)
                  c3050d64    0000006c     sysbios.ae9 : BIOS.obj (.text:ti_sysbios_family_arm_da830_Hwi_getStackInfo__E)
                  c3050dd0    0000006c     ti.targets.arm.rtsarm.ae9 : LoggerBuf.oe9 (.text:xdc_runtime_LoggerBuf_Instance_init__E)
                  c3050e3c    00000068     sysbios.ae9 : BIOS.obj (.text:ti_sysbios_family_arm_da830_Hwi_handlerLOWER__I)
                  c3050ea4    00000068                 : BIOS.obj (.text:ti_sysbios_family_arm_da830_Hwi_handlerNONE__I)
                  c3050f0c    00000068                 : exc_Exception_asm.obj (.text:ti_sysbios_family_arm_exc_Exception_initCore0__I)
                  c3050f74    00000068                 : BIOS.obj (.text:ti_sysbios_heaps_HeapMem_init__I)
                  c3050fdc    00000068     ti.targets.arm.rtsarm.ae9 : Error.oe9 (.text:xdc_runtime_Error_setX__E)
                  c3051044    00000064                               : Core-params.oe9 (.text:xdc_runtime_Core_assignParams__I)
                  c30510a8    00000060                               : Text.oe9 (.text:xdc_runtime_Text_xprintf__I)
                  c3051108    0000005c     boot.ae9 : boot.oe9 (.text)
                  c3051164    0000005c     rtsv5_A_le_eabi.lib : fd_tou32.obj (.text)
                  c30511c0    0000005c     sysbios.ae9 : BIOS.obj (.text:ti_sysbios_knl_Task_restore__E)
                  c305121c    0000005c     ti.targets.arm.rtsarm.ae9 : SysMin.oe9 (.text:xdc_runtime_SysMin_putch__E)
                  c3051278    00000058     app_pe9.oe9 (.text:malloc)
                  c30512d0    00000058     sysbios.ae9 : BIOS.obj (.text:ti_sysbios_family_arm_TaskSupport_start__E)
                  c3051328    00000058                 : BIOS.obj (.text:ti_sysbios_hal_Hwi_checkStack)
                  c3051380    00000058                 : BIOS.obj (.text:ti_sysbios_knl_Swi_startup__E)
                  c30513d8    00000058     ti.uia.loggers.ae9 : LoggerStopMode.oe9 (.text:ti_uia_loggers_LoggerStopMode_reset__E)
                  c3051430    00000054     sysbios.ae9 : arm_TaskSupport_asm.obj (.text:_ti_sysbios_family_arm_TaskSupport_buildTaskStack)
                  c3051484    00000054                 : BIOS.obj (.text:ti_sysbios_knl_Semaphore_pendTimeout__I)
                  c30514d8    00000054     ti.targets.arm.rtsarm.ae9 : Core-label.oe9 (.text:xdc_runtime_Core_assignLabel__I)
                  c305152c    00000054                               : SysMin.oe9 (.text:xdc_runtime_SysMin_abort__E)
                  c3051580    00000054                               : System.oe9 (.text:xdc_runtime_System_atexit__E)
                  c30515d4    00000054                               : System.oe9 (.text:xdc_runtime_System_putchar__I)
                  c3051628    00000053                               : Text.oe9 (.text:xdc_runtime_Text_printVisFxn__I)
                  c305167b    00000001     --HOLE-- [fill = 0]
                  c305167c    00000050     app_pe9.oe9 (.text:ti_sysbios_gates_GateHwi_Object__create__S)
                  c30516cc    00000050     app_pe9.oe9 (.text:ti_sysbios_gates_GateMutex_Object__create__S)
                  c305171c    00000050     app_pe9.oe9 (.text:ti_sysbios_heaps_HeapMem_Object__create__S)
                  c305176c    00000050     app_pe9.oe9 (.text:ti_sysbios_heaps_HeapTrack_Object__create__S)
                  c30517bc    00000050     app_pe9.oe9 (.text:ti_sysbios_knl_Semaphore_construct)
                  c305180c    00000050     app_pe9.oe9 (.text:ti_uia_loggers_LoggerStopMode_Object__create__S)
                  c305185c    0000004c     sysbios.ae9 : BIOS.obj (.text:ti_sysbios_hal_Hwi_initStack)
                  c30518a8    00000048                 : BIOS.obj (.text:ti_sysbios_family_arm_arm9_Mmu_Module_startup__E)
                  c30518f0    00000048     app_pe9.oe9 (.text:ti_sysbios_knl_Queue_construct)
                  c3051938    00000048     ti.targets.arm.rtsarm.ae9 : System.oe9 (.text:xdc_runtime_System_processAtExit__E)
                  c3051980    00000044     app_pe9.oe9 (.text:ti_sysbios_BIOS_atExitFunc__I)
                  c30519c4    00000044     sysbios.ae9 : BIOS.obj (.text:ti_sysbios_heaps_HeapMem_free__E)
                  c3051a08    00000044     app_pe9.oe9 (.text:ti_sysbios_knl_Clock_doTick__I)
                  c3051a4c    00000044     sysbios.ae9 : BIOS.obj (.text:ti_sysbios_knl_Task_restoreHwi__E)
                  c3051a90    00000044                 : BIOS.obj (.text:ti_sysbios_utils_Load_updateCurrentThreadTime__E)
                  c3051ad4    00000044     app_pe9.oe9 (.text:xdc_runtime_SysMin_output__I)
                  c3051b18    00000044     ti.targets.arm.rtsarm.ae9 : Text.oe9 (.text:xdc_runtime_Text_cordText__E)
                  c3051b5c    00000040     adc.obj (.text)
                  c3051b9c    00000040     ti.targets.arm.rtsarm.ae9 : LoggerBuf.oe9 (.text:xdc_runtime_LoggerBuf_Module_startup__E)
                  c3051bdc    00000040                               : System.oe9 (.text:xdc_runtime_System_avprintf__E)
                  c3051c1c    0000003c     sysbios.ae9 : da830_Hwi_asm.obj (.text:_ti_sysbios_family_arm_da830_Hwi_init__I)
                  c3051c58    0000003c                 : BIOS.obj (.text:ti_sysbios_heaps_HeapTrack_Instance_init__E)
                  c3051c94    0000003c                 : BIOS.obj (.text:ti_sysbios_knl_Swi_Module_startup__E)
                  c3051cd0    0000003c     ti.targets.arm.rtsarm.ae9 : System.oe9 (.text:xdc_runtime_System_vprintf__E)
                  c3051d0c    00000038     app_pe9.oe9 (.text:ti_sysbios_BIOS_startFunc__I)
                  c3051d44    00000038     sysbios.ae9 : BIOS.obj (.text:ti_sysbios_family_arm_da830_TimerSupport_enable__E)
                  c3051d7c    00000038                 : BIOS.obj (.text:ti_sysbios_knl_Clock_Module_startup__E)
                  c3051db4    00000038     ti.targets.arm.rtsarm.ae9 : LoggerBuf.oe9 (.text:xdc_runtime_LoggerBuf_reset__E)
                  c3051dec    00000034     sysbios.ae9 : arm9_Mmu_asm.obj (.text:_ti_sysbios_family_arm_arm9_Mmu_enableAsm)
                  c3051e20    00000034     rtsv5_A_le_eabi.lib : u_tofd32.obj (.text)
                  c3051e54    00000034     app_pe9.oe9 (.text:ti_sysbios_BIOS_registerRTSLock__I)
                  c3051e88    00000034     app_pe9.oe9 (.text:ti_sysbios_BIOS_removeRTSLock__I)
                  c3051ebc    00000034     sysbios.ae9 : BIOS.obj (.text:ti_sysbios_family_arm_arm9_Cache_enable__E)
                  c3051ef0    00000034     app_pe9.oe9 (.text:ti_sysbios_gates_GateMutex_Object__delete__S)
                  c3051f24    00000034     app_pe9.oe9 (.text:ti_sysbios_heaps_HeapTrack_Object__delete__S)
                  c3051f58    00000034     sysbios.ae9 : BIOS.obj (.text:ti_sysbios_knl_Idle_run__E)
                  c3051f8c    00000034                 : BIOS.obj (.text:ti_sysbios_knl_Task_enter__I)
                  c3051fc0    00000034     ti.uia.loggers.ae9 : LoggerStopMode.oe9 (.text:ti_uia_loggers_LoggerStopMode_Instance_init__E)
                  c3051ff4    00000034     app_pe9.oe9 (.text:xdc_runtime_LoggerBuf_Object__delete__S)
                  c3052028    00000034     ti.targets.arm.rtsarm.ae9 : SysMin.oe9 (.text:xdc_runtime_SysMin_Module_startup__E)
                  c305205c    00000030     app_pe9.oe9 (.text:ti_sysbios_BIOS_rtsLock__I)
                  c305208c    00000030     app_pe9.oe9 (.text:ti_sysbios_gates_GateHwi_Object__delete__S)
                  c30520bc    00000030     sysbios.ae9 : BIOS.obj (.text:ti_sysbios_gates_GateMutex_Instance_init__E)
                  c30520ec    00000030     app_pe9.oe9 (.text:ti_sysbios_heaps_HeapMem_Object__delete__S)
                  c305211c    00000030     app_pe9.oe9 (.text:ti_uia_loggers_LoggerStopMode_Object__delete__S)
                  c305214c    00000030     ti.targets.arm.rtsarm.ae9 : Error.oe9 (.text:xdc_runtime_Error_raiseX__E)
                  c305217c    00000030                               : Memory.oe9 (.text:xdc_runtime_Memory_valloc__E)
                  c30521ac    00000030                               : Registry.oe9 (.text:xdc_runtime_Registry_findById__E)
                  c30521dc    00000030                               : SysMin.oe9 (.text:xdc_runtime_SysMin_exit__E)
                  c305220c    0000002c     app_pe9.oe9 (.text:ti_sysbios_BIOS_errorRaiseHook__I)
                  c3052238    0000002c     sysbios.ae9 : BIOS.obj (.text:ti_sysbios_family_arm_HwiCommon_Module_startup__E)
                  c3052264    0000002c                 : BIOS.obj (.text:ti_sysbios_family_arm_da830_Hwi_disableInterrupt__E)
                  c3052290    0000002c                 : BIOS.obj (.text:ti_sysbios_family_arm_da830_Hwi_enableInterrupt__E)
                  c30522bc    0000002c     app_pe9.oe9 (.text:ti_sysbios_gates_GateHwi_Handle__label__S)
                  c30522e8    0000002c     app_pe9.oe9 (.text:ti_sysbios_gates_GateMutex_Handle__label__S)
                  c3052314    0000002c     app_pe9.oe9 (.text:ti_sysbios_heaps_HeapMem_Handle__label__S)
                  c3052340    0000002c     app_pe9.oe9 (.text:ti_sysbios_heaps_HeapTrack_Handle__label__S)
                  c305236c    0000002c     app_pe9.oe9 (.text:ti_sysbios_knl_Semaphore_Object__destruct__S)
                  c3052398    0000002c     app_pe9.oe9 (.text:ti_uia_loggers_LoggerStopMode_Handle__label__S)
                  c30523c4    0000002c     ti.targets.arm.rtsarm.ae9 : Error.oe9 (.text:xdc_runtime_Error_check__E)
                  c30523f0    0000002c     app_pe9.oe9 (.text:xdc_runtime_LoggerBuf_Handle__label__S)
                  c305241c    00000028     app_pe9.oe9 (.text:free)
                  c3052444    00000028     app_pe9.oe9 (.text:ti_sysbios_BIOS_rtsUnlock__I)
                  c305246c    00000028     app_pe9.oe9 (.text:ti_sysbios_family_arm_da830_Hwi_Module__startupDone__F)
                  c3052494    00000028     sysbios.ae9 : BIOS.obj (.text:ti_sysbios_family_arm_da830_Hwi_handlerALL__I)
                  c30524bc    00000028                 : BIOS.obj (.text:ti_sysbios_gates_GateMutex_leave__E)
                  c30524e4    00000028     app_pe9.oe9 (.text:ti_sysbios_knl_Queue_Object__destruct__S)
                  c305250c    00000028     app_pe9.oe9 (.text:ti_sysbios_timers_timer64_Timer_Module__startupDone__F)
                  c3052534    00000028     sysbios.ae9 : BIOS.obj (.text:ti_sysbios_timers_timer64_TimestampProvider_startTimer__E)
                  c305255c    00000028     ti.targets.arm.rtsarm.ae9 : System.oe9 (.text:xdc_runtime_System_abort__E)
                  c3052584    00000028     app_pe9.oe9 (.text:xdc_runtime_System_aprintf__E)
                  c30525ac    00000028     app_pe9.oe9 (.text:xdc_runtime_System_printf__E)
                  c30525d4    00000024     rtsv5_A_le_eabi.lib : _lock.obj (.text)
                  c30525f8    00000024                         : ll_lsr32.obj (.text)
                  c305261c    00000024     ti.uia.loggers.ae9 : LoggerStopMode.oe9 (.text:ti_uia_loggers_LoggerStopMode_disable__E)
                  c3052640    00000024                        : LoggerStopMode.oe9 (.text:ti_uia_loggers_LoggerStopMode_enable__E)
                  c3052664    00000024     ti.targets.arm.rtsarm.ae9 : System.oe9 (.text:xdc_runtime_System_exit__E)
                  c3052688    00000020     rtsv5_A_le_eabi.lib : args_main.obj (.text)
                  c30526a8    00000020                         : strlen.obj (.text)
                  c30526c8    00000020     app_pe9.oe9 (.text:ti_sysbios_BIOS_exitFunc__I)
                  c30526e8    00000020     sysbios.ae9 : BIOS.obj (.text:ti_sysbios_family_arm_da830_Hwi_switchFromBootStack__E)
                  c3052708    00000020     ti.targets.arm.rtsarm.ae9 : LoggerBuf.oe9 (.text:xdc_runtime_LoggerBuf_Instance_finalize__E)
                  c3052728    00000020                               : LoggerBuf.oe9 (.text:xdc_runtime_LoggerBuf_write2__E)
                  c3052748    0000001c     sysbios.ae9 : arm_TaskSupport_asm.obj (.text:_ti_sysbios_family_arm_TaskSupport_glue)
                  c3052764    0000001c                 : arm9_Cache_asm.obj (.text:_ti_sysbios_family_arm_arm9_Cache_disableL1d__I)
                  c3052780    0000001c                 : arm9_Cache_asm.obj (.text:_ti_sysbios_family_arm_arm9_Cache_getEnabled__E)
                  c305279c    0000001c     rtsv5_A_le_eabi.lib : strcpy.obj (.text)
                  c30527b8    0000001c     app_pe9.oe9 (.text:ti_sysbios_heaps_HeapMem_Object__get__S)
                  c30527d4    0000001c     app_pe9.oe9 (.text:ti_sysbios_knl_Mailbox_Object__get__S)
                  c30527f0    0000001c     app_pe9.oe9 (.text:ti_sysbios_knl_Swi_Object__get__S)
                  c305280c    0000001c     ti.uia.loggers.ae9 : LoggerStopMode.oe9 (.text:ti_uia_loggers_LoggerStopMode_isEmpty__E)
                  c3052828    0000001c     app_pe9.oe9 (.text:xdc_runtime_LoggerBuf_Object__get__S)
                  c3052844    0000001c     ti.targets.arm.rtsarm.ae9 : LoggerBuf.oe9 (.text:xdc_runtime_LoggerBuf_write0__E)
                  c3052860    0000001c                               : LoggerBuf.oe9 (.text:xdc_runtime_LoggerBuf_write1__E)
                  c305287c    0000001c     app_pe9.oe9 (.text:xdc_runtime_Startup_exec__I)
                  c3052898    0000001c     ti.targets.arm.rtsarm.ae9 : SysMin.oe9 (.text:xdc_runtime_SysMin_ready__E)
                  c30528b4    0000001c                               : System.oe9 (.text:xdc_runtime_System_vsnprintf__E)
                  c30528d0    0000001c                               : Text.oe9 (.text:xdc_runtime_Text_ropeText__E)
                  c30528ec    00000018     sysbios.ae9 : arm9_Cache_asm.obj (.text:_ti_sysbios_family_arm_arm9_Cache_disableL1p__I)
                  c3052904    00000018                 : arm9_Cache_asm.obj (.text:_ti_sysbios_family_arm_arm9_Cache_enableL1p__I)
                  c305291c    00000018                 : arm9_Mmu_asm.obj (.text:_ti_sysbios_family_arm_arm9_Mmu_disableAsm)
                  c3052934    00000018                 : BIOS.obj (.text:ti_sysbios_BIOS_setThreadType__E)
                  c305294c    00000018                 : BIOS.obj (.text:ti_sysbios_BIOS_start__E)
                  c3052964    00000018                 : BIOS.obj (.text:ti_sysbios_hal_Hwi_Module_startup__E)
                  c305297c    00000018                 : BIOS.obj (.text:ti_sysbios_hal_Timer_Module_startup__E)
                  c3052994    00000018                 : BIOS.obj (.text:ti_sysbios_heaps_HeapTrack_isBlocking__E)
                  c30529ac    00000018                 : BIOS.obj (.text:ti_sysbios_knl_Queue_empty__E)
                  c30529c4    00000018                 : BIOS.obj (.text:ti_sysbios_knl_Swi_disable__E)
                  c30529dc    00000018     app_pe9.oe9 (.text:ti_sysbios_knl_Task_Object__get__S)
                  c30529f4    00000018     sysbios.ae9 : BIOS.obj (.text:ti_sysbios_knl_Task_disable__E)
                  c3052a0c    00000018                 : BIOS.obj (.text:ti_sysbios_timers_timer64_TimestampProvider_rolloverFunc__E)
                  c3052a24    00000018     app_pe9.oe9 (.text:ti_uia_loggers_LoggerStopMode_Object__get__S)
                  c3052a3c    00000018     ti.targets.arm.rtsarm.ae9 : Error.oe9 (.text:xdc_runtime_Error_init__E)
                  c3052a54    00000014     sysbios.ae9 : arm9_Cache_asm.obj (.text:_ti_sysbios_family_arm_arm9_Cache_enableL1d__I)
                  c3052a68    00000014                 : arm9_Mmu_asm.obj (.text:_ti_sysbios_family_arm_arm9_Mmu_isEnabled)
                  c3052a7c    00000014     rtsv5_A_le_eabi.lib : copy_decompress_none.obj (.text:decompress:none)
                  c3052a90    00000014     sysbios.ae9 : BIOS.obj (.text:ti_sysbios_family_arm_TaskSupport_checkStack__E)
                  c3052aa4    00000014                 : BIOS.obj (.text:ti_sysbios_gates_GateMutex_Instance_finalize__E)
                  c3052ab8    00000014     app_pe9.oe9 (.text:ti_sysbios_knl_Queue_Object__get__S)
                  c3052acc    00000014     sysbios.ae9 : BIOS.obj (.text:ti_sysbios_knl_Semaphore_Instance_finalize__E)
                  c3052ae0    00000014                 : BIOS.obj (.text:ti_sysbios_timers_timer64_TimestampProvider_getFreq__E)
                  c3052af4    00000014     ti.targets.arm.rtsarm.ae9 : Gate.oe9 (.text:xdc_runtime_Gate_leaveSystem__E)
                  c3052b08    00000014     app_pe9.oe9 (.text:xdc_runtime_IHeap_alloc)
                  c3052b1c    00000014     app_pe9.oe9 (.text:xdc_runtime_IHeap_free)
                  c3052b30    00000014     app_pe9.oe9 (.text:xdc_runtime_IHeap_getStats)
                  c3052b44    00000014     ti.targets.arm.rtsarm.ae9 : LoggerBuf.oe9 (.text:xdc_runtime_LoggerBuf_disable__E)
                  c3052b58    00000014                               : LoggerBuf.oe9 (.text:xdc_runtime_LoggerBuf_enable__E)
                  c3052b6c    00000014                               : Memory.oe9 (.text:xdc_runtime_Memory_calloc__E)
                  c3052b80    00000014                               : Memory.oe9 (.text:xdc_runtime_Memory_free__E)
                  c3052b94    00000014                               : Memory.oe9 (.text:xdc_runtime_Memory_getStats__E)
                  c3052ba8    00000010     sysbios.ae9 : arm_TaskSupport_asm.obj (.text:_ti_sysbios_family_arm_TaskSupport_swap__E)
                  c3052bb8    00000010                 : arm9_Cache_asm.obj (.text:_ti_sysbios_family_arm_arm9_Cache_wbInvAll__E)
                  c3052bc8    00000010                 : BIOS.obj (.text:ti_sysbios_family_arm_da830_Hwi_clearInterrupt__E)
                  c3052bd8    00000010                 : BIOS.obj (.text:ti_sysbios_family_arm_da830_Hwi_startup__E)
                  c3052be8    00000010                 : BIOS.obj (.text:ti_sysbios_family_arm_exc_Exception_Module_startup__E)
                  c3052bf8    00000010                 : BIOS.obj (.text:ti_sysbios_gates_GateHwi_enter__E)
                  c3052c08    00000010     ti.targets.arm.rtsarm.ae9 : Gate.oe9 (.text:xdc_runtime_Gate_enterSystem__E)
                  c3052c18    00000010                               : Memory.oe9 (.text:xdc_runtime_Memory_getMaxDefaultTypeAlign__E)
                  c3052c28    00000010                               : Startup.oe9 (.text:xdc_runtime_Startup_rtsDone__E)
                  c3052c38    0000000c     sysbios.ae9 : BIOS.obj (.text:ti_sysbios_knl_Idle_loop__E)
                  c3052c44    0000000c                 : BIOS.obj (.text:ti_sysbios_knl_Queue_Instance_init__E)
                  c3052c50    0000000c     app_pe9.oe9 (.text:xdc_runtime_Text_visitRope__I)
                  c3052c5c    00000008     sysbios.ae9 : arm9_Cache_asm.obj (.text:_ti_sysbios_family_arm_arm9_Cache_invL1dAll__E)
                  c3052c64    00000008                 : arm9_Cache_asm.obj (.text:_ti_sysbios_family_arm_arm9_Cache_invL1pAll__E)
                  c3052c6c    00000008                 : arm9_Cache_asm.obj (.text:_ti_sysbios_family_arm_arm9_Cache_wait__E)
                  c3052c74    00000008     rtsv5_A_le_eabi.lib : copy_decompress_rle.obj (.text:decompress:rle24)
                  c3052c7c    00000008     platform.lib : edma.obj (.text)
                  c3052c84    00000008     app_pe9.oe9 (.text:ti_sysbios_family_arm_TaskSupport_Module__startupDone__S)
                  c3052c8c    00000008     sysbios.ae9 : BIOS.obj (.text:ti_sysbios_gates_GateHwi_leave__E)
                  c3052c94    00000008                 : BIOS.obj (.text:ti_sysbios_gates_GateHwi_query__E)
                  c3052c9c    00000008                 : BIOS.obj (.text:ti_sysbios_gates_GateMutex_query__E)
                  c3052ca4    00000008                 : BIOS.obj (.text:ti_sysbios_heaps_HeapMem_isBlocking__E)
                  c3052cac    00000008                 : BIOS.obj (.text:ti_sysbios_heaps_HeapTrack_getStats__E)
                  c3052cb4    00000008                 : BIOS.obj (.text:ti_sysbios_timers_timer64_Timer_getMaxTicks__E)
                  c3052cbc    00000008     ti.uia.loggers.ae9 : LoggerStopMode.oe9 (.text:ti_uia_loggers_LoggerStopMode_getContents__E)
                  c3052cc4    00000008     app_pe9.oe9 (.text:ti_uia_loggers_LoggerStopMode_getFilterLevel__E)
                  c3052ccc    00000008     ti.uia.loggers.ae9 : LoggerStopMode.oe9 (.text:ti_uia_loggers_LoggerStopMode_getInstanceId__E)
                  c3052cd4    00000008                        : LoggerStopMode.oe9 (.text:ti_uia_loggers_LoggerStopMode_getMaxLength__E)
                  c3052cdc    00000008                        : LoggerStopMode.oe9 (.text:ti_uia_loggers_LoggerStopMode_getPriority__E)
                  c3052ce4    00000008                        : LoggerStopMode.oe9 (.text:ti_uia_loggers_LoggerStopMode_getTransferType__E)
                  c3052cec    00000008     ti.targets.arm.rtsarm.ae9 : Error.oe9 (.text:xdc_runtime_Error_getSite__E)
                  c3052cf4    00000008                               : System.oe9 (.text:xdc_runtime_System_Module_startup__E)
                  c3052cfc    00000004     rtsv5_A_le_eabi.lib : i_div0.obj (.text)
                  c3052d00    00000004     app_pe9.oe9 (.text:ti_sysbios_BIOS_RtsGateProxy_enter__E)
                  c3052d04    00000004     app_pe9.oe9 (.text:ti_sysbios_BIOS_RtsGateProxy_leave__E)
                  c3052d08    00000004     sysbios.ae9 : BIOS.obj (.text:ti_sysbios_BIOS_linkedWithIncorrectBootLibrary__E)
                  c3052d0c    00000004     app_pe9.oe9 (.text:ti_sysbios_BIOS_nullFunc__I)
                  c3052d10    00000004     sysbios.ae9 : BIOS.obj (.text:ti_sysbios_family_arm_da830_Hwi_spuriousInt__I)
                  c3052d14    00000004                 : BIOS.obj (.text:ti_sysbios_gates_GateHwi_Instance_init__E)
                  c3052d18    00000004     app_pe9.oe9 (.text:ti_sysbios_heaps_HeapMem_Module_GateProxy_enter__E)
                  c3052d1c    00000004     app_pe9.oe9 (.text:ti_sysbios_heaps_HeapMem_Module_GateProxy_leave__E)
                  c3052d20    00000004     app_pe9.oe9 (.text:ti_sysbios_knl_Clock_TimerProxy_getMaxTicks__E)
                  c3052d24    00000004     app_pe9.oe9 (.text:ti_sysbios_knl_Queue_destruct)
                  c3052d28    00000004     app_pe9.oe9 (.text:ti_sysbios_knl_Semaphore_destruct)
                  c3052d2c    00000004     sysbios.ae9 : BIOS.obj (.text:ti_sysbios_knl_Task_startup__E)
                  c3052d30    00000004     app_pe9.oe9 (.text:ti_uia_loggers_LoggerStopMode_setFilterLevel__E)
                  c3052d34    00000004     ti.uia.loggers.ae9 : LoggerStopMode.oe9 (.text:ti_uia_loggers_LoggerStopMode_setPriority__E)
                  c3052d38    00000004     app_pe9.oe9 (.text:xdc_runtime_LoggerBuf_Module_GateProxy_enter__E)
                  c3052d3c    00000004     app_pe9.oe9 (.text:xdc_runtime_LoggerBuf_Module_GateProxy_leave__E)
                  c3052d40    00000004     app_pe9.oe9 (.text:xdc_runtime_Startup_reset__I)
                  c3052d44    00000004     app_pe9.oe9 (.text:xdc_runtime_System_Module_GateProxy_enter__E)
                  c3052d48    00000004     app_pe9.oe9 (.text:xdc_runtime_System_Module_GateProxy_leave__E)
                  c3052d4c    00000004     ti.targets.arm.rtsarm.ae9 : System.oe9 (.text:xdc_runtime_System_aprintf_va__F)
                  c3052d50    00000004                               : System.oe9 (.text:xdc_runtime_System_printf_va__F)

.data      0    c3052d54    00000aa9     UNINITIALIZED
                  c3052d54    0000022c     app_pe9.oe9 (.data:ti_sysbios_family_arm_da830_Hwi_Module__state__V)
                  c3052f80    00000100     app_pe9.oe9 (.data:ti_sysbios_knl_Task_Module_State_0_readyQ__A)
                  c3053080    000000a0     app_pe9.oe9 (.data:ti_sysbios_knl_Mailbox_Object__table__V)
                  c3053120    0000009c     app_pe9.oe9 (.data:ti_uia_loggers_LoggerStopMode_Object__table__V)
                  c30531bc    00000098     app_pe9.oe9 (.data:ti_sysbios_knl_Task_Object__table__V)
                  c3053254    00000098     app_pe9.oe9 (.data:ti_sysbios_timers_timer64_Timer_Object__table__V)
                  c30532ec    00000098     app_pe9.oe9 (.data:ti_sysbios_utils_Load_Module__state__V)
                  c3053384    00000080     app_pe9.oe9 (.data:ti_sysbios_knl_Swi_Module_State_0_readyQ__A)
                  c3053404    00000060     app_pe9.oe9 (.data:ti_sysbios_timers_timer64_Timer_Module_State_0_device__A)
                  c3053464    00000044     app_pe9.oe9 (.data:ti_sysbios_knl_Task_Module__state__V)
                  c30534a8    00000040     app_pe9.oe9 (.data:ti_sysbios_knl_Clock_Object__table__V)
                  c30534e8    00000038     app_pe9.oe9 (.data:ti_sysbios_family_arm_da830_Hwi_Object__table__V)
                  c3053520    00000038     app_pe9.oe9 (.data:ti_sysbios_gates_GateMutex_Object__table__V)
                  c3053558    00000030     app_pe9.oe9 (.data:ti_sysbios_knl_Swi_Object__table__V)
                  c3053588    0000002c     app_pe9.oe9 (.data:ti_sysbios_knl_Clock_Module__state__V)
                  c30535b4    00000024     app_pe9.oe9 (.data:ti_sysbios_BIOS_Module__state__V)
                  c30535d8    00000024     app_pe9.oe9 (.data:xdc_runtime_LoggerBuf_Object__table__V)
                  c30535fc    00000020     app_pe9.oe9 (.data:ti_sysbios_heaps_HeapTrack_Object__table__V)
                  c305361c    00000020     app_pe9.oe9 (.data:ti_sysbios_timers_timer64_Timer_Module_State_0_handles__A)
                  c305363c    00000020     app_pe9.oe9 (.data:ti_sysbios_timers_timer64_Timer_Module_State_0_intFreqs__A)
                  c305365c    00000020     app_pe9.oe9 (.data:xdc_runtime_System_Module_State_0_atexitHandlers__A)
                  c305367c    0000001c     app_pe9.oe9 (.data:ti_sysbios_knl_Swi_Module__state__V)
                  c3053698    00000018     app_pe9.oe9 (.data:ti_sysbios_heaps_HeapMem_Object__table__V)
                  c30536b0    00000018     app_pe9.oe9 (.data:ti_sysbios_timers_timer64_Timer_Module_State_0_gctrl__A)
                  c30536c8    00000018     app_pe9.oe9 (.data:ti_sysbios_timers_timer64_Timer_Module__state__V)
                  c30536e0    00000014     app_pe9.oe9 (.data:ti_sysbios_family_arm_exc_Exception_Module__state__V)
                  c30536f4    00000010     app_pe9.oe9 (.data:ti_sysbios_family_arm_HwiCommon_Module__state__V)
                  c3053704    00000010     app_pe9.oe9 (.data:ti_sysbios_hal_Hwi_Object__table__V)
                  c3053714    0000000c     rtsv5_A_le_eabi.lib : exit.obj (.data:$O1$$)
                  c3053720    0000000c     app_pe9.oe9 (.data:ti_sysbios_knl_Task_Module__root__V)
                  c305372c    0000000c     app_pe9.oe9 (.data:ti_uia_runtime_QueueDescriptor_Module__state__V)
                  c3053738    0000000c     app_pe9.oe9 (.data:xdc_runtime_SysMin_Module__state__V)
                  c3053744    00000008     rtsv5_A_le_eabi.lib : _lock.obj (.data:$O1$$)
                  c305374c    00000008     main.obj (.data)
                  c3053754    00000008     ti.uia.runtime.ae9 : QueueDescriptor.oe9 (.data)
                  c305375c    00000008     app_pe9.oe9 (.data:ti_sysbios_gates_GateHwi_Module__root__V)
                  c3053764    00000008     app_pe9.oe9 (.data:ti_sysbios_gates_GateMutex_Module__root__V)
                  c305376c    00000008     app_pe9.oe9 (.data:ti_sysbios_heaps_HeapMem_Module__root__V)
                  c3053774    00000008     app_pe9.oe9 (.data:ti_sysbios_heaps_HeapTrack_Module__root__V)
                  c305377c    00000008     app_pe9.oe9 (.data:ti_sysbios_knl_Queue_Module__root__V)
                  c3053784    00000008     app_pe9.oe9 (.data:ti_sysbios_knl_Queue_Object__table__V)
                  c305378c    00000008     app_pe9.oe9 (.data:ti_sysbios_knl_Semaphore_Module__root__V)
                  c3053794    00000008     app_pe9.oe9 (.data:ti_sysbios_timers_timer64_TimestampProvider_Module__state__V)
                  c305379c    00000008     app_pe9.oe9 (.data:ti_uia_loggers_LoggerStopMode_Module__root__V)
                  c30537a4    00000008     app_pe9.oe9 (.data:xdc_runtime_LoggerBuf_Module__root__V)
                  c30537ac    00000008     app_pe9.oe9 (.data:xdc_runtime_Registry_Module__state__V)
                  c30537b4    00000008     app_pe9.oe9 (.data:xdc_runtime_Startup_Module__state__V)
                  c30537bc    00000008     app_pe9.oe9 (.data:xdc_runtime_System_Module__state__V)
                  c30537c4    00000006     app_pe9.oe9 (.data:xdc_runtime_LoggerBuf_Module__state__V)
                  c30537ca    00000002     app_pe9.oe9 (.data:ti_sysbios_family_arm_da830_TimerSupport_Module_State_0_suspSrc__A)
                  c30537cc    00000004     rtsv5_A_le_eabi.lib : stkdepth_vars.obj (.data)
                  c30537d0    00000004     app_pe9.oe9 (.data:ti_sysbios_family_arm_arm9_Mmu_Module__state__V)
                  c30537d4    00000004     app_pe9.oe9 (.data:ti_sysbios_family_arm_da830_TimerSupport_Module__state__V)
                  c30537d8    00000004     app_pe9.oe9 (.data:ti_sysbios_family_arm_exc_Exception_Module_State_0_excContext__A)
                  c30537dc    00000004     app_pe9.oe9 (.data:ti_sysbios_family_arm_exc_Exception_Module_State_0_excStackBuffers__A)
                  c30537e0    00000004     app_pe9.oe9 (.data:ti_sysbios_family_arm_exc_Exception_Module_State_0_excStack__A)
                  c30537e4    00000004     app_pe9.oe9 (.data:ti_sysbios_gates_GateHwi_Object__table__V)
                  c30537e8    00000004     app_pe9.oe9 (.data:ti_sysbios_knl_Task_Module_State_0_idleTask__A)
                  c30537ec    00000004     app_pe9.oe9 (.data:ti_sysbios_utils_Load_Module_State_0_runningTask__A)
                  c30537f0    00000004     app_pe9.oe9 (.data:ti_sysbios_utils_Load_Module_State_0_taskStartTime__A)
                  c30537f4    00000004     app_pe9.oe9 (.data:xdc_runtime_Memory_Module__state__V)
                  c30537f8    00000002     app_pe9.oe9 (.data:ti_sysbios_family_arm_exc_Exception_Module_State_0_excActive__A)
                  c30537fa    00000002     app_pe9.oe9 (.data:xdc_runtime_Error_Module__state__V)
                  c30537fc    00000001     watchdog.obj (.data)

.const     0    c3053800    000006db     
                  c3053800    00000060     app_pe9.oe9 (.const:ti_uia_loggers_LoggerStopMode_Module__FXNS__C)
                  c3053860    00000048     app_pe9.oe9 (.const:.string)
                  c30538a8    00000040     app_pe9.oe9 (.const:xdc_runtime_Startup_sfxnTab__A)
                  c30538e8    0000003c     app_pe9.oe9 (.const:xdc_runtime_LoggerBuf_Module__FXNS__C)
                  c3053924    00000028     app_pe9.oe9 (.const:ti_sysbios_heaps_HeapMem_Module__FXNS__C)
                  c305394c    00000028     app_pe9.oe9 (.const:ti_sysbios_heaps_HeapTrack_Module__FXNS__C)
                  c3053974    00000028     app_pe9.oe9 (.const:ti_uia_loggers_LoggerStopMode_Object__PARAMS__C)
                  c305399c    00000024     app_pe9.oe9 (.const:ti_sysbios_gates_GateHwi_Module__FXNS__C)
                  c30539c0    00000024     app_pe9.oe9 (.const:ti_sysbios_gates_GateMutex_Module__FXNS__C)
                  c30539e4    00000024     app_pe9.oe9 (.const:ti_sysbios_heaps_HeapMem_Object__PARAMS__C)
                  c3053a08    00000024     app_pe9.oe9 (.const:ti_sysbios_knl_Semaphore_Object__PARAMS__C)
                  c3053a2c    00000024     app_pe9.oe9 (.const:xdc_runtime_LoggerBuf_Object__PARAMS__C)
                  c3053a50    00000020     app_pe9.oe9 (.const:ti_sysbios_gates_GateHwi_Object__DESC__C)
                  c3053a70    00000020     app_pe9.oe9 (.const:ti_sysbios_gates_GateMutex_Object__DESC__C)
                  c3053a90    00000020     app_pe9.oe9 (.const:ti_sysbios_heaps_HeapMem_Object__DESC__C)
                  c3053ab0    00000020     app_pe9.oe9 (.const:ti_sysbios_heaps_HeapTrack_Object__DESC__C)
                  c3053ad0    00000020     app_pe9.oe9 (.const:ti_sysbios_knl_Queue_Object__DESC__C)
                  c3053af0    00000020     app_pe9.oe9 (.const:ti_sysbios_knl_Semaphore_Object__DESC__C)
                  c3053b10    00000020     app_pe9.oe9 (.const:ti_uia_loggers_LoggerStopMode_Object__DESC__C)
                  c3053b30    00000020     app_pe9.oe9 (.const:xdc_runtime_LoggerBuf_Object__DESC__C)
                  c3053b50    00000020     app_pe9.oe9 (.const:xdc_runtime_Startup_sfxnRts__A)
                  c3053b70    0000001c     app_pe9.oe9 (.const:ti_sysbios_heaps_HeapTrack_Object__PARAMS__C)
                  c3053b8c    00000018     app_pe9.oe9 (.const:ti_sysbios_gates_GateHwi_Object__PARAMS__C)
                  c3053ba4    00000018     app_pe9.oe9 (.const:ti_sysbios_gates_GateMutex_Object__PARAMS__C)
                  c3053bbc    00000018     app_pe9.oe9 (.const:ti_sysbios_knl_Queue_Object__PARAMS__C)
                  c3053bd4    00000011     ti.targets.arm.rtsarm.ae9 : System.oe9 (.const:.string)
                  c3053be5    00000001     app_pe9.oe9 (.const:xdc_runtime_Error_policy__C)
                  c3053be6    00000002     app_pe9.oe9 (.const:ti_sysbios_family_arm_arm9_Cache_enableCache__C)
                  c3053be8    0000000c     app_pe9.oe9 (.const:xdc_runtime_Startup_firstFxns__A)
                  c3053bf4    00000008     app_pe9.oe9 (.const:ti_sysbios_knl_Idle_funcList__A)
                  c3053bfc    00000008     app_pe9.oe9 (.const:ti_sysbios_knl_Idle_funcList__C)
                  c3053c04    00000008     app_pe9.oe9 (.const:xdc_runtime_Startup_firstFxns__C)
                  c3053c0c    00000008     app_pe9.oe9 (.const:xdc_runtime_Startup_lastFxns__C)
                  c3053c14    00000004     app_pe9.oe9 (.const:ti_sysbios_family_arm_da830_Hwi_A_unsupportedMaskingOption__C)
                  c3053c18    00000004     app_pe9.oe9 (.const:ti_sysbios_family_arm_da830_Hwi_E_alreadyDefined__C)
                  c3053c1c    00000004     app_pe9.oe9 (.const:ti_sysbios_family_arm_da830_Hwi_LD_end__C)
                  c3053c20    00000004     app_pe9.oe9 (.const:ti_sysbios_family_arm_da830_Hwi_LM_begin__C)
                  c3053c24    00000004     app_pe9.oe9 (.const:ti_sysbios_family_arm_da830_Hwi_Module__diagsEnabled__C)
                  c3053c28    00000004     app_pe9.oe9 (.const:ti_sysbios_family_arm_da830_Hwi_Module__diagsIncluded__C)
                  c3053c2c    00000004     app_pe9.oe9 (.const:ti_sysbios_family_arm_da830_Hwi_Module__diagsMask__C)
                  c3053c30    00000004     app_pe9.oe9 (.const:ti_sysbios_family_arm_da830_Hwi_Module__loggerFxn1__C)
                  c3053c34    00000004     app_pe9.oe9 (.const:ti_sysbios_family_arm_da830_Hwi_Module__loggerFxn4__C)
                  c3053c38    00000004     app_pe9.oe9 (.const:ti_sysbios_family_arm_da830_Hwi_Module__loggerFxn8__C)
                  c3053c3c    00000004     app_pe9.oe9 (.const:ti_sysbios_family_arm_da830_Hwi_Module__loggerObj__C)
                  c3053c40    00000004     app_pe9.oe9 (.const:ti_sysbios_family_arm_da830_Hwi_taskDisable__C)
                  c3053c44    00000004     app_pe9.oe9 (.const:ti_sysbios_family_arm_da830_Hwi_taskRestoreHwi__C)
                  c3053c48    00000004     app_pe9.oe9 (.const:ti_sysbios_family_arm_exc_Exception_E_dataAbort__C)
                  c3053c4c    00000004     app_pe9.oe9 (.const:ti_sysbios_family_arm_exc_Exception_E_prefetchAbort__C)
                  c3053c50    00000004     app_pe9.oe9 (.const:ti_sysbios_family_arm_exc_Exception_E_swi__C)
                  c3053c54    00000004     app_pe9.oe9 (.const:ti_sysbios_family_arm_exc_Exception_E_undefinedInstruction__C)
                  c3053c58    00000004     app_pe9.oe9 (.const:ti_sysbios_family_arm_exc_Exception_excHookFuncs__A)
                  c3053c5c    00000004     app_pe9.oe9 (.const:ti_sysbios_family_arm_exc_Exception_excHookFuncs__C)
                  c3053c60    00000004     app_pe9.oe9 (.const:ti_sysbios_gates_GateMutex_A_badContext__C)
                  c3053c64    00000004     app_pe9.oe9 (.const:ti_sysbios_gates_GateMutex_Instance_State_sem__O)
                  c3053c68    00000004     app_pe9.oe9 (.const:ti_sysbios_gates_GateMutex_Module__diagsEnabled__C)
                  c3053c6c    00000004     app_pe9.oe9 (.const:ti_sysbios_gates_GateMutex_Module__diagsIncluded__C)
                  c3053c70    00000004     app_pe9.oe9 (.const:ti_sysbios_gates_GateMutex_Module__diagsMask__C)
                  c3053c74    00000004     app_pe9.oe9 (.const:ti_sysbios_hal_Hwi_E_stackOverflow__C)
                  c3053c78    00000004     app_pe9.oe9 (.const:ti_sysbios_heaps_HeapMem_A_align__C)
                  c3053c7c    00000004     app_pe9.oe9 (.const:ti_sysbios_heaps_HeapMem_A_heapSize__C)
                  c3053c80    00000004     app_pe9.oe9 (.const:ti_sysbios_heaps_HeapMem_A_invalidFree__C)
                  c3053c84    00000004     app_pe9.oe9 (.const:ti_sysbios_heaps_HeapMem_A_zeroBlock__C)
                  c3053c88    00000004     app_pe9.oe9 (.const:ti_sysbios_heaps_HeapMem_E_memory__C)
                  c3053c8c    00000004     app_pe9.oe9 (.const:ti_sysbios_heaps_HeapMem_Module__diagsEnabled__C)
                  c3053c90    00000004     app_pe9.oe9 (.const:ti_sysbios_heaps_HeapMem_Module__diagsIncluded__C)
                  c3053c94    00000004     app_pe9.oe9 (.const:ti_sysbios_heaps_HeapMem_Module__diagsMask__C)
                  c3053c98    00000004     app_pe9.oe9 (.const:ti_sysbios_heaps_HeapMem_Module__gateObj__C)
                  c3053c9c    00000004     app_pe9.oe9 (.const:ti_sysbios_heaps_HeapMem_Object__count__C)
                  c3053ca0    00000004     app_pe9.oe9 (.const:ti_sysbios_heaps_HeapMem_reqAlign__C)
                  c3053ca4    00000004     app_pe9.oe9 (.const:ti_sysbios_heaps_HeapTrack_A_bufOverflow__C)
                  c3053ca8    00000004     app_pe9.oe9 (.const:ti_sysbios_heaps_HeapTrack_A_doubleFree__C)
                  c3053cac    00000004     app_pe9.oe9 (.const:ti_sysbios_heaps_HeapTrack_A_notEmpty__C)
                  c3053cb0    00000004     app_pe9.oe9 (.const:ti_sysbios_heaps_HeapTrack_Instance_State_trackQueue__O)
                  c3053cb4    00000004     app_pe9.oe9 (.const:ti_sysbios_heaps_HeapTrack_Module__diagsEnabled__C)
                  c3053cb8    00000004     app_pe9.oe9 (.const:ti_sysbios_heaps_HeapTrack_Module__diagsIncluded__C)
                  c3053cbc    00000004     app_pe9.oe9 (.const:ti_sysbios_heaps_HeapTrack_Module__diagsMask__C)
                  c3053cc0    00000004     app_pe9.oe9 (.const:ti_sysbios_knl_Clock_LM_begin__C)
                  c3053cc4    00000004     app_pe9.oe9 (.const:ti_sysbios_knl_Clock_LM_tick__C)
                  c3053cc8    00000004     app_pe9.oe9 (.const:ti_sysbios_knl_Clock_LW_delayed__C)
                  c3053ccc    00000004     app_pe9.oe9 (.const:ti_sysbios_knl_Clock_Module_State_clockQ__O)
                  c3053cd0    00000004     app_pe9.oe9 (.const:ti_sysbios_knl_Clock_Module__diagsEnabled__C)
                  c3053cd4    00000004     app_pe9.oe9 (.const:ti_sysbios_knl_Clock_Module__diagsIncluded__C)
                  c3053cd8    00000004     app_pe9.oe9 (.const:ti_sysbios_knl_Clock_Module__diagsMask__C)
                  c3053cdc    00000004     app_pe9.oe9 (.const:ti_sysbios_knl_Clock_Module__loggerFxn1__C)
                  c3053ce0    00000004     app_pe9.oe9 (.const:ti_sysbios_knl_Clock_Module__loggerFxn2__C)
                  c3053ce4    00000004     app_pe9.oe9 (.const:ti_sysbios_knl_Clock_Module__loggerObj__C)
                  c3053ce8    00000004     app_pe9.oe9 (.const:ti_sysbios_knl_Mailbox_Instance_State_freeQue__O)
                  c3053cec    00000004     app_pe9.oe9 (.const:ti_sysbios_knl_Mailbox_Object__count__C)
                  c3053cf0    00000004     app_pe9.oe9 (.const:ti_sysbios_knl_Mailbox_maxTypeAlign__C)
                  c3053cf4    00000004     app_pe9.oe9 (.const:ti_sysbios_knl_Semaphore_A_badContext__C)
                  c3053cf8    00000004     app_pe9.oe9 (.const:ti_sysbios_knl_Semaphore_A_noEvents__C)
                  c3053cfc    00000004     app_pe9.oe9 (.const:ti_sysbios_knl_Semaphore_A_overflow__C)
                  c3053d00    00000004     app_pe9.oe9 (.const:ti_sysbios_knl_Semaphore_A_pendTaskDisabled__C)
                  c3053d04    00000004     app_pe9.oe9 (.const:ti_sysbios_knl_Semaphore_Instance_State_pendQ__O)
                  c3053d08    00000004     app_pe9.oe9 (.const:ti_sysbios_knl_Semaphore_LM_pend__C)
                  c3053d0c    00000004     app_pe9.oe9 (.const:ti_sysbios_knl_Semaphore_LM_post__C)
                  c3053d10    00000004     app_pe9.oe9 (.const:ti_sysbios_knl_Semaphore_Module__diagsEnabled__C)
                  c3053d14    00000004     app_pe9.oe9 (.const:ti_sysbios_knl_Semaphore_Module__diagsIncluded__C)
                  c3053d18    00000004     app_pe9.oe9 (.const:ti_sysbios_knl_Semaphore_Module__diagsMask__C)
                  c3053d1c    00000004     app_pe9.oe9 (.const:ti_sysbios_knl_Semaphore_Module__loggerFxn2__C)
                  c3053d20    00000004     app_pe9.oe9 (.const:ti_sysbios_knl_Semaphore_Module__loggerFxn4__C)
                  c3053d24    00000004     app_pe9.oe9 (.const:ti_sysbios_knl_Semaphore_Module__loggerObj__C)
                  c3053d28    00000004     app_pe9.oe9 (.const:ti_sysbios_knl_Swi_LD_end__C)
                  c3053d2c    00000004     app_pe9.oe9 (.const:ti_sysbios_knl_Swi_LM_begin__C)
                  c3053d30    00000004     app_pe9.oe9 (.const:ti_sysbios_knl_Swi_LM_post__C)
                  c3053d34    00000004     app_pe9.oe9 (.const:ti_sysbios_knl_Swi_Module__diagsEnabled__C)
                  c3053d38    00000004     app_pe9.oe9 (.const:ti_sysbios_knl_Swi_Module__diagsIncluded__C)
                  c3053d3c    00000004     app_pe9.oe9 (.const:ti_sysbios_knl_Swi_Module__diagsMask__C)
                  c3053d40    00000004     app_pe9.oe9 (.const:ti_sysbios_knl_Swi_Module__loggerFxn1__C)
                  c3053d44    00000004     app_pe9.oe9 (.const:ti_sysbios_knl_Swi_Module__loggerFxn4__C)
                  c3053d48    00000004     app_pe9.oe9 (.const:ti_sysbios_knl_Swi_Module__loggerObj__C)
                  c3053d4c    00000004     app_pe9.oe9 (.const:ti_sysbios_knl_Swi_Object__count__C)
                  c3053d50    00000004     app_pe9.oe9 (.const:ti_sysbios_knl_Task_E_spOutOfBounds__C)
                  c3053d54    00000004     app_pe9.oe9 (.const:ti_sysbios_knl_Task_E_stackOverflow__C)
                  c3053d58    00000004     app_pe9.oe9 (.const:ti_sysbios_knl_Task_LD_block__C)
                  c3053d5c    00000004     app_pe9.oe9 (.const:ti_sysbios_knl_Task_LD_exit__C)
                  c3053d60    00000004     app_pe9.oe9 (.const:ti_sysbios_knl_Task_LD_ready__C)
                  c3053d64    00000004     app_pe9.oe9 (.const:ti_sysbios_knl_Task_LM_switch__C)
                  c3053d68    00000004     app_pe9.oe9 (.const:ti_sysbios_knl_Task_Module_State_inactiveQ__O)
                  c3053d6c    00000004     app_pe9.oe9 (.const:ti_sysbios_knl_Task_Module__diagsEnabled__C)
                  c3053d70    00000004     app_pe9.oe9 (.const:ti_sysbios_knl_Task_Module__diagsIncluded__C)
                  c3053d74    00000004     app_pe9.oe9 (.const:ti_sysbios_knl_Task_Module__diagsMask__C)
                  c3053d78    00000004     app_pe9.oe9 (.const:ti_sysbios_knl_Task_Module__loggerFxn2__C)
                  c3053d7c    00000004     app_pe9.oe9 (.const:ti_sysbios_knl_Task_Module__loggerFxn4__C)
                  c3053d80    00000004     app_pe9.oe9 (.const:ti_sysbios_knl_Task_Module__loggerObj__C)
                  c3053d84    00000004     app_pe9.oe9 (.const:ti_sysbios_knl_Task_Object__count__C)
                  c3053d88    00000004     app_pe9.oe9 (.const:ti_sysbios_knl_Task_allBlockedFunc__C)
                  c3053d8c    00000004     app_pe9.oe9 (.const:ti_sysbios_knl_Task_numConstructedTasks__C)
                  c3053d90    00000004     app_pe9.oe9 (.const:ti_sysbios_timers_timer64_Timer_E_cannotSupport__C)
                  c3053d94    00000004     app_pe9.oe9 (.const:ti_sysbios_timers_timer64_Timer_Module__diagsEnabled__C)
                  c3053d98    00000004     app_pe9.oe9 (.const:ti_sysbios_timers_timer64_Timer_Module__diagsIncluded__C)
                  c3053d9c    00000004     app_pe9.oe9 (.const:ti_sysbios_timers_timer64_Timer_Module__diagsMask__C)
                  c3053da0    00000004     app_pe9.oe9 (.const:ti_sysbios_timers_timer64_Timer_freqDivisor__C)
                  c3053da4    00000004     app_pe9.oe9 (.const:ti_sysbios_timers_timer64_Timer_numTimerDevices__C)
                  c3053da8    00000004     app_pe9.oe9 (.const:ti_sysbios_timers_timer64_TimestampProvider_Module__diagsEnabled__C)
                  c3053dac    00000004     app_pe9.oe9 (.const:ti_sysbios_timers_timer64_TimestampProvider_Module__diagsIncluded__C)
                  c3053db0    00000004     app_pe9.oe9 (.const:ti_sysbios_timers_timer64_TimestampProvider_Module__diagsMask__C)
                  c3053db4    00000004     app_pe9.oe9 (.const:ti_sysbios_utils_Load_LS_cpuLoad__C)
                  c3053db8    00000004     app_pe9.oe9 (.const:ti_sysbios_utils_Load_Module__diagsEnabled__C)
                  c3053dbc    00000004     app_pe9.oe9 (.const:ti_sysbios_utils_Load_Module__diagsIncluded__C)
                  c3053dc0    00000004     app_pe9.oe9 (.const:ti_sysbios_utils_Load_Module__diagsMask__C)
                  c3053dc4    00000004     app_pe9.oe9 (.const:ti_sysbios_utils_Load_Module__loggerFxn1__C)
                  c3053dc8    00000004     app_pe9.oe9 (.const:ti_sysbios_utils_Load_Module__loggerObj__C)
                  c3053dcc    00000004     app_pe9.oe9 (.const:ti_sysbios_utils_Load_postUpdate__C)
                  c3053dd0    00000004     app_pe9.oe9 (.const:ti_sysbios_utils_Load_windowInMs__C)
                  c3053dd4    00000004     app_pe9.oe9 (.const:ti_uia_loggers_LoggerStopMode_Module__diagsEnabled__C)
                  c3053dd8    00000004     app_pe9.oe9 (.const:ti_uia_loggers_LoggerStopMode_Module__diagsIncluded__C)
                  c3053ddc    00000004     app_pe9.oe9 (.const:ti_uia_loggers_LoggerStopMode_Module__diagsMask__C)
                  c3053de0    00000004     app_pe9.oe9 (.const:ti_uia_loggers_LoggerStopMode_Object__count__C)
                  c3053de4    00000004     app_pe9.oe9 (.const:ti_uia_runtime_ILoggerSnapshot_Interface__BASE__C)
                  c3053de8    00000004     app_pe9.oe9 (.const:ti_uia_runtime_IUIATransfer_Interface__BASE__C)
                  c3053dec    00000004     app_pe9.oe9 (.const:xdc_runtime_Assert_E_assertFailed__C)
                  c3053df0    00000004     app_pe9.oe9 (.const:xdc_runtime_Core_A_initializedParams__C)
                  c3053df4    00000004     app_pe9.oe9 (.const:xdc_runtime_Core_Module__diagsEnabled__C)
                  c3053df8    00000004     app_pe9.oe9 (.const:xdc_runtime_Core_Module__diagsIncluded__C)
                  c3053dfc    00000004     app_pe9.oe9 (.const:xdc_runtime_Core_Module__diagsMask__C)
                  c3053e00    00000004     app_pe9.oe9 (.const:xdc_runtime_Error_E_memory__C)
                  c3053e04    00000004     app_pe9.oe9 (.const:xdc_runtime_Error_Module__diagsEnabled__C)
                  c3053e08    00000004     app_pe9.oe9 (.const:xdc_runtime_Error_Module__diagsIncluded__C)
                  c3053e0c    00000004     app_pe9.oe9 (.const:xdc_runtime_Error_Module__diagsMask__C)
                  c3053e10    00000004     app_pe9.oe9 (.const:xdc_runtime_Error_Module__loggerFxn8__C)
                  c3053e14    00000004     app_pe9.oe9 (.const:xdc_runtime_Error_Module__loggerObj__C)
                  c3053e18    00000004     app_pe9.oe9 (.const:xdc_runtime_Error_policyFxn__C)
                  c3053e1c    00000004     app_pe9.oe9 (.const:xdc_runtime_Error_raiseHook__C)
                  c3053e20    00000004     app_pe9.oe9 (.const:xdc_runtime_IFilterLogger_Interface__BASE__C)
                  c3053e24    00000004     app_pe9.oe9 (.const:xdc_runtime_IGateProvider_Interface__BASE__C)
                  c3053e28    00000004     app_pe9.oe9 (.const:xdc_runtime_IHeap_Interface__BASE__C)
                  c3053e2c    00000004     app_pe9.oe9 (.const:xdc_runtime_ILogger_Interface__BASE__C)
                  c3053e30    00000004     app_pe9.oe9 (.const:xdc_runtime_IModule_Interface__BASE__C)
                  c3053e34    00000004     app_pe9.oe9 (.const:xdc_runtime_Log_L_error__C)
                  c3053e38    00000004     app_pe9.oe9 (.const:xdc_runtime_LoggerBuf_E_badLevel__C)
                  c3053e3c    00000004     app_pe9.oe9 (.const:xdc_runtime_LoggerBuf_Module__gateObj__C)
                  c3053e40    00000004     app_pe9.oe9 (.const:xdc_runtime_LoggerBuf_Object__count__C)
                  c3053e44    00000004     app_pe9.oe9 (.const:xdc_runtime_LoggerBuf_statusLogger__C)
                  c3053e48    00000004     app_pe9.oe9 (.const:xdc_runtime_Memory_defaultHeapInstance__C)
                  c3053e4c    00000004     app_pe9.oe9 (.const:xdc_runtime_Startup_execImpl__C)
                  c3053e50    00000004     app_pe9.oe9 (.const:xdc_runtime_Startup_lastFxns__A)
                  c3053e54    00000004     app_pe9.oe9 (.const:xdc_runtime_Startup_maxPasses__C)
                  c3053e58    00000004     app_pe9.oe9 (.const:xdc_runtime_Startup_sfxnRts__C)
                  c3053e5c    00000004     app_pe9.oe9 (.const:xdc_runtime_Startup_sfxnTab__C)
                  c3053e60    00000004     app_pe9.oe9 (.const:xdc_runtime_SysMin_bufSize__C)
                  c3053e64    00000004     app_pe9.oe9 (.const:xdc_runtime_SysMin_outputFunc__C)
                  c3053e68    00000004     app_pe9.oe9 (.const:xdc_runtime_System_Module__gateObj__C)
                  c3053e6c    00000004     app_pe9.oe9 (.const:xdc_runtime_System_abortFxn__C)
                  c3053e70    00000004     app_pe9.oe9 (.const:xdc_runtime_System_exitFxn__C)
                  c3053e74    00000004     app_pe9.oe9 (.const:xdc_runtime_System_extendFxn__C)
                  c3053e78    00000004     app_pe9.oe9 (.const:xdc_runtime_System_maxAtexitHandlers__C)
                  c3053e7c    00000004     app_pe9.oe9 (.const:xdc_runtime_Text_charTab__C)
                  c3053e80    00000004     app_pe9.oe9 (.const:xdc_runtime_Text_nameEmpty__C)
                  c3053e84    00000004     app_pe9.oe9 (.const:xdc_runtime_Text_nameStatic__C)
                  c3053e88    00000004     app_pe9.oe9 (.const:xdc_runtime_Text_nameUnknown__C)
                  c3053e8c    00000004     app_pe9.oe9 (.const:xdc_runtime_Text_visitRopeFxn__C)
                  c3053e90    00000002     app_pe9.oe9 (.const:ti_sysbios_family_arm_arm9_Mmu_enableMMU__C)
                  c3053e92    00000002     app_pe9.oe9 (.const:ti_sysbios_family_arm_da830_Hwi_Module__id__C)
                  c3053e94    00000002     app_pe9.oe9 (.const:ti_sysbios_family_arm_da830_Hwi_Module__loggerDefined__C)
                  c3053e96    00000002     app_pe9.oe9 (.const:ti_sysbios_family_arm_exc_Exception_Module__id__C)
                  c3053e98    00000002     app_pe9.oe9 (.const:ti_sysbios_gates_GateMutex_Module__id__C)
                  c3053e9a    00000002     app_pe9.oe9 (.const:ti_sysbios_hal_Hwi_Module__id__C)
                  c3053e9c    00000002     app_pe9.oe9 (.const:ti_sysbios_heaps_HeapMem_Module__id__C)
                  c3053e9e    00000002     app_pe9.oe9 (.const:ti_sysbios_heaps_HeapTrack_Module__id__C)
                  c3053ea0    00000002     app_pe9.oe9 (.const:ti_sysbios_knl_Clock_Module__id__C)
                  c3053ea2    00000002     app_pe9.oe9 (.const:ti_sysbios_knl_Clock_Module__loggerDefined__C)
                  c3053ea4    00000002     app_pe9.oe9 (.const:ti_sysbios_knl_Semaphore_Module__id__C)
                  c3053ea6    00000002     app_pe9.oe9 (.const:ti_sysbios_knl_Semaphore_Module__loggerDefined__C)
                  c3053ea8    00000002     app_pe9.oe9 (.const:ti_sysbios_knl_Swi_Module__id__C)
                  c3053eaa    00000002     app_pe9.oe9 (.const:ti_sysbios_knl_Swi_Module__loggerDefined__C)
                  c3053eac    00000002     app_pe9.oe9 (.const:ti_sysbios_knl_Task_Module__id__C)
                  c3053eae    00000002     app_pe9.oe9 (.const:ti_sysbios_knl_Task_Module__loggerDefined__C)
                  c3053eb0    00000002     app_pe9.oe9 (.const:ti_sysbios_timers_timer64_Timer_Module__id__C)
                  c3053eb2    00000002     app_pe9.oe9 (.const:ti_sysbios_timers_timer64_Timer_startupNeeded__C)
                  c3053eb4    00000002     app_pe9.oe9 (.const:ti_sysbios_timers_timer64_Timer_useTimer64pRegMap__C)
                  c3053eb6    00000002     app_pe9.oe9 (.const:ti_sysbios_timers_timer64_TimestampProvider_Module__id__C)
                  c3053eb8    00000002     app_pe9.oe9 (.const:ti_sysbios_timers_timer64_TimestampProvider_useClockTimer__C)
                  c3053eba    00000002     app_pe9.oe9 (.const:ti_sysbios_utils_Load_Module__id__C)
                  c3053ebc    00000002     app_pe9.oe9 (.const:ti_sysbios_utils_Load_Module__loggerDefined__C)
                  c3053ebe    00000002     app_pe9.oe9 (.const:ti_sysbios_utils_Load_updateInIdle__C)
                  c3053ec0    00000002     app_pe9.oe9 (.const:ti_uia_loggers_LoggerStopMode_Module__id__C)
                  c3053ec2    00000002     app_pe9.oe9 (.const:ti_uia_loggers_LoggerStopMode_isTimestampEnabled__C)
                  c3053ec4    00000002     app_pe9.oe9 (.const:xdc_runtime_Core_Module__id__C)
                  c3053ec6    00000002     app_pe9.oe9 (.const:xdc_runtime_Error_Module__loggerDefined__C)
                  c3053ec8    00000002     app_pe9.oe9 (.const:xdc_runtime_Error_maxDepth__C)
                  c3053eca    00000002     app_pe9.oe9 (.const:xdc_runtime_LoggerBuf_Module__id__C)
                  c3053ecc    00000002     app_pe9.oe9 (.const:xdc_runtime_LoggerBuf_filterByLevel__C)
                  c3053ece    00000002     app_pe9.oe9 (.const:xdc_runtime_Memory_Module__id__C)
                  c3053ed0    00000002     app_pe9.oe9 (.const:xdc_runtime_SysMin_flushAtExit__C)
                  c3053ed2    00000002     app_pe9.oe9 (.const:xdc_runtime_Text_charCnt__C)
                  c3053ed4    00000002     app_pe9.oe9 (.const:xdc_runtime_Text_isLoaded__C)
                  c3053ed6    00000002     app_pe9.oe9 (.const:xdc_runtime_Text_registryModsLastId__C)
                  c3053ed8    00000002     app_pe9.oe9 (.const:xdc_runtime_Text_unnamedModsLastId__C)
                  c3053eda    00000001     app_pe9.oe9 (.const:xdc_runtime_Text_charTab__A)

.vecs      0    ffff0000    00000040     
                  ffff0000    00000040     app_pe9.oe9 (.vecs)

.vectorTable 
*          0    ffff0040    00000328     
                  ffff0040    00000328     app_pe9.oe9 (.vectorTable)

xdc.meta   0    c3000000    000000df     COPY SECTION
                  c3000000    000000df     app_pe9.oe9 (xdc.meta)

MODULE SUMMARY

       Module                     code    ro data   rw data
       ------                     ----    -------   -------
    .\
       main.obj                   388     0         32     
    +--+--------------------------+-------+---------+---------+
       Total:                     388     0         32     
                                                           
    .\BSP\
       board.obj                  3980    0         0      
       connector.obj              1816    0         0      
    +--+--------------------------+-------+---------+---------+
       Total:                     5796    0         0      
                                                           
    .\BSP\Drivers\ADC\
       adc.obj                    64      0         0      
    +--+--------------------------+-------+---------+---------+
       Total:                     64      0         0      
                                                           
    .\BSP\Drivers\ADC\AD7265\
       ad7265.obj                 1276    0         0      
    +--+--------------------------+-------+---------+---------+
       Total:                     1276    0         0      
                                                           
    .\BSP\Drivers\ADC\MCP3021\
       mcp3021.obj                372     0         12     
    +--+--------------------------+-------+---------+---------+
       Total:                     372     0         12     
                                                           
    .\BSP\Drivers\COMMON\I2C\
       I2C.obj                    1064    0         0      
    +--+--------------------------+-------+---------+---------+
       Total:                     1064    0         0      
                                                           
    .\BSP\Drivers\COMMON\PWM\
       pwm.obj                    1420    0         0      
    +--+--------------------------+-------+---------+---------+
       Total:                     1420    0         0      
                                                           
    .\BSP\Drivers\COMMON\SPI\
       spi.obj                    1804    0         0      
    +--+--------------------------+-------+---------+---------+
       Total:                     1804    0         0      
                                                           
    .\BSP\Drivers\DIPSWITCH\
       dipswitch.obj              668     0         4      
    +--+--------------------------+-------+---------+---------+
       Total:                     668     0         4      
                                                           
    .\BSP\Drivers\LACOS\
       laco.obj                   2276    0         12     
    +--+--------------------------+-------+---------+---------+
       Total:                     2276    0         12     
                                                           
    .\BSP\Drivers\LED\
       led.obj                    908     0         0      
    +--+--------------------------+-------+---------+---------+
       Total:                     908     0         0      
                                                           
    .\BSP\Drivers\TDC\
       tdc.obj                    6024    0         0      
    +--+--------------------------+-------+---------+---------+
       Total:                     6024    0         0      
                                                           
    .\BSP\Drivers\UART\
       uart.obj                   1420    0         0      
    +--+--------------------------+-------+---------+---------+
       Total:                     1420    0         0      
                                                           
    .\BSP\Drivers\WATCHDOG\
       watchdog.obj               348     0         1      
    +--+--------------------------+-------+---------+---------+
       Total:                     348     0         1      
                                                           
    C:\Users\dong.x\workspace_v6_2\Test\Debug\configPkg\package\cfg\
       app_pe9.oe9                6444    1802      276600 
    +--+--------------------------+-------+---------+---------+
       Total:                     6444    1802      276600 
                                                           
    C:/ti/OMAPL138_StarterWare_1_10_04_01/binary/armv5/cgt_ccs/omapl138/drivers/Debug/drivers.lib
       edma.obj                   6476    0         4      
       ehrpwm.obj                 3580    0         0      
       gpio.obj                   1724    0         0      
       spi.obj                    1540    0         0      
       uart.obj                   1512    0         0      
       i2c.obj                    1372    0         0      
       psc.obj                    340     0         0      
    +--+--------------------------+-------+---------+---------+
       Total:                     16544   0         4      
                                                           
    C:/ti/OMAPL138_StarterWare_1_10_04_01/binary/armv5/cgt_ccs/omapl138/lcdkOMAPL138/platform/Debug/platform.lib
       edma.obj                   8       0         0      
    +--+--------------------------+-------+---------+---------+
       Total:                     8       0         0      
                                                           
    C:\Users\dong.x\workspace_v6_2\Test\src\sysbios\sysbios.ae9
       BIOS.obj                   19924   0         0      
[...]
c3053d30  ti_sysbios_knl_Swi_LM_post__C                                        
c3053d34  ti_sysbios_knl_Swi_Module__diagsEnabled__C                           
c3053d38  ti_sysbios_knl_Swi_Module__diagsIncluded__C                          
c3053d3c  ti_sysbios_knl_Swi_Module__diagsMask__C                              
c3053d40  ti_sysbios_knl_Swi_Module__loggerFxn1__C                             
c3053d44  ti_sysbios_knl_Swi_Module__loggerFxn4__C                             
c3053d48  ti_sysbios_knl_Swi_Module__loggerObj__C                              
c3053d4c  ti_sysbios_knl_Swi_Object__count__C                                  
c3053d50  ti_sysbios_knl_Task_E_spOutOfBounds__C                               
c3053d54  ti_sysbios_knl_Task_E_stackOverflow__C                               
c3053d58  ti_sysbios_knl_Task_LD_block__C                                      
c3053d5c  ti_sysbios_knl_Task_LD_exit__C                                       
c3053d60  ti_sysbios_knl_Task_LD_ready__C                                      
c3053d64  ti_sysbios_knl_Task_LM_switch__C                                     
c3053d68  ti_sysbios_knl_Task_Module_State_inactiveQ__O                        
c3053d6c  ti_sysbios_knl_Task_Module__diagsEnabled__C                          
c3053d70  ti_sysbios_knl_Task_Module__diagsIncluded__C                         
c3053d74  ti_sysbios_knl_Task_Module__diagsMask__C                             
c3053d78  ti_sysbios_knl_Task_Module__loggerFxn2__C                            
c3053d7c  ti_sysbios_knl_Task_Module__loggerFxn4__C                            
c3053d80  ti_sysbios_knl_Task_Module__loggerObj__C                             
c3053d84  ti_sysbios_knl_Task_Object__count__C                                 
c3053d88  ti_sysbios_knl_Task_allBlockedFunc__C                                
c3053d8c  ti_sysbios_knl_Task_numConstructedTasks__C                           
c3053d90  ti_sysbios_timers_timer64_Timer_E_cannotSupport__C                   
c3053d94  ti_sysbios_timers_timer64_Timer_Module__diagsEnabled__C              
c3053d98  ti_sysbios_timers_timer64_Timer_Module__diagsIncluded__C             
c3053d9c  ti_sysbios_timers_timer64_Timer_Module__diagsMask__C                 
c3053da0  ti_sysbios_timers_timer64_Timer_freqDivisor__C                       
c3053da4  ti_sysbios_timers_timer64_Timer_numTimerDevices__C                   
c3053da8  ti_sysbios_timers_timer64_TimestampProvider_Module__diagsEnabled__C  
c3053dac  ti_sysbios_timers_timer64_TimestampProvider_Module__diagsIncluded__C 
c3053db0  ti_sysbios_timers_timer64_TimestampProvider_Module__diagsMask__C     
c3053db4  ti_sysbios_utils_Load_LS_cpuLoad__C                                  
c3053db8  ti_sysbios_utils_Load_Module__diagsEnabled__C                        
c3053dbc  ti_sysbios_utils_Load_Module__diagsIncluded__C                       
c3053dc0  ti_sysbios_utils_Load_Module__diagsMask__C                           
c3053dc4  ti_sysbios_utils_Load_Module__loggerFxn1__C                          
c3053dc8  ti_sysbios_utils_Load_Module__loggerObj__C                           
c3053dcc  ti_sysbios_utils_Load_postUpdate__C                                  
c3053dd0  ti_sysbios_utils_Load_windowInMs__C                                  
c3053dd4  ti_uia_loggers_LoggerStopMode_Module__diagsEnabled__C                
c3053dd8  ti_uia_loggers_LoggerStopMode_Module__diagsIncluded__C               
c3053ddc  ti_uia_loggers_LoggerStopMode_Module__diagsMask__C                   
c3053de0  ti_uia_loggers_LoggerStopMode_Object__count__C                       
c3053de4  ti_uia_runtime_ILoggerSnapshot_Interface__BASE__C                    
c3053de8  ti_uia_runtime_IUIATransfer_Interface__BASE__C                       
c3053dec  xdc_runtime_Assert_E_assertFailed__C                                 
c3053df0  xdc_runtime_Core_A_initializedParams__C                              
c3053df4  xdc_runtime_Core_Module__diagsEnabled__C                             
c3053df8  xdc_runtime_Core_Module__diagsIncluded__C                            
c3053dfc  xdc_runtime_Core_Module__diagsMask__C                                
c3053e00  xdc_runtime_Error_E_memory__C                                        
c3053e04  xdc_runtime_Error_Module__diagsEnabled__C                            
c3053e08  xdc_runtime_Error_Module__diagsIncluded__C                           
c3053e0c  xdc_runtime_Error_Module__diagsMask__C                               
c3053e10  xdc_runtime_Error_Module__loggerFxn8__C                              
c3053e14  xdc_runtime_Error_Module__loggerObj__C                               
c3053e18  xdc_runtime_Error_policyFxn__C                                       
c3053e1c  xdc_runtime_Error_raiseHook__C                                       
c3053e20  xdc_runtime_IFilterLogger_Interface__BASE__C                         
c3053e24  xdc_runtime_IGateProvider_Interface__BASE__C                         
c3053e28  xdc_runtime_IHeap_Interface__BASE__C                                 
c3053e2c  xdc_runtime_ILogger_Interface__BASE__C                               
c3053e30  xdc_runtime_IModule_Interface__BASE__C                               
c3053e34  xdc_runtime_Log_L_error__C                                           
c3053e38  xdc_runtime_LoggerBuf_E_badLevel__C                                  
c3053e3c  xdc_runtime_LoggerBuf_Module__gateObj__C                             
c3053e40  xdc_runtime_LoggerBuf_Object__count__C                               
c3053e44  xdc_runtime_LoggerBuf_statusLogger__C                                
c3053e48  xdc_runtime_Memory_defaultHeapInstance__C                            
c3053e4c  xdc_runtime_Startup_execImpl__C                                      
c3053e50  xdc_runtime_Startup_lastFxns__A                                      
c3053e54  xdc_runtime_Startup_maxPasses__C                                     
c3053e58  xdc_runtime_Startup_sfxnRts__C                                       
c3053e5c  xdc_runtime_Startup_sfxnTab__C                                       
c3053e60  xdc_runtime_SysMin_bufSize__C                                        
c3053e64  xdc_runtime_SysMin_outputFunc__C                                     
c3053e68  xdc_runtime_System_Module__gateObj__C                                
c3053e6c  xdc_runtime_System_abortFxn__C                                       
c3053e70  xdc_runtime_System_exitFxn__C                                        
c3053e74  xdc_runtime_System_extendFxn__C                                      
c3053e78  xdc_runtime_System_maxAtexitHandlers__C                              
c3053e7c  xdc_runtime_Text_charTab__C                                          
c3053e80  xdc_runtime_Text_nameEmpty__C                                        
c3053e84  xdc_runtime_Text_nameStatic__C                                       
c3053e88  xdc_runtime_Text_nameUnknown__C                                      
c3053e8c  xdc_runtime_Text_visitRopeFxn__C                                     
c3053e90  ti_sysbios_family_arm_arm9_Mmu_enableMMU__C                          
c3053e92  ti_sysbios_family_arm_da830_Hwi_Module__id__C                        
c3053e94  ti_sysbios_family_arm_da830_Hwi_Module__loggerDefined__C             
c3053e96  ti_sysbios_family_arm_exc_Exception_Module__id__C                    
c3053e98  ti_sysbios_gates_GateMutex_Module__id__C                             
c3053e9a  ti_sysbios_hal_Hwi_Module__id__C                                     
c3053e9c  ti_sysbios_heaps_HeapMem_Module__id__C                               
c3053e9e  ti_sysbios_heaps_HeapTrack_Module__id__C                             
c3053ea0  ti_sysbios_knl_Clock_Module__id__C                                   
c3053ea2  ti_sysbios_knl_Clock_Module__loggerDefined__C                        
c3053ea4  ti_sysbios_knl_Semaphore_Module__id__C                               
c3053ea6  ti_sysbios_knl_Semaphore_Module__loggerDefined__C                    
c3053ea8  ti_sysbios_knl_Swi_Module__id__C                                     
c3053eaa  ti_sysbios_knl_Swi_Module__loggerDefined__C                          
c3053eac  ti_sysbios_knl_Task_Module__id__C                                    
c3053eae  ti_sysbios_knl_Task_Module__loggerDefined__C                         
c3053eb0  ti_sysbios_timers_timer64_Timer_Module__id__C                        
c3053eb2  ti_sysbios_timers_timer64_Timer_startupNeeded__C                     
c3053eb4  ti_sysbios_timers_timer64_Timer_useTimer64pRegMap__C                 
c3053eb6  ti_sysbios_timers_timer64_TimestampProvider_Module__id__C            
c3053eb8  ti_sysbios_timers_timer64_TimestampProvider_useClockTimer__C         
c3053eba  ti_sysbios_utils_Load_Module__id__C                                  
c3053ebc  ti_sysbios_utils_Load_Module__loggerDefined__C                       
c3053ebe  ti_sysbios_utils_Load_updateInIdle__C                                
c3053ec0  ti_uia_loggers_LoggerStopMode_Module__id__C                          
c3053ec2  ti_uia_loggers_LoggerStopMode_isTimestampEnabled__C                  
c3053ec4  xdc_runtime_Core_Module__id__C                                       
c3053ec6  xdc_runtime_Error_Module__loggerDefined__C                           
c3053ec8  xdc_runtime_Error_maxDepth__C                                        
c3053eca  xdc_runtime_LoggerBuf_Module__id__C                                  
c3053ecc  xdc_runtime_LoggerBuf_filterByLevel__C                               
c3053ece  xdc_runtime_Memory_Module__id__C                                     
c3053ed0  xdc_runtime_SysMin_flushAtExit__C                                    
c3053ed2  xdc_runtime_Text_charCnt__C                                          
c3053ed4  xdc_runtime_Text_isLoaded__C                                         
c3053ed6  xdc_runtime_Text_registryModsLastId__C                               
c3053ed8  xdc_runtime_Text_unnamedModsLastId__C                                
c3053eda  xdc_runtime_Text_charTab__A                                          
c3054000  ti_sysbios_family_arm_arm9_Mmu_Module_State_0_tableBuf__A            
c3058000  __stack                                                              
c3058800  __STACK_END                                                          
c3058800  __TI_static_base__                                                   
c3058e28  __TI_Handler_Table_Base                                              
c3058e30  __TI_CINIT_Base                                                      
c3058e30  __TI_Handler_Table_Limit                                             
c3058e40  __TI_CINIT_Limit                                                     
fffee000  ti_sysbios_family_arm_da830_Hwi_cpIntc                               
ffff0000  ti_sysbios_family_arm_da830_Hwi_vectors                              
ffff0040  ti_sysbios_family_arm_da830_Hwi0                                     
ffff0040  ti_sysbios_family_arm_da830_Hwi_vectorTable                          
ffff0048  ti_sysbios_family_arm_da830_Hwi1                                     
ffff0050  ti_sysbios_family_arm_da830_Hwi2                                     
ffff0058  ti_sysbios_family_arm_da830_Hwi3                                     
ffff0060  ti_sysbios_family_arm_da830_Hwi4                                     
ffff0068  ti_sysbios_family_arm_da830_Hwi5                                     
ffff0070  ti_sysbios_family_arm_da830_Hwi6                                     
ffff0078  ti_sysbios_family_arm_da830_Hwi7                                     
ffff0080  ti_sysbios_family_arm_da830_Hwi8                                     
ffff0088  ti_sysbios_family_arm_da830_Hwi9                                     
ffff0090  ti_sysbios_family_arm_da830_Hwi10                                    
ffff0098  ti_sysbios_family_arm_da830_Hwi11                                    
ffff00a0  ti_sysbios_family_arm_da830_Hwi12                                    
ffff00a8  ti_sysbios_family_arm_da830_Hwi13                                    
ffff00b0  ti_sysbios_family_arm_da830_Hwi14                                    
ffff00b8  ti_sysbios_family_arm_da830_Hwi15                                    
ffff00c0  ti_sysbios_family_arm_da830_Hwi16                                    
ffff00c8  ti_sysbios_family_arm_da830_Hwi17                                    
ffff00d0  ti_sysbios_family_arm_da830_Hwi18                                    
ffff00d8  ti_sysbios_family_arm_da830_Hwi19                                    
ffff00e0  ti_sysbios_family_arm_da830_Hwi20                                    
ffff00e8  ti_sysbios_family_arm_da830_Hwi21                                    
ffff00f0  ti_sysbios_family_arm_da830_Hwi22                                    
ffff00f8  ti_sysbios_family_arm_da830_Hwi23                                    
ffff0100  ti_sysbios_family_arm_da830_Hwi24                                    
ffff0108  ti_sysbios_family_arm_da830_Hwi25                                    
ffff0110  ti_sysbios_family_arm_da830_Hwi26                                    
ffff0118  ti_sysbios_family_arm_da830_Hwi27                                    
ffff0120  ti_sysbios_family_arm_da830_Hwi28                                    
ffff0128  ti_sysbios_family_arm_da830_Hwi29                                    
ffff0130  ti_sysbios_family_arm_da830_Hwi30                                    
ffff0138  ti_sysbios_family_arm_da830_Hwi31                                    
ffff0140  ti_sysbios_family_arm_da830_Hwi32                                    
ffff0148  ti_sysbios_family_arm_da830_Hwi33                                    
ffff0150  ti_sysbios_family_arm_da830_Hwi34                                    
ffff0158  ti_sysbios_family_arm_da830_Hwi35                                    
ffff0160  ti_sysbios_family_arm_da830_Hwi36                                    
ffff0168  ti_sysbios_family_arm_da830_Hwi37                                    
ffff0170  ti_sysbios_family_arm_da830_Hwi38                                    
ffff0178  ti_sysbios_family_arm_da830_Hwi39                                    
ffff0180  ti_sysbios_family_arm_da830_Hwi40                                    
ffff0188  ti_sysbios_family_arm_da830_Hwi41                                    
ffff0190  ti_sysbios_family_arm_da830_Hwi42                                    
ffff0198  ti_sysbios_family_arm_da830_Hwi43                                    
ffff01a0  ti_sysbios_family_arm_da830_Hwi44                                    
ffff01a8  ti_sysbios_family_arm_da830_Hwi45                                    
ffff01b0  ti_sysbios_family_arm_da830_Hwi46                                    
ffff01b8  ti_sysbios_family_arm_da830_Hwi47                                    
ffff01c0  ti_sysbios_family_arm_da830_Hwi48                                    
ffff01c8  ti_sysbios_family_arm_da830_Hwi49                                    
ffff01d0  ti_sysbios_family_arm_da830_Hwi50                                    
ffff01d8  ti_sysbios_family_arm_da830_Hwi51                                    
ffff01e0  ti_sysbios_family_arm_da830_Hwi52                                    
ffff01e8  ti_sysbios_family_arm_da830_Hwi53                                    
ffff01f0  ti_sysbios_family_arm_da830_Hwi54                                    
ffff01f8  ti_sysbios_family_arm_da830_Hwi55                                    
ffff0200  ti_sysbios_family_arm_da830_Hwi56                                    
ffff0208  ti_sysbios_family_arm_da830_Hwi57                                    
ffff0210  ti_sysbios_family_arm_da830_Hwi58                                    
ffff0218  ti_sysbios_family_arm_da830_Hwi59                                    
ffff0220  ti_sysbios_family_arm_da830_Hwi60                                    
ffff0228  ti_sysbios_family_arm_da830_Hwi61                                    
ffff0230  ti_sysbios_family_arm_da830_Hwi62                                    
ffff0238  ti_sysbios_family_arm_da830_Hwi63                                    
ffff0240  ti_sysbios_family_arm_da830_Hwi64                                    
ffff0248  ti_sysbios_family_arm_da830_Hwi65                                    
ffff0250  ti_sysbios_family_arm_da830_Hwi66                                    
ffff0258  ti_sysbios_family_arm_da830_Hwi67                                    
ffff0260  ti_sysbios_family_arm_da830_Hwi68                                    
ffff0268  ti_sysbios_family_arm_da830_Hwi69                                    
ffff0270  ti_sysbios_family_arm_da830_Hwi70                                    
ffff0278  ti_sysbios_family_arm_da830_Hwi71                                    
ffff0280  ti_sysbios_family_arm_da830_Hwi72                                    
ffff0288  ti_sysbios_family_arm_da830_Hwi73                                    
ffff0290  ti_sysbios_family_arm_da830_Hwi74                                    
ffff0298  ti_sysbios_family_arm_da830_Hwi75                                    
ffff02a0  ti_sysbios_family_arm_da830_Hwi76                                    
ffff02a8  ti_sysbios_family_arm_da830_Hwi77                                    
ffff02b0  ti_sysbios_family_arm_da830_Hwi78                                    
ffff02b8  ti_sysbios_family_arm_da830_Hwi79                                    
ffff02c0  ti_sysbios_family_arm_da830_Hwi80                                    
ffff02c8  ti_sysbios_family_arm_da830_Hwi81                                    
ffff02d0  ti_sysbios_family_arm_da830_Hwi82                                    
ffff02d8  ti_sysbios_family_arm_da830_Hwi83                                    
ffff02e0  ti_sysbios_family_arm_da830_Hwi84                                    
ffff02e8  ti_sysbios_family_arm_da830_Hwi85                                    
ffff02f0  ti_sysbios_family_arm_da830_Hwi86                                    
ffff02f8  ti_sysbios_family_arm_da830_Hwi87                                    
ffff0300  ti_sysbios_family_arm_da830_Hwi88                                    
ffff0308  ti_sysbios_family_arm_da830_Hwi89                                    
ffff0310  ti_sysbios_family_arm_da830_Hwi90                                    
ffff0318  ti_sysbios_family_arm_da830_Hwi91                                    
ffff0320  ti_sysbios_family_arm_da830_Hwi92                                    
ffff0328  ti_sysbios_family_arm_da830_Hwi93                                    
ffff0330  ti_sysbios_family_arm_da830_Hwi94                                    
ffff0338  ti_sysbios_family_arm_da830_Hwi95                                    
ffff0340  ti_sysbios_family_arm_da830_Hwi96                                    
ffff0348  ti_sysbios_family_arm_da830_Hwi97                                    
ffff0350  ti_sysbios_family_arm_da830_Hwi98                                    
ffff0358  ti_sysbios_family_arm_da830_Hwi99                                    
ffff0360  ti_sysbios_family_arm_da830_Hwi100                                   
ffffffff  __TI_pprof_out_hndl                                                  
ffffffff  __TI_prof_data_size                                                  
ffffffff  __TI_prof_data_start                                                 
ffffffff  __binit__                                                            
ffffffff  __c_args__                                                           
ffffffff  binit                                                                
UNDEFED   SHT$$INIT_ARRAY$$Base                                                
UNDEFED   SHT$$INIT_ARRAY$$Limit                                               

[1103 symbols]
