******************************************************************************
                  TI ARM Linker PC v15.12.3                    
******************************************************************************
>> Linked Tue Feb 20 13:30:36 2018

OUTPUT FILE NAME:   <TestCurr.out>
ENTRY POINT SYMBOL: "_c_int00"  address: c001043c


MEMORY CONFIGURATION

         name            origin    length      used     unused   attr    fill
----------------------  --------  ---------  --------  --------  ----  --------
  L3_CBA_RAM            80000000   00020000  00000000  00020000  RW X
  DDR                   c0000000   02000000  0001b413  01fe4bed  RWIX
  IRAM                  ffff0000   00002000  00000368  00001c98  RW X


SEGMENT ALLOCATION MAP

run origin  load origin   length   init length attrs members
----------  ----------- ---------- ----------- ----- -------
c0000000    c0000000    00012054   00012054    r-x
  c0000000    c0000000    00012054   00012054    r-x .text
c0012054    c0012054    00000990   00000000    rw-
  c0012054    c0012054    00000990   00000000    rw- .data
c00129e4    c00129e4    000006c3   000006c3    r--
  c00129e4    c00129e4    000006c3   000006c3    r-- .const
c00130a8    c00130a8    00000800   00000000    rw-
  c00130a8    c00130a8    00000800   00000000    rw- .stack
c0014000    c0014000    000071b0   00000000    rw-
  c0014000    c0014000    00004000   00000000    rw- ti.sysbios.family.arm.arm9.mmuTableSection
  c0018000    c0018000    000031b0   00000000    rw- .bss
c001b1b0    c001b1b0    000009bc   000009bc    r--
  c001b1b0    c001b1b0    000009bc   000009bc    r-- .cinit
ffff0000    ffff0000    00000368   00000368    r-x
  ffff0000    ffff0000    00000040   00000040    r-- .vecs
  ffff0040    ffff0040    00000328   00000328    r-x .vectorTable


SECTION ALLOCATION MAP

 output                                  attributes/
section   page    origin      length       input sections
--------  ----  ----------  ----------   ----------------
.stack     0    c00130a8    00000800     UNINITIALIZED
                  c00130a8    00000800     --HOLE--

ti.sysbios.family.arm.arm9.mmuTableSection 
*          0    c0014000    00004000     UNINITIALIZED
                  c0014000    00004000     app_pe9.oe9 (ti.sysbios.family.arm.arm9.mmuTableSection)

.bss       0    c0018000    000031b0     UNINITIALIZED
                  c0018000    00001000     (.common:ti_sysbios_heaps_HeapMem_Instance_State_0_buf__A)
                  c0019000    00000800     app_pe9.oe9 (.bss:taskStackSection)
                  c0019800    00000800     (.common:ti_sysbios_family_arm_exc_Exception_Module_State_0_excStack_0__A)
                  c001a000    00000400     (.common:ti_sysbios_family_arm_da830_Hwi_Module_State_0_fiqStack__A)
                  c001a400    00000400     (.common:ti_uia_loggers_LoggerStopMode_Instance_State_1_packetArray__A)
                  c001a800    00000400     (.common:ti_uia_loggers_LoggerStopMode_Instance_State_2_packetArray__A)
                  c001ac00    00000200     (.common:ti_uia_loggers_LoggerStopMode_Instance_State_0_packetArray__A)
                  c001ae00    00000120     rtsv5_A_le_eabi.lib : trgmsg.obj (.bss:_CIOBUF_)
                  c001af20    00000080     (.common:xdc_runtime_LoggerBuf_Instance_State_0_entryArr__A)
                  c001afa0    00000080     (.common:xdc_runtime_SysMin_Module_State_0_outbuf__A)
                  c001b020    0000000c     laco.obj (.bss:hc595_pins)
                  c001b02c    0000000c     mcp3021.obj (.bss:mcp_ch)
                  c001b038    00000008     rtsv5_A_le_eabi.lib : trgdrv.obj (.bss:parmbuf)
                  c001b040    00000004     drivers.lib : edma.obj (.bss)
                  c001b044    00000004     (.common:board)
                  c001b048    00000038     --HOLE--
                  c001b080    00000030     (.common:ti_uia_loggers_LoggerStopMode_Instance_State_0_hdr__A)
                  c001b0b0    00000050     --HOLE--
                  c001b100    00000030     (.common:ti_uia_loggers_LoggerStopMode_Instance_State_1_hdr__A)
                  c001b130    00000050     --HOLE--
                  c001b180    00000030     (.common:ti_uia_loggers_LoggerStopMode_Instance_State_2_hdr__A)

.neardata 
*          0    c001b1b0    00000000     UNINITIALIZED

.rodata    0    c001b1b0    00000000     UNINITIALIZED

.cinit     0    c001b1b0    000009bc     
                  c001b1b0    00000998     (.cinit..data.load) [load image]
                  c001bb48    0000000b     (.cinit..bss.load) [load image, compression = rle]
                  c001bb53    00000001     --HOLE-- [fill = 0]
                  c001bb54    00000008     (__TI_handler_table)
                  c001bb5c    00000010     (__TI_cinit_table)

.init_array 
*          0    c0000000    00000000     UNINITIALIZED

.text      0    c0000000    00012054     
                  c0000000    0000194c     drivers.lib : edma.obj (.text)
                  c000194c    00001474     tdc.obj (.text)
                  c0002dc0    00000dfc     drivers.lib : ehrpwm.obj (.text)
                  c0003bbc    00000728     laco.obj (.text)
                  c00042e4    000006f0     connector.obj (.text)
                  c00049d4    000006dc     spi.obj (.text)
                  c00050b0    000006bc     drivers.lib : gpio.obj (.text)
                  c000576c    00000604                 : spi.obj (.text)
                  c0005d70    000005e8                 : uart.obj (.text)
                  c0006358    000005a0     uart.obj (.text)
                  c00068f8    0000055c     drivers.lib : i2c.obj (.text)
                  c0006e54    00000550     rtsv5_A_le_eabi.lib : trgdrv.obj (.text)
                  c00073a4    00000540     ti.targets.arm.rtsarm.ae9 : System.oe9 (.text:xdc_runtime_System_doPrint__I)
                  c00078e4    00000500     pwm.obj (.text)
                  c0007de4    000004bc     sysbios.ae9 : BIOS.obj (.text:ti_sysbios_knl_Semaphore_pend__E)
                  c00082a0    00000428     I2C.obj (.text)
                  c00086c8    000003f0     board.obj (.text)
                  c0008ab8    0000038c     led.obj (.text)
                  c0008e44    00000368     sysbios.ae9 : BIOS.obj (.text:ti_sysbios_heaps_HeapMem_freeUnprotected__E)
                  c00091ac    000002f4                 : BIOS.obj (.text:ti_sysbios_heaps_HeapMem_allocUnprotected__E)
                  c00094a0    000002e8                 : BIOS.obj (.text:ti_sysbios_family_arm_exc_Exception_excDumpContext__I)
                  c0009788    000002b8     rtsv5_A_le_eabi.lib : ull_div32.obj (.text)
                  c0009a40    0000027c     sysbios.ae9 : BIOS.obj (.text:ti_sysbios_family_arm_exc_Exception_excHandler__I)
                  c0009cbc    00000258                 : BIOS.obj (.text:ti_sysbios_knl_Task_Module_startup__E)
                  c0009f14    00000238                 : BIOS.obj (.text:ti_sysbios_timers_timer64_Timer_deviceConfig__I)
                  c000a14c    000001f8                 : BIOS.obj (.text:ti_sysbios_heaps_HeapTrack_free__E)
                  c000a344    000001f0     app_pe9.oe9 (.text:ti_sysbios_family_arm_arm9_Mmu_initTableBuf__I)
                  c000a534    000001ec     sysbios.ae9 : BIOS.obj (.text:ti_sysbios_heaps_HeapMem_Instance_init__E)
                  c000a720    000001e4                 : BIOS.obj (.text:ti_sysbios_knl_Semaphore_post__E)
                  c000a904    000001e4     ti.targets.arm.rtsarm.ae9 : LoggerBuf.oe9 (.text:xdc_runtime_LoggerBuf_write8__E)
                  c000aae8    000001e0     app_pe9.oe9 (.text:ti_uia_loggers_LoggerStopMode_writeMemoryRange__E)
                  c000acc8    000001b8     sysbios.ae9 : BIOS.obj (.text:ti_sysbios_knl_Clock_workFunc__E)
                  c000ae80    000001b4                 : BIOS.obj (.text:ti_sysbios_family_arm_da830_Hwi_reconfig__E)
                  c000b034    000001b0                 : BIOS.obj (.text:ti_sysbios_knl_Swi_run__I)
                  c000b1e4    000001a4     ti.targets.arm.rtsarm.ae9 : Error.oe9 (.text:xdc_runtime_Error_policyDefault__E)
                  c000b388    000001a0                               : Core-mem.oe9 (.text:xdc_runtime_Core_createObject__I)
                  c000b528    00000190     rtsv5_A_le_eabi.lib : fd_div32.obj (.text)
                  c000b6b8    00000188     sysbios.ae9 : BIOS.obj (.text:ti_sysbios_family_arm_da830_Hwi_dispatchIRQC__I)
                  c000b840    00000188     app_pe9.oe9 (.text:ti_uia_loggers_LoggerStopMode_write8__E)
                  c000b9c8    00000188     app_pe9.oe9 (.text:xdc_runtime_System_printfExtend__I)
                  c000bb50    00000180     rtsv5_A_le_eabi.lib : memcpy32.obj (.text)
                  c000bcd0    00000170     sysbios.ae9 : BIOS.obj (.text:ti_sysbios_timers_timer64_TimestampProvider_get64__E)
                  c000be40    0000016c                 : BIOS.obj (.text:ti_sysbios_knl_Task_exit__E)
                  c000bfac    00000168     app_pe9.oe9 (.text:ti_uia_loggers_LoggerStopMode_write4__E)
                  c000c114    00000164     sysbios.ae9 : BIOS.obj (.text:ti_sysbios_timers_timer64_Timer_start__E)
                  c000c278    00000164                 : BIOS.obj (.text:ti_sysbios_timers_timer64_TimestampProvider_get32__E)
                  c000c3dc    00000160     mcp3021.obj (.text)
                  c000c53c    00000160     sysbios.ae9 : BIOS.obj (.text:ti_sysbios_timers_timer64_Timer_setPeriodMicroSecs__E)
                  c000c69c    00000158     app_pe9.oe9 (.text:ti_uia_loggers_LoggerStopMode_write2__E)
                  c000c7f4    00000154     drivers.lib : psc.obj (.text)
                  c000c948    00000154     ti.targets.arm.rtsarm.ae9 : Startup.oe9 (.text:xdc_runtime_Startup_startMods__I)
                  c000ca9c    00000150     app_pe9.oe9 (.text:ti_uia_loggers_LoggerStopMode_write1__E)
                  c000cbec    00000140     sysbios.ae9 : BIOS.obj (.text:ti_sysbios_family_arm_da830_Hwi_dispatchFIQC__I)
                  c000cd2c    00000140                 : BIOS.obj (.text:ti_sysbios_knl_Task_checkStacks__E)
                  c000ce6c    00000140                 : BIOS.obj (.text:ti_sysbios_timers_timer64_Timer_getFreq__E)
                  c000cfac    00000140     ti.targets.arm.rtsarm.ae9 : Core-smem.oe9 (.text:xdc_runtime_Core_constructObject__I)
                  c000d0ec    0000013c     sysbios.ae9 : BIOS.obj (.text:ti_sysbios_knl_Task_schedule__I)
                  c000d228    0000013c                 : BIOS.obj (.text:ti_sysbios_knl_Task_startCore__E)
                  c000d364    0000013c     app_pe9.oe9 (.text:ti_uia_loggers_LoggerStopMode_write0__E)
                  c000d4a0    00000138     ti.targets.arm.rtsarm.ae9 : LoggerBuf.oe9 (.text:xdc_runtime_LoggerBuf_write4__E)
                  c000d5d8    00000128     rtsv5_A_le_eabi.lib : fd_mul32.obj (.text)
                  c000d700    00000124     sysbios.ae9 : BIOS.obj (.text:ti_sysbios_knl_Swi_post__E)
                  c000d824    00000120                 : BIOS.obj (.text:ti_sysbios_gates_GateMutex_enter__E)
                  c000d944    00000120                 : BIOS.obj (.text:ti_sysbios_utils_Load_updateLoads__E)
                  c000da64    0000011c                 : BIOS.obj (.text:ti_sysbios_utils_Load_idleFxn__E)
                  c000db80    00000114     rtsv5_A_le_eabi.lib : i_div32.obj (.text)
                  c000dc94    00000104     sysbios.ae9 : BIOS.obj (.text:ti_sysbios_knl_Semaphore_Instance_init__E)
                  c000dd98    000000fc                 : BIOS.obj (.text:ti_sysbios_knl_Task_blockI__E)
                  c000de94    000000fc                 : BIOS.obj (.text:ti_sysbios_knl_Task_unblockI__E)
                  c000df90    000000f8     ti.uia.loggers.ae9 : LoggerStopMode.oe9 (.text:ti_uia_loggers_LoggerStopMode_initQueueDescriptor__E)
                  c000e088    000000f8     ti.targets.arm.rtsarm.ae9 : Text.oe9 (.text:xdc_runtime_Text_putSite__E)
                  c000e180    000000f4     sysbios.ae9 : BIOS.obj (.text:ti_sysbios_heaps_HeapTrack_alloc__E)
                  c000e274    000000f0     rtsv5_A_le_eabi.lib : u_div32.obj (.text)
                  c000e364    000000f0     ti.targets.arm.rtsarm.ae9 : LoggerBuf.oe9 (.text:xdc_runtime_LoggerBuf_setFilterLevel__E)
                  c000e454    000000ec     auto_init.ae9 : auto_init.oe9 (.text)
                  c000e540    000000e4     sysbios.ae9 : da830_Hwi_asm.obj (.text:_ti_sysbios_family_arm_da830_Hwi_dispatchIRQ__I)
                  c000e624    000000e0                 : BIOS.obj (.text:ti_sysbios_family_arm_da830_Hwi_Instance_init__E)
                  c000e704    000000e0                 : BIOS.obj (.text:ti_sysbios_family_arm_da830_Hwi_Module_startup__E)
                  c000e7e4    000000e0                 : BIOS.obj (.text:ti_sysbios_heaps_HeapTrack_Instance_finalize__E)
                  c000e8c4    000000dc     ti.targets.arm.rtsarm.ae9 : Text.oe9 (.text:xdc_runtime_Text_putMod__E)
                  c000e9a0    000000d0     sysbios.ae9 : exc_Exception_asm.obj (.text:ti_sysbios_family_arm_exc_Exception_excHandlerAsm__I)
                  c000ea70    000000cc     ti.targets.arm.rtsarm.ae9 : LoggerBuf.oe9 (.text:xdc_runtime_LoggerBuf_getFilterLevel__E)
                  c000eb3c    000000c4     ti.uia.runtime.ae9 : QueueDescriptor.oe9 (.text:ti_uia_runtime_QueueDescriptor_addToList__E)
                  c000ec00    000000c0     sysbios.ae9 : BIOS.obj (.text:ti_sysbios_timers_timer64_Timer_initDevice__I)
                  c000ecc0    000000b8                 : BIOS.obj (.text:ti_sysbios_knl_Swi_restoreHwi__E)
                  c000ed78    000000b0     rtsv5_A_le_eabi.lib : memset32.obj (.text)
                  c000ee28    000000b0     sysbios.ae9 : BIOS.obj (.text:ti_sysbios_family_arm_da830_Hwi_initIntController__I)
                  c000eed8    000000b0                 : BIOS.obj (.text:ti_sysbios_timers_timer64_TimestampProvider_Module_startup__E)
                  c000ef88    000000b0     ti.targets.arm.rtsarm.ae9 : Memory.oe9 (.text:xdc_runtime_Memory_alloc__E)
                  c000f038    000000a8     rtsv5_A_le_eabi.lib : trgmsg.obj (.text)
                  c000f0e0    000000a0                         : copy_decompress_rle.obj (.text)
                  c000f180    0000009f     ti.targets.arm.rtsarm.ae9 : Text.oe9 (.text:xdc_runtime_Text_putLab__E)
                  c000f21f    00000001     --HOLE-- [fill = 0]
                  c000f220    0000009c     sysbios.ae9 : BIOS.obj (.text:ti_sysbios_knl_Clock_logTick__E)
                  c000f2bc    0000009c                 : BIOS.obj (.text:ti_sysbios_utils_Load_logCPULoad__I)
                  c000f358    00000098     ti.uia.loggers.ae9 : LoggerStopMode.oe9 (.text:ti_uia_loggers_LoggerStopMode_flush__E)
                  c000f3f0    00000098     ti.targets.arm.rtsarm.ae9 : Core-mem.oe9 (.text:xdc_runtime_Core_deleteObject__I)
                  c000f488    00000098                               : Error.oe9 (.text:xdc_runtime_Error_print__E)
                  c000f520    00000098     app_pe9.oe9 (.text:xdc_runtime_LoggerBuf_Object__create__S)
                  c000f5b8    00000098     ti.targets.arm.rtsarm.ae9 : System.oe9 (.text:xdc_runtime_System_formatNum__I)
                  c000f650    00000090     rtsv5_A_le_eabi.lib : exit.obj (.text)
                  c000f6e0    00000090     sysbios.ae9 : BIOS.obj (.text:ti_sysbios_timers_timer64_Timer_stop__E)
                  c000f770    0000008c                 : BIOS.obj (.text:ti_sysbios_heaps_HeapMem_alloc__E)
                  c000f7fc    0000008c     ti.targets.arm.rtsarm.ae9 : Startup.oe9 (.text:xdc_runtime_Startup_exec__E)
                  c000f888    00000088     rtsv5_A_le_eabi.lib : cpy_tbl.obj (.text)
                  c000f910    00000084     sysbios.ae9 : BIOS.obj (.text:ti_sysbios_knl_Swi_schedule__I)
                  c000f994    00000084                 : BIOS.obj (.text:ti_sysbios_knl_Task_allBlockedFunction__I)
                  c000fa18    00000080                 : BIOS.obj (.text:ti_sysbios_heaps_HeapMem_getStats__E)
                  c000fa98    00000080                 : BIOS.obj (.text:ti_sysbios_knl_Swi_runLoop__I)
                  c000fb18    0000007c                 : arm_HwiCommon_asm.obj (.text:_ti_sysbios_family_xxx_Hwi_switchToIsrStack)
                  c000fb94    0000007c                 : BIOS.obj (.text:ti_sysbios_family_arm_arm9_Cache_startup__I)
                  c000fc10    0000007c     ti.targets.arm.rtsarm.ae9 : Assert.oe9 (.text:xdc_runtime_Assert_raise__I)
                  c000fc8c    00000074     sysbios.ae9 : BIOS.obj (.text:ti_sysbios_family_arm_arm9_Mmu_disable__E)
                  c000fd00    00000074                 : BIOS.obj (.text:ti_sysbios_family_arm_arm9_Mmu_enable__E)
                  c000fd74    00000074                 : BIOS.obj (.text:ti_sysbios_family_arm_da830_Hwi_handlerSELF__I)
                  c000fde8    00000074                 : BIOS.obj (.text:ti_sysbios_timers_timer64_Timer_startup__E)
                  c000fe5c    00000074     ti.uia.loggers.ae9 : LoggerStopMode.oe9 (.text:ti_uia_loggers_LoggerStopMode_Module_startup__E)
                  c000fed0    00000074                        : LoggerStopMode.oe9 (.text:ti_uia_loggers_LoggerStopMode_initBuffer__I)
                  c000ff44    00000074     ti.targets.arm.rtsarm.ae9 : LoggerBuf.oe9 (.text:xdc_runtime_LoggerBuf_filterOutEvent__I)
                  c000ffb8    00000070     sysbios.ae9 : BIOS.obj (.text:ti_sysbios_timers_timer64_Timer_Module_startup__E)
                  c0010028    00000070     ti.targets.arm.rtsarm.ae9 : SysMin.oe9 (.text:xdc_runtime_SysMin_flush__E)
                  c0010098    0000006c     sysbios.ae9 : BIOS.obj (.text:ti_sysbios_family_arm_da830_Hwi_getStackInfo__E)
                  c0010104    0000006c     ti.targets.arm.rtsarm.ae9 : LoggerBuf.oe9 (.text:xdc_runtime_LoggerBuf_Instance_init__E)
                  c0010170    00000068     sysbios.ae9 : BIOS.obj (.text:ti_sysbios_family_arm_da830_Hwi_handlerLOWER__I)
                  c00101d8    00000068                 : BIOS.obj (.text:ti_sysbios_family_arm_da830_Hwi_handlerNONE__I)
                  c0010240    00000068                 : exc_Exception_asm.obj (.text:ti_sysbios_family_arm_exc_Exception_initCore0__I)
                  c00102a8    00000068                 : BIOS.obj (.text:ti_sysbios_heaps_HeapMem_init__I)
                  c0010310    00000068     ti.targets.arm.rtsarm.ae9 : Error.oe9 (.text:xdc_runtime_Error_setX__E)
                  c0010378    00000064                               : Core-params.oe9 (.text:xdc_runtime_Core_assignParams__I)
                  c00103dc    00000060                               : Text.oe9 (.text:xdc_runtime_Text_xprintf__I)
                  c001043c    0000005c     boot.ae9 : boot.oe9 (.text)
                  c0010498    0000005c     rtsv5_A_le_eabi.lib : fd_tou32.obj (.text)
                  c00104f4    0000005c     sysbios.ae9 : BIOS.obj (.text:ti_sysbios_knl_Task_restore__E)
                  c0010550    0000005c     ti.targets.arm.rtsarm.ae9 : SysMin.oe9 (.text:xdc_runtime_SysMin_putch__E)
                  c00105ac    00000058     app_pe9.oe9 (.text:malloc)
                  c0010604    00000058     sysbios.ae9 : BIOS.obj (.text:ti_sysbios_family_arm_TaskSupport_start__E)
                  c001065c    00000058                 : BIOS.obj (.text:ti_sysbios_hal_Hwi_checkStack)
                  c00106b4    00000058                 : BIOS.obj (.text:ti_sysbios_knl_Swi_startup__E)
                  c001070c    00000058     ti.uia.loggers.ae9 : LoggerStopMode.oe9 (.text:ti_uia_loggers_LoggerStopMode_reset__E)
                  c0010764    00000054     sysbios.ae9 : arm_TaskSupport_asm.obj (.text:_ti_sysbios_family_arm_TaskSupport_buildTaskStack)
                  c00107b8    00000054                 : BIOS.obj (.text:ti_sysbios_knl_Semaphore_pendTimeout__I)
                  c001080c    00000054     ti.targets.arm.rtsarm.ae9 : Core-label.oe9 (.text:xdc_runtime_Core_assignLabel__I)
                  c0010860    00000054                               : SysMin.oe9 (.text:xdc_runtime_SysMin_abort__E)
                  c00108b4    00000054                               : System.oe9 (.text:xdc_runtime_System_atexit__E)
                  c0010908    00000054                               : System.oe9 (.text:xdc_runtime_System_putchar__I)
                  c001095c    00000053                               : Text.oe9 (.text:xdc_runtime_Text_printVisFxn__I)
                  c00109af    00000001     --HOLE-- [fill = 0]
                  c00109b0    00000050     app_pe9.oe9 (.text:ti_sysbios_gates_GateHwi_Object__create__S)
                  c0010a00    00000050     app_pe9.oe9 (.text:ti_sysbios_gates_GateMutex_Object__create__S)
                  c0010a50    00000050     app_pe9.oe9 (.text:ti_sysbios_heaps_HeapMem_Object__create__S)
                  c0010aa0    00000050     app_pe9.oe9 (.text:ti_sysbios_heaps_HeapTrack_Object__create__S)
                  c0010af0    00000050     app_pe9.oe9 (.text:ti_sysbios_knl_Semaphore_construct)
                  c0010b40    00000050     app_pe9.oe9 (.text:ti_uia_loggers_LoggerStopMode_Object__create__S)
                  c0010b90    0000004c     sysbios.ae9 : BIOS.obj (.text:ti_sysbios_hal_Hwi_initStack)
                  c0010bdc    00000048                 : BIOS.obj (.text:ti_sysbios_family_arm_arm9_Mmu_Module_startup__E)
                  c0010c24    00000048     app_pe9.oe9 (.text:ti_sysbios_knl_Queue_construct)
                  c0010c6c    00000048     ti.targets.arm.rtsarm.ae9 : System.oe9 (.text:xdc_runtime_System_processAtExit__E)
                  c0010cb4    00000044     app_pe9.oe9 (.text:ti_sysbios_BIOS_atExitFunc__I)
                  c0010cf8    00000044     sysbios.ae9 : BIOS.obj (.text:ti_sysbios_heaps_HeapMem_free__E)
                  c0010d3c    00000044     app_pe9.oe9 (.text:ti_sysbios_knl_Clock_doTick__I)
                  c0010d80    00000044     sysbios.ae9 : BIOS.obj (.text:ti_sysbios_knl_Task_restoreHwi__E)
                  c0010dc4    00000044                 : BIOS.obj (.text:ti_sysbios_utils_Load_updateCurrentThreadTime__E)
                  c0010e08    00000044     app_pe9.oe9 (.text:xdc_runtime_SysMin_output__I)
                  c0010e4c    00000044     ti.targets.arm.rtsarm.ae9 : Text.oe9 (.text:xdc_runtime_Text_cordText__E)
                  c0010e90    00000040     adc.obj (.text)
                  c0010ed0    00000040     ti.targets.arm.rtsarm.ae9 : LoggerBuf.oe9 (.text:xdc_runtime_LoggerBuf_Module_startup__E)
                  c0010f10    00000040                               : System.oe9 (.text:xdc_runtime_System_avprintf__E)
                  c0010f50    0000003c     sysbios.ae9 : da830_Hwi_asm.obj (.text:_ti_sysbios_family_arm_da830_Hwi_init__I)
                  c0010f8c    0000003c                 : BIOS.obj (.text:ti_sysbios_heaps_HeapTrack_Instance_init__E)
                  c0010fc8    0000003c                 : BIOS.obj (.text:ti_sysbios_knl_Swi_Module_startup__E)
                  c0011004    0000003c     ti.targets.arm.rtsarm.ae9 : System.oe9 (.text:xdc_runtime_System_vprintf__E)
                  c0011040    00000038     app_pe9.oe9 (.text:ti_sysbios_BIOS_startFunc__I)
                  c0011078    00000038     sysbios.ae9 : BIOS.obj (.text:ti_sysbios_family_arm_da830_TimerSupport_enable__E)
                  c00110b0    00000038                 : BIOS.obj (.text:ti_sysbios_knl_Clock_Module_startup__E)
                  c00110e8    00000038     ti.targets.arm.rtsarm.ae9 : LoggerBuf.oe9 (.text:xdc_runtime_LoggerBuf_reset__E)
                  c0011120    00000034     sysbios.ae9 : arm9_Mmu_asm.obj (.text:_ti_sysbios_family_arm_arm9_Mmu_enableAsm)
                  c0011154    00000034     rtsv5_A_le_eabi.lib : u_tofd32.obj (.text)
                  c0011188    00000034     app_pe9.oe9 (.text:ti_sysbios_BIOS_registerRTSLock__I)
                  c00111bc    00000034     app_pe9.oe9 (.text:ti_sysbios_BIOS_removeRTSLock__I)
                  c00111f0    00000034     sysbios.ae9 : BIOS.obj (.text:ti_sysbios_family_arm_arm9_Cache_enable__E)
                  c0011224    00000034     app_pe9.oe9 (.text:ti_sysbios_gates_GateMutex_Object__delete__S)
                  c0011258    00000034     app_pe9.oe9 (.text:ti_sysbios_heaps_HeapTrack_Object__delete__S)
                  c001128c    00000034     sysbios.ae9 : BIOS.obj (.text:ti_sysbios_knl_Idle_run__E)
                  c00112c0    00000034                 : BIOS.obj (.text:ti_sysbios_knl_Task_enter__I)
                  c00112f4    00000034     ti.uia.loggers.ae9 : LoggerStopMode.oe9 (.text:ti_uia_loggers_LoggerStopMode_Instance_init__E)
                  c0011328    00000034     app_pe9.oe9 (.text:xdc_runtime_LoggerBuf_Object__delete__S)
                  c001135c    00000034     ti.targets.arm.rtsarm.ae9 : SysMin.oe9 (.text:xdc_runtime_SysMin_Module_startup__E)
                  c0011390    00000030     app_pe9.oe9 (.text:ti_sysbios_BIOS_rtsLock__I)
                  c00113c0    00000030     app_pe9.oe9 (.text:ti_sysbios_gates_GateHwi_Object__delete__S)
                  c00113f0    00000030     sysbios.ae9 : BIOS.obj (.text:ti_sysbios_gates_GateMutex_Instance_init__E)
                  c0011420    00000030     app_pe9.oe9 (.text:ti_sysbios_heaps_HeapMem_Object__delete__S)
                  c0011450    00000030     app_pe9.oe9 (.text:ti_uia_loggers_LoggerStopMode_Object__delete__S)
                  c0011480    00000030     ti.targets.arm.rtsarm.ae9 : Error.oe9 (.text:xdc_runtime_Error_raiseX__E)
                  c00114b0    00000030                               : Memory.oe9 (.text:xdc_runtime_Memory_valloc__E)
                  c00114e0    00000030                               : Registry.oe9 (.text:xdc_runtime_Registry_findById__E)
                  c0011510    00000030                               : SysMin.oe9 (.text:xdc_runtime_SysMin_exit__E)
                  c0011540    0000002c     app_pe9.oe9 (.text:ti_sysbios_BIOS_errorRaiseHook__I)
                  c001156c    0000002c     sysbios.ae9 : BIOS.obj (.text:ti_sysbios_family_arm_HwiCommon_Module_startup__E)
                  c0011598    0000002c                 : BIOS.obj (.text:ti_sysbios_family_arm_da830_Hwi_disableInterrupt__E)
                  c00115c4    0000002c                 : BIOS.obj (.text:ti_sysbios_family_arm_da830_Hwi_enableInterrupt__E)
                  c00115f0    0000002c     app_pe9.oe9 (.text:ti_sysbios_gates_GateHwi_Handle__label__S)
                  c001161c    0000002c     app_pe9.oe9 (.text:ti_sysbios_gates_GateMutex_Handle__label__S)
                  c0011648    0000002c     app_pe9.oe9 (.text:ti_sysbios_heaps_HeapMem_Handle__label__S)
                  c0011674    0000002c     app_pe9.oe9 (.text:ti_sysbios_heaps_HeapTrack_Handle__label__S)
                  c00116a0    0000002c     app_pe9.oe9 (.text:ti_sysbios_knl_Semaphore_Object__destruct__S)
                  c00116cc    0000002c     app_pe9.oe9 (.text:ti_uia_loggers_LoggerStopMode_Handle__label__S)
                  c00116f8    0000002c     ti.targets.arm.rtsarm.ae9 : Error.oe9 (.text:xdc_runtime_Error_check__E)
                  c0011724    0000002c     app_pe9.oe9 (.text:xdc_runtime_LoggerBuf_Handle__label__S)
                  c0011750    00000028     app_pe9.oe9 (.text:free)
                  c0011778    00000028     app_pe9.oe9 (.text:ti_sysbios_BIOS_rtsUnlock__I)
                  c00117a0    00000028     app_pe9.oe9 (.text:ti_sysbios_family_arm_da830_Hwi_Module__startupDone__F)
                  c00117c8    00000028     sysbios.ae9 : BIOS.obj (.text:ti_sysbios_family_arm_da830_Hwi_handlerALL__I)
                  c00117f0    00000028                 : BIOS.obj (.text:ti_sysbios_gates_GateMutex_leave__E)
                  c0011818    00000028     app_pe9.oe9 (.text:ti_sysbios_knl_Queue_Object__destruct__S)
                  c0011840    00000028     app_pe9.oe9 (.text:ti_sysbios_timers_timer64_Timer_Module__startupDone__F)
                  c0011868    00000028     sysbios.ae9 : BIOS.obj (.text:ti_sysbios_timers_timer64_TimestampProvider_startTimer__E)
                  c0011890    00000028     ti.targets.arm.rtsarm.ae9 : System.oe9 (.text:xdc_runtime_System_abort__E)
                  c00118b8    00000028     app_pe9.oe9 (.text:xdc_runtime_System_aprintf__E)
                  c00118e0    00000028     app_pe9.oe9 (.text:xdc_runtime_System_printf__E)
                  c0011908    00000024     rtsv5_A_le_eabi.lib : _lock.obj (.text)
                  c001192c    00000024                         : ll_lsr32.obj (.text)
                  c0011950    00000024     ti.uia.loggers.ae9 : LoggerStopMode.oe9 (.text:ti_uia_loggers_LoggerStopMode_disable__E)
                  c0011974    00000024                        : LoggerStopMode.oe9 (.text:ti_uia_loggers_LoggerStopMode_enable__E)
                  c0011998    00000024     ti.targets.arm.rtsarm.ae9 : System.oe9 (.text:xdc_runtime_System_exit__E)
                  c00119bc    00000020     rtsv5_A_le_eabi.lib : args_main.obj (.text)
                  c00119dc    00000020                         : strlen.obj (.text)
                  c00119fc    00000020     app_pe9.oe9 (.text:ti_sysbios_BIOS_exitFunc__I)
                  c0011a1c    00000020     sysbios.ae9 : BIOS.obj (.text:ti_sysbios_family_arm_da830_Hwi_switchFromBootStack__E)
                  c0011a3c    00000020     ti.targets.arm.rtsarm.ae9 : LoggerBuf.oe9 (.text:xdc_runtime_LoggerBuf_Instance_finalize__E)
                  c0011a5c    00000020                               : LoggerBuf.oe9 (.text:xdc_runtime_LoggerBuf_write2__E)
                  c0011a7c    0000001c     sysbios.ae9 : arm_TaskSupport_asm.obj (.text:_ti_sysbios_family_arm_TaskSupport_glue)
                  c0011a98    0000001c                 : arm9_Cache_asm.obj (.text:_ti_sysbios_family_arm_arm9_Cache_disableL1d__I)
                  c0011ab4    0000001c                 : arm9_Cache_asm.obj (.text:_ti_sysbios_family_arm_arm9_Cache_getEnabled__E)
                  c0011ad0    0000001c     main.obj (.text)
                  c0011aec    0000001c     rtsv5_A_le_eabi.lib : strcpy.obj (.text)
                  c0011b08    0000001c     app_pe9.oe9 (.text:ti_sysbios_heaps_HeapMem_Object__get__S)
                  c0011b24    0000001c     app_pe9.oe9 (.text:ti_sysbios_knl_Swi_Object__get__S)
                  c0011b40    0000001c     ti.uia.loggers.ae9 : LoggerStopMode.oe9 (.text:ti_uia_loggers_LoggerStopMode_isEmpty__E)
                  c0011b5c    0000001c     app_pe9.oe9 (.text:xdc_runtime_LoggerBuf_Object__get__S)
                  c0011b78    0000001c     ti.targets.arm.rtsarm.ae9 : LoggerBuf.oe9 (.text:xdc_runtime_LoggerBuf_write0__E)
                  c0011b94    0000001c                               : LoggerBuf.oe9 (.text:xdc_runtime_LoggerBuf_write1__E)
                  c0011bb0    0000001c     app_pe9.oe9 (.text:xdc_runtime_Startup_exec__I)
                  c0011bcc    0000001c     ti.targets.arm.rtsarm.ae9 : SysMin.oe9 (.text:xdc_runtime_SysMin_ready__E)
                  c0011be8    0000001c                               : System.oe9 (.text:xdc_runtime_System_vsnprintf__E)
                  c0011c04    0000001c                               : Text.oe9 (.text:xdc_runtime_Text_ropeText__E)
                  c0011c20    00000018     sysbios.ae9 : arm9_Cache_asm.obj (.text:_ti_sysbios_family_arm_arm9_Cache_disableL1p__I)
                  c0011c38    00000018                 : arm9_Cache_asm.obj (.text:_ti_sysbios_family_arm_arm9_Cache_enableL1p__I)
                  c0011c50    00000018                 : arm9_Mmu_asm.obj (.text:_ti_sysbios_family_arm_arm9_Mmu_disableAsm)
                  c0011c68    00000018                 : BIOS.obj (.text:ti_sysbios_BIOS_setThreadType__E)
                  c0011c80    00000018                 : BIOS.obj (.text:ti_sysbios_hal_Hwi_Module_startup__E)
                  c0011c98    00000018                 : BIOS.obj (.text:ti_sysbios_heaps_HeapTrack_isBlocking__E)
                  c0011cb0    00000018                 : BIOS.obj (.text:ti_sysbios_knl_Queue_empty__E)
                  c0011cc8    00000018                 : BIOS.obj (.text:ti_sysbios_knl_Swi_disable__E)
                  c0011ce0    00000018     app_pe9.oe9 (.text:ti_sysbios_knl_Task_Object__get__S)
                  c0011cf8    00000018     sysbios.ae9 : BIOS.obj (.text:ti_sysbios_knl_Task_disable__E)
                  c0011d10    00000018                 : BIOS.obj (.text:ti_sysbios_timers_timer64_TimestampProvider_rolloverFunc__E)
                  c0011d28    00000018     app_pe9.oe9 (.text:ti_uia_loggers_LoggerStopMode_Object__get__S)
                  c0011d40    00000018     ti.targets.arm.rtsarm.ae9 : Error.oe9 (.text:xdc_runtime_Error_init__E)
                  c0011d58    00000014     sysbios.ae9 : arm9_Cache_asm.obj (.text:_ti_sysbios_family_arm_arm9_Cache_enableL1d__I)
                  c0011d6c    00000014                 : arm9_Mmu_asm.obj (.text:_ti_sysbios_family_arm_arm9_Mmu_isEnabled)
                  c0011d80    00000014     rtsv5_A_le_eabi.lib : copy_decompress_none.obj (.text:decompress:none)
                  c0011d94    00000014     sysbios.ae9 : BIOS.obj (.text:ti_sysbios_family_arm_TaskSupport_checkStack__E)
                  c0011da8    00000014                 : BIOS.obj (.text:ti_sysbios_gates_GateMutex_Instance_finalize__E)
                  c0011dbc    00000014                 : BIOS.obj (.text:ti_sysbios_knl_Semaphore_Instance_finalize__E)
                  c0011dd0    00000014                 : BIOS.obj (.text:ti_sysbios_timers_timer64_TimestampProvider_getFreq__E)
                  c0011de4    00000014     ti.targets.arm.rtsarm.ae9 : Gate.oe9 (.text:xdc_runtime_Gate_leaveSystem__E)
                  c0011df8    00000014     app_pe9.oe9 (.text:xdc_runtime_IHeap_alloc)
                  c0011e0c    00000014     app_pe9.oe9 (.text:xdc_runtime_IHeap_free)
                  c0011e20    00000014     app_pe9.oe9 (.text:xdc_runtime_IHeap_getStats)
                  c0011e34    00000014     ti.targets.arm.rtsarm.ae9 : LoggerBuf.oe9 (.text:xdc_runtime_LoggerBuf_disable__E)
                  c0011e48    00000014                               : LoggerBuf.oe9 (.text:xdc_runtime_LoggerBuf_enable__E)
                  c0011e5c    00000014                               : Memory.oe9 (.text:xdc_runtime_Memory_calloc__E)
                  c0011e70    00000014                               : Memory.oe9 (.text:xdc_runtime_Memory_free__E)
                  c0011e84    00000014                               : Memory.oe9 (.text:xdc_runtime_Memory_getStats__E)
                  c0011e98    00000010     sysbios.ae9 : arm_TaskSupport_asm.obj (.text:_ti_sysbios_family_arm_TaskSupport_swap__E)
                  c0011ea8    00000010                 : arm9_Cache_asm.obj (.text:_ti_sysbios_family_arm_arm9_Cache_wbInvAll__E)
                  c0011eb8    00000010                 : BIOS.obj (.text:ti_sysbios_family_arm_da830_Hwi_clearInterrupt__E)
                  c0011ec8    00000010                 : BIOS.obj (.text:ti_sysbios_family_arm_da830_Hwi_startup__E)
                  c0011ed8    00000010                 : BIOS.obj (.text:ti_sysbios_family_arm_exc_Exception_Module_startup__E)
                  c0011ee8    00000010                 : BIOS.obj (.text:ti_sysbios_gates_GateHwi_enter__E)
                  c0011ef8    00000010     app_pe9.oe9 (.text:ti_sysbios_knl_Queue_Object__get__S)
                  c0011f08    00000010     ti.targets.arm.rtsarm.ae9 : Gate.oe9 (.text:xdc_runtime_Gate_enterSystem__E)
                  c0011f18    00000010                               : Memory.oe9 (.text:xdc_runtime_Memory_getMaxDefaultTypeAlign__E)
                  c0011f28    00000010                               : Startup.oe9 (.text:xdc_runtime_Startup_rtsDone__E)
                  c0011f38    0000000c     sysbios.ae9 : BIOS.obj (.text:ti_sysbios_knl_Idle_loop__E)
                  c0011f44    0000000c                 : BIOS.obj (.text:ti_sysbios_knl_Queue_Instance_init__E)
                  c0011f50    0000000c     app_pe9.oe9 (.text:xdc_runtime_Text_visitRope__I)
                  c0011f5c    00000008     sysbios.ae9 : arm9_Cache_asm.obj (.text:_ti_sysbios_family_arm_arm9_Cache_invL1dAll__E)
                  c0011f64    00000008                 : arm9_Cache_asm.obj (.text:_ti_sysbios_family_arm_arm9_Cache_invL1pAll__E)
                  c0011f6c    00000008                 : arm9_Cache_asm.obj (.text:_ti_sysbios_family_arm_arm9_Cache_wait__E)
                  c0011f74    00000008     rtsv5_A_le_eabi.lib : copy_decompress_rle.obj (.text:decompress:rle24)
                  c0011f7c    00000008     platform.lib : edma.obj (.text)
                  c0011f84    00000008     app_pe9.oe9 (.text:ti_sysbios_family_arm_TaskSupport_Module__startupDone__S)
                  c0011f8c    00000008     sysbios.ae9 : BIOS.obj (.text:ti_sysbios_gates_GateHwi_leave__E)
                  c0011f94    00000008                 : BIOS.obj (.text:ti_sysbios_gates_GateHwi_query__E)
                  c0011f9c    00000008                 : BIOS.obj (.text:ti_sysbios_gates_GateMutex_query__E)
                  c0011fa4    00000008                 : BIOS.obj (.text:ti_sysbios_heaps_HeapMem_isBlocking__E)
                  c0011fac    00000008                 : BIOS.obj (.text:ti_sysbios_heaps_HeapTrack_getStats__E)
                  c0011fb4    00000008                 : BIOS.obj (.text:ti_sysbios_timers_timer64_Timer_getMaxTicks__E)
                  c0011fbc    00000008     ti.uia.loggers.ae9 : LoggerStopMode.oe9 (.text:ti_uia_loggers_LoggerStopMode_getContents__E)
                  c0011fc4    00000008     app_pe9.oe9 (.text:ti_uia_loggers_LoggerStopMode_getFilterLevel__E)
                  c0011fcc    00000008     ti.uia.loggers.ae9 : LoggerStopMode.oe9 (.text:ti_uia_loggers_LoggerStopMode_getInstanceId__E)
                  c0011fd4    00000008                        : LoggerStopMode.oe9 (.text:ti_uia_loggers_LoggerStopMode_getMaxLength__E)
                  c0011fdc    00000008                        : LoggerStopMode.oe9 (.text:ti_uia_loggers_LoggerStopMode_getPriority__E)
                  c0011fe4    00000008                        : LoggerStopMode.oe9 (.text:ti_uia_loggers_LoggerStopMode_getTransferType__E)
                  c0011fec    00000008     ti.targets.arm.rtsarm.ae9 : Error.oe9 (.text:xdc_runtime_Error_getSite__E)
                  c0011ff4    00000008                               : System.oe9 (.text:xdc_runtime_System_Module_startup__E)
                  c0011ffc    00000004     rtsv5_A_le_eabi.lib : i_div0.obj (.text)
                  c0012000    00000004     app_pe9.oe9 (.text:ti_sysbios_BIOS_RtsGateProxy_enter__E)
                  c0012004    00000004     app_pe9.oe9 (.text:ti_sysbios_BIOS_RtsGateProxy_leave__E)
                  c0012008    00000004     sysbios.ae9 : BIOS.obj (.text:ti_sysbios_BIOS_linkedWithIncorrectBootLibrary__E)
                  c001200c    00000004     app_pe9.oe9 (.text:ti_sysbios_BIOS_nullFunc__I)
                  c0012010    00000004     sysbios.ae9 : BIOS.obj (.text:ti_sysbios_family_arm_da830_Hwi_spuriousInt__I)
                  c0012014    00000004                 : BIOS.obj (.text:ti_sysbios_gates_GateHwi_Instance_init__E)
                  c0012018    00000004     app_pe9.oe9 (.text:ti_sysbios_heaps_HeapMem_Module_GateProxy_enter__E)
                  c001201c    00000004     app_pe9.oe9 (.text:ti_sysbios_heaps_HeapMem_Module_GateProxy_leave__E)
                  c0012020    00000004     app_pe9.oe9 (.text:ti_sysbios_knl_Clock_TimerProxy_getMaxTicks__E)
                  c0012024    00000004     app_pe9.oe9 (.text:ti_sysbios_knl_Queue_destruct)
                  c0012028    00000004     app_pe9.oe9 (.text:ti_sysbios_knl_Semaphore_destruct)
                  c001202c    00000004     sysbios.ae9 : BIOS.obj (.text:ti_sysbios_knl_Task_startup__E)
                  c0012030    00000004     app_pe9.oe9 (.text:ti_uia_loggers_LoggerStopMode_setFilterLevel__E)
                  c0012034    00000004     ti.uia.loggers.ae9 : LoggerStopMode.oe9 (.text:ti_uia_loggers_LoggerStopMode_setPriority__E)
                  c0012038    00000004     app_pe9.oe9 (.text:xdc_runtime_LoggerBuf_Module_GateProxy_enter__E)
                  c001203c    00000004     app_pe9.oe9 (.text:xdc_runtime_LoggerBuf_Module_GateProxy_leave__E)
                  c0012040    00000004     app_pe9.oe9 (.text:xdc_runtime_Startup_reset__I)
                  c0012044    00000004     app_pe9.oe9 (.text:xdc_runtime_System_Module_GateProxy_enter__E)
                  c0012048    00000004     app_pe9.oe9 (.text:xdc_runtime_System_Module_GateProxy_leave__E)
                  c001204c    00000004     ti.targets.arm.rtsarm.ae9 : System.oe9 (.text:xdc_runtime_System_aprintf_va__F)
                  c0012050    00000004                               : System.oe9 (.text:xdc_runtime_System_printf_va__F)

.data      0    c0012054    00000990     UNINITIALIZED
                  c0012054    0000022c     app_pe9.oe9 (.data:ti_sysbios_family_arm_da830_Hwi_Module__state__V)
                  c0012280    00000100     app_pe9.oe9 (.data:ti_sysbios_knl_Task_Module_State_0_readyQ__A)
                  c0012380    0000009c     app_pe9.oe9 (.data:ti_uia_loggers_LoggerStopMode_Object__table__V)
                  c001241c    00000098     app_pe9.oe9 (.data:ti_sysbios_timers_timer64_Timer_Object__table__V)
                  c00124b4    00000098     app_pe9.oe9 (.data:ti_sysbios_utils_Load_Module__state__V)
                  c001254c    00000080     app_pe9.oe9 (.data:ti_sysbios_knl_Swi_Module_State_0_readyQ__A)
                  c00125cc    00000060     app_pe9.oe9 (.data:ti_sysbios_timers_timer64_Timer_Module_State_0_device__A)
                  c001262c    00000054     app_pe9.oe9 (.data:ti_sysbios_family_arm_da830_Hwi_Object__table__V)
                  c0012680    0000004c     app_pe9.oe9 (.data:ti_sysbios_knl_Task_Object__table__V)
                  c00126cc    00000044     app_pe9.oe9 (.data:ti_sysbios_knl_Task_Module__state__V)
                  c0012710    00000038     app_pe9.oe9 (.data:ti_sysbios_gates_GateMutex_Object__table__V)
                  c0012748    00000030     app_pe9.oe9 (.data:ti_sysbios_knl_Swi_Object__table__V)
                  c0012778    0000002c     app_pe9.oe9 (.data:ti_sysbios_knl_Clock_Module__state__V)
                  c00127a4    00000024     app_pe9.oe9 (.data:ti_sysbios_BIOS_Module__state__V)
                  c00127c8    00000024     app_pe9.oe9 (.data:xdc_runtime_LoggerBuf_Object__table__V)
                  c00127ec    00000020     app_pe9.oe9 (.data:ti_sysbios_heaps_HeapTrack_Object__table__V)
                  c001280c    00000020     app_pe9.oe9 (.data:ti_sysbios_timers_timer64_Timer_Module_State_0_handles__A)
                  c001282c    00000020     app_pe9.oe9 (.data:ti_sysbios_timers_timer64_Timer_Module_State_0_intFreqs__A)
                  c001284c    00000020     app_pe9.oe9 (.data:xdc_runtime_System_Module_State_0_atexitHandlers__A)
                  c001286c    0000001c     app_pe9.oe9 (.data:ti_sysbios_knl_Swi_Module__state__V)
                  c0012888    00000018     app_pe9.oe9 (.data:ti_sysbios_hal_Hwi_Object__table__V)
                  c00128a0    00000018     app_pe9.oe9 (.data:ti_sysbios_heaps_HeapMem_Object__table__V)
                  c00128b8    00000018     app_pe9.oe9 (.data:ti_sysbios_timers_timer64_Timer_Module_State_0_gctrl__A)
                  c00128d0    00000018     app_pe9.oe9 (.data:ti_sysbios_timers_timer64_Timer_Module__state__V)
                  c00128e8    00000014     app_pe9.oe9 (.data:ti_sysbios_family_arm_exc_Exception_Module__state__V)
                  c00128fc    00000010     app_pe9.oe9 (.data:ti_sysbios_family_arm_HwiCommon_Module__state__V)
                  c001290c    0000000c     rtsv5_A_le_eabi.lib : exit.obj (.data:$O1$$)
                  c0012918    0000000c     app_pe9.oe9 (.data:ti_sysbios_knl_Task_Module__root__V)
                  c0012924    0000000c     app_pe9.oe9 (.data:ti_uia_runtime_QueueDescriptor_Module__state__V)
                  c0012930    0000000c     app_pe9.oe9 (.data:xdc_runtime_SysMin_Module__state__V)
                  c001293c    00000008     rtsv5_A_le_eabi.lib : _lock.obj (.data:$O1$$)
                  c0012944    00000008     ti.uia.runtime.ae9 : QueueDescriptor.oe9 (.data)
                  c001294c    00000008     app_pe9.oe9 (.data:ti_sysbios_gates_GateHwi_Module__root__V)
                  c0012954    00000008     app_pe9.oe9 (.data:ti_sysbios_gates_GateMutex_Module__root__V)
                  c001295c    00000008     app_pe9.oe9 (.data:ti_sysbios_heaps_HeapMem_Module__root__V)
                  c0012964    00000008     app_pe9.oe9 (.data:ti_sysbios_heaps_HeapTrack_Module__root__V)
                  c001296c    00000008     app_pe9.oe9 (.data:ti_sysbios_knl_Queue_Module__root__V)
                  c0012974    00000008     app_pe9.oe9 (.data:ti_sysbios_knl_Semaphore_Module__root__V)
                  c001297c    00000008     app_pe9.oe9 (.data:ti_sysbios_timers_timer64_TimestampProvider_Module__state__V)
                  c0012984    00000008     app_pe9.oe9 (.data:ti_uia_loggers_LoggerStopMode_Module__root__V)
                  c001298c    00000008     app_pe9.oe9 (.data:xdc_runtime_LoggerBuf_Module__root__V)
                  c0012994    00000008     app_pe9.oe9 (.data:xdc_runtime_Registry_Module__state__V)
                  c001299c    00000008     app_pe9.oe9 (.data:xdc_runtime_Startup_Module__state__V)
                  c00129a4    00000008     app_pe9.oe9 (.data:xdc_runtime_System_Module__state__V)
                  c00129ac    00000006     app_pe9.oe9 (.data:xdc_runtime_LoggerBuf_Module__state__V)
                  c00129b2    00000002     app_pe9.oe9 (.data:ti_sysbios_family_arm_da830_TimerSupport_Module_State_0_suspSrc__A)
                  c00129b4    00000004     rtsv5_A_le_eabi.lib : stkdepth_vars.obj (.data)
                  c00129b8    00000004     app_pe9.oe9 (.data:ti_sysbios_family_arm_arm9_Mmu_Module__state__V)
                  c00129bc    00000004     app_pe9.oe9 (.data:ti_sysbios_family_arm_da830_TimerSupport_Module__state__V)
                  c00129c0    00000004     app_pe9.oe9 (.data:ti_sysbios_family_arm_exc_Exception_Module_State_0_excContext__A)
                  c00129c4    00000004     app_pe9.oe9 (.data:ti_sysbios_family_arm_exc_Exception_Module_State_0_excStackBuffers__A)
                  c00129c8    00000004     app_pe9.oe9 (.data:ti_sysbios_family_arm_exc_Exception_Module_State_0_excStack__A)
                  c00129cc    00000004     app_pe9.oe9 (.data:ti_sysbios_gates_GateHwi_Object__table__V)
                  c00129d0    00000004     app_pe9.oe9 (.data:ti_sysbios_knl_Task_Module_State_0_idleTask__A)
                  c00129d4    00000004     app_pe9.oe9 (.data:ti_sysbios_utils_Load_Module_State_0_runningTask__A)
                  c00129d8    00000004     app_pe9.oe9 (.data:ti_sysbios_utils_Load_Module_State_0_taskStartTime__A)
                  c00129dc    00000004     app_pe9.oe9 (.data:xdc_runtime_Memory_Module__state__V)
                  c00129e0    00000002     app_pe9.oe9 (.data:ti_sysbios_family_arm_exc_Exception_Module_State_0_excActive__A)
                  c00129e2    00000002     app_pe9.oe9 (.data:xdc_runtime_Error_Module__state__V)

.const     0    c00129e4    000006c3     
                  c00129e4    00000060     app_pe9.oe9 (.const:ti_uia_loggers_LoggerStopMode_Module__FXNS__C)
                  c0012a44    00000048     app_pe9.oe9 (.const:.string)
                  c0012a8c    0000003c     app_pe9.oe9 (.const:xdc_runtime_LoggerBuf_Module__FXNS__C)
                  c0012ac8    00000038     app_pe9.oe9 (.const:xdc_runtime_Startup_sfxnTab__A)
                  c0012b00    00000028     app_pe9.oe9 (.const:ti_sysbios_heaps_HeapMem_Module__FXNS__C)
                  c0012b28    00000028     app_pe9.oe9 (.const:ti_sysbios_heaps_HeapTrack_Module__FXNS__C)
                  c0012b50    00000028     app_pe9.oe9 (.const:ti_uia_loggers_LoggerStopMode_Object__PARAMS__C)
                  c0012b78    00000024     app_pe9.oe9 (.const:ti_sysbios_gates_GateHwi_Module__FXNS__C)
                  c0012b9c    00000024     app_pe9.oe9 (.const:ti_sysbios_gates_GateMutex_Module__FXNS__C)
                  c0012bc0    00000024     app_pe9.oe9 (.const:ti_sysbios_heaps_HeapMem_Object__PARAMS__C)
                  c0012be4    00000024     app_pe9.oe9 (.const:ti_sysbios_knl_Semaphore_Object__PARAMS__C)
                  c0012c08    00000024     app_pe9.oe9 (.const:xdc_runtime_LoggerBuf_Object__PARAMS__C)
                  c0012c2c    00000020     app_pe9.oe9 (.const:ti_sysbios_gates_GateHwi_Object__DESC__C)
                  c0012c4c    00000020     app_pe9.oe9 (.const:ti_sysbios_gates_GateMutex_Object__DESC__C)
                  c0012c6c    00000020     app_pe9.oe9 (.const:ti_sysbios_heaps_HeapMem_Object__DESC__C)
                  c0012c8c    00000020     app_pe9.oe9 (.const:ti_sysbios_heaps_HeapTrack_Object__DESC__C)
                  c0012cac    00000020     app_pe9.oe9 (.const:ti_sysbios_knl_Queue_Object__DESC__C)
                  c0012ccc    00000020     app_pe9.oe9 (.const:ti_sysbios_knl_Semaphore_Object__DESC__C)
                  c0012cec    00000020     app_pe9.oe9 (.const:ti_uia_loggers_LoggerStopMode_Object__DESC__C)
                  c0012d0c    00000020     app_pe9.oe9 (.const:xdc_runtime_LoggerBuf_Object__DESC__C)
                  c0012d2c    0000001c     app_pe9.oe9 (.const:ti_sysbios_heaps_HeapTrack_Object__PARAMS__C)
                  c0012d48    0000001c     app_pe9.oe9 (.const:xdc_runtime_Startup_sfxnRts__A)
                  c0012d64    00000018     app_pe9.oe9 (.const:ti_sysbios_gates_GateHwi_Object__PARAMS__C)
                  c0012d7c    00000018     app_pe9.oe9 (.const:ti_sysbios_gates_GateMutex_Object__PARAMS__C)
                  c0012d94    00000018     app_pe9.oe9 (.const:ti_sysbios_knl_Queue_Object__PARAMS__C)
                  c0012dac    00000011     ti.targets.arm.rtsarm.ae9 : System.oe9 (.const:.string)
                  c0012dbd    00000001     app_pe9.oe9 (.const:xdc_runtime_Error_policy__C)
                  c0012dbe    00000002     app_pe9.oe9 (.const:ti_sysbios_family_arm_arm9_Cache_enableCache__C)
                  c0012dc0    0000000c     app_pe9.oe9 (.const:xdc_runtime_Startup_firstFxns__A)
                  c0012dcc    00000008     app_pe9.oe9 (.const:ti_sysbios_knl_Idle_funcList__A)
                  c0012dd4    00000008     app_pe9.oe9 (.const:ti_sysbios_knl_Idle_funcList__C)
                  c0012ddc    00000008     app_pe9.oe9 (.const:xdc_runtime_Startup_firstFxns__C)
                  c0012de4    00000008     app_pe9.oe9 (.const:xdc_runtime_Startup_lastFxns__C)
                  c0012dec    00000004     app_pe9.oe9 (.const:ti_sysbios_family_arm_da830_Hwi_A_unsupportedMaskingOption__C)
                  c0012df0    00000004     app_pe9.oe9 (.const:ti_sysbios_family_arm_da830_Hwi_E_alreadyDefined__C)
                  c0012df4    00000004     app_pe9.oe9 (.const:ti_sysbios_family_arm_da830_Hwi_LD_end__C)
                  c0012df8    00000004     app_pe9.oe9 (.const:ti_sysbios_family_arm_da830_Hwi_LM_begin__C)
                  c0012dfc    00000004     app_pe9.oe9 (.const:ti_sysbios_family_arm_da830_Hwi_Module__diagsEnabled__C)
                  c0012e00    00000004     app_pe9.oe9 (.const:ti_sysbios_family_arm_da830_Hwi_Module__diagsIncluded__C)
                  c0012e04    00000004     app_pe9.oe9 (.const:ti_sysbios_family_arm_da830_Hwi_Module__diagsMask__C)
                  c0012e08    00000004     app_pe9.oe9 (.const:ti_sysbios_family_arm_da830_Hwi_Module__loggerFxn1__C)
                  c0012e0c    00000004     app_pe9.oe9 (.const:ti_sysbios_family_arm_da830_Hwi_Module__loggerFxn4__C)
                  c0012e10    00000004     app_pe9.oe9 (.const:ti_sysbios_family_arm_da830_Hwi_Module__loggerFxn8__C)
                  c0012e14    00000004     app_pe9.oe9 (.const:ti_sysbios_family_arm_da830_Hwi_Module__loggerObj__C)
                  c0012e18    00000004     app_pe9.oe9 (.const:ti_sysbios_family_arm_da830_Hwi_taskDisable__C)
                  c0012e1c    00000004     app_pe9.oe9 (.const:ti_sysbios_family_arm_da830_Hwi_taskRestoreHwi__C)
                  c0012e20    00000004     app_pe9.oe9 (.const:ti_sysbios_family_arm_exc_Exception_E_dataAbort__C)
                  c0012e24    00000004     app_pe9.oe9 (.const:ti_sysbios_family_arm_exc_Exception_E_prefetchAbort__C)
                  c0012e28    00000004     app_pe9.oe9 (.const:ti_sysbios_family_arm_exc_Exception_E_swi__C)
                  c0012e2c    00000004     app_pe9.oe9 (.const:ti_sysbios_family_arm_exc_Exception_E_undefinedInstruction__C)
                  c0012e30    00000004     app_pe9.oe9 (.const:ti_sysbios_family_arm_exc_Exception_excHookFuncs__A)
                  c0012e34    00000004     app_pe9.oe9 (.const:ti_sysbios_family_arm_exc_Exception_excHookFuncs__C)
                  c0012e38    00000004     app_pe9.oe9 (.const:ti_sysbios_gates_GateMutex_A_badContext__C)
                  c0012e3c    00000004     app_pe9.oe9 (.const:ti_sysbios_gates_GateMutex_Instance_State_sem__O)
                  c0012e40    00000004     app_pe9.oe9 (.const:ti_sysbios_gates_GateMutex_Module__diagsEnabled__C)
                  c0012e44    00000004     app_pe9.oe9 (.const:ti_sysbios_gates_GateMutex_Module__diagsIncluded__C)
                  c0012e48    00000004     app_pe9.oe9 (.const:ti_sysbios_gates_GateMutex_Module__diagsMask__C)
                  c0012e4c    00000004     app_pe9.oe9 (.const:ti_sysbios_hal_Hwi_E_stackOverflow__C)
                  c0012e50    00000004     app_pe9.oe9 (.const:ti_sysbios_heaps_HeapMem_A_align__C)
                  c0012e54    00000004     app_pe9.oe9 (.const:ti_sysbios_heaps_HeapMem_A_heapSize__C)
                  c0012e58    00000004     app_pe9.oe9 (.const:ti_sysbios_heaps_HeapMem_A_invalidFree__C)
                  c0012e5c    00000004     app_pe9.oe9 (.const:ti_sysbios_heaps_HeapMem_A_zeroBlock__C)
                  c0012e60    00000004     app_pe9.oe9 (.const:ti_sysbios_heaps_HeapMem_E_memory__C)
                  c0012e64    00000004     app_pe9.oe9 (.const:ti_sysbios_heaps_HeapMem_Module__diagsEnabled__C)
                  c0012e68    00000004     app_pe9.oe9 (.const:ti_sysbios_heaps_HeapMem_Module__diagsIncluded__C)
                  c0012e6c    00000004     app_pe9.oe9 (.const:ti_sysbios_heaps_HeapMem_Module__diagsMask__C)
                  c0012e70    00000004     app_pe9.oe9 (.const:ti_sysbios_heaps_HeapMem_Module__gateObj__C)
                  c0012e74    00000004     app_pe9.oe9 (.const:ti_sysbios_heaps_HeapMem_Object__count__C)
                  c0012e78    00000004     app_pe9.oe9 (.const:ti_sysbios_heaps_HeapMem_reqAlign__C)
                  c0012e7c    00000004     app_pe9.oe9 (.const:ti_sysbios_heaps_HeapTrack_A_bufOverflow__C)
                  c0012e80    00000004     app_pe9.oe9 (.const:ti_sysbios_heaps_HeapTrack_A_doubleFree__C)
                  c0012e84    00000004     app_pe9.oe9 (.const:ti_sysbios_heaps_HeapTrack_A_notEmpty__C)
                  c0012e88    00000004     app_pe9.oe9 (.const:ti_sysbios_heaps_HeapTrack_Instance_State_trackQueue__O)
                  c0012e8c    00000004     app_pe9.oe9 (.const:ti_sysbios_heaps_HeapTrack_Module__diagsEnabled__C)
                  c0012e90    00000004     app_pe9.oe9 (.const:ti_sysbios_heaps_HeapTrack_Module__diagsIncluded__C)
                  c0012e94    00000004     app_pe9.oe9 (.const:ti_sysbios_heaps_HeapTrack_Module__diagsMask__C)
                  c0012e98    00000004     app_pe9.oe9 (.const:ti_sysbios_knl_Clock_LM_begin__C)
                  c0012e9c    00000004     app_pe9.oe9 (.const:ti_sysbios_knl_Clock_LM_tick__C)
                  c0012ea0    00000004     app_pe9.oe9 (.const:ti_sysbios_knl_Clock_LW_delayed__C)
                  c0012ea4    00000004     app_pe9.oe9 (.const:ti_sysbios_knl_Clock_Module_State_clockQ__O)
                  c0012ea8    00000004     app_pe9.oe9 (.const:ti_sysbios_knl_Clock_Module__diagsEnabled__C)
                  c0012eac    00000004     app_pe9.oe9 (.const:ti_sysbios_knl_Clock_Module__diagsIncluded__C)
                  c0012eb0    00000004     app_pe9.oe9 (.const:ti_sysbios_knl_Clock_Module__diagsMask__C)
                  c0012eb4    00000004     app_pe9.oe9 (.const:ti_sysbios_knl_Clock_Module__loggerFxn1__C)
                  c0012eb8    00000004     app_pe9.oe9 (.const:ti_sysbios_knl_Clock_Module__loggerFxn2__C)
                  c0012ebc    00000004     app_pe9.oe9 (.const:ti_sysbios_knl_Clock_Module__loggerObj__C)
                  c0012ec0    00000004     app_pe9.oe9 (.const:ti_sysbios_knl_Semaphore_A_badContext__C)
                  c0012ec4    00000004     app_pe9.oe9 (.const:ti_sysbios_knl_Semaphore_A_noEvents__C)
                  c0012ec8    00000004     app_pe9.oe9 (.const:ti_sysbios_knl_Semaphore_A_overflow__C)
                  c0012ecc    00000004     app_pe9.oe9 (.const:ti_sysbios_knl_Semaphore_A_pendTaskDisabled__C)
                  c0012ed0    00000004     app_pe9.oe9 (.const:ti_sysbios_knl_Semaphore_Instance_State_pendQ__O)
                  c0012ed4    00000004     app_pe9.oe9 (.const:ti_sysbios_knl_Semaphore_LM_pend__C)
                  c0012ed8    00000004     app_pe9.oe9 (.const:ti_sysbios_knl_Semaphore_LM_post__C)
                  c0012edc    00000004     app_pe9.oe9 (.const:ti_sysbios_knl_Semaphore_Module__diagsEnabled__C)
                  c0012ee0    00000004     app_pe9.oe9 (.const:ti_sysbios_knl_Semaphore_Module__diagsIncluded__C)
                  c0012ee4    00000004     app_pe9.oe9 (.const:ti_sysbios_knl_Semaphore_Module__diagsMask__C)
                  c0012ee8    00000004     app_pe9.oe9 (.const:ti_sysbios_knl_Semaphore_Module__loggerFxn2__C)
                  c0012eec    00000004     app_pe9.oe9 (.const:ti_sysbios_knl_Semaphore_Module__loggerFxn4__C)
                  c0012ef0    00000004     app_pe9.oe9 (.const:ti_sysbios_knl_Semaphore_Module__loggerObj__C)
                  c0012ef4    00000004     app_pe9.oe9 (.const:ti_sysbios_knl_Swi_LD_end__C)
                  c0012ef8    00000004     app_pe9.oe9 (.const:ti_sysbios_knl_Swi_LM_begin__C)
                  c0012efc    00000004     app_pe9.oe9 (.const:ti_sysbios_knl_Swi_LM_post__C)
                  c0012f00    00000004     app_pe9.oe9 (.const:ti_sysbios_knl_Swi_Module__diagsEnabled__C)
                  c0012f04    00000004     app_pe9.oe9 (.const:ti_sysbios_knl_Swi_Module__diagsIncluded__C)
                  c0012f08    00000004     app_pe9.oe9 (.const:ti_sysbios_knl_Swi_Module__diagsMask__C)
                  c0012f0c    00000004     app_pe9.oe9 (.const:ti_sysbios_knl_Swi_Module__loggerFxn1__C)
                  c0012f10    00000004     app_pe9.oe9 (.const:ti_sysbios_knl_Swi_Module__loggerFxn4__C)
                  c0012f14    00000004     app_pe9.oe9 (.const:ti_sysbios_knl_Swi_Module__loggerObj__C)
                  c0012f18    00000004     app_pe9.oe9 (.const:ti_sysbios_knl_Swi_Object__count__C)
                  c0012f1c    00000004     app_pe9.oe9 (.const:ti_sysbios_knl_Task_E_spOutOfBounds__C)
                  c0012f20    00000004     app_pe9.oe9 (.const:ti_sysbios_knl_Task_E_stackOverflow__C)
                  c0012f24    00000004     app_pe9.oe9 (.const:ti_sysbios_knl_Task_LD_block__C)
                  c0012f28    00000004     app_pe9.oe9 (.const:ti_sysbios_knl_Task_LD_exit__C)
                  c0012f2c    00000004     app_pe9.oe9 (.const:ti_sysbios_knl_Task_LD_ready__C)
                  c0012f30    00000004     app_pe9.oe9 (.const:ti_sysbios_knl_Task_LM_switch__C)
                  c0012f34    00000004     app_pe9.oe9 (.const:ti_sysbios_knl_Task_Module_State_inactiveQ__O)
                  c0012f38    00000004     app_pe9.oe9 (.const:ti_sysbios_knl_Task_Module__diagsEnabled__C)
                  c0012f3c    00000004     app_pe9.oe9 (.const:ti_sysbios_knl_Task_Module__diagsIncluded__C)
                  c0012f40    00000004     app_pe9.oe9 (.const:ti_sysbios_knl_Task_Module__diagsMask__C)
                  c0012f44    00000004     app_pe9.oe9 (.const:ti_sysbios_knl_Task_Module__loggerFxn2__C)
                  c0012f48    00000004     app_pe9.oe9 (.const:ti_sysbios_knl_Task_Module__loggerFxn4__C)
                  c0012f4c    00000004     app_pe9.oe9 (.const:ti_sysbios_knl_Task_Module__loggerObj__C)
                  c0012f50    00000004     app_pe9.oe9 (.const:ti_sysbios_knl_Task_Object__count__C)
                  c0012f54    00000004     app_pe9.oe9 (.const:ti_sysbios_knl_Task_allBlockedFunc__C)
                  c0012f58    00000004     app_pe9.oe9 (.const:ti_sysbios_knl_Task_numConstructedTasks__C)
                  c0012f5c    00000004     app_pe9.oe9 (.const:ti_sysbios_timers_timer64_Timer_E_cannotSupport__C)
                  c0012f60    00000004     app_pe9.oe9 (.const:ti_sysbios_timers_timer64_Timer_Module__diagsEnabled__C)
                  c0012f64    00000004     app_pe9.oe9 (.const:ti_sysbios_timers_timer64_Timer_Module__diagsIncluded__C)
                  c0012f68    00000004     app_pe9.oe9 (.const:ti_sysbios_timers_timer64_Timer_Module__diagsMask__C)
                  c0012f6c    00000004     app_pe9.oe9 (.const:ti_sysbios_timers_timer64_Timer_freqDivisor__C)
                  c0012f70    00000004     app_pe9.oe9 (.const:ti_sysbios_timers_timer64_Timer_numTimerDevices__C)
                  c0012f74    00000004     app_pe9.oe9 (.const:ti_sysbios_timers_timer64_TimestampProvider_Module__diagsEnabled__C)
                  c0012f78    00000004     app_pe9.oe9 (.const:ti_sysbios_timers_timer64_TimestampProvider_Module__diagsIncluded__C)
                  c0012f7c    00000004     app_pe9.oe9 (.const:ti_sysbios_timers_timer64_TimestampProvider_Module__diagsMask__C)
                  c0012f80    00000004     app_pe9.oe9 (.const:ti_sysbios_utils_Load_LS_cpuLoad__C)
                  c0012f84    00000004     app_pe9.oe9 (.const:ti_sysbios_utils_Load_Module__diagsEnabled__C)
                  c0012f88    00000004     app_pe9.oe9 (.const:ti_sysbios_utils_Load_Module__diagsIncluded__C)
                  c0012f8c    00000004     app_pe9.oe9 (.const:ti_sysbios_utils_Load_Module__diagsMask__C)
                  c0012f90    00000004     app_pe9.oe9 (.const:ti_sysbios_utils_Load_Module__loggerFxn1__C)
                  c0012f94    00000004     app_pe9.oe9 (.const:ti_sysbios_utils_Load_Module__loggerObj__C)
                  c0012f98    00000004     app_pe9.oe9 (.const:ti_sysbios_utils_Load_postUpdate__C)
                  c0012f9c    00000004     app_pe9.oe9 (.const:ti_sysbios_utils_Load_windowInMs__C)
                  c0012fa0    00000004     app_pe9.oe9 (.const:ti_uia_loggers_LoggerStopMode_Module__diagsEnabled__C)
                  c0012fa4    00000004     app_pe9.oe9 (.const:ti_uia_loggers_LoggerStopMode_Module__diagsIncluded__C)
                  c0012fa8    00000004     app_pe9.oe9 (.const:ti_uia_loggers_LoggerStopMode_Module__diagsMask__C)
                  c0012fac    00000004     app_pe9.oe9 (.const:ti_uia_loggers_LoggerStopMode_Object__count__C)
                  c0012fb0    00000004     app_pe9.oe9 (.const:ti_uia_runtime_ILoggerSnapshot_Interface__BASE__C)
                  c0012fb4    00000004     app_pe9.oe9 (.const:ti_uia_runtime_IUIATransfer_Interface__BASE__C)
                  c0012fb8    00000004     app_pe9.oe9 (.const:xdc_runtime_Assert_E_assertFailed__C)
                  c0012fbc    00000004     app_pe9.oe9 (.const:xdc_runtime_Core_A_initializedParams__C)
                  c0012fc0    00000004     app_pe9.oe9 (.const:xdc_runtime_Core_Module__diagsEnabled__C)
                  c0012fc4    00000004     app_pe9.oe9 (.const:xdc_runtime_Core_Module__diagsIncluded__C)
                  c0012fc8    00000004     app_pe9.oe9 (.const:xdc_runtime_Core_Module__diagsMask__C)
                  c0012fcc    00000004     app_pe9.oe9 (.const:xdc_runtime_Error_E_memory__C)
                  c0012fd0    00000004     app_pe9.oe9 (.const:xdc_runtime_Error_Module__diagsEnabled__C)
                  c0012fd4    00000004     app_pe9.oe9 (.const:xdc_runtime_Error_Module__diagsIncluded__C)
                  c0012fd8    00000004     app_pe9.oe9 (.const:xdc_runtime_Error_Module__diagsMask__C)
                  c0012fdc    00000004     app_pe9.oe9 (.const:xdc_runtime_Error_Module__loggerFxn8__C)
                  c0012fe0    00000004     app_pe9.oe9 (.const:xdc_runtime_Error_Module__loggerObj__C)
                  c0012fe4    00000004     app_pe9.oe9 (.const:xdc_runtime_Error_policyFxn__C)
                  c0012fe8    00000004     app_pe9.oe9 (.const:xdc_runtime_Error_raiseHook__C)
                  c0012fec    00000004     app_pe9.oe9 (.const:xdc_runtime_IFilterLogger_Interface__BASE__C)
                  c0012ff0    00000004     app_pe9.oe9 (.const:xdc_runtime_IGateProvider_Interface__BASE__C)
                  c0012ff4    00000004     app_pe9.oe9 (.const:xdc_runtime_IHeap_Interface__BASE__C)
                  c0012ff8    00000004     app_pe9.oe9 (.const:xdc_runtime_ILogger_Interface__BASE__C)
                  c0012ffc    00000004     app_pe9.oe9 (.const:xdc_runtime_IModule_Interface__BASE__C)
                  c0013000    00000004     app_pe9.oe9 (.const:xdc_runtime_Log_L_error__C)
                  c0013004    00000004     app_pe9.oe9 (.const:xdc_runtime_LoggerBuf_E_badLevel__C)
                  c0013008    00000004     app_pe9.oe9 (.const:xdc_runtime_LoggerBuf_Module__gateObj__C)
                  c001300c    00000004     app_pe9.oe9 (.const:xdc_runtime_LoggerBuf_Object__count__C)
                  c0013010    00000004     app_pe9.oe9 (.const:xdc_runtime_LoggerBuf_statusLogger__C)
                  c0013014    00000004     app_pe9.oe9 (.const:xdc_runtime_Memory_defaultHeapInstance__C)
                  c0013018    00000004     app_pe9.oe9 (.const:xdc_runtime_Startup_execImpl__C)
                  c001301c    00000004     app_pe9.oe9 (.const:xdc_runtime_Startup_lastFxns__A)
                  c0013020    00000004     app_pe9.oe9 (.const:xdc_runtime_Startup_maxPasses__C)
                  c0013024    00000004     app_pe9.oe9 (.const:xdc_runtime_Startup_sfxnRts__C)
                  c0013028    00000004     app_pe9.oe9 (.const:xdc_runtime_Startup_sfxnTab__C)
                  c001302c    00000004     app_pe9.oe9 (.const:xdc_runtime_SysMin_bufSize__C)
                  c0013030    00000004     app_pe9.oe9 (.const:xdc_runtime_SysMin_outputFunc__C)
                  c0013034    00000004     app_pe9.oe9 (.const:xdc_runtime_System_Module__gateObj__C)
                  c0013038    00000004     app_pe9.oe9 (.const:xdc_runtime_System_abortFxn__C)
                  c001303c    00000004     app_pe9.oe9 (.const:xdc_runtime_System_exitFxn__C)
                  c0013040    00000004     app_pe9.oe9 (.const:xdc_runtime_System_extendFxn__C)
                  c0013044    00000004     app_pe9.oe9 (.const:xdc_runtime_System_maxAtexitHandlers__C)
                  c0013048    00000004     app_pe9.oe9 (.const:xdc_runtime_Text_charTab__C)
                  c001304c    00000004     app_pe9.oe9 (.const:xdc_runtime_Text_nameEmpty__C)
                  c0013050    00000004     app_pe9.oe9 (.const:xdc_runtime_Text_nameStatic__C)
                  c0013054    00000004     app_pe9.oe9 (.const:xdc_runtime_Text_nameUnknown__C)
                  c0013058    00000004     app_pe9.oe9 (.const:xdc_runtime_Text_visitRopeFxn__C)
                  c001305c    00000002     app_pe9.oe9 (.const:ti_sysbios_family_arm_arm9_Mmu_enableMMU__C)
                  c001305e    00000002     app_pe9.oe9 (.const:ti_sysbios_family_arm_da830_Hwi_Module__id__C)
                  c0013060    00000002     app_pe9.oe9 (.const:ti_sysbios_family_arm_da830_Hwi_Module__loggerDefined__C)
                  c0013062    00000002     app_pe9.oe9 (.const:ti_sysbios_family_arm_exc_Exception_Module__id__C)
                  c0013064    00000002     app_pe9.oe9 (.const:ti_sysbios_gates_GateMutex_Module__id__C)
                  c0013066    00000002     app_pe9.oe9 (.const:ti_sysbios_hal_Hwi_Module__id__C)
                  c0013068    00000002     app_pe9.oe9 (.const:ti_sysbios_heaps_HeapMem_Module__id__C)
                  c001306a    00000002     app_pe9.oe9 (.const:ti_sysbios_heaps_HeapTrack_Module__id__C)
                  c001306c    00000002     app_pe9.oe9 (.const:ti_sysbios_knl_Clock_Module__id__C)
                  c001306e    00000002     app_pe9.oe9 (.const:ti_sysbios_knl_Clock_Module__loggerDefined__C)
                  c0013070    00000002     app_pe9.oe9 (.const:ti_sysbios_knl_Semaphore_Module__id__C)
                  c0013072    00000002     app_pe9.oe9 (.const:ti_sysbios_knl_Semaphore_Module__loggerDefined__C)
                  c0013074    00000002     app_pe9.oe9 (.const:ti_sysbios_knl_Swi_Module__id__C)
                  c0013076    00000002     app_pe9.oe9 (.const:ti_sysbios_knl_Swi_Module__loggerDefined__C)
                  c0013078    00000002     app_pe9.oe9 (.const:ti_sysbios_knl_Task_Module__id__C)
                  c001307a    00000002     app_pe9.oe9 (.const:ti_sysbios_knl_Task_Module__loggerDefined__C)
                  c001307c    00000002     app_pe9.oe9 (.const:ti_sysbios_timers_timer64_Timer_Module__id__C)
                  c001307e    00000002     app_pe9.oe9 (.const:ti_sysbios_timers_timer64_Timer_startupNeeded__C)
                  c0013080    00000002     app_pe9.oe9 (.const:ti_sysbios_timers_timer64_Timer_useTimer64pRegMap__C)
                  c0013082    00000002     app_pe9.oe9 (.const:ti_sysbios_timers_timer64_TimestampProvider_Module__id__C)
                  c0013084    00000002     app_pe9.oe9 (.const:ti_sysbios_timers_timer64_TimestampProvider_useClockTimer__C)
                  c0013086    00000002     app_pe9.oe9 (.const:ti_sysbios_utils_Load_Module__id__C)
                  c0013088    00000002     app_pe9.oe9 (.const:ti_sysbios_utils_Load_Module__loggerDefined__C)
                  c001308a    00000002     app_pe9.oe9 (.const:ti_sysbios_utils_Load_updateInIdle__C)
                  c001308c    00000002     app_pe9.oe9 (.const:ti_uia_loggers_LoggerStopMode_Module__id__C)
                  c001308e    00000002     app_pe9.oe9 (.const:ti_uia_loggers_LoggerStopMode_isTimestampEnabled__C)
                  c0013090    00000002     app_pe9.oe9 (.const:xdc_runtime_Core_Module__id__C)
                  c0013092    00000002     app_pe9.oe9 (.const:xdc_runtime_Error_Module__loggerDefined__C)
                  c0013094    00000002     app_pe9.oe9 (.const:xdc_runtime_Error_maxDepth__C)
                  c0013096    00000002     app_pe9.oe9 (.const:xdc_runtime_LoggerBuf_Module__id__C)
                  c0013098    00000002     app_pe9.oe9 (.const:xdc_runtime_LoggerBuf_filterByLevel__C)
                  c001309a    00000002     app_pe9.oe9 (.const:xdc_runtime_Memory_Module__id__C)
                  c001309c    00000002     app_pe9.oe9 (.const:xdc_runtime_SysMin_flushAtExit__C)
                  c001309e    00000002     app_pe9.oe9 (.const:xdc_runtime_Text_charCnt__C)
                  c00130a0    00000002     app_pe9.oe9 (.const:xdc_runtime_Text_isLoaded__C)
                  c00130a2    00000002     app_pe9.oe9 (.const:xdc_runtime_Text_registryModsLastId__C)
                  c00130a4    00000002     app_pe9.oe9 (.const:xdc_runtime_Text_unnamedModsLastId__C)
                  c00130a6    00000001     app_pe9.oe9 (.const:xdc_runtime_Text_charTab__A)

.vecs      0    ffff0000    00000040     
                  ffff0000    00000040     app_pe9.oe9 (.vecs)

.vectorTable 
*          0    ffff0040    00000328     
                  ffff0040    00000328     app_pe9.oe9 (.vectorTable)

xdc.meta   0    c0000000    000000df     COPY SECTION
                  c0000000    000000df     app_pe9.oe9 (xdc.meta)

MODULE SUMMARY

       Module                     code    ro data   rw data
       ------                     ----    -------   -------
    .\
       main.obj                   28      0         4      
    +--+--------------------------+-------+---------+---------+
       Total:                     28      0         4      
                                                           
    .\BSP\
       connector.obj              1776    0         0      
       board.obj                  1008    0         0      
    +--+--------------------------+-------+---------+---------+
       Total:                     2784    0         0      
                                                           
    .\BSP\Drivers\ADC\
       adc.obj                    64      0         0      
    +--+--------------------------+-------+---------+---------+
       Total:                     64      0         0      
                                                           
    .\BSP\Drivers\ADC\MCP3021\
       mcp3021.obj                352     0         12     
    +--+--------------------------+-------+---------+---------+
       Total:                     352     0         12     
                                                           
    .\BSP\Drivers\COMMON\I2C\
       I2C.obj                    1064    0         0      
    +--+--------------------------+-------+---------+---------+
       Total:                     1064    0         0      
                                                           
    .\BSP\Drivers\COMMON\PWM\
       pwm.obj                    1280    0         0      
    +--+--------------------------+-------+---------+---------+
       Total:                     1280    0         0      
                                                           
    .\BSP\Drivers\COMMON\SPI\
       spi.obj                    1756    0         0      
    +--+--------------------------+-------+---------+---------+
       Total:                     1756    0         0      
                                                           
    .\BSP\Drivers\LACOS\
       laco.obj                   1832    0         12     
    +--+--------------------------+-------+---------+---------+
       Total:                     1832    0         12     
                                                           
    .\BSP\Drivers\LED\
       led.obj                    908     0         0      
    +--+--------------------------+-------+---------+---------+
       Total:                     908     0         0      
                                                           
    .\BSP\Drivers\TDC\
       tdc.obj                    5236    0         0      
    +--+--------------------------+-------+---------+---------+
       Total:                     5236    0         0      
                                                           
    .\BSP\Drivers\UART\
       uart.obj                   1440    0         0      
    +--+--------------------------+-------+---------+---------+
       Total:                     1440    0         0      
                                                           
    C:\Users\dong.x\workspace_v6_2\Test\Debug\configPkg\package\cfg\
       app_pe9.oe9                6412    1778      30976  
    +--+--------------------------+-------+---------+---------+
       Total:                     6412    1778      30976  
                                                           
    C:/ti/OMAPL138_StarterWare_1_10_04_01/binary/armv5/cgt_ccs/omapl138/drivers/Debug/drivers.lib
       edma.obj                   6476    0         4      
       ehrpwm.obj                 3580    0         0      
       gpio.obj                   1724    0         0      
       spi.obj                    1540    0         0      
       uart.obj                   1512    0         0      
       i2c.obj                    1372    0         0      
       psc.obj                    340     0         0      
    +--+--------------------------+-------+---------+---------+
       Total:                     16544   0         4      
                                                           
    C:/ti/OMAPL138_StarterWare_1_10_04_01/binary/armv5/cgt_ccs/omapl138/lcdkOMAPL138/platform/Debug/platform.lib
       edma.obj                   8       0         0      
    +--+--------------------------+-------+---------+---------+
       Total:                     8       0         0      
                                                           
    C:\Users\dong.x\workspace_v6_2\Test\src\sysbios\sysbios.ae9
       BIOS.obj                   19664   0         0      
       exc_Exception_asm.obj      312     0         0      
       da830_Hwi_asm.obj          288     0         0      
       arm9_Cache_asm.obj         164     0         0      
       arm_TaskSupport_asm.obj    128     0         0      
       arm_HwiCommon_asm.obj      124     0         0      
       arm9_Mmu_asm.obj           96      0         0      
    +--+--------------------------+-------+---------+---------+
       Total:                     20776   0         0      
                                                           
    C:\ti\bios_6_46_05_55\packages\ti\targets\arm\rtsarm\lib\auto_init.ae9
       auto_init.oe9              236     0         0      
    +--+--------------------------+-------+---------+---------+
       Total:                     236     0         0      
                                                           
    C:\ti\bios_6_46_05_55\packages\ti\targets\arm\rtsarm\lib\boot.ae9
       boot.oe9                   92      0         0      
    +--+--------------------------+-------+---------+---------+
       Total:                     92      0         0      
                                                           
    C:\ti\bios_6_46_05_55\packages\ti\targets\arm\rtsarm\lib\ti.targets.arm.rtsarm.ae9
       System.oe9                 1980    17        0      
       LoggerBuf.oe9              1744    0         0      
       Text.oe9                   902     0         0      
       Error.oe9                  800     0         0      
       Core-mem.oe9               568     0         0      
       Startup.oe9                496     0         0      
       SysMin.oe9                 416     0         0      
       Core-smem.oe9              320     0         0      
       Memory.oe9                 300     0         0      
       Assert.oe9                 124     0         0      
       Core-params.oe9            100     0         0      
       Core-label.oe9             84      0         0      
       Registry.oe9               48      0         0      
       Gate.oe9                   36      0         0      
    +--+--------------------------+-------+---------+---------+
       Total:                     7918    17        0      
                                                           
    C:\ti\ccs620\ccsv6\tools\compiler\arm_15.12.3.LTS\lib\rtsv5_A_le_eabi.lib
       trgdrv.obj                 1360    0         8      
       ull_div32.obj              696     0         0      
       trgmsg.obj                 168     0         288    
[...]
c0012f3c  ti_sysbios_knl_Task_Module__diagsIncluded__C                         
c0012f40  ti_sysbios_knl_Task_Module__diagsMask__C                             
c0012f44  ti_sysbios_knl_Task_Module__loggerFxn2__C                            
c0012f48  ti_sysbios_knl_Task_Module__loggerFxn4__C                            
c0012f4c  ti_sysbios_knl_Task_Module__loggerObj__C                             
c0012f50  ti_sysbios_knl_Task_Object__count__C                                 
c0012f54  ti_sysbios_knl_Task_allBlockedFunc__C                                
c0012f58  ti_sysbios_knl_Task_numConstructedTasks__C                           
c0012f5c  ti_sysbios_timers_timer64_Timer_E_cannotSupport__C                   
c0012f60  ti_sysbios_timers_timer64_Timer_Module__diagsEnabled__C              
c0012f64  ti_sysbios_timers_timer64_Timer_Module__diagsIncluded__C             
c0012f68  ti_sysbios_timers_timer64_Timer_Module__diagsMask__C                 
c0012f6c  ti_sysbios_timers_timer64_Timer_freqDivisor__C                       
c0012f70  ti_sysbios_timers_timer64_Timer_numTimerDevices__C                   
c0012f74  ti_sysbios_timers_timer64_TimestampProvider_Module__diagsEnabled__C  
c0012f78  ti_sysbios_timers_timer64_TimestampProvider_Module__diagsIncluded__C 
c0012f7c  ti_sysbios_timers_timer64_TimestampProvider_Module__diagsMask__C     
c0012f80  ti_sysbios_utils_Load_LS_cpuLoad__C                                  
c0012f84  ti_sysbios_utils_Load_Module__diagsEnabled__C                        
c0012f88  ti_sysbios_utils_Load_Module__diagsIncluded__C                       
c0012f8c  ti_sysbios_utils_Load_Module__diagsMask__C                           
c0012f90  ti_sysbios_utils_Load_Module__loggerFxn1__C                          
c0012f94  ti_sysbios_utils_Load_Module__loggerObj__C                           
c0012f98  ti_sysbios_utils_Load_postUpdate__C                                  
c0012f9c  ti_sysbios_utils_Load_windowInMs__C                                  
c0012fa0  ti_uia_loggers_LoggerStopMode_Module__diagsEnabled__C                
c0012fa4  ti_uia_loggers_LoggerStopMode_Module__diagsIncluded__C               
c0012fa8  ti_uia_loggers_LoggerStopMode_Module__diagsMask__C                   
c0012fac  ti_uia_loggers_LoggerStopMode_Object__count__C                       
c0012fb0  ti_uia_runtime_ILoggerSnapshot_Interface__BASE__C                    
c0012fb4  ti_uia_runtime_IUIATransfer_Interface__BASE__C                       
c0012fb8  xdc_runtime_Assert_E_assertFailed__C                                 
c0012fbc  xdc_runtime_Core_A_initializedParams__C                              
c0012fc0  xdc_runtime_Core_Module__diagsEnabled__C                             
c0012fc4  xdc_runtime_Core_Module__diagsIncluded__C                            
c0012fc8  xdc_runtime_Core_Module__diagsMask__C                                
c0012fcc  xdc_runtime_Error_E_memory__C                                        
c0012fd0  xdc_runtime_Error_Module__diagsEnabled__C                            
c0012fd4  xdc_runtime_Error_Module__diagsIncluded__C                           
c0012fd8  xdc_runtime_Error_Module__diagsMask__C                               
c0012fdc  xdc_runtime_Error_Module__loggerFxn8__C                              
c0012fe0  xdc_runtime_Error_Module__loggerObj__C                               
c0012fe4  xdc_runtime_Error_policyFxn__C                                       
c0012fe8  xdc_runtime_Error_raiseHook__C                                       
c0012fec  xdc_runtime_IFilterLogger_Interface__BASE__C                         
c0012ff0  xdc_runtime_IGateProvider_Interface__BASE__C                         
c0012ff4  xdc_runtime_IHeap_Interface__BASE__C                                 
c0012ff8  xdc_runtime_ILogger_Interface__BASE__C                               
c0012ffc  xdc_runtime_IModule_Interface__BASE__C                               
c0013000  xdc_runtime_Log_L_error__C                                           
c0013004  xdc_runtime_LoggerBuf_E_badLevel__C                                  
c0013008  xdc_runtime_LoggerBuf_Module__gateObj__C                             
c001300c  xdc_runtime_LoggerBuf_Object__count__C                               
c0013010  xdc_runtime_LoggerBuf_statusLogger__C                                
c0013014  xdc_runtime_Memory_defaultHeapInstance__C                            
c0013018  xdc_runtime_Startup_execImpl__C                                      
c001301c  xdc_runtime_Startup_lastFxns__A                                      
c0013020  xdc_runtime_Startup_maxPasses__C                                     
c0013024  xdc_runtime_Startup_sfxnRts__C                                       
c0013028  xdc_runtime_Startup_sfxnTab__C                                       
c001302c  xdc_runtime_SysMin_bufSize__C                                        
c0013030  xdc_runtime_SysMin_outputFunc__C                                     
c0013034  xdc_runtime_System_Module__gateObj__C                                
c0013038  xdc_runtime_System_abortFxn__C                                       
c001303c  xdc_runtime_System_exitFxn__C                                        
c0013040  xdc_runtime_System_extendFxn__C                                      
c0013044  xdc_runtime_System_maxAtexitHandlers__C                              
c0013048  xdc_runtime_Text_charTab__C                                          
c001304c  xdc_runtime_Text_nameEmpty__C                                        
c0013050  xdc_runtime_Text_nameStatic__C                                       
c0013054  xdc_runtime_Text_nameUnknown__C                                      
c0013058  xdc_runtime_Text_visitRopeFxn__C                                     
c001305c  ti_sysbios_family_arm_arm9_Mmu_enableMMU__C                          
c001305e  ti_sysbios_family_arm_da830_Hwi_Module__id__C                        
c0013060  ti_sysbios_family_arm_da830_Hwi_Module__loggerDefined__C             
c0013062  ti_sysbios_family_arm_exc_Exception_Module__id__C                    
c0013064  ti_sysbios_gates_GateMutex_Module__id__C                             
c0013066  ti_sysbios_hal_Hwi_Module__id__C                                     
c0013068  ti_sysbios_heaps_HeapMem_Module__id__C                               
c001306a  ti_sysbios_heaps_HeapTrack_Module__id__C                             
c001306c  ti_sysbios_knl_Clock_Module__id__C                                   
c001306e  ti_sysbios_knl_Clock_Module__loggerDefined__C                        
c0013070  ti_sysbios_knl_Semaphore_Module__id__C                               
c0013072  ti_sysbios_knl_Semaphore_Module__loggerDefined__C                    
c0013074  ti_sysbios_knl_Swi_Module__id__C                                     
c0013076  ti_sysbios_knl_Swi_Module__loggerDefined__C                          
c0013078  ti_sysbios_knl_Task_Module__id__C                                    
c001307a  ti_sysbios_knl_Task_Module__loggerDefined__C                         
c001307c  ti_sysbios_timers_timer64_Timer_Module__id__C                        
c001307e  ti_sysbios_timers_timer64_Timer_startupNeeded__C                     
c0013080  ti_sysbios_timers_timer64_Timer_useTimer64pRegMap__C                 
c0013082  ti_sysbios_timers_timer64_TimestampProvider_Module__id__C            
c0013084  ti_sysbios_timers_timer64_TimestampProvider_useClockTimer__C         
c0013086  ti_sysbios_utils_Load_Module__id__C                                  
c0013088  ti_sysbios_utils_Load_Module__loggerDefined__C                       
c001308a  ti_sysbios_utils_Load_updateInIdle__C                                
c001308c  ti_uia_loggers_LoggerStopMode_Module__id__C                          
c001308e  ti_uia_loggers_LoggerStopMode_isTimestampEnabled__C                  
c0013090  xdc_runtime_Core_Module__id__C                                       
c0013092  xdc_runtime_Error_Module__loggerDefined__C                           
c0013094  xdc_runtime_Error_maxDepth__C                                        
c0013096  xdc_runtime_LoggerBuf_Module__id__C                                  
c0013098  xdc_runtime_LoggerBuf_filterByLevel__C                               
c001309a  xdc_runtime_Memory_Module__id__C                                     
c001309c  xdc_runtime_SysMin_flushAtExit__C                                    
c001309e  xdc_runtime_Text_charCnt__C                                          
c00130a0  xdc_runtime_Text_isLoaded__C                                         
c00130a2  xdc_runtime_Text_registryModsLastId__C                               
c00130a4  xdc_runtime_Text_unnamedModsLastId__C                                
c00130a6  xdc_runtime_Text_charTab__A                                          
c00130a8  __stack                                                              
c00138a8  __STACK_END                                                          
c0014000  ti_sysbios_family_arm_arm9_Mmu_Module_State_0_tableBuf__A            
c0018000  ti_sysbios_heaps_HeapMem_Instance_State_0_buf__A                     
c0019000  ti_sysbios_knl_Task_Instance_State_0_stack__A                        
c0019800  ti_sysbios_family_arm_exc_Exception_Module_State_0_excStack_0__A     
c001a000  ti_sysbios_family_arm_da830_Hwi_Module_State_0_fiqStack__A           
c001a400  ti_uia_loggers_LoggerStopMode_Instance_State_1_packetArray__A        
c001a800  ti_uia_loggers_LoggerStopMode_Instance_State_2_packetArray__A        
c001ac00  ti_uia_loggers_LoggerStopMode_Instance_State_0_packetArray__A        
c001ae00  __CIOBUF_                                                            
c001af20  xdc_runtime_LoggerBuf_Instance_State_0_entryArr__A                   
c001afa0  xdc_runtime_SysMin_Module_State_0_outbuf__A                          
c001b040  regionId                                                             
c001b044  board                                                                
c001b080  ti_uia_loggers_LoggerStopMode_Instance_State_0_hdr__A                
c001b100  ti_uia_loggers_LoggerStopMode_Instance_State_1_hdr__A                
c001b180  ti_uia_loggers_LoggerStopMode_Instance_State_2_hdr__A                
c001b1b0  __TI_static_base__                                                   
c001bb54  __TI_Handler_Table_Base                                              
c001bb5c  __TI_CINIT_Base                                                      
c001bb5c  __TI_Handler_Table_Limit                                             
c001bb6c  __TI_CINIT_Limit                                                     
fffee000  ti_sysbios_family_arm_da830_Hwi_cpIntc                               
ffff0000  ti_sysbios_family_arm_da830_Hwi_vectors                              
ffff0040  ti_sysbios_family_arm_da830_Hwi0                                     
ffff0040  ti_sysbios_family_arm_da830_Hwi_vectorTable                          
ffff0048  ti_sysbios_family_arm_da830_Hwi1                                     
ffff0050  ti_sysbios_family_arm_da830_Hwi2                                     
ffff0058  ti_sysbios_family_arm_da830_Hwi3                                     
ffff0060  ti_sysbios_family_arm_da830_Hwi4                                     
ffff0068  ti_sysbios_family_arm_da830_Hwi5                                     
ffff0070  ti_sysbios_family_arm_da830_Hwi6                                     
ffff0078  ti_sysbios_family_arm_da830_Hwi7                                     
ffff0080  ti_sysbios_family_arm_da830_Hwi8                                     
ffff0088  ti_sysbios_family_arm_da830_Hwi9                                     
ffff0090  ti_sysbios_family_arm_da830_Hwi10                                    
ffff0098  ti_sysbios_family_arm_da830_Hwi11                                    
ffff00a0  ti_sysbios_family_arm_da830_Hwi12                                    
ffff00a8  ti_sysbios_family_arm_da830_Hwi13                                    
ffff00b0  ti_sysbios_family_arm_da830_Hwi14                                    
ffff00b8  ti_sysbios_family_arm_da830_Hwi15                                    
ffff00c0  ti_sysbios_family_arm_da830_Hwi16                                    
ffff00c8  ti_sysbios_family_arm_da830_Hwi17                                    
ffff00d0  ti_sysbios_family_arm_da830_Hwi18                                    
ffff00d8  ti_sysbios_family_arm_da830_Hwi19                                    
ffff00e0  ti_sysbios_family_arm_da830_Hwi20                                    
ffff00e8  ti_sysbios_family_arm_da830_Hwi21                                    
ffff00f0  ti_sysbios_family_arm_da830_Hwi22                                    
ffff00f8  ti_sysbios_family_arm_da830_Hwi23                                    
ffff0100  ti_sysbios_family_arm_da830_Hwi24                                    
ffff0108  ti_sysbios_family_arm_da830_Hwi25                                    
ffff0110  ti_sysbios_family_arm_da830_Hwi26                                    
ffff0118  ti_sysbios_family_arm_da830_Hwi27                                    
ffff0120  ti_sysbios_family_arm_da830_Hwi28                                    
ffff0128  ti_sysbios_family_arm_da830_Hwi29                                    
ffff0130  ti_sysbios_family_arm_da830_Hwi30                                    
ffff0138  ti_sysbios_family_arm_da830_Hwi31                                    
ffff0140  ti_sysbios_family_arm_da830_Hwi32                                    
ffff0148  ti_sysbios_family_arm_da830_Hwi33                                    
ffff0150  ti_sysbios_family_arm_da830_Hwi34                                    
ffff0158  ti_sysbios_family_arm_da830_Hwi35                                    
ffff0160  ti_sysbios_family_arm_da830_Hwi36                                    
ffff0168  ti_sysbios_family_arm_da830_Hwi37                                    
ffff0170  ti_sysbios_family_arm_da830_Hwi38                                    
ffff0178  ti_sysbios_family_arm_da830_Hwi39                                    
ffff0180  ti_sysbios_family_arm_da830_Hwi40                                    
ffff0188  ti_sysbios_family_arm_da830_Hwi41                                    
ffff0190  ti_sysbios_family_arm_da830_Hwi42                                    
ffff0198  ti_sysbios_family_arm_da830_Hwi43                                    
ffff01a0  ti_sysbios_family_arm_da830_Hwi44                                    
ffff01a8  ti_sysbios_family_arm_da830_Hwi45                                    
ffff01b0  ti_sysbios_family_arm_da830_Hwi46                                    
ffff01b8  ti_sysbios_family_arm_da830_Hwi47                                    
ffff01c0  ti_sysbios_family_arm_da830_Hwi48                                    
ffff01c8  ti_sysbios_family_arm_da830_Hwi49                                    
ffff01d0  ti_sysbios_family_arm_da830_Hwi50                                    
ffff01d8  ti_sysbios_family_arm_da830_Hwi51                                    
ffff01e0  ti_sysbios_family_arm_da830_Hwi52                                    
ffff01e8  ti_sysbios_family_arm_da830_Hwi53                                    
ffff01f0  ti_sysbios_family_arm_da830_Hwi54                                    
ffff01f8  ti_sysbios_family_arm_da830_Hwi55                                    
ffff0200  ti_sysbios_family_arm_da830_Hwi56                                    
ffff0208  ti_sysbios_family_arm_da830_Hwi57                                    
ffff0210  ti_sysbios_family_arm_da830_Hwi58                                    
ffff0218  ti_sysbios_family_arm_da830_Hwi59                                    
ffff0220  ti_sysbios_family_arm_da830_Hwi60                                    
ffff0228  ti_sysbios_family_arm_da830_Hwi61                                    
ffff0230  ti_sysbios_family_arm_da830_Hwi62                                    
ffff0238  ti_sysbios_family_arm_da830_Hwi63                                    
ffff0240  ti_sysbios_family_arm_da830_Hwi64                                    
ffff0248  ti_sysbios_family_arm_da830_Hwi65                                    
ffff0250  ti_sysbios_family_arm_da830_Hwi66                                    
ffff0258  ti_sysbios_family_arm_da830_Hwi67                                    
ffff0260  ti_sysbios_family_arm_da830_Hwi68                                    
ffff0268  ti_sysbios_family_arm_da830_Hwi69                                    
ffff0270  ti_sysbios_family_arm_da830_Hwi70                                    
ffff0278  ti_sysbios_family_arm_da830_Hwi71                                    
ffff0280  ti_sysbios_family_arm_da830_Hwi72                                    
ffff0288  ti_sysbios_family_arm_da830_Hwi73                                    
ffff0290  ti_sysbios_family_arm_da830_Hwi74                                    
ffff0298  ti_sysbios_family_arm_da830_Hwi75                                    
ffff02a0  ti_sysbios_family_arm_da830_Hwi76                                    
ffff02a8  ti_sysbios_family_arm_da830_Hwi77                                    
ffff02b0  ti_sysbios_family_arm_da830_Hwi78                                    
ffff02b8  ti_sysbios_family_arm_da830_Hwi79                                    
ffff02c0  ti_sysbios_family_arm_da830_Hwi80                                    
ffff02c8  ti_sysbios_family_arm_da830_Hwi81                                    
ffff02d0  ti_sysbios_family_arm_da830_Hwi82                                    
ffff02d8  ti_sysbios_family_arm_da830_Hwi83                                    
ffff02e0  ti_sysbios_family_arm_da830_Hwi84                                    
ffff02e8  ti_sysbios_family_arm_da830_Hwi85                                    
ffff02f0  ti_sysbios_family_arm_da830_Hwi86                                    
ffff02f8  ti_sysbios_family_arm_da830_Hwi87                                    
ffff0300  ti_sysbios_family_arm_da830_Hwi88                                    
ffff0308  ti_sysbios_family_arm_da830_Hwi89                                    
ffff0310  ti_sysbios_family_arm_da830_Hwi90                                    
ffff0318  ti_sysbios_family_arm_da830_Hwi91                                    
ffff0320  ti_sysbios_family_arm_da830_Hwi92                                    
ffff0328  ti_sysbios_family_arm_da830_Hwi93                                    
ffff0330  ti_sysbios_family_arm_da830_Hwi94                                    
ffff0338  ti_sysbios_family_arm_da830_Hwi95                                    
ffff0340  ti_sysbios_family_arm_da830_Hwi96                                    
ffff0348  ti_sysbios_family_arm_da830_Hwi97                                    
ffff0350  ti_sysbios_family_arm_da830_Hwi98                                    
ffff0358  ti_sysbios_family_arm_da830_Hwi99                                    
ffff0360  ti_sysbios_family_arm_da830_Hwi100                                   
ffffffff  __TI_pprof_out_hndl                                                  
ffffffff  __TI_prof_data_size                                                  
ffffffff  __TI_prof_data_start                                                 
ffffffff  __binit__                                                            
ffffffff  __c_args__                                                           
ffffffff  binit                                                                
UNDEFED   ISRUart                                                              
UNDEFED   SHT$$INIT_ARRAY$$Base                                                
UNDEFED   SHT$$INIT_ARRAY$$Limit                                               

[1068 symbols]
