******************************************************************************
                  TI ARM Linker PC v15.12.3                    
******************************************************************************
>> Linked Wed Mar 07 16:10:24 2018

OUTPUT FILE NAME:   <Test.out>
ENTRY POINT SYMBOL: "_c_int00"  address: c30510e4


MEMORY CONFIGURATION

         name            origin    length      used     unused   attr    fill
----------------------  --------  ---------  --------  --------  ----  --------
  L3_CBA_RAM            80000000   00020000  00000000  00020000  RW X
  DDR                   c3000000   01000000  00058cf4  00fa730c  RWIX
  IRAM                  ffff0000   00002000  00000368  00001c98  RW X


SEGMENT ALLOCATION MAP

run origin  load origin   length   init length attrs members
----------  ----------- ---------- ----------- ----- -------
c3000000    c3000000    0003f030   00000000    rw-
  c3000000    c3000000    0003f030   00000000    rw- .bss
c303f030    c303f030    00013d00   00013d00    r-x
  c303f030    c303f030    00013d00   00013d00    r-x .text
c3052d30    c3052d30    00000aa9   00000000    rw-
  c3052d30    c3052d30    00000aa9   00000000    rw- .data
c30537dc    c30537dc    000006db   000006db    r--
  c30537dc    c30537dc    000006db   000006db    r-- .const
c3054000    c3054000    00004800   00000000    rw-
  c3054000    c3054000    00004000   00000000    rw- ti.sysbios.family.arm.arm9.mmuTableSection
  c3058000    c3058000    00000800   00000000    rw- .stack
c3058800    c3058800    00000640   00000640    r--
  c3058800    c3058800    00000640   00000640    r-- .cinit
ffff0000    ffff0000    00000368   00000368    r-x
  ffff0000    ffff0000    00000040   00000040    r-- .vecs
  ffff0040    ffff0040    00000328   00000328    r-x .vectorTable


SECTION ALLOCATION MAP

 output                                  attributes/
section   page    origin      length       input sections
--------  ----  ----------  ----------   ----------------
.bss       0    c3000000    0003f030     UNINITIALIZED
                  c3000000    0003c410     (.common:ti_sysbios_heaps_HeapMem_Instance_State_0_buf__A)
                  c303c410    00001000     app_pe9.oe9 (.bss:taskStackSection)
                  c303d410    00000800     (.common:ti_sysbios_family_arm_exc_Exception_Module_State_0_excStack_0__A)
                  c303dc10    00000400     (.common:ti_sysbios_family_arm_da830_Hwi_Module_State_0_fiqStack__A)
                  c303e010    00000014     (.common:val)
                  c303e024    0000000c     laco.obj (.bss:hc595_pins)
                  c303e030    0000000c     mcp3021.obj (.bss:mcp_ch)
                  c303e03c    00000008     rtsv5_A_le_eabi.lib : trgdrv.obj (.bss:parmbuf)
                  c303e044    00000004     drivers.lib : edma.obj (.bss)
                  c303e048    00000004     (.common:board)
                  c303e04c    00000004     (.common:hc165_pins)
                  c303e050    00000030     --HOLE--
                  c303e080    00000400     (.common:ti_uia_loggers_LoggerStopMode_Instance_State_1_packetArray__A)
                  c303e480    00000400     (.common:ti_uia_loggers_LoggerStopMode_Instance_State_2_packetArray__A)
                  c303e880    00000200     (.common:ti_uia_loggers_LoggerStopMode_Instance_State_0_packetArray__A)
                  c303ea80    00000140     (.common:ti_sysbios_knl_Mailbox_Instance_State_0_allocBuf__A)
                  c303ebc0    00000120     rtsv5_A_le_eabi.lib : trgmsg.obj (.bss:_CIOBUF_)
                  c303ece0    00000118     (.common:ti_sysbios_knl_Mailbox_Instance_State_1_allocBuf__A)
                  c303edf8    00000080     (.common:xdc_runtime_LoggerBuf_Instance_State_0_entryArr__A)
                  c303ee78    00000080     (.common:xdc_runtime_SysMin_Module_State_0_outbuf__A)
                  c303eef8    00000008     --HOLE--
                  c303ef00    00000030     (.common:ti_uia_loggers_LoggerStopMode_Instance_State_0_hdr__A)
                  c303ef30    00000050     --HOLE--
                  c303ef80    00000030     (.common:ti_uia_loggers_LoggerStopMode_Instance_State_1_hdr__A)
                  c303efb0    00000050     --HOLE--
                  c303f000    00000030     (.common:ti_uia_loggers_LoggerStopMode_Instance_State_2_hdr__A)

.neardata 
*          0    c303f030    00000000     UNINITIALIZED

.rodata    0    c303f030    00000000     UNINITIALIZED

ti.sysbios.family.arm.arm9.mmuTableSection 
*          0    c3054000    00004000     UNINITIALIZED
                  c3054000    00004000     app_pe9.oe9 (ti.sysbios.family.arm.arm9.mmuTableSection)

.stack     0    c3058000    00000800     UNINITIALIZED
                  c3058000    00000800     --HOLE--

.cinit     0    c3058800    00000640     
                  c3058800    00000617     (.cinit..data.load) [load image, compression = rle]
                  c3058e17    00000001     --HOLE-- [fill = 0]
                  c3058e18    0000000d     (.cinit..bss.load) [load image, compression = rle]
                  c3058e25    00000003     --HOLE-- [fill = 0]
                  c3058e28    00000008     (__TI_handler_table)
                  c3058e30    00000010     (__TI_cinit_table)

.init_array 
*          0    c3000000    00000000     UNINITIALIZED

.text      0    c303f030    00013d00     
                  c303f030    0000194c     drivers.lib : edma.obj (.text)
                  c304097c    0000179c     tdc.obj (.text)
                  c3042118    00000f8c     board.obj (.text)
                  c30430a4    00000dfc     drivers.lib : ehrpwm.obj (.text)
                  c3043ea0    000008e4     laco.obj (.text)
                  c3044784    0000071c     connector.obj (.text)
                  c3044ea0    0000070c     spi.obj (.text)
                  c30455ac    000006bc     drivers.lib : gpio.obj (.text)
                  c3045c68    00000604                 : spi.obj (.text)
                  c304626c    000005e8                 : uart.obj (.text)
                  c3046854    0000058c     pwm.obj (.text)
                  c3046de0    0000058c     uart.obj (.text)
                  c304736c    0000055c     drivers.lib : i2c.obj (.text)
                  c30478c8    00000550     rtsv5_A_le_eabi.lib : trgdrv.obj (.text)
                  c3047e18    00000540     ti.targets.arm.rtsarm.ae9 : System.oe9 (.text:xdc_runtime_System_doPrint__I)
                  c3048358    00000500     ad7265.obj (.text)
                  c3048858    000004bc     sysbios.ae9 : BIOS.obj (.text:ti_sysbios_knl_Semaphore_pend__E)
                  c3048d14    00000428     I2C.obj (.text)
                  c304913c    0000038c     led.obj (.text)
                  c30494c8    00000368     sysbios.ae9 : BIOS.obj (.text:ti_sysbios_heaps_HeapMem_freeUnprotected__E)
                  c3049830    000002f4                 : BIOS.obj (.text:ti_sysbios_heaps_HeapMem_allocUnprotected__E)
                  c3049b24    000002e8                 : BIOS.obj (.text:ti_sysbios_family_arm_exc_Exception_excDumpContext__I)
                  c3049e0c    000002b8     rtsv5_A_le_eabi.lib : ull_div32.obj (.text)
                  c304a0c4    0000029c     dipswitch.obj (.text)
                  c304a360    0000027c     sysbios.ae9 : BIOS.obj (.text:ti_sysbios_family_arm_exc_Exception_excHandler__I)
                  c304a5dc    00000258                 : BIOS.obj (.text:ti_sysbios_knl_Task_Module_startup__E)
                  c304a834    00000238                 : BIOS.obj (.text:ti_sysbios_timers_timer64_Timer_deviceConfig__I)
                  c304aa6c    000001f8                 : BIOS.obj (.text:ti_sysbios_heaps_HeapTrack_free__E)
                  c304ac64    000001f0     app_pe9.oe9 (.text:ti_sysbios_family_arm_arm9_Mmu_initTableBuf__I)
                  c304ae54    000001ec     sysbios.ae9 : BIOS.obj (.text:ti_sysbios_heaps_HeapMem_Instance_init__E)
                  c304b040    000001e4                 : BIOS.obj (.text:ti_sysbios_knl_Semaphore_post__E)
                  c304b224    000001e4     ti.targets.arm.rtsarm.ae9 : LoggerBuf.oe9 (.text:xdc_runtime_LoggerBuf_write8__E)
                  c304b408    000001e0     app_pe9.oe9 (.text:ti_uia_loggers_LoggerStopMode_writeMemoryRange__E)
                  c304b5e8    000001b8     sysbios.ae9 : BIOS.obj (.text:ti_sysbios_knl_Clock_workFunc__E)
                  c304b7a0    000001b4                 : BIOS.obj (.text:ti_sysbios_family_arm_da830_Hwi_reconfig__E)
                  c304b954    000001b0                 : BIOS.obj (.text:ti_sysbios_knl_Swi_run__I)
                  c304bb04    000001a4     ti.targets.arm.rtsarm.ae9 : Error.oe9 (.text:xdc_runtime_Error_policyDefault__E)
                  c304bca8    000001a0                               : Core-mem.oe9 (.text:xdc_runtime_Core_createObject__I)
                  c304be48    00000190     rtsv5_A_le_eabi.lib : fd_div32.obj (.text)
                  c304bfd8    00000188     sysbios.ae9 : BIOS.obj (.text:ti_sysbios_family_arm_da830_Hwi_dispatchIRQC__I)
                  c304c160    00000188     app_pe9.oe9 (.text:ti_uia_loggers_LoggerStopMode_write8__E)
                  c304c2e8    00000188     app_pe9.oe9 (.text:xdc_runtime_System_printfExtend__I)
                  c304c470    00000180     rtsv5_A_le_eabi.lib : memcpy32.obj (.text)
                  c304c5f0    00000174     mcp3021.obj (.text)
                  c304c764    00000170     sysbios.ae9 : BIOS.obj (.text:ti_sysbios_timers_timer64_TimestampProvider_get64__E)
                  c304c8d4    0000016c                 : BIOS.obj (.text:ti_sysbios_knl_Task_exit__E)
                  c304ca40    00000168     app_pe9.oe9 (.text:ti_uia_loggers_LoggerStopMode_write4__E)
                  c304cba8    00000164     sysbios.ae9 : BIOS.obj (.text:ti_sysbios_timers_timer64_Timer_start__E)
                  c304cd0c    00000164                 : BIOS.obj (.text:ti_sysbios_timers_timer64_TimestampProvider_get32__E)
                  c304ce70    00000160                 : BIOS.obj (.text:ti_sysbios_timers_timer64_Timer_setPeriodMicroSecs__E)
                  c304cfd0    0000015c     watchdog.obj (.text)
                  c304d12c    00000158     app_pe9.oe9 (.text:ti_uia_loggers_LoggerStopMode_write2__E)
                  c304d284    00000154     drivers.lib : psc.obj (.text)
                  c304d3d8    00000154     ti.targets.arm.rtsarm.ae9 : Startup.oe9 (.text:xdc_runtime_Startup_startMods__I)
                  c304d52c    00000150     app_pe9.oe9 (.text:ti_uia_loggers_LoggerStopMode_write1__E)
                  c304d67c    00000144     main.obj (.text)
                  c304d7c0    00000140     sysbios.ae9 : BIOS.obj (.text:ti_sysbios_family_arm_da830_Hwi_dispatchFIQC__I)
                  c304d900    00000140                 : BIOS.obj (.text:ti_sysbios_knl_Task_checkStacks__E)
                  c304da40    00000140                 : BIOS.obj (.text:ti_sysbios_timers_timer64_Timer_getFreq__E)
                  c304db80    00000140     ti.targets.arm.rtsarm.ae9 : Core-smem.oe9 (.text:xdc_runtime_Core_constructObject__I)
                  c304dcc0    0000013c     sysbios.ae9 : BIOS.obj (.text:ti_sysbios_knl_Task_schedule__I)
                  c304ddfc    0000013c                 : BIOS.obj (.text:ti_sysbios_knl_Task_startCore__E)
                  c304df38    0000013c     app_pe9.oe9 (.text:ti_uia_loggers_LoggerStopMode_write0__E)
                  c304e074    00000138     ti.targets.arm.rtsarm.ae9 : LoggerBuf.oe9 (.text:xdc_runtime_LoggerBuf_write4__E)
                  c304e1ac    00000128     rtsv5_A_le_eabi.lib : fd_mul32.obj (.text)
                  c304e2d4    00000124     sysbios.ae9 : BIOS.obj (.text:ti_sysbios_knl_Swi_post__E)
                  c304e3f8    00000120                 : BIOS.obj (.text:ti_sysbios_gates_GateMutex_enter__E)
                  c304e518    00000120                 : BIOS.obj (.text:ti_sysbios_utils_Load_updateLoads__E)
                  c304e638    0000011c                 : BIOS.obj (.text:ti_sysbios_utils_Load_idleFxn__E)
                  c304e754    00000114     rtsv5_A_le_eabi.lib : i_div32.obj (.text)
                  c304e868    00000104     sysbios.ae9 : BIOS.obj (.text:ti_sysbios_knl_Semaphore_Instance_init__E)
                  c304e96c    000000fc                 : BIOS.obj (.text:ti_sysbios_knl_Task_blockI__E)
                  c304ea68    000000fc                 : BIOS.obj (.text:ti_sysbios_knl_Task_unblockI__E)
                  c304eb64    000000f8     ti.uia.loggers.ae9 : LoggerStopMode.oe9 (.text:ti_uia_loggers_LoggerStopMode_initQueueDescriptor__E)
                  c304ec5c    000000f8     ti.targets.arm.rtsarm.ae9 : Text.oe9 (.text:xdc_runtime_Text_putSite__E)
                  c304ed54    000000f4     sysbios.ae9 : BIOS.obj (.text:ti_sysbios_heaps_HeapTrack_alloc__E)
                  c304ee48    000000f0     rtsv5_A_le_eabi.lib : u_div32.obj (.text)
                  c304ef38    000000f0     ti.targets.arm.rtsarm.ae9 : LoggerBuf.oe9 (.text:xdc_runtime_LoggerBuf_setFilterLevel__E)
                  c304f028    000000ec     auto_init.ae9 : auto_init.oe9 (.text)
                  c304f114    000000e4     sysbios.ae9 : da830_Hwi_asm.obj (.text:_ti_sysbios_family_arm_da830_Hwi_dispatchIRQ__I)
                  c304f1f8    000000e0                 : BIOS.obj (.text:ti_sysbios_family_arm_da830_Hwi_Instance_init__E)
                  c304f2d8    000000e0                 : BIOS.obj (.text:ti_sysbios_family_arm_da830_Hwi_Module_startup__E)
                  c304f3b8    000000e0                 : BIOS.obj (.text:ti_sysbios_heaps_HeapTrack_Instance_finalize__E)
                  c304f498    000000dc     ti.targets.arm.rtsarm.ae9 : Text.oe9 (.text:xdc_runtime_Text_putMod__E)
                  c304f574    000000d4     sysbios.ae9 : BIOS.obj (.text:ti_sysbios_knl_Mailbox_Module_startup__E)
                  c304f648    000000d0                 : exc_Exception_asm.obj (.text:ti_sysbios_family_arm_exc_Exception_excHandlerAsm__I)
                  c304f718    000000cc     ti.targets.arm.rtsarm.ae9 : LoggerBuf.oe9 (.text:xdc_runtime_LoggerBuf_getFilterLevel__E)
                  c304f7e4    000000c4     ti.uia.runtime.ae9 : QueueDescriptor.oe9 (.text:ti_uia_runtime_QueueDescriptor_addToList__E)
                  c304f8a8    000000c0     sysbios.ae9 : BIOS.obj (.text:ti_sysbios_timers_timer64_Timer_initDevice__I)
                  c304f968    000000b8                 : BIOS.obj (.text:ti_sysbios_knl_Swi_restoreHwi__E)
                  c304fa20    000000b0     rtsv5_A_le_eabi.lib : memset32.obj (.text)
                  c304fad0    000000b0     sysbios.ae9 : BIOS.obj (.text:ti_sysbios_family_arm_da830_Hwi_initIntController__I)
                  c304fb80    000000b0                 : BIOS.obj (.text:ti_sysbios_timers_timer64_TimestampProvider_Module_startup__E)
                  c304fc30    000000b0     ti.targets.arm.rtsarm.ae9 : Memory.oe9 (.text:xdc_runtime_Memory_alloc__E)
                  c304fce0    000000a8     rtsv5_A_le_eabi.lib : trgmsg.obj (.text)
                  c304fd88    000000a0                         : copy_decompress_rle.obj (.text)
                  c304fe28    0000009f     ti.targets.arm.rtsarm.ae9 : Text.oe9 (.text:xdc_runtime_Text_putLab__E)
                  c304fec7    00000001     --HOLE-- [fill = 0]
                  c304fec8    0000009c     sysbios.ae9 : BIOS.obj (.text:ti_sysbios_knl_Clock_logTick__E)
                  c304ff64    0000009c                 : BIOS.obj (.text:ti_sysbios_utils_Load_logCPULoad__I)
                  c3050000    00000098     ti.uia.loggers.ae9 : LoggerStopMode.oe9 (.text:ti_uia_loggers_LoggerStopMode_flush__E)
                  c3050098    00000098     ti.targets.arm.rtsarm.ae9 : Core-mem.oe9 (.text:xdc_runtime_Core_deleteObject__I)
                  c3050130    00000098                               : Error.oe9 (.text:xdc_runtime_Error_print__E)
                  c30501c8    00000098     app_pe9.oe9 (.text:xdc_runtime_LoggerBuf_Object__create__S)
                  c3050260    00000098     ti.targets.arm.rtsarm.ae9 : System.oe9 (.text:xdc_runtime_System_formatNum__I)
                  c30502f8    00000090     rtsv5_A_le_eabi.lib : exit.obj (.text)
                  c3050388    00000090     sysbios.ae9 : BIOS.obj (.text:ti_sysbios_timers_timer64_Timer_stop__E)
                  c3050418    0000008c                 : BIOS.obj (.text:ti_sysbios_heaps_HeapMem_alloc__E)
                  c30504a4    0000008c     ti.targets.arm.rtsarm.ae9 : Startup.oe9 (.text:xdc_runtime_Startup_exec__E)
                  c3050530    00000088     rtsv5_A_le_eabi.lib : cpy_tbl.obj (.text)
                  c30505b8    00000084     sysbios.ae9 : BIOS.obj (.text:ti_sysbios_knl_Swi_schedule__I)
                  c305063c    00000084                 : BIOS.obj (.text:ti_sysbios_knl_Task_allBlockedFunction__I)
                  c30506c0    00000080                 : BIOS.obj (.text:ti_sysbios_heaps_HeapMem_getStats__E)
                  c3050740    00000080                 : BIOS.obj (.text:ti_sysbios_knl_Swi_runLoop__I)
                  c30507c0    0000007c                 : arm_HwiCommon_asm.obj (.text:_ti_sysbios_family_xxx_Hwi_switchToIsrStack)
                  c305083c    0000007c                 : BIOS.obj (.text:ti_sysbios_family_arm_arm9_Cache_startup__I)
                  c30508b8    0000007c     ti.targets.arm.rtsarm.ae9 : Assert.oe9 (.text:xdc_runtime_Assert_raise__I)
                  c3050934    00000074     sysbios.ae9 : BIOS.obj (.text:ti_sysbios_family_arm_arm9_Mmu_disable__E)
                  c30509a8    00000074                 : BIOS.obj (.text:ti_sysbios_family_arm_arm9_Mmu_enable__E)
                  c3050a1c    00000074                 : BIOS.obj (.text:ti_sysbios_family_arm_da830_Hwi_handlerSELF__I)
                  c3050a90    00000074                 : BIOS.obj (.text:ti_sysbios_timers_timer64_Timer_startup__E)
                  c3050b04    00000074     ti.uia.loggers.ae9 : LoggerStopMode.oe9 (.text:ti_uia_loggers_LoggerStopMode_Module_startup__E)
                  c3050b78    00000074                        : LoggerStopMode.oe9 (.text:ti_uia_loggers_LoggerStopMode_initBuffer__I)
                  c3050bec    00000074     ti.targets.arm.rtsarm.ae9 : LoggerBuf.oe9 (.text:xdc_runtime_LoggerBuf_filterOutEvent__I)
                  c3050c60    00000070     sysbios.ae9 : BIOS.obj (.text:ti_sysbios_timers_timer64_Timer_Module_startup__E)
                  c3050cd0    00000070     ti.targets.arm.rtsarm.ae9 : SysMin.oe9 (.text:xdc_runtime_SysMin_flush__E)
                  c3050d40    0000006c     sysbios.ae9 : BIOS.obj (.text:ti_sysbios_family_arm_da830_Hwi_getStackInfo__E)
                  c3050dac    0000006c     ti.targets.arm.rtsarm.ae9 : LoggerBuf.oe9 (.text:xdc_runtime_LoggerBuf_Instance_init__E)
                  c3050e18    00000068     sysbios.ae9 : BIOS.obj (.text:ti_sysbios_family_arm_da830_Hwi_handlerLOWER__I)
                  c3050e80    00000068                 : BIOS.obj (.text:ti_sysbios_family_arm_da830_Hwi_handlerNONE__I)
                  c3050ee8    00000068                 : exc_Exception_asm.obj (.text:ti_sysbios_family_arm_exc_Exception_initCore0__I)
                  c3050f50    00000068                 : BIOS.obj (.text:ti_sysbios_heaps_HeapMem_init__I)
                  c3050fb8    00000068     ti.targets.arm.rtsarm.ae9 : Error.oe9 (.text:xdc_runtime_Error_setX__E)
                  c3051020    00000064                               : Core-params.oe9 (.text:xdc_runtime_Core_assignParams__I)
                  c3051084    00000060                               : Text.oe9 (.text:xdc_runtime_Text_xprintf__I)
                  c30510e4    0000005c     boot.ae9 : boot.oe9 (.text)
                  c3051140    0000005c     rtsv5_A_le_eabi.lib : fd_tou32.obj (.text)
                  c305119c    0000005c     sysbios.ae9 : BIOS.obj (.text:ti_sysbios_knl_Task_restore__E)
                  c30511f8    0000005c     ti.targets.arm.rtsarm.ae9 : SysMin.oe9 (.text:xdc_runtime_SysMin_putch__E)
                  c3051254    00000058     app_pe9.oe9 (.text:malloc)
                  c30512ac    00000058     sysbios.ae9 : BIOS.obj (.text:ti_sysbios_family_arm_TaskSupport_start__E)
                  c3051304    00000058                 : BIOS.obj (.text:ti_sysbios_hal_Hwi_checkStack)
                  c305135c    00000058                 : BIOS.obj (.text:ti_sysbios_knl_Swi_startup__E)
                  c30513b4    00000058     ti.uia.loggers.ae9 : LoggerStopMode.oe9 (.text:ti_uia_loggers_LoggerStopMode_reset__E)
                  c305140c    00000054     sysbios.ae9 : arm_TaskSupport_asm.obj (.text:_ti_sysbios_family_arm_TaskSupport_buildTaskStack)
                  c3051460    00000054                 : BIOS.obj (.text:ti_sysbios_knl_Semaphore_pendTimeout__I)
                  c30514b4    00000054     ti.targets.arm.rtsarm.ae9 : Core-label.oe9 (.text:xdc_runtime_Core_assignLabel__I)
                  c3051508    00000054                               : SysMin.oe9 (.text:xdc_runtime_SysMin_abort__E)
                  c305155c    00000054                               : System.oe9 (.text:xdc_runtime_System_atexit__E)
                  c30515b0    00000054                               : System.oe9 (.text:xdc_runtime_System_putchar__I)
                  c3051604    00000053                               : Text.oe9 (.text:xdc_runtime_Text_printVisFxn__I)
                  c3051657    00000001     --HOLE-- [fill = 0]
                  c3051658    00000050     app_pe9.oe9 (.text:ti_sysbios_gates_GateHwi_Object__create__S)
                  c30516a8    00000050     app_pe9.oe9 (.text:ti_sysbios_gates_GateMutex_Object__create__S)
                  c30516f8    00000050     app_pe9.oe9 (.text:ti_sysbios_heaps_HeapMem_Object__create__S)
                  c3051748    00000050     app_pe9.oe9 (.text:ti_sysbios_heaps_HeapTrack_Object__create__S)
                  c3051798    00000050     app_pe9.oe9 (.text:ti_sysbios_knl_Semaphore_construct)
                  c30517e8    00000050     app_pe9.oe9 (.text:ti_uia_loggers_LoggerStopMode_Object__create__S)
                  c3051838    0000004c     sysbios.ae9 : BIOS.obj (.text:ti_sysbios_hal_Hwi_initStack)
                  c3051884    00000048                 : BIOS.obj (.text:ti_sysbios_family_arm_arm9_Mmu_Module_startup__E)
                  c30518cc    00000048     app_pe9.oe9 (.text:ti_sysbios_knl_Queue_construct)
                  c3051914    00000048     ti.targets.arm.rtsarm.ae9 : System.oe9 (.text:xdc_runtime_System_processAtExit__E)
                  c305195c    00000044     app_pe9.oe9 (.text:ti_sysbios_BIOS_atExitFunc__I)
                  c30519a0    00000044     sysbios.ae9 : BIOS.obj (.text:ti_sysbios_heaps_HeapMem_free__E)
                  c30519e4    00000044     app_pe9.oe9 (.text:ti_sysbios_knl_Clock_doTick__I)
                  c3051a28    00000044     sysbios.ae9 : BIOS.obj (.text:ti_sysbios_knl_Task_restoreHwi__E)
                  c3051a6c    00000044                 : BIOS.obj (.text:ti_sysbios_utils_Load_updateCurrentThreadTime__E)
                  c3051ab0    00000044     app_pe9.oe9 (.text:xdc_runtime_SysMin_output__I)
                  c3051af4    00000044     ti.targets.arm.rtsarm.ae9 : Text.oe9 (.text:xdc_runtime_Text_cordText__E)
                  c3051b38    00000040     adc.obj (.text)
                  c3051b78    00000040     ti.targets.arm.rtsarm.ae9 : LoggerBuf.oe9 (.text:xdc_runtime_LoggerBuf_Module_startup__E)
                  c3051bb8    00000040                               : System.oe9 (.text:xdc_runtime_System_avprintf__E)
                  c3051bf8    0000003c     sysbios.ae9 : da830_Hwi_asm.obj (.text:_ti_sysbios_family_arm_da830_Hwi_init__I)
                  c3051c34    0000003c                 : BIOS.obj (.text:ti_sysbios_heaps_HeapTrack_Instance_init__E)
                  c3051c70    0000003c                 : BIOS.obj (.text:ti_sysbios_knl_Swi_Module_startup__E)
                  c3051cac    0000003c     ti.targets.arm.rtsarm.ae9 : System.oe9 (.text:xdc_runtime_System_vprintf__E)
                  c3051ce8    00000038     app_pe9.oe9 (.text:ti_sysbios_BIOS_startFunc__I)
                  c3051d20    00000038     sysbios.ae9 : BIOS.obj (.text:ti_sysbios_family_arm_da830_TimerSupport_enable__E)
                  c3051d58    00000038                 : BIOS.obj (.text:ti_sysbios_knl_Clock_Module_startup__E)
                  c3051d90    00000038     ti.targets.arm.rtsarm.ae9 : LoggerBuf.oe9 (.text:xdc_runtime_LoggerBuf_reset__E)
                  c3051dc8    00000034     sysbios.ae9 : arm9_Mmu_asm.obj (.text:_ti_sysbios_family_arm_arm9_Mmu_enableAsm)
                  c3051dfc    00000034     rtsv5_A_le_eabi.lib : u_tofd32.obj (.text)
                  c3051e30    00000034     app_pe9.oe9 (.text:ti_sysbios_BIOS_registerRTSLock__I)
                  c3051e64    00000034     app_pe9.oe9 (.text:ti_sysbios_BIOS_removeRTSLock__I)
                  c3051e98    00000034     sysbios.ae9 : BIOS.obj (.text:ti_sysbios_family_arm_arm9_Cache_enable__E)
                  c3051ecc    00000034     app_pe9.oe9 (.text:ti_sysbios_gates_GateMutex_Object__delete__S)
                  c3051f00    00000034     app_pe9.oe9 (.text:ti_sysbios_heaps_HeapTrack_Object__delete__S)
                  c3051f34    00000034     sysbios.ae9 : BIOS.obj (.text:ti_sysbios_knl_Idle_run__E)
                  c3051f68    00000034                 : BIOS.obj (.text:ti_sysbios_knl_Task_enter__I)
                  c3051f9c    00000034     ti.uia.loggers.ae9 : LoggerStopMode.oe9 (.text:ti_uia_loggers_LoggerStopMode_Instance_init__E)
                  c3051fd0    00000034     app_pe9.oe9 (.text:xdc_runtime_LoggerBuf_Object__delete__S)
                  c3052004    00000034     ti.targets.arm.rtsarm.ae9 : SysMin.oe9 (.text:xdc_runtime_SysMin_Module_startup__E)
                  c3052038    00000030     app_pe9.oe9 (.text:ti_sysbios_BIOS_rtsLock__I)
                  c3052068    00000030     app_pe9.oe9 (.text:ti_sysbios_gates_GateHwi_Object__delete__S)
                  c3052098    00000030     sysbios.ae9 : BIOS.obj (.text:ti_sysbios_gates_GateMutex_Instance_init__E)
                  c30520c8    00000030     app_pe9.oe9 (.text:ti_sysbios_heaps_HeapMem_Object__delete__S)
                  c30520f8    00000030     app_pe9.oe9 (.text:ti_uia_loggers_LoggerStopMode_Object__delete__S)
                  c3052128    00000030     ti.targets.arm.rtsarm.ae9 : Error.oe9 (.text:xdc_runtime_Error_raiseX__E)
                  c3052158    00000030                               : Memory.oe9 (.text:xdc_runtime_Memory_valloc__E)
                  c3052188    00000030                               : Registry.oe9 (.text:xdc_runtime_Registry_findById__E)
                  c30521b8    00000030                               : SysMin.oe9 (.text:xdc_runtime_SysMin_exit__E)
                  c30521e8    0000002c     app_pe9.oe9 (.text:ti_sysbios_BIOS_errorRaiseHook__I)
                  c3052214    0000002c     sysbios.ae9 : BIOS.obj (.text:ti_sysbios_family_arm_HwiCommon_Module_startup__E)
                  c3052240    0000002c                 : BIOS.obj (.text:ti_sysbios_family_arm_da830_Hwi_disableInterrupt__E)
                  c305226c    0000002c                 : BIOS.obj (.text:ti_sysbios_family_arm_da830_Hwi_enableInterrupt__E)
                  c3052298    0000002c     app_pe9.oe9 (.text:ti_sysbios_gates_GateHwi_Handle__label__S)
                  c30522c4    0000002c     app_pe9.oe9 (.text:ti_sysbios_gates_GateMutex_Handle__label__S)
                  c30522f0    0000002c     app_pe9.oe9 (.text:ti_sysbios_heaps_HeapMem_Handle__label__S)
                  c305231c    0000002c     app_pe9.oe9 (.text:ti_sysbios_heaps_HeapTrack_Handle__label__S)
                  c3052348    0000002c     app_pe9.oe9 (.text:ti_sysbios_knl_Semaphore_Object__destruct__S)
                  c3052374    0000002c     app_pe9.oe9 (.text:ti_uia_loggers_LoggerStopMode_Handle__label__S)
                  c30523a0    0000002c     ti.targets.arm.rtsarm.ae9 : Error.oe9 (.text:xdc_runtime_Error_check__E)
                  c30523cc    0000002c     app_pe9.oe9 (.text:xdc_runtime_LoggerBuf_Handle__label__S)
                  c30523f8    00000028     app_pe9.oe9 (.text:free)
                  c3052420    00000028     app_pe9.oe9 (.text:ti_sysbios_BIOS_rtsUnlock__I)
                  c3052448    00000028     app_pe9.oe9 (.text:ti_sysbios_family_arm_da830_Hwi_Module__startupDone__F)
                  c3052470    00000028     sysbios.ae9 : BIOS.obj (.text:ti_sysbios_family_arm_da830_Hwi_handlerALL__I)
                  c3052498    00000028                 : BIOS.obj (.text:ti_sysbios_gates_GateMutex_leave__E)
                  c30524c0    00000028     app_pe9.oe9 (.text:ti_sysbios_knl_Queue_Object__destruct__S)
                  c30524e8    00000028     app_pe9.oe9 (.text:ti_sysbios_timers_timer64_Timer_Module__startupDone__F)
                  c3052510    00000028     sysbios.ae9 : BIOS.obj (.text:ti_sysbios_timers_timer64_TimestampProvider_startTimer__E)
                  c3052538    00000028     ti.targets.arm.rtsarm.ae9 : System.oe9 (.text:xdc_runtime_System_abort__E)
                  c3052560    00000028     app_pe9.oe9 (.text:xdc_runtime_System_aprintf__E)
                  c3052588    00000028     app_pe9.oe9 (.text:xdc_runtime_System_printf__E)
                  c30525b0    00000024     rtsv5_A_le_eabi.lib : _lock.obj (.text)
                  c30525d4    00000024                         : ll_lsr32.obj (.text)
                  c30525f8    00000024     ti.uia.loggers.ae9 : LoggerStopMode.oe9 (.text:ti_uia_loggers_LoggerStopMode_disable__E)
                  c305261c    00000024                        : LoggerStopMode.oe9 (.text:ti_uia_loggers_LoggerStopMode_enable__E)
                  c3052640    00000024     ti.targets.arm.rtsarm.ae9 : System.oe9 (.text:xdc_runtime_System_exit__E)
                  c3052664    00000020     rtsv5_A_le_eabi.lib : args_main.obj (.text)
                  c3052684    00000020                         : strlen.obj (.text)
                  c30526a4    00000020     app_pe9.oe9 (.text:ti_sysbios_BIOS_exitFunc__I)
                  c30526c4    00000020     sysbios.ae9 : BIOS.obj (.text:ti_sysbios_family_arm_da830_Hwi_switchFromBootStack__E)
                  c30526e4    00000020     ti.targets.arm.rtsarm.ae9 : LoggerBuf.oe9 (.text:xdc_runtime_LoggerBuf_Instance_finalize__E)
                  c3052704    00000020                               : LoggerBuf.oe9 (.text:xdc_runtime_LoggerBuf_write2__E)
                  c3052724    0000001c     sysbios.ae9 : arm_TaskSupport_asm.obj (.text:_ti_sysbios_family_arm_TaskSupport_glue)
                  c3052740    0000001c                 : arm9_Cache_asm.obj (.text:_ti_sysbios_family_arm_arm9_Cache_disableL1d__I)
                  c305275c    0000001c                 : arm9_Cache_asm.obj (.text:_ti_sysbios_family_arm_arm9_Cache_getEnabled__E)
                  c3052778    0000001c     rtsv5_A_le_eabi.lib : strcpy.obj (.text)
                  c3052794    0000001c     app_pe9.oe9 (.text:ti_sysbios_heaps_HeapMem_Object__get__S)
                  c30527b0    0000001c     app_pe9.oe9 (.text:ti_sysbios_knl_Mailbox_Object__get__S)
                  c30527cc    0000001c     app_pe9.oe9 (.text:ti_sysbios_knl_Swi_Object__get__S)
                  c30527e8    0000001c     ti.uia.loggers.ae9 : LoggerStopMode.oe9 (.text:ti_uia_loggers_LoggerStopMode_isEmpty__E)
                  c3052804    0000001c     app_pe9.oe9 (.text:xdc_runtime_LoggerBuf_Object__get__S)
                  c3052820    0000001c     ti.targets.arm.rtsarm.ae9 : LoggerBuf.oe9 (.text:xdc_runtime_LoggerBuf_write0__E)
                  c305283c    0000001c                               : LoggerBuf.oe9 (.text:xdc_runtime_LoggerBuf_write1__E)
                  c3052858    0000001c     app_pe9.oe9 (.text:xdc_runtime_Startup_exec__I)
                  c3052874    0000001c     ti.targets.arm.rtsarm.ae9 : SysMin.oe9 (.text:xdc_runtime_SysMin_ready__E)
                  c3052890    0000001c                               : System.oe9 (.text:xdc_runtime_System_vsnprintf__E)
                  c30528ac    0000001c                               : Text.oe9 (.text:xdc_runtime_Text_ropeText__E)
                  c30528c8    00000018     sysbios.ae9 : arm9_Cache_asm.obj (.text:_ti_sysbios_family_arm_arm9_Cache_disableL1p__I)
                  c30528e0    00000018                 : arm9_Cache_asm.obj (.text:_ti_sysbios_family_arm_arm9_Cache_enableL1p__I)
                  c30528f8    00000018                 : arm9_Mmu_asm.obj (.text:_ti_sysbios_family_arm_arm9_Mmu_disableAsm)
                  c3052910    00000018                 : BIOS.obj (.text:ti_sysbios_BIOS_setThreadType__E)
                  c3052928    00000018                 : BIOS.obj (.text:ti_sysbios_BIOS_start__E)
                  c3052940    00000018                 : BIOS.obj (.text:ti_sysbios_hal_Hwi_Module_startup__E)
                  c3052958    00000018                 : BIOS.obj (.text:ti_sysbios_hal_Timer_Module_startup__E)
                  c3052970    00000018                 : BIOS.obj (.text:ti_sysbios_heaps_HeapTrack_isBlocking__E)
                  c3052988    00000018                 : BIOS.obj (.text:ti_sysbios_knl_Queue_empty__E)
                  c30529a0    00000018                 : BIOS.obj (.text:ti_sysbios_knl_Swi_disable__E)
                  c30529b8    00000018     app_pe9.oe9 (.text:ti_sysbios_knl_Task_Object__get__S)
                  c30529d0    00000018     sysbios.ae9 : BIOS.obj (.text:ti_sysbios_knl_Task_disable__E)
                  c30529e8    00000018                 : BIOS.obj (.text:ti_sysbios_timers_timer64_TimestampProvider_rolloverFunc__E)
                  c3052a00    00000018     app_pe9.oe9 (.text:ti_uia_loggers_LoggerStopMode_Object__get__S)
                  c3052a18    00000018     ti.targets.arm.rtsarm.ae9 : Error.oe9 (.text:xdc_runtime_Error_init__E)
                  c3052a30    00000014     sysbios.ae9 : arm9_Cache_asm.obj (.text:_ti_sysbios_family_arm_arm9_Cache_enableL1d__I)
                  c3052a44    00000014                 : arm9_Mmu_asm.obj (.text:_ti_sysbios_family_arm_arm9_Mmu_isEnabled)
                  c3052a58    00000014     rtsv5_A_le_eabi.lib : copy_decompress_none.obj (.text:decompress:none)
                  c3052a6c    00000014     sysbios.ae9 : BIOS.obj (.text:ti_sysbios_family_arm_TaskSupport_checkStack__E)
                  c3052a80    00000014                 : BIOS.obj (.text:ti_sysbios_gates_GateMutex_Instance_finalize__E)
                  c3052a94    00000014     app_pe9.oe9 (.text:ti_sysbios_knl_Queue_Object__get__S)
                  c3052aa8    00000014     sysbios.ae9 : BIOS.obj (.text:ti_sysbios_knl_Semaphore_Instance_finalize__E)
                  c3052abc    00000014                 : BIOS.obj (.text:ti_sysbios_timers_timer64_TimestampProvider_getFreq__E)
                  c3052ad0    00000014     ti.targets.arm.rtsarm.ae9 : Gate.oe9 (.text:xdc_runtime_Gate_leaveSystem__E)
                  c3052ae4    00000014     app_pe9.oe9 (.text:xdc_runtime_IHeap_alloc)
                  c3052af8    00000014     app_pe9.oe9 (.text:xdc_runtime_IHeap_free)
                  c3052b0c    00000014     app_pe9.oe9 (.text:xdc_runtime_IHeap_getStats)
                  c3052b20    00000014     ti.targets.arm.rtsarm.ae9 : LoggerBuf.oe9 (.text:xdc_runtime_LoggerBuf_disable__E)
                  c3052b34    00000014                               : LoggerBuf.oe9 (.text:xdc_runtime_LoggerBuf_enable__E)
                  c3052b48    00000014                               : Memory.oe9 (.text:xdc_runtime_Memory_calloc__E)
                  c3052b5c    00000014                               : Memory.oe9 (.text:xdc_runtime_Memory_free__E)
                  c3052b70    00000014                               : Memory.oe9 (.text:xdc_runtime_Memory_getStats__E)
                  c3052b84    00000010     sysbios.ae9 : arm_TaskSupport_asm.obj (.text:_ti_sysbios_family_arm_TaskSupport_swap__E)
                  c3052b94    00000010                 : arm9_Cache_asm.obj (.text:_ti_sysbios_family_arm_arm9_Cache_wbInvAll__E)
                  c3052ba4    00000010                 : BIOS.obj (.text:ti_sysbios_family_arm_da830_Hwi_clearInterrupt__E)
                  c3052bb4    00000010                 : BIOS.obj (.text:ti_sysbios_family_arm_da830_Hwi_startup__E)
                  c3052bc4    00000010                 : BIOS.obj (.text:ti_sysbios_family_arm_exc_Exception_Module_startup__E)
                  c3052bd4    00000010                 : BIOS.obj (.text:ti_sysbios_gates_GateHwi_enter__E)
                  c3052be4    00000010     ti.targets.arm.rtsarm.ae9 : Gate.oe9 (.text:xdc_runtime_Gate_enterSystem__E)
                  c3052bf4    00000010                               : Memory.oe9 (.text:xdc_runtime_Memory_getMaxDefaultTypeAlign__E)
                  c3052c04    00000010                               : Startup.oe9 (.text:xdc_runtime_Startup_rtsDone__E)
                  c3052c14    0000000c     sysbios.ae9 : BIOS.obj (.text:ti_sysbios_knl_Idle_loop__E)
                  c3052c20    0000000c                 : BIOS.obj (.text:ti_sysbios_knl_Queue_Instance_init__E)
                  c3052c2c    0000000c     app_pe9.oe9 (.text:xdc_runtime_Text_visitRope__I)
                  c3052c38    00000008     sysbios.ae9 : arm9_Cache_asm.obj (.text:_ti_sysbios_family_arm_arm9_Cache_invL1dAll__E)
                  c3052c40    00000008                 : arm9_Cache_asm.obj (.text:_ti_sysbios_family_arm_arm9_Cache_invL1pAll__E)
                  c3052c48    00000008                 : arm9_Cache_asm.obj (.text:_ti_sysbios_family_arm_arm9_Cache_wait__E)
                  c3052c50    00000008     rtsv5_A_le_eabi.lib : copy_decompress_rle.obj (.text:decompress:rle24)
                  c3052c58    00000008     platform.lib : edma.obj (.text)
                  c3052c60    00000008     app_pe9.oe9 (.text:ti_sysbios_family_arm_TaskSupport_Module__startupDone__S)
                  c3052c68    00000008     sysbios.ae9 : BIOS.obj (.text:ti_sysbios_gates_GateHwi_leave__E)
                  c3052c70    00000008                 : BIOS.obj (.text:ti_sysbios_gates_GateHwi_query__E)
                  c3052c78    00000008                 : BIOS.obj (.text:ti_sysbios_gates_GateMutex_query__E)
                  c3052c80    00000008                 : BIOS.obj (.text:ti_sysbios_heaps_HeapMem_isBlocking__E)
                  c3052c88    00000008                 : BIOS.obj (.text:ti_sysbios_heaps_HeapTrack_getStats__E)
                  c3052c90    00000008                 : BIOS.obj (.text:ti_sysbios_timers_timer64_Timer_getMaxTicks__E)
                  c3052c98    00000008     ti.uia.loggers.ae9 : LoggerStopMode.oe9 (.text:ti_uia_loggers_LoggerStopMode_getContents__E)
                  c3052ca0    00000008     app_pe9.oe9 (.text:ti_uia_loggers_LoggerStopMode_getFilterLevel__E)
                  c3052ca8    00000008     ti.uia.loggers.ae9 : LoggerStopMode.oe9 (.text:ti_uia_loggers_LoggerStopMode_getInstanceId__E)
                  c3052cb0    00000008                        : LoggerStopMode.oe9 (.text:ti_uia_loggers_LoggerStopMode_getMaxLength__E)
                  c3052cb8    00000008                        : LoggerStopMode.oe9 (.text:ti_uia_loggers_LoggerStopMode_getPriority__E)
                  c3052cc0    00000008                        : LoggerStopMode.oe9 (.text:ti_uia_loggers_LoggerStopMode_getTransferType__E)
                  c3052cc8    00000008     ti.targets.arm.rtsarm.ae9 : Error.oe9 (.text:xdc_runtime_Error_getSite__E)
                  c3052cd0    00000008                               : System.oe9 (.text:xdc_runtime_System_Module_startup__E)
                  c3052cd8    00000004     rtsv5_A_le_eabi.lib : i_div0.obj (.text)
                  c3052cdc    00000004     app_pe9.oe9 (.text:ti_sysbios_BIOS_RtsGateProxy_enter__E)
                  c3052ce0    00000004     app_pe9.oe9 (.text:ti_sysbios_BIOS_RtsGateProxy_leave__E)
                  c3052ce4    00000004     sysbios.ae9 : BIOS.obj (.text:ti_sysbios_BIOS_linkedWithIncorrectBootLibrary__E)
                  c3052ce8    00000004     app_pe9.oe9 (.text:ti_sysbios_BIOS_nullFunc__I)
                  c3052cec    00000004     sysbios.ae9 : BIOS.obj (.text:ti_sysbios_family_arm_da830_Hwi_spuriousInt__I)
                  c3052cf0    00000004                 : BIOS.obj (.text:ti_sysbios_gates_GateHwi_Instance_init__E)
                  c3052cf4    00000004     app_pe9.oe9 (.text:ti_sysbios_heaps_HeapMem_Module_GateProxy_enter__E)
                  c3052cf8    00000004     app_pe9.oe9 (.text:ti_sysbios_heaps_HeapMem_Module_GateProxy_leave__E)
                  c3052cfc    00000004     app_pe9.oe9 (.text:ti_sysbios_knl_Clock_TimerProxy_getMaxTicks__E)
                  c3052d00    00000004     app_pe9.oe9 (.text:ti_sysbios_knl_Queue_destruct)
                  c3052d04    00000004     app_pe9.oe9 (.text:ti_sysbios_knl_Semaphore_destruct)
                  c3052d08    00000004     sysbios.ae9 : BIOS.obj (.text:ti_sysbios_knl_Task_startup__E)
                  c3052d0c    00000004     app_pe9.oe9 (.text:ti_uia_loggers_LoggerStopMode_setFilterLevel__E)
                  c3052d10    00000004     ti.uia.loggers.ae9 : LoggerStopMode.oe9 (.text:ti_uia_loggers_LoggerStopMode_setPriority__E)
                  c3052d14    00000004     app_pe9.oe9 (.text:xdc_runtime_LoggerBuf_Module_GateProxy_enter__E)
                  c3052d18    00000004     app_pe9.oe9 (.text:xdc_runtime_LoggerBuf_Module_GateProxy_leave__E)
                  c3052d1c    00000004     app_pe9.oe9 (.text:xdc_runtime_Startup_reset__I)
                  c3052d20    00000004     app_pe9.oe9 (.text:xdc_runtime_System_Module_GateProxy_enter__E)
                  c3052d24    00000004     app_pe9.oe9 (.text:xdc_runtime_System_Module_GateProxy_leave__E)
                  c3052d28    00000004     ti.targets.arm.rtsarm.ae9 : System.oe9 (.text:xdc_runtime_System_aprintf_va__F)
                  c3052d2c    00000004                               : System.oe9 (.text:xdc_runtime_System_printf_va__F)

.data      0    c3052d30    00000aa9     UNINITIALIZED
                  c3052d30    0000022c     app_pe9.oe9 (.data:ti_sysbios_family_arm_da830_Hwi_Module__state__V)
                  c3052f5c    00000100     app_pe9.oe9 (.data:ti_sysbios_knl_Task_Module_State_0_readyQ__A)
                  c305305c    000000a0     app_pe9.oe9 (.data:ti_sysbios_knl_Mailbox_Object__table__V)
                  c30530fc    0000009c     app_pe9.oe9 (.data:ti_uia_loggers_LoggerStopMode_Object__table__V)
                  c3053198    00000098     app_pe9.oe9 (.data:ti_sysbios_knl_Task_Object__table__V)
                  c3053230    00000098     app_pe9.oe9 (.data:ti_sysbios_timers_timer64_Timer_Object__table__V)
                  c30532c8    00000098     app_pe9.oe9 (.data:ti_sysbios_utils_Load_Module__state__V)
                  c3053360    00000080     app_pe9.oe9 (.data:ti_sysbios_knl_Swi_Module_State_0_readyQ__A)
                  c30533e0    00000060     app_pe9.oe9 (.data:ti_sysbios_timers_timer64_Timer_Module_State_0_device__A)
                  c3053440    00000044     app_pe9.oe9 (.data:ti_sysbios_knl_Task_Module__state__V)
                  c3053484    00000040     app_pe9.oe9 (.data:ti_sysbios_knl_Clock_Object__table__V)
                  c30534c4    00000038     app_pe9.oe9 (.data:ti_sysbios_family_arm_da830_Hwi_Object__table__V)
                  c30534fc    00000038     app_pe9.oe9 (.data:ti_sysbios_gates_GateMutex_Object__table__V)
                  c3053534    00000030     app_pe9.oe9 (.data:ti_sysbios_knl_Swi_Object__table__V)
                  c3053564    0000002c     app_pe9.oe9 (.data:ti_sysbios_knl_Clock_Module__state__V)
                  c3053590    00000024     app_pe9.oe9 (.data:ti_sysbios_BIOS_Module__state__V)
                  c30535b4    00000024     app_pe9.oe9 (.data:xdc_runtime_LoggerBuf_Object__table__V)
                  c30535d8    00000020     app_pe9.oe9 (.data:ti_sysbios_heaps_HeapTrack_Object__table__V)
                  c30535f8    00000020     app_pe9.oe9 (.data:ti_sysbios_timers_timer64_Timer_Module_State_0_handles__A)
                  c3053618    00000020     app_pe9.oe9 (.data:ti_sysbios_timers_timer64_Timer_Module_State_0_intFreqs__A)
                  c3053638    00000020     app_pe9.oe9 (.data:xdc_runtime_System_Module_State_0_atexitHandlers__A)
                  c3053658    0000001c     app_pe9.oe9 (.data:ti_sysbios_knl_Swi_Module__state__V)
                  c3053674    00000018     app_pe9.oe9 (.data:ti_sysbios_heaps_HeapMem_Object__table__V)
                  c305368c    00000018     app_pe9.oe9 (.data:ti_sysbios_timers_timer64_Timer_Module_State_0_gctrl__A)
                  c30536a4    00000018     app_pe9.oe9 (.data:ti_sysbios_timers_timer64_Timer_Module__state__V)
                  c30536bc    00000014     app_pe9.oe9 (.data:ti_sysbios_family_arm_exc_Exception_Module__state__V)
                  c30536d0    00000010     app_pe9.oe9 (.data:ti_sysbios_family_arm_HwiCommon_Module__state__V)
                  c30536e0    00000010     app_pe9.oe9 (.data:ti_sysbios_hal_Hwi_Object__table__V)
                  c30536f0    0000000c     rtsv5_A_le_eabi.lib : exit.obj (.data:$O1$$)
                  c30536fc    0000000c     app_pe9.oe9 (.data:ti_sysbios_knl_Task_Module__root__V)
                  c3053708    0000000c     app_pe9.oe9 (.data:ti_uia_runtime_QueueDescriptor_Module__state__V)
                  c3053714    0000000c     app_pe9.oe9 (.data:xdc_runtime_SysMin_Module__state__V)
                  c3053720    00000008     rtsv5_A_le_eabi.lib : _lock.obj (.data:$O1$$)
                  c3053728    00000008     main.obj (.data)
                  c3053730    00000008     ti.uia.runtime.ae9 : QueueDescriptor.oe9 (.data)
                  c3053738    00000008     app_pe9.oe9 (.data:ti_sysbios_gates_GateHwi_Module__root__V)
                  c3053740    00000008     app_pe9.oe9 (.data:ti_sysbios_gates_GateMutex_Module__root__V)
                  c3053748    00000008     app_pe9.oe9 (.data:ti_sysbios_heaps_HeapMem_Module__root__V)
                  c3053750    00000008     app_pe9.oe9 (.data:ti_sysbios_heaps_HeapTrack_Module__root__V)
                  c3053758    00000008     app_pe9.oe9 (.data:ti_sysbios_knl_Queue_Module__root__V)
                  c3053760    00000008     app_pe9.oe9 (.data:ti_sysbios_knl_Queue_Object__table__V)
                  c3053768    00000008     app_pe9.oe9 (.data:ti_sysbios_knl_Semaphore_Module__root__V)
                  c3053770    00000008     app_pe9.oe9 (.data:ti_sysbios_timers_timer64_TimestampProvider_Module__state__V)
                  c3053778    00000008     app_pe9.oe9 (.data:ti_uia_loggers_LoggerStopMode_Module__root__V)
                  c3053780    00000008     app_pe9.oe9 (.data:xdc_runtime_LoggerBuf_Module__root__V)
                  c3053788    00000008     app_pe9.oe9 (.data:xdc_runtime_Registry_Module__state__V)
                  c3053790    00000008     app_pe9.oe9 (.data:xdc_runtime_Startup_Module__state__V)
                  c3053798    00000008     app_pe9.oe9 (.data:xdc_runtime_System_Module__state__V)
                  c30537a0    00000006     app_pe9.oe9 (.data:xdc_runtime_LoggerBuf_Module__state__V)
                  c30537a6    00000002     app_pe9.oe9 (.data:ti_sysbios_family_arm_da830_TimerSupport_Module_State_0_suspSrc__A)
                  c30537a8    00000004     rtsv5_A_le_eabi.lib : stkdepth_vars.obj (.data)
                  c30537ac    00000004     app_pe9.oe9 (.data:ti_sysbios_family_arm_arm9_Mmu_Module__state__V)
                  c30537b0    00000004     app_pe9.oe9 (.data:ti_sysbios_family_arm_da830_TimerSupport_Module__state__V)
                  c30537b4    00000004     app_pe9.oe9 (.data:ti_sysbios_family_arm_exc_Exception_Module_State_0_excContext__A)
                  c30537b8    00000004     app_pe9.oe9 (.data:ti_sysbios_family_arm_exc_Exception_Module_State_0_excStackBuffers__A)
                  c30537bc    00000004     app_pe9.oe9 (.data:ti_sysbios_family_arm_exc_Exception_Module_State_0_excStack__A)
                  c30537c0    00000004     app_pe9.oe9 (.data:ti_sysbios_gates_GateHwi_Object__table__V)
                  c30537c4    00000004     app_pe9.oe9 (.data:ti_sysbios_knl_Task_Module_State_0_idleTask__A)
                  c30537c8    00000004     app_pe9.oe9 (.data:ti_sysbios_utils_Load_Module_State_0_runningTask__A)
                  c30537cc    00000004     app_pe9.oe9 (.data:ti_sysbios_utils_Load_Module_State_0_taskStartTime__A)
                  c30537d0    00000004     app_pe9.oe9 (.data:xdc_runtime_Memory_Module__state__V)
                  c30537d4    00000002     app_pe9.oe9 (.data:ti_sysbios_family_arm_exc_Exception_Module_State_0_excActive__A)
                  c30537d6    00000002     app_pe9.oe9 (.data:xdc_runtime_Error_Module__state__V)
                  c30537d8    00000001     watchdog.obj (.data)

.const     0    c30537dc    000006db     
                  c30537dc    00000060     app_pe9.oe9 (.const:ti_uia_loggers_LoggerStopMode_Module__FXNS__C)
                  c305383c    00000048     app_pe9.oe9 (.const:.string)
                  c3053884    00000040     app_pe9.oe9 (.const:xdc_runtime_Startup_sfxnTab__A)
                  c30538c4    0000003c     app_pe9.oe9 (.const:xdc_runtime_LoggerBuf_Module__FXNS__C)
                  c3053900    00000028     app_pe9.oe9 (.const:ti_sysbios_heaps_HeapMem_Module__FXNS__C)
                  c3053928    00000028     app_pe9.oe9 (.const:ti_sysbios_heaps_HeapTrack_Module__FXNS__C)
                  c3053950    00000028     app_pe9.oe9 (.const:ti_uia_loggers_LoggerStopMode_Object__PARAMS__C)
                  c3053978    00000024     app_pe9.oe9 (.const:ti_sysbios_gates_GateHwi_Module__FXNS__C)
                  c305399c    00000024     app_pe9.oe9 (.const:ti_sysbios_gates_GateMutex_Module__FXNS__C)
                  c30539c0    00000024     app_pe9.oe9 (.const:ti_sysbios_heaps_HeapMem_Object__PARAMS__C)
                  c30539e4    00000024     app_pe9.oe9 (.const:ti_sysbios_knl_Semaphore_Object__PARAMS__C)
                  c3053a08    00000024     app_pe9.oe9 (.const:xdc_runtime_LoggerBuf_Object__PARAMS__C)
                  c3053a2c    00000020     app_pe9.oe9 (.const:ti_sysbios_gates_GateHwi_Object__DESC__C)
                  c3053a4c    00000020     app_pe9.oe9 (.const:ti_sysbios_gates_GateMutex_Object__DESC__C)
                  c3053a6c    00000020     app_pe9.oe9 (.const:ti_sysbios_heaps_HeapMem_Object__DESC__C)
                  c3053a8c    00000020     app_pe9.oe9 (.const:ti_sysbios_heaps_HeapTrack_Object__DESC__C)
                  c3053aac    00000020     app_pe9.oe9 (.const:ti_sysbios_knl_Queue_Object__DESC__C)
                  c3053acc    00000020     app_pe9.oe9 (.const:ti_sysbios_knl_Semaphore_Object__DESC__C)
                  c3053aec    00000020     app_pe9.oe9 (.const:ti_uia_loggers_LoggerStopMode_Object__DESC__C)
                  c3053b0c    00000020     app_pe9.oe9 (.const:xdc_runtime_LoggerBuf_Object__DESC__C)
                  c3053b2c    00000020     app_pe9.oe9 (.const:xdc_runtime_Startup_sfxnRts__A)
                  c3053b4c    0000001c     app_pe9.oe9 (.const:ti_sysbios_heaps_HeapTrack_Object__PARAMS__C)
                  c3053b68    00000018     app_pe9.oe9 (.const:ti_sysbios_gates_GateHwi_Object__PARAMS__C)
                  c3053b80    00000018     app_pe9.oe9 (.const:ti_sysbios_gates_GateMutex_Object__PARAMS__C)
                  c3053b98    00000018     app_pe9.oe9 (.const:ti_sysbios_knl_Queue_Object__PARAMS__C)
                  c3053bb0    00000011     ti.targets.arm.rtsarm.ae9 : System.oe9 (.const:.string)
                  c3053bc1    00000001     app_pe9.oe9 (.const:xdc_runtime_Error_policy__C)
                  c3053bc2    00000002     app_pe9.oe9 (.const:ti_sysbios_family_arm_arm9_Cache_enableCache__C)
                  c3053bc4    0000000c     app_pe9.oe9 (.const:xdc_runtime_Startup_firstFxns__A)
                  c3053bd0    00000008     app_pe9.oe9 (.const:ti_sysbios_knl_Idle_funcList__A)
                  c3053bd8    00000008     app_pe9.oe9 (.const:ti_sysbios_knl_Idle_funcList__C)
                  c3053be0    00000008     app_pe9.oe9 (.const:xdc_runtime_Startup_firstFxns__C)
                  c3053be8    00000008     app_pe9.oe9 (.const:xdc_runtime_Startup_lastFxns__C)
                  c3053bf0    00000004     app_pe9.oe9 (.const:ti_sysbios_family_arm_da830_Hwi_A_unsupportedMaskingOption__C)
                  c3053bf4    00000004     app_pe9.oe9 (.const:ti_sysbios_family_arm_da830_Hwi_E_alreadyDefined__C)
                  c3053bf8    00000004     app_pe9.oe9 (.const:ti_sysbios_family_arm_da830_Hwi_LD_end__C)
                  c3053bfc    00000004     app_pe9.oe9 (.const:ti_sysbios_family_arm_da830_Hwi_LM_begin__C)
                  c3053c00    00000004     app_pe9.oe9 (.const:ti_sysbios_family_arm_da830_Hwi_Module__diagsEnabled__C)
                  c3053c04    00000004     app_pe9.oe9 (.const:ti_sysbios_family_arm_da830_Hwi_Module__diagsIncluded__C)
                  c3053c08    00000004     app_pe9.oe9 (.const:ti_sysbios_family_arm_da830_Hwi_Module__diagsMask__C)
                  c3053c0c    00000004     app_pe9.oe9 (.const:ti_sysbios_family_arm_da830_Hwi_Module__loggerFxn1__C)
                  c3053c10    00000004     app_pe9.oe9 (.const:ti_sysbios_family_arm_da830_Hwi_Module__loggerFxn4__C)
                  c3053c14    00000004     app_pe9.oe9 (.const:ti_sysbios_family_arm_da830_Hwi_Module__loggerFxn8__C)
                  c3053c18    00000004     app_pe9.oe9 (.const:ti_sysbios_family_arm_da830_Hwi_Module__loggerObj__C)
                  c3053c1c    00000004     app_pe9.oe9 (.const:ti_sysbios_family_arm_da830_Hwi_taskDisable__C)
                  c3053c20    00000004     app_pe9.oe9 (.const:ti_sysbios_family_arm_da830_Hwi_taskRestoreHwi__C)
                  c3053c24    00000004     app_pe9.oe9 (.const:ti_sysbios_family_arm_exc_Exception_E_dataAbort__C)
                  c3053c28    00000004     app_pe9.oe9 (.const:ti_sysbios_family_arm_exc_Exception_E_prefetchAbort__C)
                  c3053c2c    00000004     app_pe9.oe9 (.const:ti_sysbios_family_arm_exc_Exception_E_swi__C)
                  c3053c30    00000004     app_pe9.oe9 (.const:ti_sysbios_family_arm_exc_Exception_E_undefinedInstruction__C)
                  c3053c34    00000004     app_pe9.oe9 (.const:ti_sysbios_family_arm_exc_Exception_excHookFuncs__A)
                  c3053c38    00000004     app_pe9.oe9 (.const:ti_sysbios_family_arm_exc_Exception_excHookFuncs__C)
                  c3053c3c    00000004     app_pe9.oe9 (.const:ti_sysbios_gates_GateMutex_A_badContext__C)
                  c3053c40    00000004     app_pe9.oe9 (.const:ti_sysbios_gates_GateMutex_Instance_State_sem__O)
                  c3053c44    00000004     app_pe9.oe9 (.const:ti_sysbios_gates_GateMutex_Module__diagsEnabled__C)
                  c3053c48    00000004     app_pe9.oe9 (.const:ti_sysbios_gates_GateMutex_Module__diagsIncluded__C)
                  c3053c4c    00000004     app_pe9.oe9 (.const:ti_sysbios_gates_GateMutex_Module__diagsMask__C)
                  c3053c50    00000004     app_pe9.oe9 (.const:ti_sysbios_hal_Hwi_E_stackOverflow__C)
                  c3053c54    00000004     app_pe9.oe9 (.const:ti_sysbios_heaps_HeapMem_A_align__C)
                  c3053c58    00000004     app_pe9.oe9 (.const:ti_sysbios_heaps_HeapMem_A_heapSize__C)
                  c3053c5c    00000004     app_pe9.oe9 (.const:ti_sysbios_heaps_HeapMem_A_invalidFree__C)
                  c3053c60    00000004     app_pe9.oe9 (.const:ti_sysbios_heaps_HeapMem_A_zeroBlock__C)
                  c3053c64    00000004     app_pe9.oe9 (.const:ti_sysbios_heaps_HeapMem_E_memory__C)
                  c3053c68    00000004     app_pe9.oe9 (.const:ti_sysbios_heaps_HeapMem_Module__diagsEnabled__C)
                  c3053c6c    00000004     app_pe9.oe9 (.const:ti_sysbios_heaps_HeapMem_Module__diagsIncluded__C)
                  c3053c70    00000004     app_pe9.oe9 (.const:ti_sysbios_heaps_HeapMem_Module__diagsMask__C)
                  c3053c74    00000004     app_pe9.oe9 (.const:ti_sysbios_heaps_HeapMem_Module__gateObj__C)
                  c3053c78    00000004     app_pe9.oe9 (.const:ti_sysbios_heaps_HeapMem_Object__count__C)
                  c3053c7c    00000004     app_pe9.oe9 (.const:ti_sysbios_heaps_HeapMem_reqAlign__C)
                  c3053c80    00000004     app_pe9.oe9 (.const:ti_sysbios_heaps_HeapTrack_A_bufOverflow__C)
                  c3053c84    00000004     app_pe9.oe9 (.const:ti_sysbios_heaps_HeapTrack_A_doubleFree__C)
                  c3053c88    00000004     app_pe9.oe9 (.const:ti_sysbios_heaps_HeapTrack_A_notEmpty__C)
                  c3053c8c    00000004     app_pe9.oe9 (.const:ti_sysbios_heaps_HeapTrack_Instance_State_trackQueue__O)
                  c3053c90    00000004     app_pe9.oe9 (.const:ti_sysbios_heaps_HeapTrack_Module__diagsEnabled__C)
                  c3053c94    00000004     app_pe9.oe9 (.const:ti_sysbios_heaps_HeapTrack_Module__diagsIncluded__C)
                  c3053c98    00000004     app_pe9.oe9 (.const:ti_sysbios_heaps_HeapTrack_Module__diagsMask__C)
                  c3053c9c    00000004     app_pe9.oe9 (.const:ti_sysbios_knl_Clock_LM_begin__C)
                  c3053ca0    00000004     app_pe9.oe9 (.const:ti_sysbios_knl_Clock_LM_tick__C)
                  c3053ca4    00000004     app_pe9.oe9 (.const:ti_sysbios_knl_Clock_LW_delayed__C)
                  c3053ca8    00000004     app_pe9.oe9 (.const:ti_sysbios_knl_Clock_Module_State_clockQ__O)
                  c3053cac    00000004     app_pe9.oe9 (.const:ti_sysbios_knl_Clock_Module__diagsEnabled__C)
                  c3053cb0    00000004     app_pe9.oe9 (.const:ti_sysbios_knl_Clock_Module__diagsIncluded__C)
                  c3053cb4    00000004     app_pe9.oe9 (.const:ti_sysbios_knl_Clock_Module__diagsMask__C)
                  c3053cb8    00000004     app_pe9.oe9 (.const:ti_sysbios_knl_Clock_Module__loggerFxn1__C)
                  c3053cbc    00000004     app_pe9.oe9 (.const:ti_sysbios_knl_Clock_Module__loggerFxn2__C)
                  c3053cc0    00000004     app_pe9.oe9 (.const:ti_sysbios_knl_Clock_Module__loggerObj__C)
                  c3053cc4    00000004     app_pe9.oe9 (.const:ti_sysbios_knl_Mailbox_Instance_State_freeQue__O)
                  c3053cc8    00000004     app_pe9.oe9 (.const:ti_sysbios_knl_Mailbox_Object__count__C)
                  c3053ccc    00000004     app_pe9.oe9 (.const:ti_sysbios_knl_Mailbox_maxTypeAlign__C)
                  c3053cd0    00000004     app_pe9.oe9 (.const:ti_sysbios_knl_Semaphore_A_badContext__C)
                  c3053cd4    00000004     app_pe9.oe9 (.const:ti_sysbios_knl_Semaphore_A_noEvents__C)
                  c3053cd8    00000004     app_pe9.oe9 (.const:ti_sysbios_knl_Semaphore_A_overflow__C)
                  c3053cdc    00000004     app_pe9.oe9 (.const:ti_sysbios_knl_Semaphore_A_pendTaskDisabled__C)
                  c3053ce0    00000004     app_pe9.oe9 (.const:ti_sysbios_knl_Semaphore_Instance_State_pendQ__O)
                  c3053ce4    00000004     app_pe9.oe9 (.const:ti_sysbios_knl_Semaphore_LM_pend__C)
                  c3053ce8    00000004     app_pe9.oe9 (.const:ti_sysbios_knl_Semaphore_LM_post__C)
                  c3053cec    00000004     app_pe9.oe9 (.const:ti_sysbios_knl_Semaphore_Module__diagsEnabled__C)
                  c3053cf0    00000004     app_pe9.oe9 (.const:ti_sysbios_knl_Semaphore_Module__diagsIncluded__C)
                  c3053cf4    00000004     app_pe9.oe9 (.const:ti_sysbios_knl_Semaphore_Module__diagsMask__C)
                  c3053cf8    00000004     app_pe9.oe9 (.const:ti_sysbios_knl_Semaphore_Module__loggerFxn2__C)
                  c3053cfc    00000004     app_pe9.oe9 (.const:ti_sysbios_knl_Semaphore_Module__loggerFxn4__C)
                  c3053d00    00000004     app_pe9.oe9 (.const:ti_sysbios_knl_Semaphore_Module__loggerObj__C)
                  c3053d04    00000004     app_pe9.oe9 (.const:ti_sysbios_knl_Swi_LD_end__C)
                  c3053d08    00000004     app_pe9.oe9 (.const:ti_sysbios_knl_Swi_LM_begin__C)
                  c3053d0c    00000004     app_pe9.oe9 (.const:ti_sysbios_knl_Swi_LM_post__C)
                  c3053d10    00000004     app_pe9.oe9 (.const:ti_sysbios_knl_Swi_Module__diagsEnabled__C)
                  c3053d14    00000004     app_pe9.oe9 (.const:ti_sysbios_knl_Swi_Module__diagsIncluded__C)
                  c3053d18    00000004     app_pe9.oe9 (.const:ti_sysbios_knl_Swi_Module__diagsMask__C)
                  c3053d1c    00000004     app_pe9.oe9 (.const:ti_sysbios_knl_Swi_Module__loggerFxn1__C)
                  c3053d20    00000004     app_pe9.oe9 (.const:ti_sysbios_knl_Swi_Module__loggerFxn4__C)
                  c3053d24    00000004     app_pe9.oe9 (.const:ti_sysbios_knl_Swi_Module__loggerObj__C)
                  c3053d28    00000004     app_pe9.oe9 (.const:ti_sysbios_knl_Swi_Object__count__C)
                  c3053d2c    00000004     app_pe9.oe9 (.const:ti_sysbios_knl_Task_E_spOutOfBounds__C)
                  c3053d30    00000004     app_pe9.oe9 (.const:ti_sysbios_knl_Task_E_stackOverflow__C)
                  c3053d34    00000004     app_pe9.oe9 (.const:ti_sysbios_knl_Task_LD_block__C)
                  c3053d38    00000004     app_pe9.oe9 (.const:ti_sysbios_knl_Task_LD_exit__C)
                  c3053d3c    00000004     app_pe9.oe9 (.const:ti_sysbios_knl_Task_LD_ready__C)
                  c3053d40    00000004     app_pe9.oe9 (.const:ti_sysbios_knl_Task_LM_switch__C)
                  c3053d44    00000004     app_pe9.oe9 (.const:ti_sysbios_knl_Task_Module_State_inactiveQ__O)
                  c3053d48    00000004     app_pe9.oe9 (.const:ti_sysbios_knl_Task_Module__diagsEnabled__C)
                  c3053d4c    00000004     app_pe9.oe9 (.const:ti_sysbios_knl_Task_Module__diagsIncluded__C)
                  c3053d50    00000004     app_pe9.oe9 (.const:ti_sysbios_knl_Task_Module__diagsMask__C)
                  c3053d54    00000004     app_pe9.oe9 (.const:ti_sysbios_knl_Task_Module__loggerFxn2__C)
                  c3053d58    00000004     app_pe9.oe9 (.const:ti_sysbios_knl_Task_Module__loggerFxn4__C)
                  c3053d5c    00000004     app_pe9.oe9 (.const:ti_sysbios_knl_Task_Module__loggerObj__C)
                  c3053d60    00000004     app_pe9.oe9 (.const:ti_sysbios_knl_Task_Object__count__C)
                  c3053d64    00000004     app_pe9.oe9 (.const:ti_sysbios_knl_Task_allBlockedFunc__C)
                  c3053d68    00000004     app_pe9.oe9 (.const:ti_sysbios_knl_Task_numConstructedTasks__C)
                  c3053d6c    00000004     app_pe9.oe9 (.const:ti_sysbios_timers_timer64_Timer_E_cannotSupport__C)
                  c3053d70    00000004     app_pe9.oe9 (.const:ti_sysbios_timers_timer64_Timer_Module__diagsEnabled__C)
                  c3053d74    00000004     app_pe9.oe9 (.const:ti_sysbios_timers_timer64_Timer_Module__diagsIncluded__C)
                  c3053d78    00000004     app_pe9.oe9 (.const:ti_sysbios_timers_timer64_Timer_Module__diagsMask__C)
                  c3053d7c    00000004     app_pe9.oe9 (.const:ti_sysbios_timers_timer64_Timer_freqDivisor__C)
                  c3053d80    00000004     app_pe9.oe9 (.const:ti_sysbios_timers_timer64_Timer_numTimerDevices__C)
                  c3053d84    00000004     app_pe9.oe9 (.const:ti_sysbios_timers_timer64_TimestampProvider_Module__diagsEnabled__C)
                  c3053d88    00000004     app_pe9.oe9 (.const:ti_sysbios_timers_timer64_TimestampProvider_Module__diagsIncluded__C)
                  c3053d8c    00000004     app_pe9.oe9 (.const:ti_sysbios_timers_timer64_TimestampProvider_Module__diagsMask__C)
                  c3053d90    00000004     app_pe9.oe9 (.const:ti_sysbios_utils_Load_LS_cpuLoad__C)
                  c3053d94    00000004     app_pe9.oe9 (.const:ti_sysbios_utils_Load_Module__diagsEnabled__C)
                  c3053d98    00000004     app_pe9.oe9 (.const:ti_sysbios_utils_Load_Module__diagsIncluded__C)
                  c3053d9c    00000004     app_pe9.oe9 (.const:ti_sysbios_utils_Load_Module__diagsMask__C)
                  c3053da0    00000004     app_pe9.oe9 (.const:ti_sysbios_utils_Load_Module__loggerFxn1__C)
                  c3053da4    00000004     app_pe9.oe9 (.const:ti_sysbios_utils_Load_Module__loggerObj__C)
                  c3053da8    00000004     app_pe9.oe9 (.const:ti_sysbios_utils_Load_postUpdate__C)
                  c3053dac    00000004     app_pe9.oe9 (.const:ti_sysbios_utils_Load_windowInMs__C)
                  c3053db0    00000004     app_pe9.oe9 (.const:ti_uia_loggers_LoggerStopMode_Module__diagsEnabled__C)
                  c3053db4    00000004     app_pe9.oe9 (.const:ti_uia_loggers_LoggerStopMode_Module__diagsIncluded__C)
                  c3053db8    00000004     app_pe9.oe9 (.const:ti_uia_loggers_LoggerStopMode_Module__diagsMask__C)
                  c3053dbc    00000004     app_pe9.oe9 (.const:ti_uia_loggers_LoggerStopMode_Object__count__C)
                  c3053dc0    00000004     app_pe9.oe9 (.const:ti_uia_runtime_ILoggerSnapshot_Interface__BASE__C)
                  c3053dc4    00000004     app_pe9.oe9 (.const:ti_uia_runtime_IUIATransfer_Interface__BASE__C)
                  c3053dc8    00000004     app_pe9.oe9 (.const:xdc_runtime_Assert_E_assertFailed__C)
                  c3053dcc    00000004     app_pe9.oe9 (.const:xdc_runtime_Core_A_initializedParams__C)
                  c3053dd0    00000004     app_pe9.oe9 (.const:xdc_runtime_Core_Module__diagsEnabled__C)
                  c3053dd4    00000004     app_pe9.oe9 (.const:xdc_runtime_Core_Module__diagsIncluded__C)
                  c3053dd8    00000004     app_pe9.oe9 (.const:xdc_runtime_Core_Module__diagsMask__C)
                  c3053ddc    00000004     app_pe9.oe9 (.const:xdc_runtime_Error_E_memory__C)
                  c3053de0    00000004     app_pe9.oe9 (.const:xdc_runtime_Error_Module__diagsEnabled__C)
                  c3053de4    00000004     app_pe9.oe9 (.const:xdc_runtime_Error_Module__diagsIncluded__C)
                  c3053de8    00000004     app_pe9.oe9 (.const:xdc_runtime_Error_Module__diagsMask__C)
                  c3053dec    00000004     app_pe9.oe9 (.const:xdc_runtime_Error_Module__loggerFxn8__C)
                  c3053df0    00000004     app_pe9.oe9 (.const:xdc_runtime_Error_Module__loggerObj__C)
                  c3053df4    00000004     app_pe9.oe9 (.const:xdc_runtime_Error_policyFxn__C)
                  c3053df8    00000004     app_pe9.oe9 (.const:xdc_runtime_Error_raiseHook__C)
                  c3053dfc    00000004     app_pe9.oe9 (.const:xdc_runtime_IFilterLogger_Interface__BASE__C)
                  c3053e00    00000004     app_pe9.oe9 (.const:xdc_runtime_IGateProvider_Interface__BASE__C)
                  c3053e04    00000004     app_pe9.oe9 (.const:xdc_runtime_IHeap_Interface__BASE__C)
                  c3053e08    00000004     app_pe9.oe9 (.const:xdc_runtime_ILogger_Interface__BASE__C)
                  c3053e0c    00000004     app_pe9.oe9 (.const:xdc_runtime_IModule_Interface__BASE__C)
                  c3053e10    00000004     app_pe9.oe9 (.const:xdc_runtime_Log_L_error__C)
                  c3053e14    00000004     app_pe9.oe9 (.const:xdc_runtime_LoggerBuf_E_badLevel__C)
                  c3053e18    00000004     app_pe9.oe9 (.const:xdc_runtime_LoggerBuf_Module__gateObj__C)
                  c3053e1c    00000004     app_pe9.oe9 (.const:xdc_runtime_LoggerBuf_Object__count__C)
                  c3053e20    00000004     app_pe9.oe9 (.const:xdc_runtime_LoggerBuf_statusLogger__C)
                  c3053e24    00000004     app_pe9.oe9 (.const:xdc_runtime_Memory_defaultHeapInstance__C)
                  c3053e28    00000004     app_pe9.oe9 (.const:xdc_runtime_Startup_execImpl__C)
                  c3053e2c    00000004     app_pe9.oe9 (.const:xdc_runtime_Startup_lastFxns__A)
                  c3053e30    00000004     app_pe9.oe9 (.const:xdc_runtime_Startup_maxPasses__C)
                  c3053e34    00000004     app_pe9.oe9 (.const:xdc_runtime_Startup_sfxnRts__C)
                  c3053e38    00000004     app_pe9.oe9 (.const:xdc_runtime_Startup_sfxnTab__C)
                  c3053e3c    00000004     app_pe9.oe9 (.const:xdc_runtime_SysMin_bufSize__C)
                  c3053e40    00000004     app_pe9.oe9 (.const:xdc_runtime_SysMin_outputFunc__C)
                  c3053e44    00000004     app_pe9.oe9 (.const:xdc_runtime_System_Module__gateObj__C)
                  c3053e48    00000004     app_pe9.oe9 (.const:xdc_runtime_System_abortFxn__C)
                  c3053e4c    00000004     app_pe9.oe9 (.const:xdc_runtime_System_exitFxn__C)
                  c3053e50    00000004     app_pe9.oe9 (.const:xdc_runtime_System_extendFxn__C)
                  c3053e54    00000004     app_pe9.oe9 (.const:xdc_runtime_System_maxAtexitHandlers__C)
                  c3053e58    00000004     app_pe9.oe9 (.const:xdc_runtime_Text_charTab__C)
                  c3053e5c    00000004     app_pe9.oe9 (.const:xdc_runtime_Text_nameEmpty__C)
                  c3053e60    00000004     app_pe9.oe9 (.const:xdc_runtime_Text_nameStatic__C)
                  c3053e64    00000004     app_pe9.oe9 (.const:xdc_runtime_Text_nameUnknown__C)
                  c3053e68    00000004     app_pe9.oe9 (.const:xdc_runtime_Text_visitRopeFxn__C)
                  c3053e6c    00000002     app_pe9.oe9 (.const:ti_sysbios_family_arm_arm9_Mmu_enableMMU__C)
                  c3053e6e    00000002     app_pe9.oe9 (.const:ti_sysbios_family_arm_da830_Hwi_Module__id__C)
                  c3053e70    00000002     app_pe9.oe9 (.const:ti_sysbios_family_arm_da830_Hwi_Module__loggerDefined__C)
                  c3053e72    00000002     app_pe9.oe9 (.const:ti_sysbios_family_arm_exc_Exception_Module__id__C)
                  c3053e74    00000002     app_pe9.oe9 (.const:ti_sysbios_gates_GateMutex_Module__id__C)
                  c3053e76    00000002     app_pe9.oe9 (.const:ti_sysbios_hal_Hwi_Module__id__C)
                  c3053e78    00000002     app_pe9.oe9 (.const:ti_sysbios_heaps_HeapMem_Module__id__C)
                  c3053e7a    00000002     app_pe9.oe9 (.const:ti_sysbios_heaps_HeapTrack_Module__id__C)
                  c3053e7c    00000002     app_pe9.oe9 (.const:ti_sysbios_knl_Clock_Module__id__C)
                  c3053e7e    00000002     app_pe9.oe9 (.const:ti_sysbios_knl_Clock_Module__loggerDefined__C)
                  c3053e80    00000002     app_pe9.oe9 (.const:ti_sysbios_knl_Semaphore_Module__id__C)
                  c3053e82    00000002     app_pe9.oe9 (.const:ti_sysbios_knl_Semaphore_Module__loggerDefined__C)
                  c3053e84    00000002     app_pe9.oe9 (.const:ti_sysbios_knl_Swi_Module__id__C)
                  c3053e86    00000002     app_pe9.oe9 (.const:ti_sysbios_knl_Swi_Module__loggerDefined__C)
                  c3053e88    00000002     app_pe9.oe9 (.const:ti_sysbios_knl_Task_Module__id__C)
                  c3053e8a    00000002     app_pe9.oe9 (.const:ti_sysbios_knl_Task_Module__loggerDefined__C)
                  c3053e8c    00000002     app_pe9.oe9 (.const:ti_sysbios_timers_timer64_Timer_Module__id__C)
                  c3053e8e    00000002     app_pe9.oe9 (.const:ti_sysbios_timers_timer64_Timer_startupNeeded__C)
                  c3053e90    00000002     app_pe9.oe9 (.const:ti_sysbios_timers_timer64_Timer_useTimer64pRegMap__C)
                  c3053e92    00000002     app_pe9.oe9 (.const:ti_sysbios_timers_timer64_TimestampProvider_Module__id__C)
                  c3053e94    00000002     app_pe9.oe9 (.const:ti_sysbios_timers_timer64_TimestampProvider_useClockTimer__C)
                  c3053e96    00000002     app_pe9.oe9 (.const:ti_sysbios_utils_Load_Module__id__C)
                  c3053e98    00000002     app_pe9.oe9 (.const:ti_sysbios_utils_Load_Module__loggerDefined__C)
                  c3053e9a    00000002     app_pe9.oe9 (.const:ti_sysbios_utils_Load_updateInIdle__C)
                  c3053e9c    00000002     app_pe9.oe9 (.const:ti_uia_loggers_LoggerStopMode_Module__id__C)
                  c3053e9e    00000002     app_pe9.oe9 (.const:ti_uia_loggers_LoggerStopMode_isTimestampEnabled__C)
                  c3053ea0    00000002     app_pe9.oe9 (.const:xdc_runtime_Core_Module__id__C)
                  c3053ea2    00000002     app_pe9.oe9 (.const:xdc_runtime_Error_Module__loggerDefined__C)
                  c3053ea4    00000002     app_pe9.oe9 (.const:xdc_runtime_Error_maxDepth__C)
                  c3053ea6    00000002     app_pe9.oe9 (.const:xdc_runtime_LoggerBuf_Module__id__C)
                  c3053ea8    00000002     app_pe9.oe9 (.const:xdc_runtime_LoggerBuf_filterByLevel__C)
                  c3053eaa    00000002     app_pe9.oe9 (.const:xdc_runtime_Memory_Module__id__C)
                  c3053eac    00000002     app_pe9.oe9 (.const:xdc_runtime_SysMin_flushAtExit__C)
                  c3053eae    00000002     app_pe9.oe9 (.const:xdc_runtime_Text_charCnt__C)
                  c3053eb0    00000002     app_pe9.oe9 (.const:xdc_runtime_Text_isLoaded__C)
                  c3053eb2    00000002     app_pe9.oe9 (.const:xdc_runtime_Text_registryModsLastId__C)
                  c3053eb4    00000002     app_pe9.oe9 (.const:xdc_runtime_Text_unnamedModsLastId__C)
                  c3053eb6    00000001     app_pe9.oe9 (.const:xdc_runtime_Text_charTab__A)

.vecs      0    ffff0000    00000040     
                  ffff0000    00000040     app_pe9.oe9 (.vecs)

.vectorTable 
*          0    ffff0040    00000328     
                  ffff0040    00000328     app_pe9.oe9 (.vectorTable)

xdc.meta   0    c3000000    000000df     COPY SECTION
                  c3000000    000000df     app_pe9.oe9 (xdc.meta)

MODULE SUMMARY

       Module                     code    ro data   rw data
       ------                     ----    -------   -------
    .\
       main.obj                   324     0         32     
    +--+--------------------------+-------+---------+---------+
       Total:                     324     0         32     
                                                           
    .\BSP\
       board.obj                  3980    0         0      
       connector.obj              1820    0         0      
    +--+--------------------------+-------+---------+---------+
       Total:                     5800    0         0      
                                                           
    .\BSP\Drivers\ADC\
       adc.obj                    64      0         0      
    +--+--------------------------+-------+---------+---------+
       Total:                     64      0         0      
                                                           
    .\BSP\Drivers\ADC\AD7265\
       ad7265.obj                 1280    0         0      
    +--+--------------------------+-------+---------+---------+
       Total:                     1280    0         0      
                                                           
    .\BSP\Drivers\ADC\MCP3021\
       mcp3021.obj                372     0         12     
    +--+--------------------------+-------+---------+---------+
       Total:                     372     0         12     
                                                           
    .\BSP\Drivers\COMMON\I2C\
       I2C.obj                    1064    0         0      
    +--+--------------------------+-------+---------+---------+
       Total:                     1064    0         0      
                                                           
    .\BSP\Drivers\COMMON\PWM\
       pwm.obj                    1420    0         0      
    +--+--------------------------+-------+---------+---------+
       Total:                     1420    0         0      
                                                           
    .\BSP\Drivers\COMMON\SPI\
       spi.obj                    1804    0         0      
    +--+--------------------------+-------+---------+---------+
       Total:                     1804    0         0      
                                                           
    .\BSP\Drivers\DIPSWITCH\
       dipswitch.obj              668     0         4      
    +--+--------------------------+-------+---------+---------+
       Total:                     668     0         4      
                                                           
    .\BSP\Drivers\LACOS\
       laco.obj                   2276    0         12     
    +--+--------------------------+-------+---------+---------+
       Total:                     2276    0         12     
                                                           
    .\BSP\Drivers\LED\
       led.obj                    908     0         0      
    +--+--------------------------+-------+---------+---------+
       Total:                     908     0         0      
                                                           
    .\BSP\Drivers\TDC\
       tdc.obj                    6044    0         0      
    +--+--------------------------+-------+---------+---------+
       Total:                     6044    0         0      
                                                           
    .\BSP\Drivers\UART\
       uart.obj                   1420    0         0      
    +--+--------------------------+-------+---------+---------+
       Total:                     1420    0         0      
                                                           
    .\BSP\Drivers\WATCHDOG\
       watchdog.obj               348     0         1      
    +--+--------------------------+-------+---------+---------+
       Total:                     348     0         1      
                                                           
    C:\Users\dong.x\workspace_v6_2\Test\Debug\configPkg\package\cfg\
       app_pe9.oe9                6444    1802      276600 
    +--+--------------------------+-------+---------+---------+
       Total:                     6444    1802      276600 
                                                           
    C:/ti/OMAPL138_StarterWare_1_10_04_01/binary/armv5/cgt_ccs/omapl138/drivers/Debug/drivers.lib
       edma.obj                   6476    0         4      
       ehrpwm.obj                 3580    0         0      
       gpio.obj                   1724    0         0      
       spi.obj                    1540    0         0      
       uart.obj                   1512    0         0      
       i2c.obj                    1372    0         0      
       psc.obj                    340     0         0      
    +--+--------------------------+-------+---------+---------+
       Total:                     16544   0         4      
                                                           
    C:/ti/OMAPL138_StarterWare_1_10_04_01/binary/armv5/cgt_ccs/omapl138/lcdkOMAPL138/platform/Debug/platform.lib
       edma.obj                   8       0         0      
    +--+--------------------------+-------+---------+---------+
       Total:                     8       0         0      
                                                           
[...]
c3053d0c  ti_sysbios_knl_Swi_LM_post__C                                        
c3053d10  ti_sysbios_knl_Swi_Module__diagsEnabled__C                           
c3053d14  ti_sysbios_knl_Swi_Module__diagsIncluded__C                          
c3053d18  ti_sysbios_knl_Swi_Module__diagsMask__C                              
c3053d1c  ti_sysbios_knl_Swi_Module__loggerFxn1__C                             
c3053d20  ti_sysbios_knl_Swi_Module__loggerFxn4__C                             
c3053d24  ti_sysbios_knl_Swi_Module__loggerObj__C                              
c3053d28  ti_sysbios_knl_Swi_Object__count__C                                  
c3053d2c  ti_sysbios_knl_Task_E_spOutOfBounds__C                               
c3053d30  ti_sysbios_knl_Task_E_stackOverflow__C                               
c3053d34  ti_sysbios_knl_Task_LD_block__C                                      
c3053d38  ti_sysbios_knl_Task_LD_exit__C                                       
c3053d3c  ti_sysbios_knl_Task_LD_ready__C                                      
c3053d40  ti_sysbios_knl_Task_LM_switch__C                                     
c3053d44  ti_sysbios_knl_Task_Module_State_inactiveQ__O                        
c3053d48  ti_sysbios_knl_Task_Module__diagsEnabled__C                          
c3053d4c  ti_sysbios_knl_Task_Module__diagsIncluded__C                         
c3053d50  ti_sysbios_knl_Task_Module__diagsMask__C                             
c3053d54  ti_sysbios_knl_Task_Module__loggerFxn2__C                            
c3053d58  ti_sysbios_knl_Task_Module__loggerFxn4__C                            
c3053d5c  ti_sysbios_knl_Task_Module__loggerObj__C                             
c3053d60  ti_sysbios_knl_Task_Object__count__C                                 
c3053d64  ti_sysbios_knl_Task_allBlockedFunc__C                                
c3053d68  ti_sysbios_knl_Task_numConstructedTasks__C                           
c3053d6c  ti_sysbios_timers_timer64_Timer_E_cannotSupport__C                   
c3053d70  ti_sysbios_timers_timer64_Timer_Module__diagsEnabled__C              
c3053d74  ti_sysbios_timers_timer64_Timer_Module__diagsIncluded__C             
c3053d78  ti_sysbios_timers_timer64_Timer_Module__diagsMask__C                 
c3053d7c  ti_sysbios_timers_timer64_Timer_freqDivisor__C                       
c3053d80  ti_sysbios_timers_timer64_Timer_numTimerDevices__C                   
c3053d84  ti_sysbios_timers_timer64_TimestampProvider_Module__diagsEnabled__C  
c3053d88  ti_sysbios_timers_timer64_TimestampProvider_Module__diagsIncluded__C 
c3053d8c  ti_sysbios_timers_timer64_TimestampProvider_Module__diagsMask__C     
c3053d90  ti_sysbios_utils_Load_LS_cpuLoad__C                                  
c3053d94  ti_sysbios_utils_Load_Module__diagsEnabled__C                        
c3053d98  ti_sysbios_utils_Load_Module__diagsIncluded__C                       
c3053d9c  ti_sysbios_utils_Load_Module__diagsMask__C                           
c3053da0  ti_sysbios_utils_Load_Module__loggerFxn1__C                          
c3053da4  ti_sysbios_utils_Load_Module__loggerObj__C                           
c3053da8  ti_sysbios_utils_Load_postUpdate__C                                  
c3053dac  ti_sysbios_utils_Load_windowInMs__C                                  
c3053db0  ti_uia_loggers_LoggerStopMode_Module__diagsEnabled__C                
c3053db4  ti_uia_loggers_LoggerStopMode_Module__diagsIncluded__C               
c3053db8  ti_uia_loggers_LoggerStopMode_Module__diagsMask__C                   
c3053dbc  ti_uia_loggers_LoggerStopMode_Object__count__C                       
c3053dc0  ti_uia_runtime_ILoggerSnapshot_Interface__BASE__C                    
c3053dc4  ti_uia_runtime_IUIATransfer_Interface__BASE__C                       
c3053dc8  xdc_runtime_Assert_E_assertFailed__C                                 
c3053dcc  xdc_runtime_Core_A_initializedParams__C                              
c3053dd0  xdc_runtime_Core_Module__diagsEnabled__C                             
c3053dd4  xdc_runtime_Core_Module__diagsIncluded__C                            
c3053dd8  xdc_runtime_Core_Module__diagsMask__C                                
c3053ddc  xdc_runtime_Error_E_memory__C                                        
c3053de0  xdc_runtime_Error_Module__diagsEnabled__C                            
c3053de4  xdc_runtime_Error_Module__diagsIncluded__C                           
c3053de8  xdc_runtime_Error_Module__diagsMask__C                               
c3053dec  xdc_runtime_Error_Module__loggerFxn8__C                              
c3053df0  xdc_runtime_Error_Module__loggerObj__C                               
c3053df4  xdc_runtime_Error_policyFxn__C                                       
c3053df8  xdc_runtime_Error_raiseHook__C                                       
c3053dfc  xdc_runtime_IFilterLogger_Interface__BASE__C                         
c3053e00  xdc_runtime_IGateProvider_Interface__BASE__C                         
c3053e04  xdc_runtime_IHeap_Interface__BASE__C                                 
c3053e08  xdc_runtime_ILogger_Interface__BASE__C                               
c3053e0c  xdc_runtime_IModule_Interface__BASE__C                               
c3053e10  xdc_runtime_Log_L_error__C                                           
c3053e14  xdc_runtime_LoggerBuf_E_badLevel__C                                  
c3053e18  xdc_runtime_LoggerBuf_Module__gateObj__C                             
c3053e1c  xdc_runtime_LoggerBuf_Object__count__C                               
c3053e20  xdc_runtime_LoggerBuf_statusLogger__C                                
c3053e24  xdc_runtime_Memory_defaultHeapInstance__C                            
c3053e28  xdc_runtime_Startup_execImpl__C                                      
c3053e2c  xdc_runtime_Startup_lastFxns__A                                      
c3053e30  xdc_runtime_Startup_maxPasses__C                                     
c3053e34  xdc_runtime_Startup_sfxnRts__C                                       
c3053e38  xdc_runtime_Startup_sfxnTab__C                                       
c3053e3c  xdc_runtime_SysMin_bufSize__C                                        
c3053e40  xdc_runtime_SysMin_outputFunc__C                                     
c3053e44  xdc_runtime_System_Module__gateObj__C                                
c3053e48  xdc_runtime_System_abortFxn__C                                       
c3053e4c  xdc_runtime_System_exitFxn__C                                        
c3053e50  xdc_runtime_System_extendFxn__C                                      
c3053e54  xdc_runtime_System_maxAtexitHandlers__C                              
c3053e58  xdc_runtime_Text_charTab__C                                          
c3053e5c  xdc_runtime_Text_nameEmpty__C                                        
c3053e60  xdc_runtime_Text_nameStatic__C                                       
c3053e64  xdc_runtime_Text_nameUnknown__C                                      
c3053e68  xdc_runtime_Text_visitRopeFxn__C                                     
c3053e6c  ti_sysbios_family_arm_arm9_Mmu_enableMMU__C                          
c3053e6e  ti_sysbios_family_arm_da830_Hwi_Module__id__C                        
c3053e70  ti_sysbios_family_arm_da830_Hwi_Module__loggerDefined__C             
c3053e72  ti_sysbios_family_arm_exc_Exception_Module__id__C                    
c3053e74  ti_sysbios_gates_GateMutex_Module__id__C                             
c3053e76  ti_sysbios_hal_Hwi_Module__id__C                                     
c3053e78  ti_sysbios_heaps_HeapMem_Module__id__C                               
c3053e7a  ti_sysbios_heaps_HeapTrack_Module__id__C                             
c3053e7c  ti_sysbios_knl_Clock_Module__id__C                                   
c3053e7e  ti_sysbios_knl_Clock_Module__loggerDefined__C                        
c3053e80  ti_sysbios_knl_Semaphore_Module__id__C                               
c3053e82  ti_sysbios_knl_Semaphore_Module__loggerDefined__C                    
c3053e84  ti_sysbios_knl_Swi_Module__id__C                                     
c3053e86  ti_sysbios_knl_Swi_Module__loggerDefined__C                          
c3053e88  ti_sysbios_knl_Task_Module__id__C                                    
c3053e8a  ti_sysbios_knl_Task_Module__loggerDefined__C                         
c3053e8c  ti_sysbios_timers_timer64_Timer_Module__id__C                        
c3053e8e  ti_sysbios_timers_timer64_Timer_startupNeeded__C                     
c3053e90  ti_sysbios_timers_timer64_Timer_useTimer64pRegMap__C                 
c3053e92  ti_sysbios_timers_timer64_TimestampProvider_Module__id__C            
c3053e94  ti_sysbios_timers_timer64_TimestampProvider_useClockTimer__C         
c3053e96  ti_sysbios_utils_Load_Module__id__C                                  
c3053e98  ti_sysbios_utils_Load_Module__loggerDefined__C                       
c3053e9a  ti_sysbios_utils_Load_updateInIdle__C                                
c3053e9c  ti_uia_loggers_LoggerStopMode_Module__id__C                          
c3053e9e  ti_uia_loggers_LoggerStopMode_isTimestampEnabled__C                  
c3053ea0  xdc_runtime_Core_Module__id__C                                       
c3053ea2  xdc_runtime_Error_Module__loggerDefined__C                           
c3053ea4  xdc_runtime_Error_maxDepth__C                                        
c3053ea6  xdc_runtime_LoggerBuf_Module__id__C                                  
c3053ea8  xdc_runtime_LoggerBuf_filterByLevel__C                               
c3053eaa  xdc_runtime_Memory_Module__id__C                                     
c3053eac  xdc_runtime_SysMin_flushAtExit__C                                    
c3053eae  xdc_runtime_Text_charCnt__C                                          
c3053eb0  xdc_runtime_Text_isLoaded__C                                         
c3053eb2  xdc_runtime_Text_registryModsLastId__C                               
c3053eb4  xdc_runtime_Text_unnamedModsLastId__C                                
c3053eb6  xdc_runtime_Text_charTab__A                                          
c3054000  ti_sysbios_family_arm_arm9_Mmu_Module_State_0_tableBuf__A            
c3058000  __stack                                                              
c3058800  __STACK_END                                                          
c3058800  __TI_static_base__                                                   
c3058e28  __TI_Handler_Table_Base                                              
c3058e30  __TI_CINIT_Base                                                      
c3058e30  __TI_Handler_Table_Limit                                             
c3058e40  __TI_CINIT_Limit                                                     
fffee000  ti_sysbios_family_arm_da830_Hwi_cpIntc                               
ffff0000  ti_sysbios_family_arm_da830_Hwi_vectors                              
ffff0040  ti_sysbios_family_arm_da830_Hwi0                                     
ffff0040  ti_sysbios_family_arm_da830_Hwi_vectorTable                          
ffff0048  ti_sysbios_family_arm_da830_Hwi1                                     
ffff0050  ti_sysbios_family_arm_da830_Hwi2                                     
ffff0058  ti_sysbios_family_arm_da830_Hwi3                                     
ffff0060  ti_sysbios_family_arm_da830_Hwi4                                     
ffff0068  ti_sysbios_family_arm_da830_Hwi5                                     
ffff0070  ti_sysbios_family_arm_da830_Hwi6                                     
ffff0078  ti_sysbios_family_arm_da830_Hwi7                                     
ffff0080  ti_sysbios_family_arm_da830_Hwi8                                     
ffff0088  ti_sysbios_family_arm_da830_Hwi9                                     
ffff0090  ti_sysbios_family_arm_da830_Hwi10                                    
ffff0098  ti_sysbios_family_arm_da830_Hwi11                                    
ffff00a0  ti_sysbios_family_arm_da830_Hwi12                                    
ffff00a8  ti_sysbios_family_arm_da830_Hwi13                                    
ffff00b0  ti_sysbios_family_arm_da830_Hwi14                                    
ffff00b8  ti_sysbios_family_arm_da830_Hwi15                                    
ffff00c0  ti_sysbios_family_arm_da830_Hwi16                                    
ffff00c8  ti_sysbios_family_arm_da830_Hwi17                                    
ffff00d0  ti_sysbios_family_arm_da830_Hwi18                                    
ffff00d8  ti_sysbios_family_arm_da830_Hwi19                                    
ffff00e0  ti_sysbios_family_arm_da830_Hwi20                                    
ffff00e8  ti_sysbios_family_arm_da830_Hwi21                                    
ffff00f0  ti_sysbios_family_arm_da830_Hwi22                                    
ffff00f8  ti_sysbios_family_arm_da830_Hwi23                                    
ffff0100  ti_sysbios_family_arm_da830_Hwi24                                    
ffff0108  ti_sysbios_family_arm_da830_Hwi25                                    
ffff0110  ti_sysbios_family_arm_da830_Hwi26                                    
ffff0118  ti_sysbios_family_arm_da830_Hwi27                                    
ffff0120  ti_sysbios_family_arm_da830_Hwi28                                    
ffff0128  ti_sysbios_family_arm_da830_Hwi29                                    
ffff0130  ti_sysbios_family_arm_da830_Hwi30                                    
ffff0138  ti_sysbios_family_arm_da830_Hwi31                                    
ffff0140  ti_sysbios_family_arm_da830_Hwi32                                    
ffff0148  ti_sysbios_family_arm_da830_Hwi33                                    
ffff0150  ti_sysbios_family_arm_da830_Hwi34                                    
ffff0158  ti_sysbios_family_arm_da830_Hwi35                                    
ffff0160  ti_sysbios_family_arm_da830_Hwi36                                    
ffff0168  ti_sysbios_family_arm_da830_Hwi37                                    
ffff0170  ti_sysbios_family_arm_da830_Hwi38                                    
ffff0178  ti_sysbios_family_arm_da830_Hwi39                                    
ffff0180  ti_sysbios_family_arm_da830_Hwi40                                    
ffff0188  ti_sysbios_family_arm_da830_Hwi41                                    
ffff0190  ti_sysbios_family_arm_da830_Hwi42                                    
ffff0198  ti_sysbios_family_arm_da830_Hwi43                                    
ffff01a0  ti_sysbios_family_arm_da830_Hwi44                                    
ffff01a8  ti_sysbios_family_arm_da830_Hwi45                                    
ffff01b0  ti_sysbios_family_arm_da830_Hwi46                                    
ffff01b8  ti_sysbios_family_arm_da830_Hwi47                                    
ffff01c0  ti_sysbios_family_arm_da830_Hwi48                                    
ffff01c8  ti_sysbios_family_arm_da830_Hwi49                                    
ffff01d0  ti_sysbios_family_arm_da830_Hwi50                                    
ffff01d8  ti_sysbios_family_arm_da830_Hwi51                                    
ffff01e0  ti_sysbios_family_arm_da830_Hwi52                                    
ffff01e8  ti_sysbios_family_arm_da830_Hwi53                                    
ffff01f0  ti_sysbios_family_arm_da830_Hwi54                                    
ffff01f8  ti_sysbios_family_arm_da830_Hwi55                                    
ffff0200  ti_sysbios_family_arm_da830_Hwi56                                    
ffff0208  ti_sysbios_family_arm_da830_Hwi57                                    
ffff0210  ti_sysbios_family_arm_da830_Hwi58                                    
ffff0218  ti_sysbios_family_arm_da830_Hwi59                                    
ffff0220  ti_sysbios_family_arm_da830_Hwi60                                    
ffff0228  ti_sysbios_family_arm_da830_Hwi61                                    
ffff0230  ti_sysbios_family_arm_da830_Hwi62                                    
ffff0238  ti_sysbios_family_arm_da830_Hwi63                                    
ffff0240  ti_sysbios_family_arm_da830_Hwi64                                    
ffff0248  ti_sysbios_family_arm_da830_Hwi65                                    
ffff0250  ti_sysbios_family_arm_da830_Hwi66                                    
ffff0258  ti_sysbios_family_arm_da830_Hwi67                                    
ffff0260  ti_sysbios_family_arm_da830_Hwi68                                    
ffff0268  ti_sysbios_family_arm_da830_Hwi69                                    
ffff0270  ti_sysbios_family_arm_da830_Hwi70                                    
ffff0278  ti_sysbios_family_arm_da830_Hwi71                                    
ffff0280  ti_sysbios_family_arm_da830_Hwi72                                    
ffff0288  ti_sysbios_family_arm_da830_Hwi73                                    
ffff0290  ti_sysbios_family_arm_da830_Hwi74                                    
ffff0298  ti_sysbios_family_arm_da830_Hwi75                                    
ffff02a0  ti_sysbios_family_arm_da830_Hwi76                                    
ffff02a8  ti_sysbios_family_arm_da830_Hwi77                                    
ffff02b0  ti_sysbios_family_arm_da830_Hwi78                                    
ffff02b8  ti_sysbios_family_arm_da830_Hwi79                                    
ffff02c0  ti_sysbios_family_arm_da830_Hwi80                                    
ffff02c8  ti_sysbios_family_arm_da830_Hwi81                                    
ffff02d0  ti_sysbios_family_arm_da830_Hwi82                                    
ffff02d8  ti_sysbios_family_arm_da830_Hwi83                                    
ffff02e0  ti_sysbios_family_arm_da830_Hwi84                                    
ffff02e8  ti_sysbios_family_arm_da830_Hwi85                                    
ffff02f0  ti_sysbios_family_arm_da830_Hwi86                                    
ffff02f8  ti_sysbios_family_arm_da830_Hwi87                                    
ffff0300  ti_sysbios_family_arm_da830_Hwi88                                    
ffff0308  ti_sysbios_family_arm_da830_Hwi89                                    
ffff0310  ti_sysbios_family_arm_da830_Hwi90                                    
ffff0318  ti_sysbios_family_arm_da830_Hwi91                                    
ffff0320  ti_sysbios_family_arm_da830_Hwi92                                    
ffff0328  ti_sysbios_family_arm_da830_Hwi93                                    
ffff0330  ti_sysbios_family_arm_da830_Hwi94                                    
ffff0338  ti_sysbios_family_arm_da830_Hwi95                                    
ffff0340  ti_sysbios_family_arm_da830_Hwi96                                    
ffff0348  ti_sysbios_family_arm_da830_Hwi97                                    
ffff0350  ti_sysbios_family_arm_da830_Hwi98                                    
ffff0358  ti_sysbios_family_arm_da830_Hwi99                                    
ffff0360  ti_sysbios_family_arm_da830_Hwi100                                   
ffffffff  __TI_pprof_out_hndl                                                  
ffffffff  __TI_prof_data_size                                                  
ffffffff  __TI_prof_data_start                                                 
ffffffff  __binit__                                                            
ffffffff  __c_args__                                                           
ffffffff  binit                                                                
UNDEFED   SHT$$INIT_ARRAY$$Base                                                
UNDEFED   SHT$$INIT_ARRAY$$Limit                                               

[1103 symbols]
